
*** Running vivado
    with args -log tpu_top_axi_lite.vdi -applog -m64 -product Vivado -messageDb vivado.pb -mode batch -source tpu_top_axi_lite.tcl -notrace


****** Vivado v2025.2 (64-bit)
  **** SW Build 6299465 on Fri Nov 14 12:34:56 MST 2025
  **** IP Build 6300035 on Fri Nov 14 10:48:45 MST 2025
  **** SharedData Build 6298862 on Thu Nov 13 04:50:51 MST 2025
  **** Start of session at: Mon Jun  1 10:32:17 2026
    ** Copyright 1986-2022 Xilinx, Inc. All Rights Reserved.
    ** Copyright 2022-2025 Advanced Micro Devices, Inc. All Rights Reserved.

source tpu_top_axi_lite.tcl -notrace
INFO: [IP_Flow 19-234] Refreshing IP repositories
INFO: [IP_Flow 19-1700] Loaded user IP repository '/home/pah/fpga_cnn_accelerator/FPGA-based-CNN-Accelerator-for-autonomous-vehicles/src/ip_repo'.
INFO: [IP_Flow 19-2313] Loaded Vivado IP repository '/home/pah/tools/Xilinx_20252/2025.2/data/ip'.
Command: link_design -top tpu_top_axi_lite -part xczu7ev-ffvc1156-2-e
Design is defaulting to srcset: sources_1
Design is defaulting to constrset: constrs_1
INFO: [Device 21-403] Loading part xczu7ev-ffvc1156-2-e
Netlist sorting complete. Time (s): cpu = 00:00:00.04 ; elapsed = 00:00:00.04 . Memory (MB): peak = 2794.340 ; gain = 0.000 ; free physical = 5047 ; free virtual = 38468
INFO: [Netlist 29-17] Analyzing 817 Unisim elements for replacement
INFO: [Netlist 29-28] Unisim Transformation completed in 0 CPU seconds
INFO: [Project 1-479] Netlist was created with Vivado 2025.2
INFO: [Project 1-570] Preparing netlist for logic optimization
Read ShapeDB Complete: Time (s): cpu = 00:00:00.01 ; elapsed = 00:00:00.01 . Memory (MB): peak = 2794.340 ; gain = 0.000 ; free physical = 5047 ; free virtual = 38468
Netlist sorting complete. Time (s): cpu = 00:00:00 ; elapsed = 00:00:00 . Memory (MB): peak = 3003.363 ; gain = 0.000 ; free physical = 4129 ; free virtual = 37548
INFO: [Project 1-111] Unisim Transformation Summary:
  A total of 60 instances were transformed.
  DSP48E2 => DSP48E2 (DSP_ALU, DSP_A_B_DATA, DSP_C_DATA, DSP_MULTIPLIER, DSP_M_DATA, DSP_OUTPUT, DSP_PREADD, DSP_PREADD_DATA): 20 instances
  IBUF => IBUF (IBUFCTRL, INBUF): 40 instances

9 Infos, 0 Warnings, 0 Critical Warnings and 0 Errors encountered.
link_design completed successfully
link_design: Time (s): cpu = 00:00:09 ; elapsed = 00:00:09 . Memory (MB): peak = 3003.398 ; gain = 1367.551 ; free physical = 4129 ; free virtual = 37548
Command: opt_design
Attempting to get a license for feature 'Implementation' and/or device 'xczu7ev'
INFO: [Common 17-349] Got license for feature 'Implementation' and/or device 'xczu7ev'
Running DRC as a precondition to command opt_design

Starting DRC Task
INFO: [DRC 23-27] Running DRC with 8 threads
INFO: [Project 1-461] DRC finished with 0 Errors
INFO: [Project 1-462] Please refer to the DRC report (report_drc) for more information.

Time (s): cpu = 00:00:00.84 ; elapsed = 00:00:00.26 . Memory (MB): peak = 3173.785 ; gain = 170.387 ; free physical = 3845 ; free virtual = 37264

Starting Cache Timing Information Task
INFO: [Timing 38-35] Done setting XDC timing constraints.
Ending Cache Timing Information Task | Checksum: 1e146f745

Time (s): cpu = 00:00:02 ; elapsed = 00:00:02 . Memory (MB): peak = 3516.598 ; gain = 342.812 ; free physical = 1951 ; free virtual = 35796

Starting Logic Optimization Task

Phase 1 Initialization

Phase 1.1 Core Generation And Design Setup
Phase 1.1 Core Generation And Design Setup | Checksum: 1e146f745

Time (s): cpu = 00:00:00.01 ; elapsed = 00:00:00.01 . Memory (MB): peak = 3889.285 ; gain = 0.000 ; free physical = 1851 ; free virtual = 35271

Phase 1.2 Setup Constraints And Sort Netlist
Phase 1.2 Setup Constraints And Sort Netlist | Checksum: 1e146f745

Time (s): cpu = 00:00:00.01 ; elapsed = 00:00:00.01 . Memory (MB): peak = 3889.285 ; gain = 0.000 ; free physical = 1843 ; free virtual = 35263
Phase 1 Initialization | Checksum: 1e146f745

Time (s): cpu = 00:00:00.01 ; elapsed = 00:00:00.01 . Memory (MB): peak = 3889.285 ; gain = 0.000 ; free physical = 1843 ; free virtual = 35263

Phase 2 Timer Update And Timing Data Collection

Phase 2.1 Detect if minReqCache needed
Phase 2.1 Detect if minReqCache needed | Checksum: 1e146f745

Time (s): cpu = 00:00:00.02 ; elapsed = 00:00:00.02 . Memory (MB): peak = 3889.285 ; gain = 0.000 ; free physical = 1835 ; free virtual = 35255

Phase 2.2 Timer Update
Phase 2.2 Timer Update | Checksum: 1e146f745

Time (s): cpu = 00:00:00.37 ; elapsed = 00:00:00.13 . Memory (MB): peak = 3889.285 ; gain = 0.000 ; free physical = 1757 ; free virtual = 35177

Phase 2.3 Timing Data Collection
Phase 2.3 Timing Data Collection | Checksum: 1e146f745

Time (s): cpu = 00:00:00.37 ; elapsed = 00:00:00.14 . Memory (MB): peak = 3889.285 ; gain = 0.000 ; free physical = 1750 ; free virtual = 35169
Phase 2 Timer Update And Timing Data Collection | Checksum: 1e146f745

Time (s): cpu = 00:00:00.37 ; elapsed = 00:00:00.14 . Memory (MB): peak = 3889.285 ; gain = 0.000 ; free physical = 1750 ; free virtual = 35169

Phase 3 Retarget
INFO: [Opt 31-1851] Number of loadless carry chains removed were: 0
INFO: [Opt 31-1834] Total Chains To Be Transformed Were: 0 AND Number of Transformed insts Created are: 0
INFO: [Opt 31-1566] Pulled 2 inverters resulting in an inversion of 76 pins
INFO: [Opt 31-138] Pushed 1 inverter(s) to 4264 load pin(s).
INFO: [Opt 31-49] Retargeted 0 cell(s).
Phase 3 Retarget | Checksum: 15b1bdfeb

Time (s): cpu = 00:00:00.61 ; elapsed = 00:00:00.34 . Memory (MB): peak = 3945.312 ; gain = 56.027 ; free physical = 1551 ; free virtual = 34971
Retarget | Checksum: 15b1bdfeb
INFO: [Opt 31-389] Phase Retarget created 0 cells and removed 11 cells

Phase 4 Constant propagation
INFO: [Opt 31-138] Pushed 0 inverter(s) to 0 load pin(s).
Phase 4 Constant propagation | Checksum: 16b6927c1

Time (s): cpu = 00:00:00.66 ; elapsed = 00:00:00.4 . Memory (MB): peak = 3945.312 ; gain = 56.027 ; free physical = 1492 ; free virtual = 34912
Constant propagation | Checksum: 16b6927c1
INFO: [Opt 31-389] Phase Constant propagation created 0 cells and removed 0 cells

Phase 5 Sweep
INFO: [Constraints 18-11670] Building netlist checker database with flags, 0x8
Done building netlist checker database: Time (s): cpu = 00:00:00 ; elapsed = 00:00:00 . Memory (MB): peak = 3945.312 ; gain = 0.000 ; free physical = 1332 ; free virtual = 34752
Phase 5 Sweep | Checksum: 130ef7e96

Time (s): cpu = 00:00:00.78 ; elapsed = 00:00:00.51 . Memory (MB): peak = 3945.312 ; gain = 56.027 ; free physical = 1249 ; free virtual = 34668
Sweep | Checksum: 130ef7e96
INFO: [Opt 31-389] Phase Sweep created 0 cells and removed 0 cells

Phase 6 BUFG optimization
INFO: [Opt 31-1077] Phase BUFG optimization inserted 0 global clock buffer(s) for CLOCK_LOW_FANOUT.
Phase 6 BUFG optimization | Checksum: 130ef7e96

Time (s): cpu = 00:00:01 ; elapsed = 00:00:00.61 . Memory (MB): peak = 3977.328 ; gain = 88.043 ; free physical = 1384 ; free virtual = 34804
BUFG optimization | Checksum: 130ef7e96
INFO: [Opt 31-662] Phase BUFG optimization created 0 cells of which 0 are BUFGs and removed 0 cells.

Phase 7 Shift Register Optimization
INFO: [Opt 31-1064] SRL Remap converted 0 SRLs to 0 registers and converted 0 registers of register chains to 0 SRLs
Phase 7 Shift Register Optimization | Checksum: 130ef7e96

Time (s): cpu = 00:00:01 ; elapsed = 00:00:00.62 . Memory (MB): peak = 3977.328 ; gain = 88.043 ; free physical = 1443 ; free virtual = 34863
Shift Register Optimization | Checksum: 130ef7e96
INFO: [Opt 31-389] Phase Shift Register Optimization created 0 cells and removed 0 cells

Phase 8 Post Processing Netlist
Phase 8 Post Processing Netlist | Checksum: 130ef7e96

Time (s): cpu = 00:00:01 ; elapsed = 00:00:00.65 . Memory (MB): peak = 3977.328 ; gain = 88.043 ; free physical = 1476 ; free virtual = 34896
Post Processing Netlist | Checksum: 130ef7e96
INFO: [Opt 31-389] Phase Post Processing Netlist created 0 cells and removed 0 cells

Phase 9 Finalization

Phase 9.1 Finalizing Design Cores and Updating Shapes
Phase 9.1 Finalizing Design Cores and Updating Shapes | Checksum: 1de5f4488

Time (s): cpu = 00:00:01 ; elapsed = 00:00:00.8 . Memory (MB): peak = 3977.328 ; gain = 88.043 ; free physical = 2817 ; free virtual = 36237

Phase 9.2 Verifying Netlist Connectivity

Starting Connectivity Check Task

Time (s): cpu = 00:00:00.01 ; elapsed = 00:00:00.01 . Memory (MB): peak = 3977.328 ; gain = 0.000 ; free physical = 2817 ; free virtual = 36237
Phase 9.2 Verifying Netlist Connectivity | Checksum: 1de5f4488

Time (s): cpu = 00:00:01 ; elapsed = 00:00:00.81 . Memory (MB): peak = 3977.328 ; gain = 88.043 ; free physical = 2817 ; free virtual = 36237
Phase 9 Finalization | Checksum: 1de5f4488

Time (s): cpu = 00:00:01 ; elapsed = 00:00:00.81 . Memory (MB): peak = 3977.328 ; gain = 88.043 ; free physical = 2817 ; free virtual = 36237
Opt_design Change Summary
=========================


-------------------------------------------------------------------------------------------------------------------------
|  Phase                        |  #Cells created  |  #Cells Removed  |  #Constrained objects preventing optimizations  |
-------------------------------------------------------------------------------------------------------------------------
|  Retarget                     |               0  |              11  |                                              0  |
|  Constant propagation         |               0  |               0  |                                              0  |
|  Sweep                        |               0  |               0  |                                              0  |
|  BUFG optimization            |               0  |               0  |                                              0  |
|  Shift Register Optimization  |               0  |               0  |                                              0  |
|  Post Processing Netlist      |               0  |               0  |                                              0  |
-------------------------------------------------------------------------------------------------------------------------


Ending Logic Optimization Task | Checksum: 1de5f4488

Time (s): cpu = 00:00:01 ; elapsed = 00:00:00.81 . Memory (MB): peak = 3977.328 ; gain = 88.043 ; free physical = 2817 ; free virtual = 36237

Starting Power Optimization Task
INFO: [Pwropt 34-132] Skipping clock gating for clocks with a period < 2.00 ns.
INFO: [Pwropt 34-9] Applying IDT optimizations ...
INFO: [Pwropt 34-10] Applying ODC optimizations ...
INFO: [Timing 38-35] Done setting XDC timing constraints.
WARNING: [Power 33-232] No user defined clocks were found in the design! Power estimation will be inaccurate until this is corrected.
Resolution: Please specify clocks using create_clock/create_generated_clock for sequential elements. For pure combinatorial circuits, please specify a virtual clock, otherwise the vectorless estimation might be inaccurate
Running Vector-less Activity Propagation...

Finished Running Vector-less Activity Propagation
CRITICAL WARNING: [Power 33-333] The Vccint supply current exceeds the maximum limit of the selected package.  See the PCB design user guide for limit values.


Starting PowerOpt Patch Enables Task
INFO: [Pwropt 34-162] WRITE_MODE attribute of 0 BRAM(s) out of a total of 8 has been updated to save power. Run report_power_opt to get a complete listing of the BRAMs updated.
INFO: [Pwropt 34-201] Structural ODC has moved 0 WE to EN ports
Number of BRAM Ports augmented: 4 newly gated: 0 Total Ports: 16
Ending PowerOpt Patch Enables Task | Checksum: 15f4518fa

Time (s): cpu = 00:00:00.1 ; elapsed = 00:00:00.07 . Memory (MB): peak = 4145.379 ; gain = 0.000 ; free physical = 421 ; free virtual = 33841
Ending Power Optimization Task | Checksum: 15f4518fa

Time (s): cpu = 00:00:07 ; elapsed = 00:00:04 . Memory (MB): peak = 4145.379 ; gain = 168.051 ; free physical = 425 ; free virtual = 33844

Starting Final Cleanup Task

Starting Logic Optimization Task
INFO: [Timing 38-35] Done setting XDC timing constraints.
Ending Logic Optimization Task | Checksum: 1be2fb027

Time (s): cpu = 00:00:02 ; elapsed = 00:00:00.55 . Memory (MB): peak = 4145.379 ; gain = 0.000 ; free physical = 548 ; free virtual = 32699
Ending Final Cleanup Task | Checksum: 1be2fb027

Time (s): cpu = 00:00:03 ; elapsed = 00:00:02 . Memory (MB): peak = 4145.379 ; gain = 0.000 ; free physical = 347 ; free virtual = 32499
Netlist sorting complete. Time (s): cpu = 00:00:00 ; elapsed = 00:00:00 . Memory (MB): peak = 4145.379 ; gain = 0.000 ; free physical = 347 ; free virtual = 32499
INFO: [Common 17-83] Releasing license: Implementation
37 Infos, 1 Warnings, 1 Critical Warnings and 0 Errors encountered.
opt_design completed successfully
opt_design: Time (s): cpu = 00:00:16 ; elapsed = 00:00:11 . Memory (MB): peak = 4145.379 ; gain = 1141.980 ; free physical = 340 ; free virtual = 32491
INFO: [Vivado 12-24828] Executing command : report_drc -file tpu_top_axi_lite_drc_opted.rpt -pb tpu_top_axi_lite_drc_opted.pb -rpx tpu_top_axi_lite_drc_opted.rpx
Command: report_drc -file tpu_top_axi_lite_drc_opted.rpt -pb tpu_top_axi_lite_drc_opted.pb -rpx tpu_top_axi_lite_drc_opted.rpx
INFO: [IP_Flow 19-1839] IP Catalog is up to date.
INFO: [DRC 23-27] Running DRC with 8 threads
INFO: [Vivado_Tcl 2-168] The results of DRC are in file /home/pah/fpga_cnn_accelerator/FPGA-based-CNN-Accelerator-for-autonomous-vehicles/src/synth/tpu_mnist_ip/tpu_mnist_ip.runs/impl_1/tpu_top_axi_lite_drc_opted.rpt.
report_drc completed successfully
Write ShapeDB Complete: Time (s): cpu = 00:00:00.03 ; elapsed = 00:00:00.01 . Memory (MB): peak = 4145.379 ; gain = 0.000 ; free physical = 445 ; free virtual = 31655
INFO: [Common 17-1381] The checkpoint '/home/pah/fpga_cnn_accelerator/FPGA-based-CNN-Accelerator-for-autonomous-vehicles/src/synth/tpu_mnist_ip/tpu_mnist_ip.runs/impl_1/tpu_top_axi_lite_opt.dcp' has been generated.
Command: place_design
Attempting to get a license for feature 'Implementation' and/or device 'xczu7ev'
INFO: [Common 17-349] Got license for feature 'Implementation' and/or device 'xczu7ev'
INFO: [Common 17-83] Releasing license: Implementation
INFO: [DRC 23-27] Running DRC with 8 threads
INFO: [Vivado_Tcl 4-198] DRC finished with 0 Errors
INFO: [Vivado_Tcl 4-199] Please refer to the DRC report (report_drc) for more information.
INFO: [Timing 38-35] Done setting XDC timing constraints.
Running DRC as a precondition to command place_design
INFO: [DRC 23-27] Running DRC with 8 threads
INFO: [Vivado_Tcl 4-198] DRC finished with 0 Errors
INFO: [Vivado_Tcl 4-199] Please refer to the DRC report (report_drc) for more information.
INFO: [Place 30-611] Multithreading enabled for place_design using a maximum of 8 CPUs

Starting Placer Task

Phase 1 Placer Initialization

Phase 1.1 Placer Initialization Netlist Sorting
Netlist sorting complete. Time (s): cpu = 00:00:00 ; elapsed = 00:00:00 . Memory (MB): peak = 4145.379 ; gain = 0.000 ; free physical = 1974 ; free virtual = 33181
Phase 1.1 Placer Initialization Netlist Sorting | Checksum: 126e0ac1f

Time (s): cpu = 00:00:00.01 ; elapsed = 00:00:00 . Memory (MB): peak = 4145.379 ; gain = 0.000 ; free physical = 1973 ; free virtual = 33180
Netlist sorting complete. Time (s): cpu = 00:00:00.01 ; elapsed = 00:00:00 . Memory (MB): peak = 4145.379 ; gain = 0.000 ; free physical = 1973 ; free virtual = 33180

Phase 1.2 IO Placement/ Clock Placement/ Build Placer Device
Phase 1.2 IO Placement/ Clock Placement/ Build Placer Device | Checksum: 2a3c7f404

Time (s): cpu = 00:00:01 ; elapsed = 00:00:00.69 . Memory (MB): peak = 4145.379 ; gain = 0.000 ; free physical = 1971 ; free virtual = 33177

Phase 1.3 Build Placer Netlist Model
Phase 1.3 Build Placer Netlist Model | Checksum: 2f76c526e

Time (s): cpu = 00:00:04 ; elapsed = 00:00:04 . Memory (MB): peak = 4145.379 ; gain = 0.000 ; free physical = 3876 ; free virtual = 35083

Phase 1.4 Constrain Clocks/Macros
Phase 1.4 Constrain Clocks/Macros | Checksum: 2f76c526e

Time (s): cpu = 00:00:04 ; elapsed = 00:00:04 . Memory (MB): peak = 4145.379 ; gain = 0.000 ; free physical = 3875 ; free virtual = 35081
Phase 1 Placer Initialization | Checksum: 2f76c526e

Time (s): cpu = 00:00:04 ; elapsed = 00:00:04 . Memory (MB): peak = 4145.379 ; gain = 0.000 ; free physical = 3873 ; free virtual = 35079

Phase 2 Global Placement

Phase 2.1 Floorplanning

Phase 2.1.1 Partition Driven Placement

Phase 2.1.1.1 PBP: Partition Driven Placement
Phase 2.1.1.1 PBP: Partition Driven Placement | Checksum: 38be2ca75

Time (s): cpu = 00:00:07 ; elapsed = 00:00:05 . Memory (MB): peak = 4145.379 ; gain = 0.000 ; free physical = 3869 ; free virtual = 35076

Phase 2.1.1.2 PBP: Clock Region Placement
INFO: [Place 30-3162] Check ILP status : ILP-based clock placer completed successfully.
Phase 2.1.1.2 PBP: Clock Region Placement | Checksum: 38be2ca75

Time (s): cpu = 00:00:07 ; elapsed = 00:00:05 . Memory (MB): peak = 4145.379 ; gain = 0.000 ; free physical = 3869 ; free virtual = 35075

Phase 2.1.1.3 PBP: Compute Congestion
Phase 2.1.1.3 PBP: Compute Congestion | Checksum: 38be2ca75

Time (s): cpu = 00:00:14 ; elapsed = 00:00:07 . Memory (MB): peak = 4362.371 ; gain = 216.992 ; free physical = 3501 ; free virtual = 34707

Phase 2.1.1.4 PBP: Add part constraints
Phase 2.1.1.4 PBP: Add part constraints | Checksum: 38be2ca75

Time (s): cpu = 00:00:14 ; elapsed = 00:00:07 . Memory (MB): peak = 4362.371 ; gain = 216.992 ; free physical = 3501 ; free virtual = 34707
Phase 2.1.1 Partition Driven Placement | Checksum: 38be2ca75

Time (s): cpu = 00:00:14 ; elapsed = 00:00:07 . Memory (MB): peak = 4362.371 ; gain = 216.992 ; free physical = 3501 ; free virtual = 34707
Phase 2.1 Floorplanning | Checksum: 38be2ca75

Time (s): cpu = 00:00:14 ; elapsed = 00:00:07 . Memory (MB): peak = 4362.371 ; gain = 216.992 ; free physical = 3501 ; free virtual = 34707

Phase 2.2 Update Timing before SLR Path Opt
Phase 2.2 Update Timing before SLR Path Opt | Checksum: 38be2ca75

Time (s): cpu = 00:00:14 ; elapsed = 00:00:07 . Memory (MB): peak = 4362.371 ; gain = 216.992 ; free physical = 3501 ; free virtual = 34707

Phase 2.3 Post-Processing in Floorplanning
Phase 2.3 Post-Processing in Floorplanning | Checksum: 38be2ca75

Time (s): cpu = 00:00:14 ; elapsed = 00:00:07 . Memory (MB): peak = 4362.371 ; gain = 216.992 ; free physical = 3503 ; free virtual = 34709

Phase 2.4 Global Place Phase1
Phase 2.4 Global Place Phase1 | Checksum: 241aa0424

Time (s): cpu = 00:00:43 ; elapsed = 00:00:17 . Memory (MB): peak = 4505.402 ; gain = 360.023 ; free physical = 3132 ; free virtual = 34339

Phase 2.5 Global Place Phase2
WARNING: [Place 46-29] Timing had been disabled during Placer and, therefore, physical synthesis in Placer will be skipped.
Phase 2.5 Global Place Phase2 | Checksum: 3933afb6d

Time (s): cpu = 00:00:53 ; elapsed = 00:00:21 . Memory (MB): peak = 4511.402 ; gain = 366.023 ; free physical = 2604 ; free virtual = 34272
Phase 2 Global Placement | Checksum: 3933afb6d

Time (s): cpu = 00:00:53 ; elapsed = 00:00:21 . Memory (MB): peak = 4511.402 ; gain = 366.023 ; free physical = 2604 ; free virtual = 34272

Phase 3 Detail Placement

Phase 3.1 Commit Multi Column Macros
Phase 3.1 Commit Multi Column Macros | Checksum: 3933afb6d

Time (s): cpu = 00:01:01 ; elapsed = 00:00:23 . Memory (MB): peak = 4511.402 ; gain = 366.023 ; free physical = 1369 ; free virtual = 32575

Phase 3.2 Commit Most Macros & LUTRAMs
Phase 3.2 Commit Most Macros & LUTRAMs | Checksum: 32ddd9d25

Time (s): cpu = 00:01:01 ; elapsed = 00:00:24 . Memory (MB): peak = 4511.402 ; gain = 366.023 ; free physical = 1383 ; free virtual = 32589

Phase 3.3 Small Shape DP

Phase 3.3.1 Small Shape Clustering
Phase 3.3.1 Small Shape Clustering | Checksum: 38241b0d7

Time (s): cpu = 00:01:09 ; elapsed = 00:00:26 . Memory (MB): peak = 4511.402 ; gain = 366.023 ; free physical = 1753 ; free virtual = 32590

Phase 3.3.2 Slice Area Swap

Phase 3.3.2.1 Slice Area Swap Initial
Phase 3.3.2.1 Slice Area Swap Initial | Checksum: 3a7a50414

Time (s): cpu = 00:01:10 ; elapsed = 00:00:26 . Memory (MB): peak = 4511.402 ; gain = 366.023 ; free physical = 1745 ; free virtual = 32581
Phase 3.3.2 Slice Area Swap | Checksum: 3a7a50414

Time (s): cpu = 00:01:10 ; elapsed = 00:00:26 . Memory (MB): peak = 4511.402 ; gain = 366.023 ; free physical = 1742 ; free virtual = 32578
Phase 3.3 Small Shape DP | Checksum: 2c89a8e98

Time (s): cpu = 00:01:11 ; elapsed = 00:00:27 . Memory (MB): peak = 4511.402 ; gain = 366.023 ; free physical = 1743 ; free virtual = 32579

Phase 3.4 Re-assign LUT pins
Phase 3.4 Re-assign LUT pins | Checksum: 2c89a8e98

Time (s): cpu = 00:01:13 ; elapsed = 00:00:28 . Memory (MB): peak = 4511.402 ; gain = 366.023 ; free physical = 1754 ; free virtual = 32590

Phase 3.5 Pipeline Register Optimization
Phase 3.5 Pipeline Register Optimization | Checksum: 3735a759b

Time (s): cpu = 00:01:13 ; elapsed = 00:00:28 . Memory (MB): peak = 4511.402 ; gain = 366.023 ; free physical = 1749 ; free virtual = 32586
Phase 3 Detail Placement | Checksum: 3735a759b

Time (s): cpu = 00:01:13 ; elapsed = 00:00:28 . Memory (MB): peak = 4511.402 ; gain = 366.023 ; free physical = 1745 ; free virtual = 32582

Phase 4 Post Placement Optimization and Clean-Up

Phase 4.1 Post Commit Optimization
Phase 4.1 Post Commit Optimization | Checksum: 3735a759b

Time (s): cpu = 00:01:21 ; elapsed = 00:00:31 . Memory (MB): peak = 4511.402 ; gain = 366.023 ; free physical = 3607 ; free virtual = 34443
Netlist sorting complete. Time (s): cpu = 00:00:00 ; elapsed = 00:00:00 . Memory (MB): peak = 4519.402 ; gain = 0.000 ; free physical = 3682 ; free virtual = 34519

Phase 4.2 Post Placement Cleanup
Phase 4.2 Post Placement Cleanup | Checksum: 2aa21b5b4

Time (s): cpu = 00:01:34 ; elapsed = 00:00:38 . Memory (MB): peak = 4519.402 ; gain = 374.023 ; free physical = 3667 ; free virtual = 34504

Phase 4.3 Placer Reporting

Phase 4.3.1 Print Estimated Congestion
INFO: [Place 30-612] Post-Placement Estimated Congestion 
 ________________________________________________________________________
|           | Global Congestion | Long Congestion   | Short Congestion  |
| Direction | Region Size       | Region Size       | Region Size       |
|___________|___________________|___________________|___________________|
|      North|                1x1|                1x1|                1x1|
|___________|___________________|___________________|___________________|
|      South|                1x1|                1x1|                1x1|
|___________|___________________|___________________|___________________|
|       East|                1x1|                1x1|                1x1|
|___________|___________________|___________________|___________________|
|       West|                1x1|                1x1|                1x1|
|___________|___________________|___________________|___________________|

Phase 4.3.1 Print Estimated Congestion | Checksum: 2aa21b5b4

Time (s): cpu = 00:01:35 ; elapsed = 00:00:38 . Memory (MB): peak = 4519.402 ; gain = 374.023 ; free physical = 3667 ; free virtual = 34504
Phase 4.3 Placer Reporting | Checksum: 2aa21b5b4

Time (s): cpu = 00:01:35 ; elapsed = 00:00:38 . Memory (MB): peak = 4519.402 ; gain = 374.023 ; free physical = 3667 ; free virtual = 34503

Phase 4.4 Final Placement Cleanup
Netlist sorting complete. Time (s): cpu = 00:00:00 ; elapsed = 00:00:00 . Memory (MB): peak = 4519.402 ; gain = 0.000 ; free physical = 3667 ; free virtual = 34503

Time (s): cpu = 00:01:35 ; elapsed = 00:00:38 . Memory (MB): peak = 4519.402 ; gain = 374.023 ; free physical = 3667 ; free virtual = 34503
Phase 4 Post Placement Optimization and Clean-Up | Checksum: 2c8f61041

Time (s): cpu = 00:01:35 ; elapsed = 00:00:38 . Memory (MB): peak = 4519.402 ; gain = 374.023 ; free physical = 3663 ; free virtual = 34499
Ending Placer Task | Checksum: 1f63f8e7d

Time (s): cpu = 00:01:35 ; elapsed = 00:00:38 . Memory (MB): peak = 4519.402 ; gain = 374.023 ; free physical = 3664 ; free virtual = 34501
54 Infos, 2 Warnings, 1 Critical Warnings and 0 Errors encountered.
place_design completed successfully
place_design: Time (s): cpu = 00:01:38 ; elapsed = 00:00:39 . Memory (MB): peak = 4519.402 ; gain = 374.023 ; free physical = 3666 ; free virtual = 34502
INFO: [Vivado 12-24838] Running report commands "report_control_sets, report_io, report_utilization" in parallel.
Running report generation with 3 threads.
INFO: [Vivado 12-24828] Executing command : report_control_sets -verbose -file tpu_top_axi_lite_control_sets_placed.rpt
report_control_sets: Time (s): cpu = 00:00:00.14 ; elapsed = 00:00:00.11 . Memory (MB): peak = 4519.402 ; gain = 0.000 ; free physical = 3665 ; free virtual = 34502
INFO: [Vivado 12-24828] Executing command : report_utilization -file tpu_top_axi_lite_utilization_placed.rpt -pb tpu_top_axi_lite_utilization_placed.pb
INFO: [Vivado 12-24828] Executing command : report_io -file tpu_top_axi_lite_io_placed.rpt
report_io: Time (s): cpu = 00:00:00.24 ; elapsed = 00:00:00.31 . Memory (MB): peak = 4519.402 ; gain = 0.000 ; free physical = 3720 ; free virtual = 34557
Write ShapeDB Complete: Time (s): cpu = 00:00:00.07 ; elapsed = 00:00:00.02 . Memory (MB): peak = 4519.402 ; gain = 0.000 ; free physical = 3712 ; free virtual = 34551
Wrote PlaceDB: Time (s): cpu = 00:00:00.62 ; elapsed = 00:00:00.29 . Memory (MB): peak = 4519.402 ; gain = 0.000 ; free physical = 3695 ; free virtual = 34544
Wrote PulsedLatchDB: Time (s): cpu = 00:00:00 ; elapsed = 00:00:00 . Memory (MB): peak = 4519.402 ; gain = 0.000 ; free physical = 3695 ; free virtual = 34544
Writing XDEF routing.
Writing XDEF routing logical nets.
Writing XDEF routing special nets.
Wrote RouteStorage: Time (s): cpu = 00:00:00.08 ; elapsed = 00:00:00.08 . Memory (MB): peak = 4519.402 ; gain = 0.000 ; free physical = 3695 ; free virtual = 34544
Wrote Netlist Cache: Time (s): cpu = 00:00:00.01 ; elapsed = 00:00:00.02 . Memory (MB): peak = 4519.402 ; gain = 0.000 ; free physical = 3695 ; free virtual = 34546
Wrote Device Cache: Time (s): cpu = 00:00:00.02 ; elapsed = 00:00:00.02 . Memory (MB): peak = 4519.402 ; gain = 0.000 ; free physical = 3695 ; free virtual = 34548
Write Physdb Complete: Time (s): cpu = 00:00:00.74 ; elapsed = 00:00:00.42 . Memory (MB): peak = 4519.402 ; gain = 0.000 ; free physical = 3695 ; free virtual = 34548
INFO: [Common 17-1381] The checkpoint '/home/pah/fpga_cnn_accelerator/FPGA-based-CNN-Accelerator-for-autonomous-vehicles/src/synth/tpu_mnist_ip/tpu_mnist_ip.runs/impl_1/tpu_top_axi_lite_placed.dcp' has been generated.
Command: phys_opt_design
Attempting to get a license for feature 'Implementation' and/or device 'xczu7ev'
INFO: [Common 17-349] Got license for feature 'Implementation' and/or device 'xczu7ev'

Starting Initial Update Timing Task

Time (s): cpu = 00:00:08 ; elapsed = 00:00:08 . Memory (MB): peak = 4934.918 ; gain = 415.516 ; free physical = 5667 ; free virtual = 36508
INFO: [Vivado_Tcl 4-235] No timing constraint found. The netlist was not modified.
INFO: [Common 17-83] Releasing license: Implementation
62 Infos, 2 Warnings, 1 Critical Warnings and 0 Errors encountered.
phys_opt_design completed successfully
phys_opt_design: Time (s): cpu = 00:00:08 ; elapsed = 00:00:08 . Memory (MB): peak = 4934.918 ; gain = 415.516 ; free physical = 5671 ; free virtual = 36511
Write ShapeDB Complete: Time (s): cpu = 00:00:00.07 ; elapsed = 00:00:00.02 . Memory (MB): peak = 4934.918 ; gain = 0.000 ; free physical = 5668 ; free virtual = 36510
Wrote PlaceDB: Time (s): cpu = 00:00:00.62 ; elapsed = 00:00:00.28 . Memory (MB): peak = 4934.918 ; gain = 0.000 ; free physical = 5655 ; free virtual = 36506
Wrote PulsedLatchDB: Time (s): cpu = 00:00:00 ; elapsed = 00:00:00 . Memory (MB): peak = 4934.918 ; gain = 0.000 ; free physical = 5655 ; free virtual = 36506
Writing XDEF routing.
Writing XDEF routing logical nets.
Writing XDEF routing special nets.
Wrote RouteStorage: Time (s): cpu = 00:00:00.04 ; elapsed = 00:00:00.05 . Memory (MB): peak = 4934.918 ; gain = 0.000 ; free physical = 5653 ; free virtual = 36505
Wrote Netlist Cache: Time (s): cpu = 00:00:00.01 ; elapsed = 00:00:00.01 . Memory (MB): peak = 4934.918 ; gain = 0.000 ; free physical = 5653 ; free virtual = 36506
Wrote Device Cache: Time (s): cpu = 00:00:00.02 ; elapsed = 00:00:00.01 . Memory (MB): peak = 4934.918 ; gain = 0.000 ; free physical = 5653 ; free virtual = 36509
Write Physdb Complete: Time (s): cpu = 00:00:00.7 ; elapsed = 00:00:00.37 . Memory (MB): peak = 4934.918 ; gain = 0.000 ; free physical = 5653 ; free virtual = 36509
INFO: [Common 17-1381] The checkpoint '/home/pah/fpga_cnn_accelerator/FPGA-based-CNN-Accelerator-for-autonomous-vehicles/src/synth/tpu_mnist_ip/tpu_mnist_ip.runs/impl_1/tpu_top_axi_lite_physopt.dcp' has been generated.
Command: route_design
Attempting to get a license for feature 'Implementation' and/or device 'xczu7ev'
INFO: [Common 17-349] Got license for feature 'Implementation' and/or device 'xczu7ev'


Starting Routing Task
INFO: [Route 35-254] Multithreading enabled for route_design using a maximum of 8 CPUs

Phase 1 Build RT Design
Checksum: PlaceDB: c4fef3e7 ConstDB: 0 ShapeSum: fdf9ecfb RouteDB: 3346ad9b
Nodegraph reading from file.  Time (s): cpu = 00:00:00.5 ; elapsed = 00:00:00.54 . Memory (MB): peak = 4934.918 ; gain = 0.000 ; free physical = 5669 ; free virtual = 36514
Post Restoration Checksum: NetGraph: 52c9334f | NumContArr: e9df0076 | Constraints: 5467cce3 | Timing: c2a8fa9d
Phase 1 Build RT Design | Checksum: 253b8fb45

Time (s): cpu = 00:00:05 ; elapsed = 00:00:04 . Memory (MB): peak = 4934.918 ; gain = 0.000 ; free physical = 5655 ; free virtual = 36499

Phase 2 Router Initialization
INFO: [Route 35-64] No timing constraints were detected. The router will operate in resource-optimization mode.

Phase 2.1 Fix Topology Constraints
Phase 2.1 Fix Topology Constraints | Checksum: 253b8fb45

Time (s): cpu = 00:00:05 ; elapsed = 00:00:04 . Memory (MB): peak = 4934.918 ; gain = 0.000 ; free physical = 5654 ; free virtual = 36499

Phase 2.2 Pre Route Cleanup
Phase 2.2 Pre Route Cleanup | Checksum: 253b8fb45

Time (s): cpu = 00:00:05 ; elapsed = 00:00:04 . Memory (MB): peak = 4934.918 ; gain = 0.000 ; free physical = 5654 ; free virtual = 36498

Phase 2.3 Global Clock Net Routing
 Number of Nodes with overlaps = 0
Phase 2.3 Global Clock Net Routing | Checksum: 1d164b05b

Time (s): cpu = 00:00:06 ; elapsed = 00:00:04 . Memory (MB): peak = 4934.918 ; gain = 0.000 ; free physical = 5676 ; free virtual = 36521

Router Utilization Summary
  Global Vertical Routing Utilization    = 0 %
  Global Horizontal Routing Utilization  = 0 %
  Routable Net Status*
  *Does not include unroutable nets such as driverless and loadless.
  Run report_route_status for detailed report.
  Number of Failed Nets               = 10115
    (Failed Nets is the sum of unrouted and partially routed nets)
  Number of Unrouted Nets             = 8818
  Number of Partially Routed Nets     = 1297
  Number of Node Overlaps             = 0

Phase 2 Router Initialization | Checksum: 18007d0c1

Time (s): cpu = 00:00:07 ; elapsed = 00:00:05 . Memory (MB): peak = 4934.918 ; gain = 0.000 ; free physical = 5683 ; free virtual = 36527

Phase 3 Global Routing
Phase 3 Global Routing | Checksum: 18007d0c1

Time (s): cpu = 00:00:07 ; elapsed = 00:00:05 . Memory (MB): peak = 4934.918 ; gain = 0.000 ; free physical = 5683 ; free virtual = 36527

Phase 4 Initial Routing

Phase 4.1 Initial Net Routing Pass
Phase 4.1 Initial Net Routing Pass | Checksum: 296b3735d

Time (s): cpu = 00:00:09 ; elapsed = 00:00:05 . Memory (MB): peak = 4934.918 ; gain = 0.000 ; free physical = 5672 ; free virtual = 36516
Phase 4 Initial Routing | Checksum: 296b3735d

Time (s): cpu = 00:00:09 ; elapsed = 00:00:05 . Memory (MB): peak = 4934.918 ; gain = 0.000 ; free physical = 5672 ; free virtual = 36516

Phase 5 Rip-up And Reroute

Phase 5.1 Global Iteration 0
 Number of Nodes with overlaps = 2666
 Number of Nodes with overlaps = 40
 Number of Nodes with overlaps = 1
 Number of Nodes with overlaps = 1
 Number of Nodes with overlaps = 0
Phase 5.1 Global Iteration 0 | Checksum: 2ead098e6

Time (s): cpu = 00:00:16 ; elapsed = 00:00:09 . Memory (MB): peak = 4934.918 ; gain = 0.000 ; free physical = 5666 ; free virtual = 36510
Phase 5 Rip-up And Reroute | Checksum: 2ead098e6

Time (s): cpu = 00:00:16 ; elapsed = 00:00:09 . Memory (MB): peak = 4934.918 ; gain = 0.000 ; free physical = 5666 ; free virtual = 36510

Phase 6 Delay and Skew Optimization
Phase 6 Delay and Skew Optimization | Checksum: 27c502f96

Time (s): cpu = 00:00:16 ; elapsed = 00:00:09 . Memory (MB): peak = 4934.918 ; gain = 0.000 ; free physical = 5666 ; free virtual = 36510

Phase 7 Post Hold Fix

Phase 7.1 Hold Fix Iter
Phase 7.1 Hold Fix Iter | Checksum: 27c502f96

Time (s): cpu = 00:00:16 ; elapsed = 00:00:09 . Memory (MB): peak = 4934.918 ; gain = 0.000 ; free physical = 5666 ; free virtual = 36510
Phase 7 Post Hold Fix | Checksum: 27c502f96

Time (s): cpu = 00:00:16 ; elapsed = 00:00:09 . Memory (MB): peak = 4934.918 ; gain = 0.000 ; free physical = 5666 ; free virtual = 36510

Phase 8 Route finalize

Router Utilization Summary
  Global Vertical Routing Utilization    = 0.524941 %
  Global Horizontal Routing Utilization  = 0.610516 %
  Routable Net Status*
  *Does not include unroutable nets such as driverless and loadless.
  Run report_route_status for detailed report.
  Number of Failed Nets               = 0
    (Failed Nets is the sum of unrouted and partially routed nets)
  Number of Unrouted Nets             = 0
  Number of Partially Routed Nets     = 0
  Number of Node Overlaps             = 0


--GLOBAL Congestion:
Utilization threshold used for congestion level computation: 0.85
Congestion Report
North Dir 1x1 Area, Max Cong = 45.5399%, No Congested Regions.
South Dir 1x1 Area, Max Cong = 42.654%, No Congested Regions.
East Dir 1x1 Area, Max Cong = 44.2308%, No Congested Regions.
West Dir 1x1 Area, Max Cong = 32.6923%, No Congested Regions.

------------------------------
Reporting congestion hotspots
------------------------------
Direction: North
----------------
Congested clusters found at Level 0
Effective congestion level: 0 Aspect Ratio: 1 Sparse Ratio: 0
Direction: South
----------------
Congested clusters found at Level 0
Effective congestion level: 0 Aspect Ratio: 1 Sparse Ratio: 0
Direction: East
----------------
Congested clusters found at Level 0
Effective congestion level: 0 Aspect Ratio: 1 Sparse Ratio: 0
Direction: West
----------------
Congested clusters found at Level 0
Effective congestion level: 0 Aspect Ratio: 1 Sparse Ratio: 0

Phase 8 Route finalize | Checksum: 27c502f96

Time (s): cpu = 00:00:17 ; elapsed = 00:00:09 . Memory (MB): peak = 4934.918 ; gain = 0.000 ; free physical = 5667 ; free virtual = 36511

Phase 9 Verifying routed nets

 Verification completed successfully
Phase 9 Verifying routed nets | Checksum: 27c502f96

Time (s): cpu = 00:00:17 ; elapsed = 00:00:09 . Memory (MB): peak = 4934.918 ; gain = 0.000 ; free physical = 5667 ; free virtual = 36511

Phase 10 Depositing Routes
Phase 10 Depositing Routes | Checksum: 27c502f96

Time (s): cpu = 00:00:18 ; elapsed = 00:00:10 . Memory (MB): peak = 4934.918 ; gain = 0.000 ; free physical = 5658 ; free virtual = 36502

Phase 11 Resolve XTalk

Skipping xtalk assignment for non timing driven mode.
Phase 11 Resolve XTalk | Checksum: 27c502f96

Time (s): cpu = 00:00:18 ; elapsed = 00:00:10 . Memory (MB): peak = 4934.918 ; gain = 0.000 ; free physical = 5659 ; free virtual = 36503

Phase 12 Post Process Routing
Phase 12 Post Process Routing | Checksum: 27c502f96

Time (s): cpu = 00:00:18 ; elapsed = 00:00:10 . Memory (MB): peak = 4934.918 ; gain = 0.000 ; free physical = 5659 ; free virtual = 36503
Time taken to check if laguna hold fix is required (in secs): 0
Skip PhysOpt in Router because non-negative WNS value: 1e+30 .
Total Elapsed time in route_design: 9.84 secs

Phase 13 Post-Route Event Processing
Phase 13 Post-Route Event Processing | Checksum: 2713e7bee

Time (s): cpu = 00:00:18 ; elapsed = 00:00:10 . Memory (MB): peak = 4934.918 ; gain = 0.000 ; free physical = 5668 ; free virtual = 36512
INFO: [Route 35-16] Router Completed Successfully
Ending Routing Task | Checksum: 2713e7bee

Time (s): cpu = 00:00:18 ; elapsed = 00:00:10 . Memory (MB): peak = 4934.918 ; gain = 0.000 ; free physical = 5651 ; free virtual = 36495

Routing Is Done.
INFO: [Common 17-83] Releasing license: Implementation
68 Infos, 2 Warnings, 1 Critical Warnings and 0 Errors encountered.
route_design completed successfully
route_design: Time (s): cpu = 00:00:19 ; elapsed = 00:00:10 . Memory (MB): peak = 4934.918 ; gain = 0.000 ; free physical = 5627 ; free virtual = 36471
INFO: [Vivado 12-24828] Executing command : report_drc -file tpu_top_axi_lite_drc_routed.rpt -pb tpu_top_axi_lite_drc_routed.pb -rpx tpu_top_axi_lite_drc_routed.rpx
Command: report_drc -file tpu_top_axi_lite_drc_routed.rpt -pb tpu_top_axi_lite_drc_routed.pb -rpx tpu_top_axi_lite_drc_routed.rpx
INFO: [IP_Flow 19-1839] IP Catalog is up to date.
INFO: [DRC 23-27] Running DRC with 8 threads
INFO: [Vivado_Tcl 2-168] The results of DRC are in file /home/pah/fpga_cnn_accelerator/FPGA-based-CNN-Accelerator-for-autonomous-vehicles/src/synth/tpu_mnist_ip/tpu_mnist_ip.runs/impl_1/tpu_top_axi_lite_drc_routed.rpt.
report_drc completed successfully
INFO: [Vivado 12-24828] Executing command : report_methodology -file tpu_top_axi_lite_methodology_drc_routed.rpt -pb tpu_top_axi_lite_methodology_drc_routed.pb -rpx tpu_top_axi_lite_methodology_drc_routed.rpx
Command: report_methodology -file tpu_top_axi_lite_methodology_drc_routed.rpt -pb tpu_top_axi_lite_methodology_drc_routed.pb -rpx tpu_top_axi_lite_methodology_drc_routed.rpx
INFO: [Timing 38-35] Done setting XDC timing constraints.
INFO: [DRC 23-133] Running Methodology with 8 threads
INFO: [Vivado_Tcl 2-1520] The results of Report Methodology are in file /home/pah/fpga_cnn_accelerator/FPGA-based-CNN-Accelerator-for-autonomous-vehicles/src/synth/tpu_mnist_ip/tpu_mnist_ip.runs/impl_1/tpu_top_axi_lite_methodology_drc_routed.rpt.
report_methodology completed successfully
INFO: [Vivado 12-24828] Executing command : report_timing_summary -max_paths 10 -routable_nets -report_unconstrained -file tpu_top_axi_lite_timing_summary_routed.rpt -pb tpu_top_axi_lite_timing_summary_routed.pb -rpx tpu_top_axi_lite_timing_summary_routed.rpx -warn_on_violation 
INFO: [Timing 38-35] Done setting XDC timing constraints.
INFO: [Timing 38-91] UpdateTimingParams: Speed grade: -2, Temperature grade: E, Delay Type: min_max.
INFO: [Timing 38-191] Multithreading enabled for timing update using a maximum of 8 CPUs
WARNING: [Timing 38-313] There are no user specified timing constraints. Timing constraints are needed for proper timing analysis.
INFO: [Vivado 12-24838] Running report commands "report_bus_skew, report_incremental_reuse, report_route_status" in parallel.
Running report generation with 3 threads.
INFO: [Vivado 12-24828] Executing command : report_incremental_reuse -file tpu_top_axi_lite_incremental_reuse_routed.rpt
INFO: [Vivado_Tcl 4-1062] Incremental flow is disabled. No incremental reuse Info to report.
INFO: [Vivado 12-24828] Executing command : report_bus_skew -warn_on_violation -file tpu_top_axi_lite_bus_skew_routed.rpt -pb tpu_top_axi_lite_bus_skew_routed.pb -rpx tpu_top_axi_lite_bus_skew_routed.rpx
INFO: [Timing 38-91] UpdateTimingParams: Speed grade: -2, Temperature grade: E, Delay Type: min_max.
INFO: [Timing 38-191] Multithreading enabled for timing update using a maximum of 8 CPUs
INFO: [Vivado 12-24828] Executing command : report_route_status -file tpu_top_axi_lite_route_status.rpt -pb tpu_top_axi_lite_route_status.pb
INFO: [Vivado 12-24828] Executing command : report_power -file tpu_top_axi_lite_power_routed.rpt -pb tpu_top_axi_lite_power_summary_routed.pb -rpx tpu_top_axi_lite_power_routed.rpx
Command: report_power -file tpu_top_axi_lite_power_routed.rpt -pb tpu_top_axi_lite_power_summary_routed.pb -rpx tpu_top_axi_lite_power_routed.rpx
WARNING: [Power 33-232] No user defined clocks were found in the design! Power estimation will be inaccurate until this is corrected.
Resolution: Please specify clocks using create_clock/create_generated_clock for sequential elements. For pure combinatorial circuits, please specify a virtual clock, otherwise the vectorless estimation might be inaccurate
Running Vector-less Activity Propagation...

Finished Running Vector-less Activity Propagation
CRITICAL WARNING: [Power 33-333] The Vccint supply current exceeds the maximum limit of the selected package.  See the PCB design user guide for limit values.
88 Infos, 4 Warnings, 2 Critical Warnings and 0 Errors encountered.
report_power completed successfully
INFO: [Vivado 12-24828] Executing command : report_clock_utilization -file tpu_top_axi_lite_clock_utilization_routed.rpt
generate_parallel_reports: Time (s): cpu = 00:00:20 ; elapsed = 00:00:10 . Memory (MB): peak = 4974.938 ; gain = 40.020 ; free physical = 2005 ; free virtual = 32856
Write ShapeDB Complete: Time (s): cpu = 00:00:00.08 ; elapsed = 00:00:00.02 . Memory (MB): peak = 4974.938 ; gain = 0.000 ; free physical = 1907 ; free virtual = 32759
Wrote PlaceDB: Time (s): cpu = 00:00:00.69 ; elapsed = 00:00:00.31 . Memory (MB): peak = 4974.938 ; gain = 0.000 ; free physical = 2690 ; free virtual = 33552
Wrote PulsedLatchDB: Time (s): cpu = 00:00:00 ; elapsed = 00:00:00 . Memory (MB): peak = 4974.938 ; gain = 0.000 ; free physical = 2690 ; free virtual = 33552
Writing XDEF routing.
Writing XDEF routing logical nets.
Writing XDEF routing special nets.
Wrote RouteStorage: Time (s): cpu = 00:00:00.14 ; elapsed = 00:00:00.09 . Memory (MB): peak = 4974.938 ; gain = 0.000 ; free physical = 2492 ; free virtual = 33356
Wrote Netlist Cache: Time (s): cpu = 00:00:00.01 ; elapsed = 00:00:00.01 . Memory (MB): peak = 4974.938 ; gain = 0.000 ; free physical = 2461 ; free virtual = 33326
Wrote Device Cache: Time (s): cpu = 00:00:00.01 ; elapsed = 00:00:00.01 . Memory (MB): peak = 4974.938 ; gain = 0.000 ; free physical = 2445 ; free virtual = 33314
Write Physdb Complete: Time (s): cpu = 00:00:00.86 ; elapsed = 00:00:00.43 . Memory (MB): peak = 4974.938 ; gain = 0.000 ; free physical = 2539 ; free virtual = 33408
INFO: [Common 17-1381] The checkpoint '/home/pah/fpga_cnn_accelerator/FPGA-based-CNN-Accelerator-for-autonomous-vehicles/src/synth/tpu_mnist_ip/tpu_mnist_ip.runs/impl_1/tpu_top_axi_lite_routed.dcp' has been generated.
INFO: [Common 17-206] Exiting Vivado at Mon Jun  1 10:33:51 2026...
