Copyright 1986-2022 Xilinx, Inc. All Rights Reserved. Copyright 2022-2025 Advanced Micro Devices, Inc. All Rights Reserved.
----------------------------------------------------------------------------------------------------------------------------------------------------------------------
| Tool Version     : Vivado v.2025.2 (lin64) Build 6299465 Fri Nov 14 12:34:56 MST 2025
| Date             : Mon Jun  1 10:33:48 2026
| Host             : pah-PC running 64-bit Ubuntu 24.04.4 LTS
| Command          : report_power -file tpu_top_axi_lite_power_routed.rpt -pb tpu_top_axi_lite_power_summary_routed.pb -rpx tpu_top_axi_lite_power_routed.rpx
| Design           : tpu_top_axi_lite
| Device           : xczu7ev-ffvc1156-2-e
| Design State     : routed
| Grade            : extended
| Process          : typical
| Characterization : Production
----------------------------------------------------------------------------------------------------------------------------------------------------------------------

Power Report

Table of Contents
-----------------
1. Summary
1.1 On-Chip Components
1.2 Power Supply Summary
1.3 Confidence Level
2. Settings
2.1 Environment
2.2 Clock Constraints
3. Detailed Reports
3.1 By Hierarchy

1. Summary
----------

+--------------------------+--------------+
| Total On-Chip Power (W)  | 43.041       |
| Design Power Budget (W)  | Unspecified* |
| Power Budget Margin (W)  | NA           |
| Dynamic (W)              | 41.923       |
| Device Static (W)        | 1.119        |
| Effective TJA (C/W)      | 1.0          |
| Max Ambient (C)          | 57.9         |
| Junction Temperature (C) | 67.1         |
| Confidence Level         | Low          |
| Setting File             | ---          |
| Simulation Activity File | ---          |
| Design Nets Matched      | NA           |
+--------------------------+--------------+
* Specify Design Power Budget using, set_operating_conditions -design_power_budget <value in Watts>


1.1 On-Chip Components
----------------------

+-------------------------+-----------+----------+-----------+-----------------+
| On-Chip                 | Power (W) | Used     | Available | Utilization (%) |
+-------------------------+-----------+----------+-----------+-----------------+
| CLB Logic               |    18.800 |    13178 |       --- |             --- |
|   LUT as Logic          |    17.641 |     6316 |    230400 |            2.74 |
|   CARRY8                |     1.040 |      399 |     28800 |            1.39 |
|   Register              |     0.117 |     4544 |    460800 |            0.99 |
|   BUFG                  |    <0.001 |        1 |        64 |            1.56 |
|   LUT as Shift Register |    <0.001 |        8 |    101760 |           <0.01 |
|   Others                |     0.000 |       69 |       --- |             --- |
|   F7/F8 Muxes           |     0.000 |      358 |    230400 |            0.16 |
| Signals                 |    16.423 |    10115 |       --- |             --- |
| Block RAM               |     0.155 |        8 |       312 |            2.56 |
| DSPs                    |     2.381 |       20 |      1728 |            1.16 |
| I/O                     |     4.164 |       81 |       360 |           22.50 |
| Static Power            |     1.119 |          |           |                 |
| Total                   |    43.041 |          |           |                 |
+-------------------------+-----------+----------+-----------+-----------------+


1.2 Power Supply Summary
------------------------

+------------------+-------------+-----------+-------------+------------+-------------+-------------+------------+
| Source           | Voltage (V) | Total (A) | Dynamic (A) | Static (A) | Powerup (A) | Budget (A)  | Margin (A) |
+------------------+-------------+-----------+-------------+------------+-------------+-------------+------------+
| Vccint           |       0.850 |    45.121 |      44.467 |      0.654 |       NA    | Unspecified | NA         |
| Vccint_io        |       0.850 |     0.211 |       0.117 |      0.093 |       NA    | Unspecified | NA         |
| Vccbram          |       0.850 |     0.009 |       0.000 |      0.008 |       NA    | Unspecified | NA         |
| Vccaux           |       1.800 |     0.147 |       0.000 |      0.147 |       NA    | Unspecified | NA         |
| Vccaux_io        |       1.800 |     0.546 |       0.491 |      0.055 |       NA    | Unspecified | NA         |
| Vcco33           |       3.300 |     0.000 |       0.000 |      0.000 |       NA    | Unspecified | NA         |
| Vcco25           |       2.500 |     0.000 |       0.000 |      0.000 |       NA    | Unspecified | NA         |
| Vcco18           |       1.800 |     1.746 |       1.746 |      0.000 |       NA    | Unspecified | NA         |
| Vcco15           |       1.500 |     0.000 |       0.000 |      0.000 |       NA    | Unspecified | NA         |
| Vcco135          |       1.350 |     0.000 |       0.000 |      0.000 |       NA    | Unspecified | NA         |
| Vcco12           |       1.200 |     0.000 |       0.000 |      0.000 |       NA    | Unspecified | NA         |
| Vcco10           |       1.000 |     0.000 |       0.000 |      0.000 |       NA    | Unspecified | NA         |
| Vccadc           |       1.800 |     0.008 |       0.000 |      0.008 |       NA    | Unspecified | NA         |
| VCC_PSINTFP      |       0.850 |     0.000 |       0.000 |      0.000 |       NA    | Unspecified | NA         |
| VCC_PSINTLP      |       0.850 |     0.016 |       0.000 |      0.016 |       NA    | Unspecified | NA         |
| VPS_MGTRAVCC     |       0.850 |     0.000 |       0.000 |      0.000 |       NA    | Unspecified | NA         |
| VCC_PSINTFP_DDR  |       0.850 |     0.000 |       0.000 |      0.000 |       NA    | Unspecified | NA         |
| VCC_PSPLL        |       1.200 |     0.002 |       0.000 |      0.002 |       NA    | Unspecified | NA         |
| VPS_MGTRAVTT     |       1.800 |     0.000 |       0.000 |      0.000 |       NA    | Unspecified | NA         |
| VCCO_PSDDR_504   |       1.200 |     0.000 |       0.000 |      0.000 |       NA    | Unspecified | NA         |
| VCC_PSAUX        |       1.800 |     0.002 |       0.000 |      0.002 |       NA    | Unspecified | NA         |
| VCC_PSBATT       |       1.200 |     0.000 |       0.000 |      0.000 |       NA    | Unspecified | NA         |
| VCC_PSDDR_PLL    |       1.800 |     0.000 |       0.000 |      0.000 |       NA    | Unspecified | NA         |
| VCCO_PSIO0_500   |       3.300 |     0.000 |       0.000 |      0.000 |       NA    | Unspecified | NA         |
| VCCO_PSIO1_501   |       3.300 |     0.000 |       0.000 |      0.000 |       NA    | Unspecified | NA         |
| VCCO_PSIO2_502   |       3.300 |     0.000 |       0.000 |      0.000 |       NA    | Unspecified | NA         |
| VCCO_PSIO3_503   |       3.300 |     0.000 |       0.000 |      0.000 |       NA    | Unspecified | NA         |
| VCC_PSADC        |       1.800 |     0.002 |       0.000 |      0.002 |       NA    | Unspecified | NA         |
| VCCINT_VCU       |       0.900 |     0.084 |       0.000 |      0.084 |       NA    | Unspecified | NA         |
| VMGTAVCC (GTH)   |       0.900 |     0.000 |       0.000 |      0.000 |       NA    | Unspecified | NA         |
| VMGTAVTT (GTH)   |       1.200 |     0.000 |       0.000 |      0.000 |       NA    | Unspecified | NA         |
| VMGTVCCAUX (GTH) |       1.800 |     0.000 |       0.000 |      0.000 |       NA    | Unspecified | NA         |
+------------------+-------------+-----------+-------------+------------+-------------+-------------+------------+
* The Vccint supply current exceeds the maximum limit of the selected package.  See the PCB design user guide for limit values.


1.3 Confidence Level
--------------------

+-----------------------------+------------+--------------------------------------------------------+--------------------------------------------------------------------------------------------------------------------+
| User Input Data             | Confidence | Details                                                | Action                                                                                                             |
+-----------------------------+------------+--------------------------------------------------------+--------------------------------------------------------------------------------------------------------------------+
| Design implementation state | High       | Design is routed                                       |                                                                                                                    |
| Clock nodes activity        | Low        | User specified less than 75% of clocks                 | Provide missing clock activity with a constraint file, simulation results or by editing the "By Clock Domain" view |
| I/O nodes activity          | Low        | More than 75% of inputs are missing user specification | Provide missing input activity with simulation results or by editing the "By Resource Type -> I/Os" view           |
| Internal nodes activity     | Medium     | User specified less than 25% of internal nodes         | Provide missing internal nodes activity with simulation results or by editing the "By Resource Type" views         |
| Device models               | High       | Device models are Production                           |                                                                                                                    |
|                             |            |                                                        |                                                                                                                    |
| Overall confidence level    | Low        |                                                        |                                                                                                                    |
+-----------------------------+------------+--------------------------------------------------------+--------------------------------------------------------------------------------------------------------------------+


2. Settings
-----------

2.1 Environment
---------------

+-----------------------+--------------------------+
| Ambient Temp (C)      | 25.0                     |
| ThetaJA (C/W)         | 1.0                      |
| Airflow (LFM)         | 250                      |
| Heat Sink             | medium (Medium Profile)  |
| ThetaSA (C/W)         | 1.5                      |
| Board Selection       | medium (10"x10")         |
| # of Board Layers     | 12to15 (12 to 15 Layers) |
| Board Temperature (C) | 25.0                     |
+-----------------------+--------------------------+


2.2 Clock Constraints
---------------------

+-------+--------+-----------------+
| Clock | Domain | Constraint (ns) |
+-------+--------+-----------------+


3. Detailed Reports
-------------------

3.1 By Hierarchy
----------------

+--------------------------------+-----------+
| Name                           | Power (W) |
+--------------------------------+-----------+
| tpu_top_axi_lite               |    41.923 |
|   s_axi_aclk_IBUF_inst         |     0.006 |
|   s_axi_araddr_IBUF[0]_inst    |     0.018 |
|   s_axi_araddr_IBUF[1]_inst    |     0.018 |
|   s_axi_araddr_IBUF[2]_inst    |     0.159 |
|   s_axi_araddr_IBUF[3]_inst    |     0.158 |
|   s_axi_araddr_IBUF[4]_inst    |     0.111 |
|   s_axi_araddr_IBUF[5]_inst    |     0.081 |
|   s_axi_araddr_IBUF[6]_inst    |     0.029 |
|   s_axi_araddr_IBUF[7]_inst    |     0.024 |
|   s_axi_arvalid_IBUF_inst      |     0.007 |
|   s_axi_awaddr_IBUF[0]_inst    |     0.020 |
|   s_axi_awaddr_IBUF[1]_inst    |     0.016 |
|   s_axi_awaddr_IBUF[2]_inst    |     0.014 |
|   s_axi_awaddr_IBUF[3]_inst    |     0.016 |
|   s_axi_awaddr_IBUF[4]_inst    |     0.016 |
|   s_axi_awaddr_IBUF[5]_inst    |     0.020 |
|   s_axi_awaddr_IBUF[6]_inst    |     0.008 |
|   s_axi_awaddr_IBUF[7]_inst    |     0.008 |
|   s_axi_awvalid_IBUF_inst      |     0.007 |
|   s_axi_bready_IBUF_inst       |     0.008 |
|   s_axi_rready_IBUF_inst       |     0.007 |
|   s_axi_wdata_IBUF[0]_inst     |     0.011 |
|   s_axi_wdata_IBUF[10]_inst    |     0.006 |
|   s_axi_wdata_IBUF[11]_inst    |     0.006 |
|   s_axi_wdata_IBUF[12]_inst    |     0.005 |
|   s_axi_wdata_IBUF[1]_inst     |     0.013 |
|   s_axi_wdata_IBUF[2]_inst     |     0.012 |
|   s_axi_wdata_IBUF[31]_inst    |     0.005 |
|   s_axi_wdata_IBUF[3]_inst     |     0.008 |
|   s_axi_wdata_IBUF[4]_inst     |     0.007 |
|   s_axi_wdata_IBUF[5]_inst     |     0.008 |
|   s_axi_wdata_IBUF[6]_inst     |     0.007 |
|   s_axi_wdata_IBUF[7]_inst     |     0.007 |
|   s_axi_wdata_IBUF[8]_inst     |     0.007 |
|   s_axi_wdata_IBUF[9]_inst     |     0.008 |
|   s_axi_wstrb_IBUF[0]_inst     |     0.012 |
|   s_axi_wstrb_IBUF[1]_inst     |     0.011 |
|   s_axi_wstrb_IBUF[3]_inst     |     0.010 |
|   s_axi_wvalid_IBUF_inst       |     0.006 |
|   u_tpu_top                    |    36.647 |
|     u_datapath                 |    12.054 |
|       u_accumulator_array      |     0.482 |
|       u_mxu                    |     3.302 |
|       u_psum_packer            |     0.204 |
|       u_vector_processing_unit |     8.066 |
|     u_layer_controller         |     5.953 |
|       u_tile_controller        |     4.855 |
|     u_maxpool2d_unit           |     3.218 |
|     u_unified_buffer           |     0.480 |
+--------------------------------+-----------+


