Vivado Simulator v2025.2
Copyright 1986-2022 Xilinx, Inc. All Rights Reserved.
Copyright 2022-2025 Advanced Micro Devices, Inc. All Rights Reserved.
Running: /home/pah/tools/Xilinx_20252/2025.2/Vivado/bin/unwrapped/lnx64.o/xelab -debug typical -top test_animals10_full_network_10cases -snapshot test_animals10_full_network_10cases_snapshot 
Multi-threading is on. Using 14 slave threads.
WARNING: [XSIM 43-3431] One or more environment variables have been detected which affect the operation of the C compiler. These are typically not set in standard installations and are not tested by AMD, however they may be appropriate for your system, so the flow will attempt to continue.  If errors occur, try running xelab with the "-mt off -v 1" switches to see more information from the C compiler. The following environment variables have been detected:
Starting static elaboration
Pass Through NonSizing Optimizer
Completed static elaboration
Starting simulation data flow analysis
Completed simulation data flow analysis
Time Resolution for simulation is 1ps
Compiling module work.animals10_pe_default
Compiling module work.animals10_systolic_array_4x4
Compiling module work.animals10_conv1_systolic_4x4_def...
Compiling module work.animals10_conv_systolic_4x4_defa...
Compiling module work.animals10_conv2_systolic_4x4
Compiling module work.animals10_maxpool2x2_i8_default
Compiling module work.animals10_conv1_conv2_pool1_syst...
Compiling module work.animals10_conv_systolic_4x4(IN_H...
Compiling module work.animals10_conv3_systolic_4x4
Compiling module work.animals10_conv_systolic_4x4(IN_C...
Compiling module work.animals10_conv4_systolic_4x4
Compiling module work.animals10_maxpool2x2_i8(IN_C=64,...
Compiling module work.animals10_conv3_conv4_pool2_syst...
Compiling module work.animals10_conv_systolic_4x4(IN_C...
Compiling module work.animals10_conv5_systolic_4x4
Compiling module work.animals10_conv_systolic_4x4(IN_C...
Compiling module work.animals10_conv6_systolic_4x4
Compiling module work.animals10_maxpool2x2_i8(IN_C=128...
Compiling module work.animals10_conv5_conv6_pool3_syst...
Compiling module work.animals10_gap_i8_default
Compiling module work.animals10_dense_i8_default
Compiling module work.animals10_fc1_i8
Compiling module work.animals10_dense_i8(OUTPUT_FEATUR...
Compiling module work.animals10_fc2_i8
Compiling module work.animals10_gap_fc1_fc2_i8
Compiling module work.animals10_conv5_conv6_pool3_gap_...
Compiling module work.animals10_full_network_i8_defaul...
Compiling module work.test_animals10_full_network_10ca...
Built simulation snapshot test_animals10_full_network_10cases_snapshot
