#-----------------------------------------------------------
# xsim v2025.2 (64-bit)
# SW Build 6299465 on Fri Nov 14 12:34:56 MST 2025
# IP Build 6300035 on Fri Nov 14 10:48:45 MST 2025
# SharedData Build 6298862 on Thu Nov 13 04:50:51 MST 2025
# Start of session at: Wed Jun 10 10:13:45 2026
# Process ID         : 2251488
# Current directory  : /home/pah/fpga_cnn_accelerator/FPGA-based-CNN-Accelerator-for-autonomous-vehicles/src/sim/animals-10_classification/tb
# Command line       : xsim -mode tcl -source {xsim.dir/test_animals10_conv5_conv6_pool3_gap_fc1_fc2_case0_snapshot/xsim_script.tcl}
# Log file           : /home/pah/fpga_cnn_accelerator/FPGA-based-CNN-Accelerator-for-autonomous-vehicles/src/sim/animals-10_classification/tb/xsim.log
# Journal file       : /home/pah/fpga_cnn_accelerator/FPGA-based-CNN-Accelerator-for-autonomous-vehicles/src/sim/animals-10_classification/tb/xsim.jou
# Running On         : pah-PC
# Platform           : Ubuntu
# Operating System   : Ubuntu 24.04.4 LTS
# Processor Detail   : AMD Ryzen 7 8845HS w/ Radeon 780M Graphics
# CPU Frequency      : 3222.702 MHz
# CPU Physical cores : 8
# CPU Logical cores  : 16
# Host memory        : 32887 MB
# Swap memory        : 25033 MB
# Total Virtual      : 57921 MB
# Available Virtual  : 45948 MB
#-----------------------------------------------------------
source xsim.dir/test_animals10_conv5_conv6_pool3_gap_fc1_fc2_case0_snapshot/xsim_script.tcl
# xsim {test_animals10_conv5_conv6_pool3_gap_fc1_fc2_case0_snapshot} -autoloadwcfg -runall
Time resolution is 1 ps
run -all
Animals-10 final stage Conv5+Conv6+Pool3+GAP+FC1+FC2 DUT bench
  export_dir=../../../../CNN_model/python/animals-10_classification/custom_cnn/int8_export
ANIMALS10_FINAL_STAGE outputs_seen=10 acc_mismatches=0 out_mismatches=0 duplicates=0
ANIMALS10_FINAL_STAGE counters total=28434716 conv5_cycles=9494528 conv5_tiles=1179648 conv5_outputs=32768 conv6_cycles=18931712 conv6_tiles=2359296 conv6_outputs=32768 pool3_cycles=8192 pool3_outputs=8192 gap_cycles=128 gap_outputs=128 fc1_cycles=128 fc1_outputs=128 fc2_cycles=10 fc2_outputs=10
PASS: Animals-10 final-stage DUT matches Python INT8 golden output
$finish called at time : 289459736 ns : File "/home/pah/fpga_cnn_accelerator/FPGA-based-CNN-Accelerator-for-autonomous-vehicles/src/sim/animals-10_classification/tb/test_animals10_conv5_conv6_pool3_gap_fc1_fc2_case0.sv" Line 394
run: Time (s): cpu = 00:00:00.24 ; elapsed = 00:02:37 . Memory (MB): peak = 1450.883 ; gain = 0.000 ; free physical = 5102 ; free virtual = 43728
exit
INFO: xsimkernel Simulation Memory Usage: 300928 KB (Peak: 345388 KB), Simulation CPU Usage: 157390 ms
INFO: [Common 17-206] Exiting xsim at Wed Jun 10 10:16:24 2026...
