
*** Running vivado
    with args -log tpu_top_axi_lite.vds -m64 -product Vivado -mode batch -messageDb vivado.pb -notrace -source tpu_top_axi_lite.tcl


****** Vivado v2025.2 (64-bit)
  **** SW Build 6299465 on Fri Nov 14 12:34:56 MST 2025
  **** IP Build 6300035 on Fri Nov 14 10:48:45 MST 2025
  **** SharedData Build 6298862 on Thu Nov 13 04:50:51 MST 2025
  **** Start of session at: Mon Jun  1 10:31:28 2026
    ** Copyright 1986-2022 Xilinx, Inc. All Rights Reserved.
    ** Copyright 2022-2025 Advanced Micro Devices, Inc. All Rights Reserved.

source tpu_top_axi_lite.tcl -notrace
INFO: [IP_Flow 19-234] Refreshing IP repositories
INFO: [IP_Flow 19-1700] Loaded user IP repository '/home/pah/fpga_cnn_accelerator/FPGA-based-CNN-Accelerator-for-autonomous-vehicles/src/ip_repo'.
INFO: [IP_Flow 19-2313] Loaded Vivado IP repository '/home/pah/tools/Xilinx_20252/2025.2/data/ip'.
Command: read_checkpoint -auto_incremental -incremental /home/pah/fpga_cnn_accelerator/FPGA-based-CNN-Accelerator-for-autonomous-vehicles/src/synth/tpu_mnist_ip/tpu_mnist_ip.srcs/utils_1/imports/synth_1/tpu_top_axi_lite.dcp
INFO: [Vivado 12-5825] Read reference checkpoint from /home/pah/fpga_cnn_accelerator/FPGA-based-CNN-Accelerator-for-autonomous-vehicles/src/synth/tpu_mnist_ip/tpu_mnist_ip.srcs/utils_1/imports/synth_1/tpu_top_axi_lite.dcp for incremental synthesis
INFO: [Vivado 12-7989] Please ensure there are no constraint changes
Command: synth_design -top tpu_top_axi_lite -part xczu7ev-ffvc1156-2-e
Starting synth_design
Attempting to get a license for feature 'Synthesis' and/or device 'xczu7ev'
INFO: [Common 17-349] Got license for feature 'Synthesis' and/or device 'xczu7ev'
INFO: [Designutils 20-5440] No compile time benefit to using incremental synthesis; A full resynthesis will be run
INFO: [Designutils 20-4379] Flow is switching to default flow due to incremental criteria not met. If you would like to alter this behaviour and have the flow terminate instead, please set the following parameter config_implementation {autoIncr.Synth.RejectBehavior Terminate}
INFO: [Synth 8-7079] Multithreading enabled for synth_design using a maximum of 7 processes.
INFO: [Synth 8-7078] Launching helper process for spawning children vivado processes
INFO: [Synth 8-7075] Helper process launched with PID 2007071
---------------------------------------------------------------------------------
Starting Synthesize : Time (s): cpu = 00:00:03 ; elapsed = 00:00:03 . Memory (MB): peak = 2094.496 ; gain = 458.734 ; free physical = 5546 ; free virtual = 38969
---------------------------------------------------------------------------------
INFO: [Synth 8-6157] synthesizing module 'tpu_top_axi_lite' [/home/pah/fpga_cnn_accelerator/FPGA-based-CNN-Accelerator-for-autonomous-vehicles/src/rtl/v2/tpu_top_axi_lite.sv:4]
INFO: [Synth 8-294] found qualifier unique on case statement: implementing as parallel_case [/home/pah/fpga_cnn_accelerator/FPGA-based-CNN-Accelerator-for-autonomous-vehicles/src/rtl/v2/tpu_top_axi_lite.sv:225]
INFO: [Synth 8-6157] synthesizing module 'tpu_top' [/home/pah/fpga_cnn_accelerator/FPGA-based-CNN-Accelerator-for-autonomous-vehicles/src/rtl/v2/tpu_top.sv:6]
	Parameter SIZE bound to: 32'sb00000000000000000000000000000010 
	Parameter DATA_WIDTH bound to: 32'sb00000000000000000000000000001000 
	Parameter LOCAL_PSUM_WIDTH bound to: 32'sb00000000000000000000000000010001 
	Parameter ACC_WIDTH bound to: 32'sb00000000000000000000000000100000 
	Parameter ACC_DEPTH bound to: 32'sb00000000000000000000000000010000 
	Parameter ACC_ADDR_WIDTH bound to: 32'sb00000000000000000000000000000100 
	Parameter OUT_WIDTH bound to: 32'sb00000000000000000000000000001000 
	Parameter BIAS_WIDTH bound to: 32'sb00000000000000000000000000100000 
	Parameter REQUANT_MULT_WIDTH bound to: 32'sb00000000000000000000000000100000 
	Parameter REQUANT_SHIFT_WIDTH bound to: 32'sb00000000000000000000000000000110 
	Parameter MAX_NUM_TILES bound to: 32'sb00000000000000000000000010000000 
	Parameter TILE_COUNT_WIDTH bound to: 32'sb00000000000000000000000000001000 
	Parameter WGT_FIFO_DEPTH bound to: 32'sb00000000000000000000000000010000 
	Parameter BANK_DEPTH bound to: 32'sb00000000000000000010000000000000 
	Parameter UB_ADDR_WIDTH bound to: 32'sb00000000000000000000000000001101 
INFO: [Synth 8-294] found qualifier unique on case statement: implementing as parallel_case [/home/pah/fpga_cnn_accelerator/FPGA-based-CNN-Accelerator-for-autonomous-vehicles/src/rtl/v2/tpu_top.sv:262]
INFO: [Synth 8-294] found qualifier unique on case statement: implementing as parallel_case [/home/pah/fpga_cnn_accelerator/FPGA-based-CNN-Accelerator-for-autonomous-vehicles/src/rtl/v2/tpu_top.sv:315]
INFO: [Synth 8-6157] synthesizing module 'unified_buffer' [/home/pah/fpga_cnn_accelerator/FPGA-based-CNN-Accelerator-for-autonomous-vehicles/src/rtl/v2/unified_buffer.sv:4]
	Parameter DATA_WIDTH bound to: 32'sb00000000000000000000000000001000 
	Parameter BANK_DEPTH bound to: 32'sb00000000000000000010000000000000 
	Parameter ADDR_WIDTH bound to: 32'sb00000000000000000000000000001101 
INFO: [Synth 8-6155] done synthesizing module 'unified_buffer' (0#1) [/home/pah/fpga_cnn_accelerator/FPGA-based-CNN-Accelerator-for-autonomous-vehicles/src/rtl/v2/unified_buffer.sv:4]
INFO: [Synth 8-6157] synthesizing module 'tpu_controller_rom_layer' [/home/pah/fpga_cnn_accelerator/FPGA-based-CNN-Accelerator-for-autonomous-vehicles/src/rtl/v2/tpu_controller_rom_layer.sv:6]
	Parameter SIZE bound to: 32'sb00000000000000000000000000000010 
	Parameter DATA_WIDTH bound to: 32'sb00000000000000000000000000001000 
	Parameter ACC_WIDTH bound to: 32'sb00000000000000000000000000100000 
	Parameter OUT_WIDTH bound to: 32'sb00000000000000000000000000001000 
	Parameter ACC_DEPTH bound to: 32'sb00000000000000000000000000010000 
	Parameter ACC_ADDR_WIDTH bound to: 32'sb00000000000000000000000000000100 
	Parameter UB_ADDR_WIDTH bound to: 32'sb00000000000000000000000000001101 
	Parameter BIAS_WIDTH bound to: 32'sb00000000000000000000000000100000 
	Parameter REQUANT_MULT_WIDTH bound to: 32'sb00000000000000000000000000100000 
	Parameter REQUANT_SHIFT_WIDTH bound to: 32'sb00000000000000000000000000000110 
	Parameter MAX_NUM_TILES bound to: 32'sb00000000000000000000000010000000 
	Parameter TILE_COUNT_WIDTH bound to: 32'sb00000000000000000000000000001000 
	Parameter BANK_DEPTH bound to: 32'sb00000000000000000010000000000000 
INFO: [Synth 8-6157] synthesizing module 'layer_descriptor_rom' [/home/pah/fpga_cnn_accelerator/FPGA-based-CNN-Accelerator-for-autonomous-vehicles/src/rtl/v2/layer_descriptor_rom.sv:6]
INFO: [Synth 8-294] found qualifier unique on case statement: implementing as parallel_case [/home/pah/fpga_cnn_accelerator/FPGA-based-CNN-Accelerator-for-autonomous-vehicles/src/rtl/v2/layer_descriptor_rom.sv:53]
INFO: [Synth 8-226] default block is never used [/home/pah/fpga_cnn_accelerator/FPGA-based-CNN-Accelerator-for-autonomous-vehicles/src/rtl/v2/layer_descriptor_rom.sv:53]
INFO: [Synth 8-6155] done synthesizing module 'layer_descriptor_rom' (0#1) [/home/pah/fpga_cnn_accelerator/FPGA-based-CNN-Accelerator-for-autonomous-vehicles/src/rtl/v2/layer_descriptor_rom.sv:6]
INFO: [Synth 8-6157] synthesizing module 'tpu_controller_rom_kloop' [/home/pah/fpga_cnn_accelerator/FPGA-based-CNN-Accelerator-for-autonomous-vehicles/src/rtl/v2/tpu_controller_rom_kloop.sv:6]
	Parameter SIZE bound to: 32'sb00000000000000000000000000000010 
	Parameter DATA_WIDTH bound to: 32'sb00000000000000000000000000001000 
	Parameter ACC_WIDTH bound to: 32'sb00000000000000000000000000100000 
	Parameter OUT_WIDTH bound to: 32'sb00000000000000000000000000001000 
	Parameter ACC_DEPTH bound to: 32'sb00000000000000000000000000010000 
	Parameter ACC_ADDR_WIDTH bound to: 32'sb00000000000000000000000000000100 
	Parameter UB_ADDR_WIDTH bound to: 32'sb00000000000000000000000000001101 
	Parameter BIAS_WIDTH bound to: 32'sb00000000000000000000000000100000 
	Parameter REQUANT_MULT_WIDTH bound to: 32'sb00000000000000000000000000100000 
	Parameter REQUANT_SHIFT_WIDTH bound to: 32'sb00000000000000000000000000000110 
	Parameter MAX_NUM_TILES bound to: 32'sb00000000000000000000000010000000 
	Parameter TILE_COUNT_WIDTH bound to: 32'sb00000000000000000000000000001000 
	Parameter BANK_DEPTH bound to: 32'sb00000000000000000010000000000000 
	Parameter ROM_ADDR_WIDTH bound to: 32'sb00000000000000000000000000010000 
	Parameter WEIGHT_DEPTH bound to: 32'sb00000000000000000001001101011000 
	Parameter WEIGHT_ADDR_WIDTH bound to: 32'sb00000000000000000000000000001101 
	Parameter PARAM_DEPTH bound to: 32'sb00000000000000000000000000101100 
	Parameter PARAM_ADDR_WIDTH bound to: 32'sb00000000000000000000000000000110 
INFO: [Synth 8-6157] synthesizing module 'weight_rom' [/home/pah/fpga_cnn_accelerator/FPGA-based-CNN-Accelerator-for-autonomous-vehicles/src/rtl/v2/weight_rom.sv:4]
	Parameter DATA_WIDTH bound to: 32'sb00000000000000000000000000001000 
	Parameter DEPTH bound to: 32'sb00000000000000000001001101011000 
	Parameter ADDR_WIDTH bound to: 32'sb00000000000000000000000000001101 
INFO: [Synth 8-3876] $readmem data file 'small_cnn_sym_weights_i8.mem' is read successfully [/home/pah/fpga_cnn_accelerator/FPGA-based-CNN-Accelerator-for-autonomous-vehicles/src/rtl/v2/weight_rom.sv:22]
INFO: [Synth 8-6155] done synthesizing module 'weight_rom' (0#1) [/home/pah/fpga_cnn_accelerator/FPGA-based-CNN-Accelerator-for-autonomous-vehicles/src/rtl/v2/weight_rom.sv:4]
INFO: [Synth 8-6157] synthesizing module 'bias_rom' [/home/pah/fpga_cnn_accelerator/FPGA-based-CNN-Accelerator-for-autonomous-vehicles/src/rtl/v2/bias_rom.sv:4]
	Parameter DATA_WIDTH bound to: 32'sb00000000000000000000000000100000 
	Parameter DEPTH bound to: 32'sb00000000000000000000000000101100 
	Parameter ADDR_WIDTH bound to: 32'sb00000000000000000000000000000110 
INFO: [Synth 8-3876] $readmem data file 'small_cnn_sym_biases_i32.mem' is read successfully [/home/pah/fpga_cnn_accelerator/FPGA-based-CNN-Accelerator-for-autonomous-vehicles/src/rtl/v2/bias_rom.sv:22]
INFO: [Synth 8-6155] done synthesizing module 'bias_rom' (0#1) [/home/pah/fpga_cnn_accelerator/FPGA-based-CNN-Accelerator-for-autonomous-vehicles/src/rtl/v2/bias_rom.sv:4]
INFO: [Synth 8-6157] synthesizing module 'requant_mult_rom' [/home/pah/fpga_cnn_accelerator/FPGA-based-CNN-Accelerator-for-autonomous-vehicles/src/rtl/v2/requant_mult_rom.sv:4]
	Parameter DATA_WIDTH bound to: 32'sb00000000000000000000000000100000 
	Parameter DEPTH bound to: 32'sb00000000000000000000000000101100 
	Parameter ADDR_WIDTH bound to: 32'sb00000000000000000000000000000110 
INFO: [Synth 8-3876] $readmem data file 'small_cnn_sym_requant_mult_i32.mem' is read successfully [/home/pah/fpga_cnn_accelerator/FPGA-based-CNN-Accelerator-for-autonomous-vehicles/src/rtl/v2/requant_mult_rom.sv:22]
INFO: [Synth 8-6155] done synthesizing module 'requant_mult_rom' (0#1) [/home/pah/fpga_cnn_accelerator/FPGA-based-CNN-Accelerator-for-autonomous-vehicles/src/rtl/v2/requant_mult_rom.sv:4]
INFO: [Synth 8-6157] synthesizing module 'requant_shift_rom' [/home/pah/fpga_cnn_accelerator/FPGA-based-CNN-Accelerator-for-autonomous-vehicles/src/rtl/v2/requant_shift_rom.sv:4]
	Parameter DATA_WIDTH bound to: 32'sb00000000000000000000000000000110 
	Parameter DEPTH bound to: 32'sb00000000000000000000000000101100 
	Parameter ADDR_WIDTH bound to: 32'sb00000000000000000000000000000110 
INFO: [Synth 8-3876] $readmem data file 'small_cnn_sym_requant_shift_u6.mem' is read successfully [/home/pah/fpga_cnn_accelerator/FPGA-based-CNN-Accelerator-for-autonomous-vehicles/src/rtl/v2/requant_shift_rom.sv:22]
INFO: [Synth 8-6155] done synthesizing module 'requant_shift_rom' (0#1) [/home/pah/fpga_cnn_accelerator/FPGA-based-CNN-Accelerator-for-autonomous-vehicles/src/rtl/v2/requant_shift_rom.sv:4]
INFO: [Synth 8-6157] synthesizing module 'conv_fc_address_generator' [/home/pah/fpga_cnn_accelerator/FPGA-based-CNN-Accelerator-for-autonomous-vehicles/src/rtl/v2/conv_fc_address_generator.sv:4]
	Parameter SIZE bound to: 32'sb00000000000000000000000000000010 
	Parameter ADDR_WIDTH bound to: 32'sb00000000000000000000000000010000 
	Parameter DIM_WIDTH bound to: 32'sb00000000000000000000000000010000 
INFO: [Synth 8-294] found qualifier unique on case statement: implementing as parallel_case [/home/pah/fpga_cnn_accelerator/FPGA-based-CNN-Accelerator-for-autonomous-vehicles/src/rtl/v2/conv_fc_address_generator.sv:144]
INFO: [Synth 8-294] found qualifier unique on case statement: implementing as parallel_case [/home/pah/fpga_cnn_accelerator/FPGA-based-CNN-Accelerator-for-autonomous-vehicles/src/rtl/v2/conv_fc_address_generator.sv:205]
INFO: [Synth 8-294] found qualifier unique on case statement: implementing as parallel_case [/home/pah/fpga_cnn_accelerator/FPGA-based-CNN-Accelerator-for-autonomous-vehicles/src/rtl/v2/conv_fc_address_generator.sv:205]
INFO: [Synth 8-294] found qualifier unique on case statement: implementing as parallel_case [/home/pah/fpga_cnn_accelerator/FPGA-based-CNN-Accelerator-for-autonomous-vehicles/src/rtl/v2/conv_fc_address_generator.sv:246]
INFO: [Synth 8-294] found qualifier unique on case statement: implementing as parallel_case [/home/pah/fpga_cnn_accelerator/FPGA-based-CNN-Accelerator-for-autonomous-vehicles/src/rtl/v2/conv_fc_address_generator.sv:130]
INFO: [Synth 8-294] found qualifier unique on case statement: implementing as parallel_case [/home/pah/fpga_cnn_accelerator/FPGA-based-CNN-Accelerator-for-autonomous-vehicles/src/rtl/v2/conv_fc_address_generator.sv:246]
INFO: [Synth 8-294] found qualifier unique on case statement: implementing as parallel_case [/home/pah/fpga_cnn_accelerator/FPGA-based-CNN-Accelerator-for-autonomous-vehicles/src/rtl/v2/conv_fc_address_generator.sv:246]
INFO: [Synth 8-294] found qualifier unique on case statement: implementing as parallel_case [/home/pah/fpga_cnn_accelerator/FPGA-based-CNN-Accelerator-for-autonomous-vehicles/src/rtl/v2/conv_fc_address_generator.sv:246]
INFO: [Synth 8-6155] done synthesizing module 'conv_fc_address_generator' (0#1) [/home/pah/fpga_cnn_accelerator/FPGA-based-CNN-Accelerator-for-autonomous-vehicles/src/rtl/v2/conv_fc_address_generator.sv:4]
INFO: [Synth 8-294] found qualifier unique on case statement: implementing as parallel_case [/home/pah/fpga_cnn_accelerator/FPGA-based-CNN-Accelerator-for-autonomous-vehicles/src/rtl/v2/tpu_controller_rom_kloop.sv:526]
INFO: [Synth 8-294] found qualifier unique on case statement: implementing as parallel_case [/home/pah/fpga_cnn_accelerator/FPGA-based-CNN-Accelerator-for-autonomous-vehicles/src/rtl/v2/tpu_controller_rom_kloop.sv:546]
INFO: [Synth 8-6155] done synthesizing module 'tpu_controller_rom_kloop' (0#1) [/home/pah/fpga_cnn_accelerator/FPGA-based-CNN-Accelerator-for-autonomous-vehicles/src/rtl/v2/tpu_controller_rom_kloop.sv:6]
INFO: [Synth 8-294] found qualifier unique on case statement: implementing as parallel_case [/home/pah/fpga_cnn_accelerator/FPGA-based-CNN-Accelerator-for-autonomous-vehicles/src/rtl/v2/tpu_controller_rom_layer.sv:307]
INFO: [Synth 8-6155] done synthesizing module 'tpu_controller_rom_layer' (0#1) [/home/pah/fpga_cnn_accelerator/FPGA-based-CNN-Accelerator-for-autonomous-vehicles/src/rtl/v2/tpu_controller_rom_layer.sv:6]
INFO: [Synth 8-6157] synthesizing module 'tpu_datapath_v2' [/home/pah/fpga_cnn_accelerator/FPGA-based-CNN-Accelerator-for-autonomous-vehicles/src/rtl/v2/tpu_datapath_v2.sv:4]
	Parameter SIZE bound to: 32'sb00000000000000000000000000000010 
	Parameter DATA_WIDTH bound to: 32'sb00000000000000000000000000001000 
	Parameter LOCAL_PSUM_WIDTH bound to: 32'sb00000000000000000000000000010001 
	Parameter MAX_NUM_TILES bound to: 32'sb00000000000000000000000010000000 
	Parameter ACC_WIDTH bound to: 32'sb00000000000000000000000000100000 
	Parameter ACC_DEPTH bound to: 32'sb00000000000000000000000000010000 
	Parameter ACC_ADDR_WIDTH bound to: 32'sb00000000000000000000000000000100 
	Parameter ACT_WIDTH bound to: 32'sb00000000000000000000000000100000 
	Parameter OUT_WIDTH bound to: 32'sb00000000000000000000000000001000 
	Parameter QUANT_ENABLE bound to: 1'b1 
	Parameter BIAS_WIDTH bound to: 32'sb00000000000000000000000000100000 
	Parameter REQUANT_MULT_WIDTH bound to: 32'sb00000000000000000000000000100000 
	Parameter REQUANT_SHIFT_WIDTH bound to: 32'sb00000000000000000000000000000110 
	Parameter NORM_SHIFT bound to: 32'sb00000000000000000000000000000000 
	Parameter NORM_ROUND_ENABLE bound to: 1'b1 
	Parameter POOL_MODE bound to: 32'sb00000000000000000000000000000000 
	Parameter POOL_WINDOW bound to: 32'sb00000000000000000000000000000010 
	Parameter WGT_FIFO_DEPTH bound to: 32'sb00000000000000000000000000010000 
	Parameter TILE_COUNT_WIDTH bound to: 32'sb00000000000000000000000000001000 
INFO: [Synth 8-6157] synthesizing module 'mxu_2x2' [/home/pah/fpga_cnn_accelerator/FPGA-based-CNN-Accelerator-for-autonomous-vehicles/src/rtl/v2/mxu_2x2.sv:3]
	Parameter SIZE bound to: 32'sb00000000000000000000000000000010 
	Parameter DATA_WIDTH bound to: 32'sb00000000000000000000000000001000 
	Parameter LOCAL_PSUM_WIDTH bound to: 32'sb00000000000000000000000000010001 
	Parameter NUM_TILES bound to: 32'sb00000000000000000000000010000000 
	Parameter ACC_WIDTH bound to: 32'sb00000000000000000000000000100000 
	Parameter ENABLE_LOCAL_ACCUM bound to: 1'b0 
	Parameter WGT_FIFO_DEPTH bound to: 32'sb00000000000000000000000000010000 
	Parameter TILE_COUNT_WIDTH bound to: 32'sb00000000000000000000000000001000 
INFO: [Synth 8-6157] synthesizing module 'fifo' [/home/pah/fpga_cnn_accelerator/FPGA-based-CNN-Accelerator-for-autonomous-vehicles/src/rtl/v2/fifo.sv:3]
	Parameter WIDTH bound to: 32'sb00000000000000000000000000010000 
	Parameter DEPTH bound to: 32'sb00000000000000000000000000010000 
	Parameter COUNT_WIDTH bound to: 32'sb00000000000000000000000000000101 
INFO: [Synth 8-294] found qualifier unique on case statement: implementing as parallel_case [/home/pah/fpga_cnn_accelerator/FPGA-based-CNN-Accelerator-for-autonomous-vehicles/src/rtl/v2/fifo.sv:79]
INFO: [Synth 8-6155] done synthesizing module 'fifo' (0#1) [/home/pah/fpga_cnn_accelerator/FPGA-based-CNN-Accelerator-for-autonomous-vehicles/src/rtl/v2/fifo.sv:3]
INFO: [Synth 8-6157] synthesizing module 'wgt_fetcher_2x2' [/home/pah/fpga_cnn_accelerator/FPGA-based-CNN-Accelerator-for-autonomous-vehicles/src/rtl/v2/wgt_fetcher_2x2.sv:3]
	Parameter SIZE bound to: 32'sb00000000000000000000000000000010 
	Parameter DATA_WIDTH bound to: 32'sb00000000000000000000000000001000 
	Parameter FIFO_COUNT_WIDTH bound to: 32'sb00000000000000000000000000000101 
INFO: [Synth 8-226] default block is never used [/home/pah/fpga_cnn_accelerator/FPGA-based-CNN-Accelerator-for-autonomous-vehicles/src/rtl/v2/wgt_fetcher_2x2.sv:57]
INFO: [Synth 8-226] default block is never used [/home/pah/fpga_cnn_accelerator/FPGA-based-CNN-Accelerator-for-autonomous-vehicles/src/rtl/v2/wgt_fetcher_2x2.sv:87]
INFO: [Synth 8-6155] done synthesizing module 'wgt_fetcher_2x2' (0#1) [/home/pah/fpga_cnn_accelerator/FPGA-based-CNN-Accelerator-for-autonomous-vehicles/src/rtl/v2/wgt_fetcher_2x2.sv:3]
INFO: [Synth 8-6157] synthesizing module 'act_skew_buffer_2x2' [/home/pah/fpga_cnn_accelerator/FPGA-based-CNN-Accelerator-for-autonomous-vehicles/src/rtl/v2/act_skew_buffer.sv:3]
	Parameter SIZE bound to: 32'sb00000000000000000000000000000010 
	Parameter DATA_WIDTH bound to: 32'sb00000000000000000000000000001000 
INFO: [Synth 8-6155] done synthesizing module 'act_skew_buffer_2x2' (0#1) [/home/pah/fpga_cnn_accelerator/FPGA-based-CNN-Accelerator-for-autonomous-vehicles/src/rtl/v2/act_skew_buffer.sv:3]
INFO: [Synth 8-6157] synthesizing module 'ws_sa_2x2' [/home/pah/fpga_cnn_accelerator/FPGA-based-CNN-Accelerator-for-autonomous-vehicles/src/rtl/v2/ws_sa_2x2.sv:3]
	Parameter SIZE bound to: 32'sb00000000000000000000000000000010 
	Parameter DATA_WIDTH bound to: 32'sb00000000000000000000000000001000 
	Parameter LOCAL_PSUM_WIDTH bound to: 32'sb00000000000000000000000000010001 
	Parameter NUM_TILES bound to: 32'sb00000000000000000000000010000000 
	Parameter ACC_WIDTH bound to: 32'sb00000000000000000000000000100000 
	Parameter ENABLE_LOCAL_ACCUM bound to: 1'b0 
INFO: [Synth 8-6157] synthesizing module 'pe' [/home/pah/fpga_cnn_accelerator/FPGA-based-CNN-Accelerator-for-autonomous-vehicles/src/rtl/v2/pe.sv:3]
	Parameter DATA_WIDTH bound to: 32'sb00000000000000000000000000001000 
	Parameter LOCAL_PSUM_WIDTH bound to: 32'sb00000000000000000000000000010001 
INFO: [Synth 8-6157] synthesizing module 'multiplier' [/home/pah/fpga_cnn_accelerator/FPGA-based-CNN-Accelerator-for-autonomous-vehicles/src/rtl/v2/multiplier.sv:15]
	Parameter DATA_WIDTH bound to: 8 - type: integer 
INFO: [Synth 8-6155] done synthesizing module 'multiplier' (0#1) [/home/pah/fpga_cnn_accelerator/FPGA-based-CNN-Accelerator-for-autonomous-vehicles/src/rtl/v2/multiplier.sv:15]
INFO: [Synth 8-6155] done synthesizing module 'pe' (0#1) [/home/pah/fpga_cnn_accelerator/FPGA-based-CNN-Accelerator-for-autonomous-vehicles/src/rtl/v2/pe.sv:3]
INFO: [Synth 8-6155] done synthesizing module 'ws_sa_2x2' (0#1) [/home/pah/fpga_cnn_accelerator/FPGA-based-CNN-Accelerator-for-autonomous-vehicles/src/rtl/v2/ws_sa_2x2.sv:3]
INFO: [Synth 8-6155] done synthesizing module 'mxu_2x2' (0#1) [/home/pah/fpga_cnn_accelerator/FPGA-based-CNN-Accelerator-for-autonomous-vehicles/src/rtl/v2/mxu_2x2.sv:3]
INFO: [Synth 8-6157] synthesizing module 'psum_packer_v2' [/home/pah/fpga_cnn_accelerator/FPGA-based-CNN-Accelerator-for-autonomous-vehicles/src/rtl/v2/psum_packer_v2.sv:4]
	Parameter SIZE bound to: 32'sb00000000000000000000000000000010 
	Parameter LOCAL_PSUM_WIDTH bound to: 32'sb00000000000000000000000000010001 
	Parameter ADDR_WIDTH bound to: 32'sb00000000000000000000000000000100 
INFO: [Synth 8-6155] done synthesizing module 'psum_packer_v2' (0#1) [/home/pah/fpga_cnn_accelerator/FPGA-based-CNN-Accelerator-for-autonomous-vehicles/src/rtl/v2/psum_packer_v2.sv:4]
INFO: [Synth 8-6157] synthesizing module 'accumulator_array_v2' [/home/pah/fpga_cnn_accelerator/FPGA-based-CNN-Accelerator-for-autonomous-vehicles/src/rtl/v2/accumulator_array_v2.sv:4]
	Parameter SIZE bound to: 32'sb00000000000000000000000000000010 
	Parameter LOCAL_PSUM_WIDTH bound to: 32'sb00000000000000000000000000010001 
	Parameter ACC_WIDTH bound to: 32'sb00000000000000000000000000100000 
	Parameter DEPTH bound to: 32'sb00000000000000000000000000010000 
	Parameter ADDR_WIDTH bound to: 32'sb00000000000000000000000000000100 
	Parameter NUM_TILES bound to: 32'sb00000000000000000000000010000000 
	Parameter TILE_COUNT_WIDTH bound to: 32'sb00000000000000000000000000001000 
INFO: [Synth 8-6155] done synthesizing module 'accumulator_array_v2' (0#1) [/home/pah/fpga_cnn_accelerator/FPGA-based-CNN-Accelerator-for-autonomous-vehicles/src/rtl/v2/accumulator_array_v2.sv:4]
INFO: [Synth 8-6157] synthesizing module 'vector_processing_unit_v2' [/home/pah/fpga_cnn_accelerator/FPGA-based-CNN-Accelerator-for-autonomous-vehicles/src/rtl/v2/vector_processing_unit_v2.sv:3]
	Parameter SIZE bound to: 32'sb00000000000000000000000000000010 
	Parameter ACC_WIDTH bound to: 32'sb00000000000000000000000000100000 
	Parameter ACT_WIDTH bound to: 32'sb00000000000000000000000000100000 
	Parameter OUT_WIDTH bound to: 32'sb00000000000000000000000000001000 
	Parameter ACT_MODE bound to: 32'sb00000000000000000000000000000001 
	Parameter ACT_CLIP_MAX bound to: 32'sb00000000000000000000000000000110 
	Parameter ACT_INPUT_SHIFT bound to: 32'sb00000000000000000000000000000000 
	Parameter ACT_FRAC_BITS bound to: 32'sb00000000000000000000000000001000 
	Parameter QUANT_ENABLE bound to: 1'b1 
	Parameter BIAS_WIDTH bound to: 32'sb00000000000000000000000000100000 
	Parameter REQUANT_MULT_WIDTH bound to: 32'sb00000000000000000000000000100000 
	Parameter REQUANT_SHIFT_WIDTH bound to: 32'sb00000000000000000000000000000110 
	Parameter QUANT_CLAMP_MIN bound to: 32'sb11111111111111111111111110000000 
	Parameter QUANT_CLAMP_MAX bound to: 32'sb00000000000000000000000001111111 
	Parameter NORM_SHIFT bound to: 32'sb00000000000000000000000000000000 
	Parameter NORM_ROUND_ENABLE bound to: 1'b1 
	Parameter POOL_MODE bound to: 32'sb00000000000000000000000000000000 
	Parameter POOL_WINDOW bound to: 32'sb00000000000000000000000000000010 
INFO: [Synth 8-6157] synthesizing module 'post_process_v2' [/home/pah/fpga_cnn_accelerator/FPGA-based-CNN-Accelerator-for-autonomous-vehicles/src/rtl/v2/post_process_v2.sv:3]
	Parameter SIZE bound to: 32'sb00000000000000000000000000000010 
	Parameter ACC_WIDTH bound to: 32'sb00000000000000000000000000100000 
	Parameter ACT_WIDTH bound to: 32'sb00000000000000000000000000100000 
	Parameter OUT_WIDTH bound to: 32'sb00000000000000000000000000001000 
	Parameter ACT_MODE bound to: 32'sb00000000000000000000000000000001 
	Parameter ACT_CLIP_MAX bound to: 32'sb00000000000000000000000000000110 
	Parameter ACT_INPUT_SHIFT bound to: 32'sb00000000000000000000000000000000 
	Parameter ACT_FRAC_BITS bound to: 32'sb00000000000000000000000000001000 
	Parameter QUANT_ENABLE bound to: 1'b1 
	Parameter BIAS_WIDTH bound to: 32'sb00000000000000000000000000100000 
	Parameter REQUANT_MULT_WIDTH bound to: 32'sb00000000000000000000000000100000 
	Parameter REQUANT_SHIFT_WIDTH bound to: 32'sb00000000000000000000000000000110 
	Parameter QUANT_CLAMP_MIN bound to: 32'sb11111111111111111111111110000000 
	Parameter QUANT_CLAMP_MAX bound to: 32'sb00000000000000000000000001111111 
	Parameter NORM_SHIFT bound to: 32'sb00000000000000000000000000000000 
	Parameter NORM_ROUND_ENABLE bound to: 1'b1 
	Parameter POOL_MODE bound to: 32'sb00000000000000000000000000000000 
	Parameter POOL_WINDOW bound to: 32'sb00000000000000000000000000000010 
INFO: [Synth 8-6157] synthesizing module 'bias_requantize_v2' [/home/pah/fpga_cnn_accelerator/FPGA-based-CNN-Accelerator-for-autonomous-vehicles/src/rtl/v2/bias_requantize_v2.sv:4]
	Parameter SIZE bound to: 32'sb00000000000000000000000000000010 
	Parameter ACC_WIDTH bound to: 32'sb00000000000000000000000000100000 
	Parameter BIAS_WIDTH bound to: 32'sb00000000000000000000000000100000 
	Parameter REQUANT_MULT_WIDTH bound to: 32'sb00000000000000000000000000100000 
	Parameter REQUANT_SHIFT_WIDTH bound to: 32'sb00000000000000000000000000000110 
	Parameter QUANT_CLAMP_MIN bound to: 32'sb11111111111111111111111110000000 
	Parameter QUANT_CLAMP_MAX bound to: 32'sb00000000000000000000000001111111 
INFO: [Synth 8-6155] done synthesizing module 'bias_requantize_v2' (0#1) [/home/pah/fpga_cnn_accelerator/FPGA-based-CNN-Accelerator-for-autonomous-vehicles/src/rtl/v2/bias_requantize_v2.sv:4]
INFO: [Synth 8-6157] synthesizing module 'activation_array_v2' [/home/pah/fpga_cnn_accelerator/FPGA-based-CNN-Accelerator-for-autonomous-vehicles/src/rtl/v2/activation_array_v2.sv:3]
	Parameter SIZE bound to: 32'sb00000000000000000000000000000010 
	Parameter IN_WIDTH bound to: 32'sb00000000000000000000000000100000 
	Parameter OUT_WIDTH bound to: 32'sb00000000000000000000000000100000 
	Parameter ACT_MODE bound to: 32'sb00000000000000000000000000000001 
	Parameter CLIP_MAX bound to: 32'sb00000000000000000000000000000110 
	Parameter ACT_INPUT_SHIFT bound to: 32'sb00000000000000000000000000000000 
	Parameter ACT_FRAC_BITS bound to: 32'sb00000000000000000000000000001000 
INFO: [Synth 8-6155] done synthesizing module 'activation_array_v2' (0#1) [/home/pah/fpga_cnn_accelerator/FPGA-based-CNN-Accelerator-for-autonomous-vehicles/src/rtl/v2/activation_array_v2.sv:3]
INFO: [Synth 8-6157] synthesizing module 'normalizer_v2' [/home/pah/fpga_cnn_accelerator/FPGA-based-CNN-Accelerator-for-autonomous-vehicles/src/rtl/v2/normalizer_v2.sv:3]
	Parameter SIZE bound to: 32'sb00000000000000000000000000000010 
	Parameter IN_WIDTH bound to: 32'sb00000000000000000000000000100000 
	Parameter OUT_WIDTH bound to: 32'sb00000000000000000000000000001000 
	Parameter NORM_SHIFT bound to: 32'sb00000000000000000000000000000000 
	Parameter ROUND_ENABLE bound to: 1'b1 
INFO: [Synth 8-6155] done synthesizing module 'normalizer_v2' (0#1) [/home/pah/fpga_cnn_accelerator/FPGA-based-CNN-Accelerator-for-autonomous-vehicles/src/rtl/v2/normalizer_v2.sv:3]
INFO: [Synth 8-6157] synthesizing module 'pooling_unit_v2' [/home/pah/fpga_cnn_accelerator/FPGA-based-CNN-Accelerator-for-autonomous-vehicles/src/rtl/v2/pooling_unit_v2.sv:3]
	Parameter SIZE bound to: 32'sb00000000000000000000000000000010 
	Parameter DATA_WIDTH bound to: 32'sb00000000000000000000000000001000 
	Parameter POOL_MODE bound to: 32'sb00000000000000000000000000000000 
	Parameter POOL_WINDOW bound to: 32'sb00000000000000000000000000000010 
INFO: [Synth 8-6155] done synthesizing module 'pooling_unit_v2' (0#1) [/home/pah/fpga_cnn_accelerator/FPGA-based-CNN-Accelerator-for-autonomous-vehicles/src/rtl/v2/pooling_unit_v2.sv:3]
INFO: [Synth 8-6155] done synthesizing module 'post_process_v2' (0#1) [/home/pah/fpga_cnn_accelerator/FPGA-based-CNN-Accelerator-for-autonomous-vehicles/src/rtl/v2/post_process_v2.sv:3]
INFO: [Synth 8-6155] done synthesizing module 'vector_processing_unit_v2' (0#1) [/home/pah/fpga_cnn_accelerator/FPGA-based-CNN-Accelerator-for-autonomous-vehicles/src/rtl/v2/vector_processing_unit_v2.sv:3]
INFO: [Synth 8-6155] done synthesizing module 'tpu_datapath_v2' (0#1) [/home/pah/fpga_cnn_accelerator/FPGA-based-CNN-Accelerator-for-autonomous-vehicles/src/rtl/v2/tpu_datapath_v2.sv:4]
INFO: [Synth 8-6157] synthesizing module 'maxpool2d_unit' [/home/pah/fpga_cnn_accelerator/FPGA-based-CNN-Accelerator-for-autonomous-vehicles/src/rtl/v2/maxpool2d_unit.sv:4]
	Parameter DATA_WIDTH bound to: 32'sb00000000000000000000000000001000 
	Parameter BANK_DEPTH bound to: 32'sb00000000000000000010000000000000 
	Parameter ADDR_WIDTH bound to: 32'sb00000000000000000000000000001101 
	Parameter DIM_WIDTH bound to: 32'sb00000000000000000000000000010000 
INFO: [Synth 8-294] found qualifier unique on case statement: implementing as parallel_case [/home/pah/fpga_cnn_accelerator/FPGA-based-CNN-Accelerator-for-autonomous-vehicles/src/rtl/v2/maxpool2d_unit.sv:154]
INFO: [Synth 8-6155] done synthesizing module 'maxpool2d_unit' (0#1) [/home/pah/fpga_cnn_accelerator/FPGA-based-CNN-Accelerator-for-autonomous-vehicles/src/rtl/v2/maxpool2d_unit.sv:4]
INFO: [Synth 8-294] found qualifier unique on case statement: implementing as parallel_case [/home/pah/fpga_cnn_accelerator/FPGA-based-CNN-Accelerator-for-autonomous-vehicles/src/rtl/v2/tpu_top.sv:629]
INFO: [Synth 8-294] found qualifier unique on case statement: implementing as parallel_case [/home/pah/fpga_cnn_accelerator/FPGA-based-CNN-Accelerator-for-autonomous-vehicles/src/rtl/v2/tpu_top.sv:641]
INFO: [Synth 8-294] found qualifier unique on case statement: implementing as parallel_case [/home/pah/fpga_cnn_accelerator/FPGA-based-CNN-Accelerator-for-autonomous-vehicles/src/rtl/v2/tpu_top.sv:738]
INFO: [Synth 8-6155] done synthesizing module 'tpu_top' (0#1) [/home/pah/fpga_cnn_accelerator/FPGA-based-CNN-Accelerator-for-autonomous-vehicles/src/rtl/v2/tpu_top.sv:6]
INFO: [Synth 8-294] found qualifier unique on case statement: implementing as parallel_case [/home/pah/fpga_cnn_accelerator/FPGA-based-CNN-Accelerator-for-autonomous-vehicles/src/rtl/v2/tpu_top_axi_lite.sv:592]
INFO: [Synth 8-6155] done synthesizing module 'tpu_top_axi_lite' (0#1) [/home/pah/fpga_cnn_accelerator/FPGA-based-CNN-Accelerator-for-autonomous-vehicles/src/rtl/v2/tpu_top_axi_lite.sv:4]
WARNING: [Synth 8-6014] Unused sequential element pool_count_q_reg was removed.  [/home/pah/fpga_cnn_accelerator/FPGA-based-CNN-Accelerator-for-autonomous-vehicles/src/rtl/v2/pooling_unit_v2.sv:54]
WARNING: [Synth 8-6014] Unused sequential element pool_sum_q_reg[0] was removed.  [/home/pah/fpga_cnn_accelerator/FPGA-based-CNN-Accelerator-for-autonomous-vehicles/src/rtl/v2/pooling_unit_v2.sv:57]
WARNING: [Synth 8-6014] Unused sequential element pool_sum_q_reg[1] was removed.  [/home/pah/fpga_cnn_accelerator/FPGA-based-CNN-Accelerator-for-autonomous-vehicles/src/rtl/v2/pooling_unit_v2.sv:57]
WARNING: [Synth 8-6014] Unused sequential element pool_max_q_reg[0] was removed.  [/home/pah/fpga_cnn_accelerator/FPGA-based-CNN-Accelerator-for-autonomous-vehicles/src/rtl/v2/pooling_unit_v2.sv:58]
WARNING: [Synth 8-6014] Unused sequential element pool_max_q_reg[1] was removed.  [/home/pah/fpga_cnn_accelerator/FPGA-based-CNN-Accelerator-for-autonomous-vehicles/src/rtl/v2/pooling_unit_v2.sv:58]
WARNING: [Synth 8-6014] Unused sequential element merged_addr_reg was removed.  [/home/pah/fpga_cnn_accelerator/FPGA-based-CNN-Accelerator-for-autonomous-vehicles/src/rtl/v2/tpu_top_axi_lite.sv:617]
WARNING: [Synth 8-3917] design tpu_top_axi_lite has port s_axi_bresp[1] driven by constant 0
WARNING: [Synth 8-3917] design tpu_top_axi_lite has port s_axi_bresp[0] driven by constant 0
WARNING: [Synth 8-3917] design tpu_top_axi_lite has port s_axi_rresp[1] driven by constant 0
WARNING: [Synth 8-3917] design tpu_top_axi_lite has port s_axi_rresp[0] driven by constant 0
WARNING: [Synth 8-7129] Port work_i in module ws_sa_2x2 is either unconnected or has no load
WARNING: [Synth 8-7129] Port num_tiles_i[7] in module ws_sa_2x2 is either unconnected or has no load
WARNING: [Synth 8-7129] Port num_tiles_i[6] in module ws_sa_2x2 is either unconnected or has no load
WARNING: [Synth 8-7129] Port num_tiles_i[5] in module ws_sa_2x2 is either unconnected or has no load
WARNING: [Synth 8-7129] Port num_tiles_i[4] in module ws_sa_2x2 is either unconnected or has no load
WARNING: [Synth 8-7129] Port num_tiles_i[3] in module ws_sa_2x2 is either unconnected or has no load
WARNING: [Synth 8-7129] Port num_tiles_i[2] in module ws_sa_2x2 is either unconnected or has no load
WARNING: [Synth 8-7129] Port num_tiles_i[1] in module ws_sa_2x2 is either unconnected or has no load
WARNING: [Synth 8-7129] Port num_tiles_i[0] in module ws_sa_2x2 is either unconnected or has no load
WARNING: [Synth 8-7129] Port in_h_i[15] in module conv_fc_address_generator is either unconnected or has no load
WARNING: [Synth 8-7129] Port in_h_i[14] in module conv_fc_address_generator is either unconnected or has no load
WARNING: [Synth 8-7129] Port in_h_i[13] in module conv_fc_address_generator is either unconnected or has no load
WARNING: [Synth 8-7129] Port in_h_i[12] in module conv_fc_address_generator is either unconnected or has no load
WARNING: [Synth 8-7129] Port in_h_i[11] in module conv_fc_address_generator is either unconnected or has no load
WARNING: [Synth 8-7129] Port in_h_i[10] in module conv_fc_address_generator is either unconnected or has no load
WARNING: [Synth 8-7129] Port in_h_i[9] in module conv_fc_address_generator is either unconnected or has no load
WARNING: [Synth 8-7129] Port in_h_i[8] in module conv_fc_address_generator is either unconnected or has no load
WARNING: [Synth 8-7129] Port in_h_i[7] in module conv_fc_address_generator is either unconnected or has no load
WARNING: [Synth 8-7129] Port in_h_i[6] in module conv_fc_address_generator is either unconnected or has no load
WARNING: [Synth 8-7129] Port in_h_i[5] in module conv_fc_address_generator is either unconnected or has no load
WARNING: [Synth 8-7129] Port in_h_i[4] in module conv_fc_address_generator is either unconnected or has no load
WARNING: [Synth 8-7129] Port in_h_i[3] in module conv_fc_address_generator is either unconnected or has no load
WARNING: [Synth 8-7129] Port in_h_i[2] in module conv_fc_address_generator is either unconnected or has no load
WARNING: [Synth 8-7129] Port in_h_i[1] in module conv_fc_address_generator is either unconnected or has no load
WARNING: [Synth 8-7129] Port in_h_i[0] in module conv_fc_address_generator is either unconnected or has no load
WARNING: [Synth 8-7129] Port in_w_i[15] in module conv_fc_address_generator is either unconnected or has no load
WARNING: [Synth 8-7129] Port in_w_i[14] in module conv_fc_address_generator is either unconnected or has no load
WARNING: [Synth 8-7129] Port in_w_i[13] in module conv_fc_address_generator is either unconnected or has no load
WARNING: [Synth 8-7129] Port in_w_i[12] in module conv_fc_address_generator is either unconnected or has no load
WARNING: [Synth 8-7129] Port in_w_i[11] in module conv_fc_address_generator is either unconnected or has no load
WARNING: [Synth 8-7129] Port in_w_i[10] in module conv_fc_address_generator is either unconnected or has no load
WARNING: [Synth 8-7129] Port in_w_i[9] in module conv_fc_address_generator is either unconnected or has no load
WARNING: [Synth 8-7129] Port in_w_i[8] in module conv_fc_address_generator is either unconnected or has no load
WARNING: [Synth 8-7129] Port in_w_i[7] in module conv_fc_address_generator is either unconnected or has no load
WARNING: [Synth 8-7129] Port in_w_i[6] in module conv_fc_address_generator is either unconnected or has no load
WARNING: [Synth 8-7129] Port in_w_i[5] in module conv_fc_address_generator is either unconnected or has no load
WARNING: [Synth 8-7129] Port in_w_i[4] in module conv_fc_address_generator is either unconnected or has no load
WARNING: [Synth 8-7129] Port in_w_i[3] in module conv_fc_address_generator is either unconnected or has no load
WARNING: [Synth 8-7129] Port in_w_i[2] in module conv_fc_address_generator is either unconnected or has no load
WARNING: [Synth 8-7129] Port in_w_i[1] in module conv_fc_address_generator is either unconnected or has no load
WARNING: [Synth 8-7129] Port in_w_i[0] in module conv_fc_address_generator is either unconnected or has no load
WARNING: [Synth 8-7129] Port kernel_h_i[15] in module conv_fc_address_generator is either unconnected or has no load
WARNING: [Synth 8-7129] Port kernel_h_i[14] in module conv_fc_address_generator is either unconnected or has no load
WARNING: [Synth 8-7129] Port kernel_h_i[13] in module conv_fc_address_generator is either unconnected or has no load
WARNING: [Synth 8-7129] Port kernel_h_i[12] in module conv_fc_address_generator is either unconnected or has no load
WARNING: [Synth 8-7129] Port kernel_h_i[11] in module conv_fc_address_generator is either unconnected or has no load
WARNING: [Synth 8-7129] Port kernel_h_i[10] in module conv_fc_address_generator is either unconnected or has no load
WARNING: [Synth 8-7129] Port kernel_h_i[9] in module conv_fc_address_generator is either unconnected or has no load
WARNING: [Synth 8-7129] Port kernel_h_i[8] in module conv_fc_address_generator is either unconnected or has no load
WARNING: [Synth 8-7129] Port kernel_h_i[7] in module conv_fc_address_generator is either unconnected or has no load
WARNING: [Synth 8-7129] Port kernel_h_i[6] in module conv_fc_address_generator is either unconnected or has no load
WARNING: [Synth 8-7129] Port kernel_h_i[5] in module conv_fc_address_generator is either unconnected or has no load
WARNING: [Synth 8-7129] Port kernel_h_i[4] in module conv_fc_address_generator is either unconnected or has no load
WARNING: [Synth 8-7129] Port kernel_h_i[3] in module conv_fc_address_generator is either unconnected or has no load
WARNING: [Synth 8-7129] Port kernel_h_i[2] in module conv_fc_address_generator is either unconnected or has no load
WARNING: [Synth 8-7129] Port kernel_h_i[1] in module conv_fc_address_generator is either unconnected or has no load
WARNING: [Synth 8-7129] Port kernel_h_i[0] in module conv_fc_address_generator is either unconnected or has no load
WARNING: [Synth 8-7129] Port kernel_w_i[15] in module conv_fc_address_generator is either unconnected or has no load
WARNING: [Synth 8-7129] Port kernel_w_i[14] in module conv_fc_address_generator is either unconnected or has no load
WARNING: [Synth 8-7129] Port kernel_w_i[13] in module conv_fc_address_generator is either unconnected or has no load
WARNING: [Synth 8-7129] Port kernel_w_i[12] in module conv_fc_address_generator is either unconnected or has no load
WARNING: [Synth 8-7129] Port kernel_w_i[11] in module conv_fc_address_generator is either unconnected or has no load
WARNING: [Synth 8-7129] Port kernel_w_i[10] in module conv_fc_address_generator is either unconnected or has no load
WARNING: [Synth 8-7129] Port kernel_w_i[9] in module conv_fc_address_generator is either unconnected or has no load
WARNING: [Synth 8-7129] Port kernel_w_i[8] in module conv_fc_address_generator is either unconnected or has no load
WARNING: [Synth 8-7129] Port kernel_w_i[7] in module conv_fc_address_generator is either unconnected or has no load
WARNING: [Synth 8-7129] Port kernel_w_i[6] in module conv_fc_address_generator is either unconnected or has no load
WARNING: [Synth 8-7129] Port kernel_w_i[5] in module conv_fc_address_generator is either unconnected or has no load
WARNING: [Synth 8-7129] Port kernel_w_i[4] in module conv_fc_address_generator is either unconnected or has no load
WARNING: [Synth 8-7129] Port kernel_w_i[3] in module conv_fc_address_generator is either unconnected or has no load
WARNING: [Synth 8-7129] Port kernel_w_i[2] in module conv_fc_address_generator is either unconnected or has no load
WARNING: [Synth 8-7129] Port kernel_w_i[1] in module conv_fc_address_generator is either unconnected or has no load
WARNING: [Synth 8-7129] Port kernel_w_i[0] in module conv_fc_address_generator is either unconnected or has no load
WARNING: [Synth 8-7129] Port s_axi_wdata[23] in module tpu_top_axi_lite is either unconnected or has no load
WARNING: [Synth 8-7129] Port s_axi_wdata[22] in module tpu_top_axi_lite is either unconnected or has no load
WARNING: [Synth 8-7129] Port s_axi_wdata[21] in module tpu_top_axi_lite is either unconnected or has no load
WARNING: [Synth 8-7129] Port s_axi_wdata[20] in module tpu_top_axi_lite is either unconnected or has no load
WARNING: [Synth 8-7129] Port s_axi_wdata[19] in module tpu_top_axi_lite is either unconnected or has no load
WARNING: [Synth 8-7129] Port s_axi_wdata[18] in module tpu_top_axi_lite is either unconnected or has no load
WARNING: [Synth 8-7129] Port s_axi_wdata[17] in module tpu_top_axi_lite is either unconnected or has no load
WARNING: [Synth 8-7129] Port s_axi_wdata[16] in module tpu_top_axi_lite is either unconnected or has no load
WARNING: [Synth 8-7129] Port s_axi_wstrb[2] in module tpu_top_axi_lite is either unconnected or has no load
---------------------------------------------------------------------------------
Finished Synthesize : Time (s): cpu = 00:00:04 ; elapsed = 00:00:04 . Memory (MB): peak = 2243.465 ; gain = 607.703 ; free physical = 5412 ; free virtual = 38839
---------------------------------------------------------------------------------
---------------------------------------------------------------------------------
Finished Constraint Validation : Time (s): cpu = 00:00:05 ; elapsed = 00:00:05 . Memory (MB): peak = 2249.402 ; gain = 613.641 ; free physical = 5388 ; free virtual = 38814
---------------------------------------------------------------------------------
---------------------------------------------------------------------------------
Start Loading Part and Timing Information
---------------------------------------------------------------------------------
Loading part: xczu7ev-ffvc1156-2-e
INFO: [Synth 8-6742] Reading net delay rules and data
INFO: [Device 21-403] Loading part xczu7ev-ffvc1156-2-e
---------------------------------------------------------------------------------
Finished Loading Part and Timing Information : Time (s): cpu = 00:00:05 ; elapsed = 00:00:05 . Memory (MB): peak = 2255.340 ; gain = 619.578 ; free physical = 5388 ; free virtual = 38814
---------------------------------------------------------------------------------
INFO: [Synth 8-802] inferred FSM for state register 'state_q_reg' in module 'tpu_controller_rom_layer'
INFO: [Synth 8-802] inferred FSM for state register 'state_reg' in module 'wgt_fetcher_2x2'
INFO: [Synth 8-802] inferred FSM for state register 'state_q_reg' in module 'maxpool2d_unit'
INFO: [Synth 8-802] inferred FSM for state register 'state_q_reg' in module 'tpu_top'
---------------------------------------------------------------------------------------------------
                   State |                     New Encoding |                Previous Encoding 
---------------------------------------------------------------------------------------------------
                  S_IDLE |                              000 |                            00000
            S_START_TILE |                              001 |                            00001
              S_RUN_TILE |                              010 |                            00010
                 S_ERROR |                              011 |                            00100
                  S_DONE |                              100 |                            00011
---------------------------------------------------------------------------------------------------
INFO: [Synth 8-3354] encoded FSM with state register 'state_q_reg' using encoding 'sequential' in module 'tpu_controller_rom_layer'
---------------------------------------------------------------------------------------------------
                   State |                     New Encoding |                Previous Encoding 
---------------------------------------------------------------------------------------------------
                    IDLE |                             0001 |                               00
               POP_FIRST |                             0010 |                               01
               LOAD_ROWS |                             0100 |                               10
                  SWITCH |                             1000 |                               11
---------------------------------------------------------------------------------------------------
INFO: [Synth 8-3354] encoded FSM with state register 'state_reg' using encoding 'one-hot' in module 'wgt_fetcher_2x2'
---------------------------------------------------------------------------------------------------
                   State |                     New Encoding |                Previous Encoding 
---------------------------------------------------------------------------------------------------
                  S_IDLE |                              000 |                             0000
              S_VALIDATE |                              001 |                             0001
              S_READ_REQ |                              010 |                             0010
             S_READ_WAIT |                              011 |                             0011
                 S_WRITE |                              100 |                             0100
                 S_ERROR |                              101 |                             0111
               S_ADVANCE |                              110 |                             0101
                  S_DONE |                              111 |                             0110
---------------------------------------------------------------------------------------------------
INFO: [Synth 8-3354] encoded FSM with state register 'state_q_reg' using encoding 'sequential' in module 'maxpool2d_unit'
---------------------------------------------------------------------------------------------------
                   State |                     New Encoding |                Previous Encoding 
---------------------------------------------------------------------------------------------------
                  S_IDLE |                             0001 |                            00000
           S_START_CONV1 |                             0010 |                            00001
             S_RUN_CONV1 |                             1100 |                            00010
           S_START_POOL1 |                             1001 |                            00011
             S_RUN_POOL1 |                             1010 |                            00100
           S_START_CONV2 |                             1000 |                            00101
             S_RUN_CONV2 |                             0111 |                            00110
           S_START_POOL2 |                             0011 |                            00111
             S_RUN_POOL2 |                             0100 |                            01000
             S_START_FC1 |                             0101 |                            01001
               S_RUN_FC1 |                             0110 |                            01010
             S_START_FC2 |                             1110 |                            01011
               S_RUN_FC2 |                             1101 |                            01100
                 S_ERROR |                             0000 |                            01110
                  S_DONE |                             1011 |                            01101
---------------------------------------------------------------------------------------------------
INFO: [Synth 8-3354] encoded FSM with state register 'state_q_reg' using encoding 'sequential' in module 'tpu_top'
---------------------------------------------------------------------------------
Finished RTL Optimization Phase 2 : Time (s): cpu = 00:00:12 ; elapsed = 00:00:09 . Memory (MB): peak = 3672.629 ; gain = 2036.867 ; free physical = 4018 ; free virtual = 37446
---------------------------------------------------------------------------------
No constraint files found.
---------------------------------------------------------------------------------
Start RTL Component Statistics 
---------------------------------------------------------------------------------
Detailed RTL Component Info : 
+---Adders : 
	   3 Input   66 Bit       Adders := 2     
	   2 Input   66 Bit       Adders := 2     
	   2 Input   65 Bit       Adders := 2     
	   2 Input   33 Bit       Adders := 2     
	   2 Input   32 Bit       Adders := 43    
	   3 Input   32 Bit       Adders := 1     
	   5 Input   32 Bit       Adders := 1     
	   2 Input   18 Bit       Adders := 4     
	   4 Input   18 Bit       Adders := 1     
	   2 Input   17 Bit       Adders := 1     
	   2 Input   16 Bit       Adders := 15    
	   5 Input   16 Bit       Adders := 2     
	   3 Input   16 Bit       Adders := 10    
	   6 Input   16 Bit       Adders := 2     
	   3 Input   11 Bit       Adders := 1     
	   2 Input    8 Bit       Adders := 3     
	   3 Input    8 Bit       Adders := 1     
	   2 Input    6 Bit       Adders := 8     
	   2 Input    5 Bit       Adders := 5     
	   2 Input    4 Bit       Adders := 4     
	   4 Input    3 Bit       Adders := 1     
	   2 Input    2 Bit       Adders := 2     
+---XORs : 
	   2 Input      1 Bit         XORs := 8     
+---Registers : 
	               64 Bit    Registers := 7     
	               34 Bit    Registers := 2     
	               32 Bit    Registers := 87    
	               17 Bit    Registers := 16    
	               16 Bit    Registers := 48    
	               13 Bit    Registers := 11    
	               12 Bit    Registers := 2     
	                8 Bit    Registers := 70    
	                6 Bit    Registers := 2     
	                5 Bit    Registers := 7     
	                4 Bit    Registers := 24    
	                2 Bit    Registers := 10    
	                1 Bit    Registers := 121   
+---Multipliers : 
	              16x32  Multipliers := 2     
+---RAMs : 
	              64K Bit	(8192 X 8 bit)          RAMs := 2     
+---ROMs : 
	                    ROMs := 4     
+---Muxes : 
	   2 Input   66 Bit        Muxes := 2     
	   2 Input   64 Bit        Muxes := 1     
	   2 Input   34 Bit        Muxes := 3     
	   8 Input   32 Bit        Muxes := 1     
	   2 Input   32 Bit        Muxes := 176   
	  15 Input   32 Bit        Muxes := 44    
	   3 Input   32 Bit        Muxes := 2     
	   5 Input   32 Bit        Muxes := 4     
	  22 Input   32 Bit        Muxes := 1     
	   5 Input   18 Bit        Muxes := 1     
	   3 Input   18 Bit        Muxes := 1     
	   2 Input   17 Bit        Muxes := 14    
	   2 Input   16 Bit        Muxes := 52    
	   8 Input   16 Bit        Muxes := 3     
	   4 Input   16 Bit        Muxes := 1     
	   3 Input   16 Bit        Muxes := 4     
	  22 Input   16 Bit        Muxes := 2     
	   5 Input   16 Bit        Muxes := 3     
	   4 Input   13 Bit        Muxes := 2     
	   2 Input   13 Bit        Muxes := 6     
	   2 Input   11 Bit        Muxes := 2     
	   4 Input   10 Bit        Muxes := 2     
	   8 Input    8 Bit        Muxes := 1     
	   2 Input    8 Bit        Muxes := 83    
	   4 Input    8 Bit        Muxes := 4     
	   3 Input    8 Bit        Muxes := 2     
	  22 Input    8 Bit        Muxes := 2     
	   4 Input    7 Bit        Muxes := 2     
	   4 Input    6 Bit        Muxes := 2     
	  15 Input    5 Bit        Muxes := 1     
	   2 Input    5 Bit        Muxes := 10    
	   4 Input    5 Bit        Muxes := 6     
	   6 Input    5 Bit        Muxes := 1     
	   3 Input    5 Bit        Muxes := 3     
	  22 Input    5 Bit        Muxes := 2     
	   5 Input    5 Bit        Muxes := 1     
	   2 Input    4 Bit        Muxes := 17    
	   8 Input    4 Bit        Muxes := 1     
	  15 Input    4 Bit        Muxes := 1     
	   4 Input    4 Bit        Muxes := 2     
	   8 Input    3 Bit        Muxes := 1     
	   2 Input    3 Bit        Muxes := 15    
	   7 Input    3 Bit        Muxes := 1     
	   5 Input    3 Bit        Muxes := 1     
	   8 Input    2 Bit        Muxes := 1     
	   4 Input    2 Bit        Muxes := 4     
	   3 Input    2 Bit        Muxes := 2     
	   2 Input    2 Bit        Muxes := 9     
	  22 Input    2 Bit        Muxes := 2     
	   8 Input    1 Bit        Muxes := 17    
	   2 Input    1 Bit        Muxes := 358   
	   7 Input    1 Bit        Muxes := 6     
	   4 Input    1 Bit        Muxes := 55    
	  15 Input    1 Bit        Muxes := 41    
	   3 Input    1 Bit        Muxes := 2     
	  22 Input    1 Bit        Muxes := 15    
	   5 Input    1 Bit        Muxes := 13    
---------------------------------------------------------------------------------
Finished RTL Component Statistics 
---------------------------------------------------------------------------------
---------------------------------------------------------------------------------
Start Part Resource Summary
---------------------------------------------------------------------------------
Part Resources:
DSPs: 1728 (col length:144)
BRAMs: 624 (col length: RAMB18 144 RAMB36 72)
---------------------------------------------------------------------------------
Finished Part Resource Summary
---------------------------------------------------------------------------------
No constraint files found.
---------------------------------------------------------------------------------
Start Cross Boundary and Area Optimization
---------------------------------------------------------------------------------
DSP Report: Generating DSP read_addr_w1, operation Mode is: (D+A)*B.
DSP Report: operator read_addr_w1 is absorbed into DSP read_addr_w1.
DSP Report: operator in_row_w is absorbed into DSP read_addr_w1.
DSP Report: Generating DSP read_addr_w, operation Mode is: PCIN+(A:0x0):B+C.
DSP Report: operator read_addr_w is absorbed into DSP read_addr_w.
DSP Report: Generating DSP in_channel_stride_w, operation Mode is: A*B.
DSP Report: operator in_channel_stride_w is absorbed into DSP in_channel_stride_w.
DSP Report: Generating DSP read_addr_w2, operation Mode is: A*B.
DSP Report: operator read_addr_w2 is absorbed into DSP read_addr_w2.
DSP Report: operator read_addr_w2 is absorbed into DSP read_addr_w2.
DSP Report: Generating DSP read_addr_w2, operation Mode is: (PCIN>>17)+A*B.
DSP Report: operator read_addr_w2 is absorbed into DSP read_addr_w2.
DSP Report: operator read_addr_w2 is absorbed into DSP read_addr_w2.
DSP Report: Generating DSP read_addr_w, operation Mode is: PCIN+(A:0x0):B+C.
DSP Report: operator read_addr_w is absorbed into DSP read_addr_w.
DSP Report: Generating DSP write_addr_w1, operation Mode is: A*B.
DSP Report: operator write_addr_w1 is absorbed into DSP write_addr_w1.
DSP Report: Generating DSP write_addr_w, operation Mode is: PCIN+(A:0x0):B+C.
DSP Report: operator write_addr_w is absorbed into DSP write_addr_w.
DSP Report: Generating DSP out_channel_stride_w, operation Mode is: A*B.
DSP Report: operator out_channel_stride_w is absorbed into DSP out_channel_stride_w.
DSP Report: Generating DSP write_addr_w2, operation Mode is: A*B.
DSP Report: operator write_addr_w2 is absorbed into DSP write_addr_w2.
DSP Report: operator write_addr_w2 is absorbed into DSP write_addr_w2.
DSP Report: Generating DSP write_addr_w2, operation Mode is: (PCIN>>17)+A*B.
DSP Report: operator write_addr_w2 is absorbed into DSP write_addr_w2.
DSP Report: operator write_addr_w2 is absorbed into DSP write_addr_w2.
DSP Report: Generating DSP (null)[0].shifted_value0, operation Mode is: A*B.
DSP Report: operator (null)[0].shifted_value0 is absorbed into DSP (null)[0].shifted_value0.
DSP Report: operator (null)[0].shifted_value0 is absorbed into DSP (null)[0].shifted_value0.
DSP Report: Generating DSP (null)[0].shifted_value0, operation Mode is: (PCIN>>17)+A*B.
DSP Report: operator (null)[0].shifted_value0 is absorbed into DSP (null)[0].shifted_value0.
DSP Report: operator (null)[0].shifted_value0 is absorbed into DSP (null)[0].shifted_value0.
DSP Report: Generating DSP (null)[0].shifted_value0, operation Mode is: A*B.
DSP Report: operator (null)[0].shifted_value0 is absorbed into DSP (null)[0].shifted_value0.
DSP Report: operator (null)[0].shifted_value0 is absorbed into DSP (null)[0].shifted_value0.
DSP Report: Generating DSP (null)[0].shifted_value0, operation Mode is: (PCIN>>17)+A*B.
DSP Report: operator (null)[0].shifted_value0 is absorbed into DSP (null)[0].shifted_value0.
DSP Report: operator (null)[0].shifted_value0 is absorbed into DSP (null)[0].shifted_value0.
DSP Report: Generating DSP (null)[0].shifted_value0, operation Mode is: A*B.
DSP Report: operator (null)[0].shifted_value0 is absorbed into DSP (null)[0].shifted_value0.
DSP Report: operator (null)[0].shifted_value0 is absorbed into DSP (null)[0].shifted_value0.
DSP Report: Generating DSP (null)[0].shifted_value0, operation Mode is: (PCIN>>17)+A*B.
DSP Report: operator (null)[0].shifted_value0 is absorbed into DSP (null)[0].shifted_value0.
DSP Report: operator (null)[0].shifted_value0 is absorbed into DSP (null)[0].shifted_value0.
DSP Report: Generating DSP (null)[0].shifted_value0, operation Mode is: A*B.
DSP Report: operator (null)[0].shifted_value0 is absorbed into DSP (null)[0].shifted_value0.
DSP Report: operator (null)[0].shifted_value0 is absorbed into DSP (null)[0].shifted_value0.
DSP Report: Generating DSP (null)[0].shifted_value0, operation Mode is: (PCIN>>17)+A*B.
DSP Report: operator (null)[0].shifted_value0 is absorbed into DSP (null)[0].shifted_value0.
DSP Report: operator (null)[0].shifted_value0 is absorbed into DSP (null)[0].shifted_value0.
DSP Report: Generating DSP output_addr1_w1, operation Mode is: A*B.
DSP Report: operator output_addr1_w1 is absorbed into DSP output_addr1_w1.
DSP Report: Generating DSP output_addr1_w, operation Mode is: PCIN+(A:0x0):B+C.
DSP Report: operator output_addr1_w is absorbed into DSP output_addr1_w.
DSP Report: Generating DSP output_addr0_w1, operation Mode is: A*B.
DSP Report: operator output_addr0_w1 is absorbed into DSP output_addr0_w1.
DSP Report: Generating DSP output_addr0_w, operation Mode is: PCIN+(A:0x0):B+C.
DSP Report: operator output_addr0_w is absorbed into DSP output_addr0_w.
WARNING: [Synth 8-3917] design tpu_top_axi_lite has port s_axi_bresp[1] driven by constant 0
WARNING: [Synth 8-3917] design tpu_top_axi_lite has port s_axi_bresp[0] driven by constant 0
WARNING: [Synth 8-3917] design tpu_top_axi_lite has port s_axi_rresp[1] driven by constant 0
WARNING: [Synth 8-3917] design tpu_top_axi_lite has port s_axi_rresp[0] driven by constant 0
WARNING: [Synth 8-7129] Port s_axi_wdata[23] in module tpu_top_axi_lite is either unconnected or has no load
WARNING: [Synth 8-7129] Port s_axi_wdata[22] in module tpu_top_axi_lite is either unconnected or has no load
WARNING: [Synth 8-7129] Port s_axi_wdata[21] in module tpu_top_axi_lite is either unconnected or has no load
WARNING: [Synth 8-7129] Port s_axi_wdata[20] in module tpu_top_axi_lite is either unconnected or has no load
WARNING: [Synth 8-7129] Port s_axi_wdata[19] in module tpu_top_axi_lite is either unconnected or has no load
WARNING: [Synth 8-7129] Port s_axi_wdata[18] in module tpu_top_axi_lite is either unconnected or has no load
WARNING: [Synth 8-7129] Port s_axi_wdata[17] in module tpu_top_axi_lite is either unconnected or has no load
WARNING: [Synth 8-7129] Port s_axi_wdata[16] in module tpu_top_axi_lite is either unconnected or has no load
WARNING: [Synth 8-7129] Port s_axi_wstrb[2] in module tpu_top_axi_lite is either unconnected or has no load
---------------------------------------------------------------------------------
Finished Cross Boundary and Area Optimization : Time (s): cpu = 00:00:38 ; elapsed = 00:00:36 . Memory (MB): peak = 3672.629 ; gain = 2036.867 ; free physical = 4035 ; free virtual = 37480
---------------------------------------------------------------------------------
 Sort Area is tpu_top__GB1 (null)[0].shifted_value0_13 : 0 0 : 2701 4864 : Used 1 time 0
 Sort Area is tpu_top__GB1 (null)[0].shifted_value0_13 : 0 1 : 2163 4864 : Used 1 time 0
 Sort Area is tpu_top__GB1 (null)[0].shifted_value0_d : 0 0 : 2701 4864 : Used 1 time 0
 Sort Area is tpu_top__GB1 (null)[0].shifted_value0_d : 0 1 : 2163 4864 : Used 1 time 0
 Sort Area is tpu_top__GB0 read_addr_w2_2 : 0 0 : 2588 4841 : Used 1 time 0
 Sort Area is tpu_top__GB0 read_addr_w2_2 : 0 1 : 2253 4841 : Used 1 time 0
 Sort Area is tpu_top__GB0 write_addr_w2_a : 0 0 : 2588 4841 : Used 1 time 0
 Sort Area is tpu_top__GB0 write_addr_w2_a : 0 1 : 2253 4841 : Used 1 time 0
 Sort Area is tpu_top__GB1 (null)[0].shifted_value0_10 : 0 0 : 2304 4199 : Used 1 time 0
 Sort Area is tpu_top__GB1 (null)[0].shifted_value0_10 : 0 1 : 1895 4199 : Used 1 time 0
 Sort Area is tpu_top__GB1 (null)[0].shifted_value0_14 : 0 0 : 2304 4199 : Used 1 time 0
 Sort Area is tpu_top__GB1 (null)[0].shifted_value0_14 : 0 1 : 1895 4199 : Used 1 time 0
 Sort Area is tpu_top__GB0 read_addr_w1_5 : 0 0 : 2193 2456 : Used 1 time 0
 Sort Area is tpu_top__GB0 read_addr_w1_5 : 0 1 : 168 2456 : Used 1 time 0
 Sort Area is tpu_top__GB0 read_addr_w1_5 : 0 2 : 95 2456 : Used 1 time 0
 Sort Area is tpu_top__GB1 output_addr0_w1_17 : 0 0 : 1946 2114 : Used 1 time 0
 Sort Area is tpu_top__GB1 output_addr0_w1_17 : 0 1 : 168 2114 : Used 1 time 0
 Sort Area is tpu_top__GB1 output_addr1_w1_15 : 0 0 : 1946 2114 : Used 1 time 0
 Sort Area is tpu_top__GB1 output_addr1_w1_15 : 0 1 : 168 2114 : Used 1 time 0
 Sort Area is tpu_top__GB0 write_addr_w1_b : 0 0 : 1946 2112 : Used 1 time 0
 Sort Area is tpu_top__GB0 write_addr_w1_b : 0 1 : 166 2112 : Used 1 time 0
 Sort Area is tpu_top__GB0 in_channel_stride_w_0 : 0 0 : 1946 1946 : Used 1 time 0
 Sort Area is tpu_top__GB0 out_channel_stride_w_9 : 0 0 : 1946 1946 : Used 1 time 0
---------------------------------------------------------------------------------
Start ROM, RAM, DSP, Shift Register and Retiming Reporting
---------------------------------------------------------------------------------

ROM: Preliminary Mapping Report
+-------------------------+---------------------------------------------------------------------------------+---------------+----------------+
|Module Name              | RTL Object                                                                      | Depth x Width | Implemented As | 
+-------------------------+---------------------------------------------------------------------------------+---------------+----------------+
|bias_rom                 | rom_q                                                                           | 64x32         | LUT            | 
|requant_mult_rom         | rom_q                                                                           | 64x32         | LUT            | 
|requant_shift_rom        | rom_q                                                                           | 64x6          | LUT            | 
|tpu_controller_rom_kloop | p_0_out                                                                         | 64x32         | LUT            | 
|tpu_controller_rom_kloop | p_0_out                                                                         | 64x32         | LUT            | 
|tpu_controller_rom_kloop | p_0_out                                                                         | 64x32         | LUT            | 
|tpu_controller_rom_kloop | p_0_out                                                                         | 64x32         | LUT            | 
|tpu_controller_rom_kloop | p_0_out                                                                         | 64x6          | LUT            | 
|tpu_controller_rom_kloop | p_0_out                                                                         | 64x6          | LUT            | 
|tpu_top_axi_lite         | u_layer_controller/u_tile_controller/GEN_WEIGHT_ROMS[0].u_weight_rom/data_o_reg | 8192x8        | Block RAM      | 
|tpu_top_axi_lite         | u_layer_controller/u_tile_controller/GEN_WEIGHT_ROMS[1].u_weight_rom/data_o_reg | 8192x8        | Block RAM      | 
|tpu_top_axi_lite         | u_layer_controller/u_tile_controller/GEN_WEIGHT_ROMS[2].u_weight_rom/data_o_reg | 8192x8        | Block RAM      | 
|tpu_top_axi_lite         | u_layer_controller/u_tile_controller/GEN_WEIGHT_ROMS[3].u_weight_rom/data_o_reg | 8192x8        | Block RAM      | 
+-------------------------+---------------------------------------------------------------------------------+---------------+----------------+


Block RAM: Preliminary Mapping Report (see note below)
+-----------------+--------------------------------+------------------------+---+---+------------------------+---+---+------------------+--------+--------+-----------------+
|Module Name      | RTL Object                     | PORT A (Depth x Width) | W | R | PORT B (Depth x Width) | W | R | Ports driving FF | RAMB18 | RAMB36 | Cascade Heights | 
+-----------------+--------------------------------+------------------------+---+---+------------------------+---+---+------------------+--------+--------+-----------------+
|tpu_top_axi_lite | u_unified_buffer/bank0_mem_reg | 8 K x 8(READ_FIRST)    | W |   | 8 K x 8(WRITE_FIRST)   |   | R | Port A and B     | 0      | 2      | 2               | 
|tpu_top_axi_lite | u_unified_buffer/bank1_mem_reg | 8 K x 8(READ_FIRST)    | W |   | 8 K x 8(WRITE_FIRST)   |   | R | Port A and B     | 0      | 2      | 2               | 
+-----------------+--------------------------------+------------------------+---+---+------------------------+---+---+------------------+--------+--------+-----------------+

Note: The table above is a preliminary report that shows the Block RAMs at the current stage of the synthesis flow. Some Block RAMs may be reimplemented as non Block RAM primitives later in the synthesis flow. Multiple instantiated Block RAMs are reported only once. 

DSP: Preliminary Mapping Report (see note below. The ' indicates corresponding REG is set)
+-------------------------+------------------+--------+--------+--------+--------+--------+------+------+------+------+-------+------+------+
|Module Name              | DSP Mapping      | A Size | B Size | C Size | D Size | P Size | AREG | BREG | CREG | DREG | ADREG | MREG | PREG | 
+-------------------------+------------------+--------+--------+--------+--------+--------+------+------+------+------+-------+------+------+
|maxpool2d_unit           | (D+A)*B          | 1      | 16     | -      | 17     | 34     | 0    | 0    | -    | 0    | 0     | 0    | 0    | 
|maxpool2d_unit           | PCIN+(A:0x0):B+C | 30     | 13     | 17     | -      | -1     | 0    | 0    | 0    | -    | -     | 0    | 0    | 
|maxpool2d_unit           | A*B              | 16     | 16     | -      | -      | 32     | 0    | 0    | -    | -    | -     | 0    | 0    | 
|maxpool2d_unit           | A*B              | 18     | 17     | -      | -      | 48     | 0    | 0    | -    | -    | -     | 0    | 0    | 
|maxpool2d_unit           | (PCIN>>17)+A*B   | 17     | 16     | -      | -      | 48     | 0    | 0    | -    | -    | -     | 0    | 0    | 
|maxpool2d_unit           | PCIN+(A:0x0):B+C | 30     | 1      | 32     | -      | -1     | 0    | 0    | 0    | -    | -     | 0    | 0    | 
|maxpool2d_unit           | A*B              | 16     | 16     | -      | -      | 32     | 0    | 0    | -    | -    | -     | 0    | 0    | 
|maxpool2d_unit           | PCIN+(A:0x0):B+C | 30     | 16     | 13     | -      | -1     | 0    | 0    | 0    | -    | -     | 0    | 0    | 
|maxpool2d_unit           | A*B              | 16     | 16     | -      | -      | 32     | 0    | 0    | -    | -    | -     | 0    | 0    | 
|maxpool2d_unit           | A*B              | 18     | 17     | -      | -      | 48     | 0    | 0    | -    | -    | -     | 0    | 0    | 
|maxpool2d_unit           | (PCIN>>17)+A*B   | 17     | 16     | -      | -      | 48     | 0    | 0    | -    | -    | -     | 0    | 0    | 
|bias_requantize_v2       | A*B              | 18     | 16     | -      | -      | 48     | 0    | 0    | -    | -    | -     | 0    | 0    | 
|bias_requantize_v2       | (PCIN>>17)+A*B   | 16     | 15     | -      | -      | 31     | 0    | 0    | -    | -    | -     | 0    | 0    | 
|bias_requantize_v2       | A*B              | 18     | 18     | -      | -      | 48     | 0    | 0    | -    | -    | -     | 0    | 0    | 
|bias_requantize_v2       | (PCIN>>17)+A*B   | 18     | 15     | -      | -      | 48     | 0    | 0    | -    | -    | -     | 0    | 0    | 
|bias_requantize_v2       | A*B              | 18     | 16     | -      | -      | 48     | 0    | 0    | -    | -    | -     | 0    | 0    | 
|bias_requantize_v2       | (PCIN>>17)+A*B   | 16     | 15     | -      | -      | 31     | 0    | 0    | -    | -    | -     | 0    | 0    | 
|bias_requantize_v2       | A*B              | 18     | 18     | -      | -      | 48     | 0    | 0    | -    | -    | -     | 0    | 0    | 
|bias_requantize_v2       | (PCIN>>17)+A*B   | 18     | 15     | -      | -      | 48     | 0    | 0    | -    | -    | -     | 0    | 0    | 
|tpu_controller_rom_kloop | A*B              | 16     | 16     | -      | -      | 32     | 0    | 0    | -    | -    | -     | 0    | 0    | 
|tpu_controller_rom_kloop | PCIN+(A:0x0):B+C | 30     | 17     | 13     | -      | -1     | 0    | 0    | 0    | -    | -     | 0    | 0    | 
|tpu_controller_rom_kloop | A*B              | 16     | 16     | -      | -      | 32     | 0    | 0    | -    | -    | -     | 0    | 0    | 
|tpu_controller_rom_kloop | PCIN+(A:0x0):B+C | 30     | 17     | 13     | -      | -1     | 0    | 0    | 0    | -    | -     | 0    | 0    | 
+-------------------------+------------------+--------+--------+--------+--------+--------+------+------+------+------+-------+------+------+

Note: The table above is a preliminary report that shows the DSPs inferred at the current stage of the synthesis flow. Some DSP may be reimplemented as non DSP primitives later in the synthesis flow. Multiple instantiated DSPs are reported only once.
---------------------------------------------------------------------------------
Finished ROM, RAM, DSP, Shift Register and Retiming Reporting
---------------------------------------------------------------------------------
No constraint files found.
---------------------------------------------------------------------------------
Start Timing Optimization
---------------------------------------------------------------------------------
---------------------------------------------------------------------------------
Finished Timing Optimization : Time (s): cpu = 00:00:38 ; elapsed = 00:00:36 . Memory (MB): peak = 3672.629 ; gain = 2036.867 ; free physical = 4040 ; free virtual = 37484
---------------------------------------------------------------------------------
---------------------------------------------------------------------------------
Start ROM, RAM, DSP, Shift Register and Retiming Reporting
---------------------------------------------------------------------------------

Block RAM: Final Mapping Report
+-----------------+--------------------------------+------------------------+---+---+------------------------+---+---+------------------+--------+--------+-----------------+
|Module Name      | RTL Object                     | PORT A (Depth x Width) | W | R | PORT B (Depth x Width) | W | R | Ports driving FF | RAMB18 | RAMB36 | Cascade Heights | 
+-----------------+--------------------------------+------------------------+---+---+------------------------+---+---+------------------+--------+--------+-----------------+
|tpu_top_axi_lite | u_unified_buffer/bank0_mem_reg | 8 K x 8(READ_FIRST)    | W |   | 8 K x 8(WRITE_FIRST)   |   | R | Port A and B     | 0      | 2      | 2               | 
|tpu_top_axi_lite | u_unified_buffer/bank1_mem_reg | 8 K x 8(READ_FIRST)    | W |   | 8 K x 8(WRITE_FIRST)   |   | R | Port A and B     | 0      | 2      | 2               | 
+-----------------+--------------------------------+------------------------+---+---+------------------------+---+---+------------------+--------+--------+-----------------+

---------------------------------------------------------------------------------
Finished ROM, RAM, DSP, Shift Register and Retiming Reporting
---------------------------------------------------------------------------------
---------------------------------------------------------------------------------
Start Technology Mapping
---------------------------------------------------------------------------------
INFO: [Synth 8-7052] The timing for the instance u_tpu_top/u_layer_controller/u_tile_controller/GEN_WEIGHT_ROMS[0].u_weight_rom/data_o_reg_0 (implemented as a Block RAM) might be sub-optimal as no optional output register could be merged into the ram block. Providing additional output register may help in improving timing.
INFO: [Synth 8-7052] The timing for the instance u_tpu_top/u_layer_controller/u_tile_controller/GEN_WEIGHT_ROMS[0].u_weight_rom/data_o_reg_0 (implemented as a Block RAM) might be sub-optimal as no optional output register could be merged into the ram block. Providing additional output register may help in improving timing.
INFO: [Synth 8-7052] The timing for the instance u_tpu_top/u_layer_controller/u_tile_controller/GEN_WEIGHT_ROMS[0].u_weight_rom/data_o_reg_1 (implemented as a Block RAM) might be sub-optimal as no optional output register could be merged into the ram block. Providing additional output register may help in improving timing.
INFO: [Synth 8-7052] The timing for the instance u_tpu_top/u_layer_controller/u_tile_controller/GEN_WEIGHT_ROMS[0].u_weight_rom/data_o_reg_1 (implemented as a Block RAM) might be sub-optimal as no optional output register could be merged into the ram block. Providing additional output register may help in improving timing.
INFO: [Synth 8-7052] The timing for the instance u_tpu_top/u_layer_controller/u_tile_controller/GEN_WEIGHT_ROMS[2].u_weight_rom/data_o_reg_0 (implemented as a Block RAM) might be sub-optimal as no optional output register could be merged into the ram block. Providing additional output register may help in improving timing.
INFO: [Synth 8-7052] The timing for the instance u_tpu_top/u_layer_controller/u_tile_controller/GEN_WEIGHT_ROMS[2].u_weight_rom/data_o_reg_0 (implemented as a Block RAM) might be sub-optimal as no optional output register could be merged into the ram block. Providing additional output register may help in improving timing.
INFO: [Synth 8-7052] The timing for the instance u_tpu_top/u_layer_controller/u_tile_controller/GEN_WEIGHT_ROMS[2].u_weight_rom/data_o_reg_1 (implemented as a Block RAM) might be sub-optimal as no optional output register could be merged into the ram block. Providing additional output register may help in improving timing.
INFO: [Synth 8-7052] The timing for the instance u_tpu_top/u_layer_controller/u_tile_controller/GEN_WEIGHT_ROMS[2].u_weight_rom/data_o_reg_1 (implemented as a Block RAM) might be sub-optimal as no optional output register could be merged into the ram block. Providing additional output register may help in improving timing.
INFO: [Synth 8-7052] The timing for the instance u_tpu_top/u_unified_buffer/bank0_mem_reg_bram_1 (implemented as a Block RAM) might be sub-optimal as no optional output register could be merged into the ram block. Providing additional output register may help in improving timing.
INFO: [Synth 8-7052] The timing for the instance u_tpu_top/u_unified_buffer/bank1_mem_reg_bram_1 (implemented as a Block RAM) might be sub-optimal as no optional output register could be merged into the ram block. Providing additional output register may help in improving timing.
---------------------------------------------------------------------------------
Finished Technology Mapping : Time (s): cpu = 00:00:40 ; elapsed = 00:00:38 . Memory (MB): peak = 3672.629 ; gain = 2036.867 ; free physical = 4027 ; free virtual = 37472
---------------------------------------------------------------------------------
---------------------------------------------------------------------------------
Start IO Insertion
---------------------------------------------------------------------------------
---------------------------------------------------------------------------------
Start Flattening Before IO Insertion
---------------------------------------------------------------------------------
---------------------------------------------------------------------------------
Finished Flattening Before IO Insertion
---------------------------------------------------------------------------------
---------------------------------------------------------------------------------
Start Final Netlist Cleanup
---------------------------------------------------------------------------------
---------------------------------------------------------------------------------
Finished Final Netlist Cleanup
---------------------------------------------------------------------------------
---------------------------------------------------------------------------------
Finished IO Insertion : Time (s): cpu = 00:00:42 ; elapsed = 00:00:41 . Memory (MB): peak = 3672.629 ; gain = 2036.867 ; free physical = 4014 ; free virtual = 37459
---------------------------------------------------------------------------------
---------------------------------------------------------------------------------
Start Renaming Generated Instances
---------------------------------------------------------------------------------
---------------------------------------------------------------------------------
Finished Renaming Generated Instances : Time (s): cpu = 00:00:42 ; elapsed = 00:00:41 . Memory (MB): peak = 3672.629 ; gain = 2036.867 ; free physical = 4014 ; free virtual = 37459
---------------------------------------------------------------------------------
---------------------------------------------------------------------------------
Start Rebuilding User Hierarchy
---------------------------------------------------------------------------------
---------------------------------------------------------------------------------
Finished Rebuilding User Hierarchy : Time (s): cpu = 00:00:43 ; elapsed = 00:00:41 . Memory (MB): peak = 3672.629 ; gain = 2036.867 ; free physical = 4009 ; free virtual = 37453
---------------------------------------------------------------------------------
---------------------------------------------------------------------------------
Start Renaming Generated Ports
---------------------------------------------------------------------------------
---------------------------------------------------------------------------------
Finished Renaming Generated Ports : Time (s): cpu = 00:00:43 ; elapsed = 00:00:41 . Memory (MB): peak = 3672.629 ; gain = 2036.867 ; free physical = 4008 ; free virtual = 37453
---------------------------------------------------------------------------------
---------------------------------------------------------------------------------
Start Handling Custom Attributes
---------------------------------------------------------------------------------
---------------------------------------------------------------------------------
Finished Handling Custom Attributes : Time (s): cpu = 00:00:43 ; elapsed = 00:00:41 . Memory (MB): peak = 3672.629 ; gain = 2036.867 ; free physical = 4008 ; free virtual = 37452
---------------------------------------------------------------------------------
---------------------------------------------------------------------------------
Start Renaming Generated Nets
---------------------------------------------------------------------------------
---------------------------------------------------------------------------------
Finished Renaming Generated Nets : Time (s): cpu = 00:00:43 ; elapsed = 00:00:41 . Memory (MB): peak = 3672.629 ; gain = 2036.867 ; free physical = 4007 ; free virtual = 37452
---------------------------------------------------------------------------------
---------------------------------------------------------------------------------
Start ROM, RAM, DSP, Shift Register and Retiming Reporting
---------------------------------------------------------------------------------

Static Shift Register Report:
+-----------------+----------------------------------------------------------------------------------------+--------+-------+--------------+--------------------+-------------------+--------+---------+
|Module Name      | RTL Name                                                                               | Length | Width | Reset Signal | Pull out first Reg | Pull out last Reg | SRL16E | SRLC32E | 
+-----------------+----------------------------------------------------------------------------------------+--------+-------+--------------+--------------------+-------------------+--------+---------+
|tpu_top_axi_lite | u_tpu_top/u_datapath/u_mxu/u_skew_buffer/GEN_ROW_SKEW[1].GEN_DELAY.data_pipe_reg[3][7] | 5      | 8     | YES          | NO                 | YES               | 8      | 0       | 
+-----------------+----------------------------------------------------------------------------------------+--------+-------+--------------+--------------------+-------------------+--------+---------+

---------------------------------------------------------------------------------
Finished ROM, RAM, DSP, Shift Register and Retiming Reporting
---------------------------------------------------------------------------------
---------------------------------------------------------------------------------
Start Writing Synthesis Report
---------------------------------------------------------------------------------

DSP Final Report (the ' indicates corresponding REG is set)
+-------------------------+--------------+--------+--------+--------+--------+--------+------+------+------+------+-------+------+------+
|Module Name              | DSP Mapping  | A Size | B Size | C Size | D Size | P Size | AREG | BREG | CREG | DREG | ADREG | MREG | PREG | 
+-------------------------+--------------+--------+--------+--------+--------+--------+------+------+------+------+-------+------+------+
|bias_requantize_v2       | A*B          | 17     | 18     | -      | -      | 48     | 0    | 0    | -    | -    | -     | 0    | 0    | 
|bias_requantize_v2       | PCIN>>17+A*B | 30     | 7      | -      | -      | 31     | 0    | 0    | -    | -    | -     | 0    | 0    | 
|bias_requantize_v2       | A*B          | 17     | 17     | -      | -      | 48     | 0    | 0    | -    | -    | -     | 0    | 0    | 
|bias_requantize_v2       | PCIN>>17+A*B | 0      | 7      | -      | -      | 48     | 0    | 0    | -    | -    | -     | 0    | 0    | 
|bias_requantize_v2       | A*B          | 17     | 18     | -      | -      | 48     | 0    | 0    | -    | -    | -     | 0    | 0    | 
|bias_requantize_v2       | PCIN>>17+A*B | 30     | 7      | -      | -      | 31     | 0    | 0    | -    | -    | -     | 0    | 0    | 
|bias_requantize_v2       | A*B          | 17     | 17     | -      | -      | 48     | 0    | 0    | -    | -    | -     | 0    | 0    | 
|bias_requantize_v2       | PCIN>>17+A*B | 0      | 7      | -      | -      | 48     | 0    | 0    | -    | -    | -     | 0    | 0    | 
|tpu_controller_rom_kloop | C+RND+A*B    | 16     | 10     | 17     | -      | 48     | 0    | 0    | 0    | -    | -     | 0    | 0    | 
|tpu_controller_rom_kloop | C+RND+A*B    | 16     | 10     | 17     | -      | 48     | 0    | 0    | 0    | -    | -     | 0    | 0    | 
|maxpool2d_unit           | D+A*B        | 1      | 5      | -      | 17     | 0      | 0    | 0    | -    | 0    | 0     | 0    | 0    | 
|maxpool2d_unit           | PCIN+A:B+C   | 0      | 0      | -      | -      | 0      | 0    | 0    | -    | -    | -     | 0    | 0    | 
|maxpool2d_unit           | A*B          | 5      | 5      | -      | -      | 32     | 0    | 0    | -    | -    | -     | 0    | 0    | 
|maxpool2d_unit           | A*B          | 17     | 16     | -      | -      | 48     | 0    | 0    | -    | -    | -     | 0    | 0    | 
|maxpool2d_unit           | PCIN>>17+A*B | 16     | 15     | -      | -      | 48     | 0    | 0    | -    | -    | -     | 0    | 0    | 
|maxpool2d_unit           | PCIN+A:B+C   | 0      | 1      | -      | -      | 32     | 0    | 0    | -    | -    | -     | 0    | 0    | 
|maxpool2d_unit           | C+RND+A*B    | 16     | 4      | 16     | -      | 48     | 0    | 0    | 0    | -    | -     | 0    | 0    | 
|maxpool2d_unit           | A*B          | 4      | 4      | -      | -      | 32     | 0    | 0    | -    | -    | -     | 0    | 0    | 
|maxpool2d_unit           | A*B          | 17     | 16     | -      | -      | 48     | 0    | 0    | -    | -    | -     | 0    | 0    | 
|maxpool2d_unit           | PCIN>>17+A*B | 16     | 15     | -      | -      | 48     | 0    | 0    | -    | -    | -     | 0    | 0    | 
+-------------------------+--------------+--------+--------+--------+--------+--------+------+------+------+------+-------+------+------+


Report BlackBoxes: 
+-+--------------+----------+
| |BlackBox name |Instances |
+-+--------------+----------+
+-+--------------+----------+

Report Cell Usage: 
+------+---------+------+
|      |Cell     |Count |
+------+---------+------+
|1     |BUFG     |     1|
|2     |CARRY8   |   399|
|3     |DSP48E2  |    20|
|4     |LUT1     |    80|
|5     |LUT2     |  1504|
|6     |LUT3     |   757|
|7     |LUT4     |  1197|
|8     |LUT5     |   965|
|9     |LUT6     |  3305|
|10    |MUXF7    |   287|
|11    |MUXF8    |    71|
|12    |RAMB36E2 |     8|
|13    |SRL16E   |     8|
|14    |FDCE     |  4260|
|15    |FDPE     |     4|
|16    |FDRE     |   280|
|17    |IBUF     |    40|
|18    |OBUF     |    41|
+------+---------+------+

Report Instance Areas: 
+------+------------------------------------------------+--------------------------+------+
|      |Instance                                        |Module                    |Cells |
+------+------------------------------------------------+--------------------------+------+
|1     |top                                             |                          | 13227|
|2     |  u_tpu_top                                     |tpu_top                   | 13035|
|3     |    u_datapath                                  |tpu_datapath_v2           |  6659|
|4     |      u_accumulator_array                       |accumulator_array_v2      |  2950|
|5     |      u_mxu                                     |mxu_2x2                   |  2006|
|6     |        u_skew_buffer                           |act_skew_buffer_2x2       |    35|
|7     |        u_systolic_array                        |ws_sa_2x2                 |  1505|
|8     |          pe_0_0                                |pe                        |   291|
|9     |            u_multiplier                        |multiplier_8              |   186|
|10    |          pe_0_1                                |pe_3                      |   538|
|11    |            u_multiplier                        |multiplier_7              |   218|
|12    |          pe_1_0                                |pe_4                      |   316|
|13    |            u_multiplier                        |multiplier_6              |   197|
|14    |          pe_1_1                                |pe_5                      |   360|
|15    |            u_multiplier                        |multiplier                |   197|
|16    |        u_weight_fifo                           |fifo                      |   435|
|17    |        u_wgt_fetcher                           |wgt_fetcher_2x2           |    31|
|18    |      u_psum_packer                             |psum_packer_v2            |   441|
|19    |      u_vector_processing_unit                  |vector_processing_unit_v2 |  1262|
|20    |        u_post_process                          |post_process_v2           |  1262|
|21    |          \GEN_BIAS_REQUANT.u_bias_requantize   |bias_requantize_v2        |   975|
|22    |          u_activation                          |activation_array_v2       |   229|
|23    |          u_normalizer                          |normalizer_v2             |    41|
|24    |          u_pooling                             |pooling_unit_v2           |    17|
|25    |    u_layer_controller                          |tpu_controller_rom_layer  |  2643|
|26    |      u_tile_controller                         |tpu_controller_rom_kloop  |  2333|
|27    |        \GEN_PARAM_ROMS[0].u_bias_rom           |bias_rom                  |    26|
|28    |        \GEN_PARAM_ROMS[0].u_requant_mult_rom   |requant_mult_rom          |    24|
|29    |        \GEN_PARAM_ROMS[0].u_requant_shift_rom  |requant_shift_rom         |     2|
|30    |        \GEN_PARAM_ROMS[1].u_bias_rom           |bias_rom_0                |    28|
|31    |        \GEN_PARAM_ROMS[1].u_requant_mult_rom   |requant_mult_rom_1        |    29|
|32    |        \GEN_WEIGHT_ROMS[0].u_weight_rom        |weight_rom                |    18|
|33    |        \GEN_WEIGHT_ROMS[2].u_weight_rom        |weight_rom_2              |    17|
|34    |        u_address_generator                     |conv_fc_address_generator |  1001|
|35    |    u_maxpool2d_unit                            |maxpool2d_unit            |   429|
|36    |    u_unified_buffer                            |unified_buffer            |    48|
+------+------------------------------------------------+--------------------------+------+
---------------------------------------------------------------------------------
Finished Writing Synthesis Report : Time (s): cpu = 00:00:43 ; elapsed = 00:00:41 . Memory (MB): peak = 3672.629 ; gain = 2036.867 ; free physical = 4007 ; free virtual = 37451
---------------------------------------------------------------------------------
Synthesis finished with 0 errors, 0 critical warnings and 105 warnings.
Synthesis Optimization Runtime : Time (s): cpu = 00:00:43 ; elapsed = 00:00:41 . Memory (MB): peak = 3672.629 ; gain = 2036.867 ; free physical = 4007 ; free virtual = 37451
Synthesis Optimization Complete : Time (s): cpu = 00:00:43 ; elapsed = 00:00:41 . Memory (MB): peak = 3672.637 ; gain = 2036.867 ; free physical = 4007 ; free virtual = 37451
INFO: [Project 1-571] Translating synthesized netlist
Netlist sorting complete. Time (s): cpu = 00:00:00.06 ; elapsed = 00:00:00.07 . Memory (MB): peak = 3672.637 ; gain = 0.000 ; free physical = 4172 ; free virtual = 37617
INFO: [Netlist 29-17] Analyzing 818 Unisim elements for replacement
INFO: [Netlist 29-28] Unisim Transformation completed in 0 CPU seconds
INFO: [Project 1-570] Preparing netlist for logic optimization
INFO: [Opt 31-138] Pushed 0 inverter(s) to 0 load pin(s).
INFO: [Opt 31-422] The CLOCK_DOMAINS attribute on the BRAM cell u_tpu_top/u_layer_controller/u_tile_controller/GEN_WEIGHT_ROMS[0].u_weight_rom/data_o_reg_0 has been changed from INDEPENDENT to COMMON to match the clocking topology used for the BRAM.
INFO: [Opt 31-422] The CLOCK_DOMAINS attribute on the BRAM cell u_tpu_top/u_layer_controller/u_tile_controller/GEN_WEIGHT_ROMS[0].u_weight_rom/data_o_reg_1 has been changed from INDEPENDENT to COMMON to match the clocking topology used for the BRAM.
INFO: [Opt 31-422] The CLOCK_DOMAINS attribute on the BRAM cell u_tpu_top/u_layer_controller/u_tile_controller/GEN_WEIGHT_ROMS[2].u_weight_rom/data_o_reg_0 has been changed from INDEPENDENT to COMMON to match the clocking topology used for the BRAM.
INFO: [Opt 31-422] The CLOCK_DOMAINS attribute on the BRAM cell u_tpu_top/u_layer_controller/u_tile_controller/GEN_WEIGHT_ROMS[2].u_weight_rom/data_o_reg_1 has been changed from INDEPENDENT to COMMON to match the clocking topology used for the BRAM.
Netlist sorting complete. Time (s): cpu = 00:00:00 ; elapsed = 00:00:00 . Memory (MB): peak = 3712.648 ; gain = 0.000 ; free physical = 4181 ; free virtual = 37626
INFO: [Project 1-111] Unisim Transformation Summary:
  A total of 61 instances were transformed.
  BUFG => BUFGCE: 1 instance 
  DSP48E2 => DSP48E2 (DSP_ALU, DSP_A_B_DATA, DSP_C_DATA, DSP_MULTIPLIER, DSP_M_DATA, DSP_OUTPUT, DSP_PREADD, DSP_PREADD_DATA): 20 instances
  IBUF => IBUF (IBUFCTRL, INBUF): 40 instances

Synth Design complete | Checksum: 369dd351
INFO: [Common 17-83] Releasing license: Synthesis
126 Infos, 105 Warnings, 0 Critical Warnings and 0 Errors encountered.
synth_design completed successfully
synth_design: Time (s): cpu = 00:00:48 ; elapsed = 00:00:44 . Memory (MB): peak = 3712.684 ; gain = 2076.922 ; free physical = 4175 ; free virtual = 37620
INFO: [Common 17-2834] synth_design peak Physical Memory [PSS] (MB): overall = 2959.515; main = 2744.556; forked = 254.206
INFO: [Common 17-2834] synth_design peak Virtual Memory [VSS] (MB): overall = 4685.836; main = 3712.652; forked = 1013.203
Write ShapeDB Complete: Time (s): cpu = 00:00:00.03 ; elapsed = 00:00:00.02 . Memory (MB): peak = 3736.660 ; gain = 0.000 ; free physical = 4193 ; free virtual = 37639
INFO: [Common 17-1381] The checkpoint '/home/pah/fpga_cnn_accelerator/FPGA-based-CNN-Accelerator-for-autonomous-vehicles/src/synth/tpu_mnist_ip/tpu_mnist_ip.runs/synth_1/tpu_top_axi_lite.dcp' has been generated.
INFO: [Vivado 12-24828] Executing command : report_utilization -file tpu_top_axi_lite_utilization_synth.rpt -pb tpu_top_axi_lite_utilization_synth.pb
INFO: [Common 17-206] Exiting Vivado at Mon Jun  1 10:32:15 2026...
