Copyright 1986-2022 Xilinx, Inc. All Rights Reserved. Copyright 2022-2025 Advanced Micro Devices, Inc. All Rights Reserved.
---------------------------------------------------------------------------------------------------------------------------------------------
| Tool Version : Vivado v.2025.2 (lin64) Build 6299465 Fri Nov 14 12:34:56 MST 2025
| Date         : Fri May 22 23:50:14 2026
| Host         : pah-PC running 64-bit Ubuntu 24.04.4 LTS
| Command      : report_control_sets -verbose -file design_1_wrapper_control_sets_placed.rpt
| Design       : design_1_wrapper
| Device       : xc7z010
---------------------------------------------------------------------------------------------------------------------------------------------

Control Set Information

Table of Contents
-----------------
1. Summary
2. Histogram
3. Flip-Flop Distribution
4. Detailed Control Set Information

1. Summary
----------

+----------------------------------------------------------+-------+
|                          Status                          | Count |
+----------------------------------------------------------+-------+
| Total control sets                                       |   143 |
|    Minimum number of control sets                        |   143 |
|    Addition due to synthesis replication                 |     0 |
|    Addition due to physical synthesis replication        |     0 |
| Unused register locations in slices containing registers |   313 |
+----------------------------------------------------------+-------+
* Control sets can be merged at opt_design using control_set_merge or merge_equivalent_drivers
** Run report_qor_suggestions for automated merging and remapping suggestions


2. Histogram
------------

+--------------------+-------+
|       Fanout       | Count |
+--------------------+-------+
| Total control sets |   143 |
| >= 0 to < 4        |    14 |
| >= 4 to < 6        |    34 |
| >= 6 to < 8        |     2 |
| >= 8 to < 10       |    13 |
| >= 10 to < 12      |     2 |
| >= 12 to < 14      |     6 |
| >= 14 to < 16      |     3 |
| >= 16              |    69 |
+--------------------+-------+
* Control sets can be remapped at either synth_design or opt_design


3. Flip-Flop Distribution
-------------------------

+--------------+-----------------------+------------------------+-----------------+--------------+
| Clock Enable | Synchronous Set/Reset | Asynchronous Set/Reset | Total Registers | Total Slices |
+--------------+-----------------------+------------------------+-----------------+--------------+
| No           | No                    | No                     |             124 |           40 |
| No           | No                    | Yes                    |             694 |          204 |
| No           | Yes                   | No                     |              53 |           27 |
| Yes          | No                    | No                     |             489 |          175 |
| Yes          | No                    | Yes                    |            2163 |          766 |
| Yes          | Yes                   | No                     |             172 |           52 |
+--------------+-----------------------+------------------------+-----------------+--------------+


4. Detailed Control Set Information
-----------------------------------

+-------------------------------------------------+-------------------------------------------------------------------------------------------------------------------------------------------------------------------+----------------------------------------------------------------------------------------------------------------------+------------------+----------------+--------------+
|                   Clock Signal                  |                                                                           Enable Signal                                                                           |                                                   Set/Reset Signal                                                   | Slice Load Count | Bel Load Count | Bels / Slice |
+-------------------------------------------------+-------------------------------------------------------------------------------------------------------------------------------------------------------------------+----------------------------------------------------------------------------------------------------------------------+------------------+----------------+--------------+
|  design_1_i/processing_system7_0/inst/FCLK_CLK0 |                                                                                                                                                                   | design_1_i/axi_smc/inst/s00_nodes/s00_ar_node/inst/s_sc_areset_pipe                                                  |                1 |              1 |         1.00 |
|  design_1_i/processing_system7_0/inst/FCLK_CLK0 |                                                                                                                                                                   | design_1_i/axi_smc/inst/s00_nodes/s00_aw_node/inst/s_sc_areset_pipe                                                  |                1 |              1 |         1.00 |
|  design_1_i/processing_system7_0/inst/FCLK_CLK0 |                                                                                                                                                                   | design_1_i/axi_smc/inst/s00_nodes/s00_b_node/inst/s_sc_areset_pipe                                                   |                1 |              1 |         1.00 |
|  design_1_i/processing_system7_0/inst/FCLK_CLK0 |                                                                                                                                                                   | design_1_i/axi_smc/inst/s00_nodes/s00_w_node/inst/s_sc_areset_pipe                                                   |                1 |              1 |         1.00 |
|  design_1_i/processing_system7_0/inst/FCLK_CLK0 |                                                                                                                                                                   | design_1_i/axi_smc/inst/s00_nodes/s00_r_node/inst/s_sc_areset_pipe                                                   |                1 |              1 |         1.00 |
|  design_1_i/processing_system7_0/inst/FCLK_CLK0 |                                                                                                                                                                   | design_1_i/axi_smc/inst/s00_nodes/s00_aw_node/inst/s_sc_xpm_cdc_async_rst_inst/reset_pol                             |                1 |              3 |         3.00 |
|  design_1_i/processing_system7_0/inst/FCLK_CLK0 |                                                                                                                                                                   | design_1_i/axi_smc/inst/s00_nodes/s00_ar_node/inst/s_sc_xpm_cdc_async_rst_inst/reset_pol                             |                1 |              3 |         3.00 |
|  design_1_i/processing_system7_0/inst/FCLK_CLK0 |                                                                                                                                                                   | design_1_i/axi_smc/inst/s00_nodes/s00_w_node/inst/s_sc_xpm_cdc_async_rst_inst/reset_pol                              |                1 |              3 |         3.00 |
|  design_1_i/processing_system7_0/inst/FCLK_CLK0 |                                                                                                                                                                   | design_1_i/axi_smc/inst/s00_entry_pipeline/s00_transaction_regulator/inst/xpm_cdc_async_rst_inst/reset_pol           |                1 |              3 |         3.00 |
|  design_1_i/processing_system7_0/inst/FCLK_CLK0 |                                                                                                                                                                   | design_1_i/axi_smc/inst/s00_entry_pipeline/s00_si_converter/inst/xpm_cdc_async_rst_inst/reset_pol                    |                1 |              3 |         3.00 |
|  design_1_i/processing_system7_0/inst/FCLK_CLK0 |                                                                                                                                                                   | design_1_i/axi_smc/inst/s00_entry_pipeline/s00_mmu/inst/xpm_cdc_async_rst_inst/reset_pol                             |                1 |              3 |         3.00 |
|  design_1_i/processing_system7_0/inst/FCLK_CLK0 |                                                                                                                                                                   | design_1_i/axi_smc/inst/s00_nodes/s00_r_node/inst/s_sc_xpm_cdc_async_rst_inst/reset_pol                              |                1 |              3 |         3.00 |
|  design_1_i/processing_system7_0/inst/FCLK_CLK0 |                                                                                                                                                                   | design_1_i/axi_smc/inst/s00_nodes/s00_b_node/inst/s_sc_xpm_cdc_async_rst_inst/reset_pol                              |                1 |              3 |         3.00 |
|  design_1_i/processing_system7_0/inst/FCLK_CLK0 |                                                                                                                                                                   | design_1_i/axi_smc/inst/m00_exit_pipeline/m00_exit/inst/xpm_cdc_async_rst_inst/reset_pol                             |                1 |              3 |         3.00 |
|  design_1_i/processing_system7_0/inst/FCLK_CLK0 | design_1_i/tpu_zybo_0/inst/u_tpu_top/u_layer_controller/u_tile_controller/tag_mem_q[6][3]_i_1_n_0                                                                 | design_1_i/tpu_zybo_0/inst/u_tpu_top/u_datapath/u_accumulator_array/s_axi_aresetn_0                                  |                2 |              4 |         2.00 |
|  design_1_i/processing_system7_0/inst/FCLK_CLK0 | design_1_i/tpu_zybo_0/inst/u_tpu_top/u_layer_controller/u_tile_controller/tag_mem_q[11][3]_i_1_n_0                                                                | design_1_i/tpu_zybo_0/inst/u_tpu_top/u_datapath/u_accumulator_array/s_axi_aresetn_0                                  |                1 |              4 |         4.00 |
|  design_1_i/processing_system7_0/inst/FCLK_CLK0 | design_1_i/tpu_zybo_0/inst/u_tpu_top/u_layer_controller/u_tile_controller/tag_mem_q[0][3]_i_1_n_0                                                                 | design_1_i/tpu_zybo_0/inst/u_tpu_top/u_datapath/u_accumulator_array/s_axi_aresetn_0                                  |                2 |              4 |         2.00 |
|  design_1_i/processing_system7_0/inst/FCLK_CLK0 | design_1_i/tpu_zybo_0/inst/u_tpu_top/u_layer_controller/u_tile_controller/tag_mem_q[12][3]_i_1_n_0                                                                | design_1_i/tpu_zybo_0/inst/u_tpu_top/u_datapath/u_accumulator_array/s_axi_aresetn_0                                  |                1 |              4 |         4.00 |
|  design_1_i/processing_system7_0/inst/FCLK_CLK0 | design_1_i/tpu_zybo_0/inst/u_tpu_top/u_layer_controller/u_tile_controller/tag_mem_q[13][3]_i_1_n_0                                                                | design_1_i/tpu_zybo_0/inst/u_tpu_top/u_datapath/u_accumulator_array/s_axi_aresetn_0                                  |                1 |              4 |         4.00 |
|  design_1_i/processing_system7_0/inst/FCLK_CLK0 | design_1_i/tpu_zybo_0/inst/u_tpu_top/u_layer_controller/u_tile_controller/tag_mem_q[14][3]_i_1_n_0                                                                | design_1_i/tpu_zybo_0/inst/u_tpu_top/u_datapath/u_accumulator_array/s_axi_aresetn_0                                  |                1 |              4 |         4.00 |
|  design_1_i/processing_system7_0/inst/FCLK_CLK0 | design_1_i/tpu_zybo_0/inst/u_tpu_top/u_layer_controller/u_tile_controller/tag_mem_q[1][3]_i_1_n_0                                                                 | design_1_i/tpu_zybo_0/inst/u_tpu_top/u_datapath/u_accumulator_array/s_axi_aresetn_0                                  |                1 |              4 |         4.00 |
|  design_1_i/processing_system7_0/inst/FCLK_CLK0 | design_1_i/tpu_zybo_0/inst/u_tpu_top/u_layer_controller/u_tile_controller/tag_mem_q[2][3]_i_1_n_0                                                                 | design_1_i/tpu_zybo_0/inst/u_tpu_top/u_datapath/u_accumulator_array/s_axi_aresetn_0                                  |                3 |              4 |         1.33 |
|  design_1_i/processing_system7_0/inst/FCLK_CLK0 | design_1_i/tpu_zybo_0/inst/u_tpu_top/u_layer_controller/u_tile_controller/tag_mem_q[3][3]_i_1_n_0                                                                 | design_1_i/tpu_zybo_0/inst/u_tpu_top/u_datapath/u_accumulator_array/s_axi_aresetn_0                                  |                3 |              4 |         1.33 |
|  design_1_i/processing_system7_0/inst/FCLK_CLK0 | design_1_i/tpu_zybo_0/inst/u_tpu_top/u_layer_controller/u_tile_controller/tag_mem_q[4][3]_i_1_n_0                                                                 | design_1_i/tpu_zybo_0/inst/u_tpu_top/u_datapath/u_accumulator_array/s_axi_aresetn_0                                  |                1 |              4 |         4.00 |
|  design_1_i/processing_system7_0/inst/FCLK_CLK0 | design_1_i/tpu_zybo_0/inst/u_tpu_top/u_layer_controller/u_tile_controller/tag_mem_q[5][3]_i_1_n_0                                                                 | design_1_i/tpu_zybo_0/inst/u_tpu_top/u_datapath/u_accumulator_array/s_axi_aresetn_0                                  |                2 |              4 |         2.00 |
|  design_1_i/processing_system7_0/inst/FCLK_CLK0 | design_1_i/tpu_zybo_0/inst/u_tpu_top/u_datapath/u_mxu/u_weight_fifo/p_0_in[0]                                                                                     | design_1_i/tpu_zybo_0/inst/u_tpu_top/u_datapath/u_accumulator_array/s_axi_aresetn_0                                  |                1 |              4 |         4.00 |
|  design_1_i/processing_system7_0/inst/FCLK_CLK0 | design_1_i/tpu_zybo_0/inst/u_tpu_top/u_layer_controller/u_tile_controller/tag_mem_q[7][3]_i_1_n_0                                                                 | design_1_i/tpu_zybo_0/inst/u_tpu_top/u_datapath/u_accumulator_array/s_axi_aresetn_0                                  |                1 |              4 |         4.00 |
|  design_1_i/processing_system7_0/inst/FCLK_CLK0 | design_1_i/tpu_zybo_0/inst/u_tpu_top/u_datapath/u_mxu/u_wgt_fetcher/FSM_onehot_state[3]_i_1_n_0                                                                   | design_1_i/tpu_zybo_0/inst/u_tpu_top/u_datapath/u_accumulator_array/s_axi_aresetn_0                                  |                1 |              4 |         4.00 |
|  design_1_i/processing_system7_0/inst/FCLK_CLK0 | design_1_i/tpu_zybo_0/inst/u_tpu_top/u_layer_controller/u_tile_controller/tag_mem_q[8][3]_i_1_n_0                                                                 | design_1_i/tpu_zybo_0/inst/u_tpu_top/u_datapath/u_accumulator_array/s_axi_aresetn_0                                  |                1 |              4 |         4.00 |
|  design_1_i/processing_system7_0/inst/FCLK_CLK0 | design_1_i/tpu_zybo_0/inst/u_tpu_top/u_datapath/u_mxu/u_wgt_fetcher/E[0]                                                                                          | design_1_i/tpu_zybo_0/inst/u_tpu_top/u_datapath/u_accumulator_array/s_axi_aresetn_0                                  |                1 |              4 |         4.00 |
|  design_1_i/processing_system7_0/inst/FCLK_CLK0 | design_1_i/tpu_zybo_0/inst/u_tpu_top/u_layer_controller/u_tile_controller/tag_mem_q[9][3]_i_1_n_0                                                                 | design_1_i/tpu_zybo_0/inst/u_tpu_top/u_datapath/u_accumulator_array/s_axi_aresetn_0                                  |                2 |              4 |         2.00 |
|  design_1_i/processing_system7_0/inst/FCLK_CLK0 | design_1_i/tpu_zybo_0/inst/u_tpu_top/u_layer_controller/u_tile_controller/E[0]                                                                                    | design_1_i/tpu_zybo_0/inst/u_tpu_top/u_datapath/u_accumulator_array/s_axi_aresetn_0                                  |                2 |              4 |         2.00 |
|  design_1_i/processing_system7_0/inst/FCLK_CLK0 |                                                                                                                                                                   | design_1_i/rst_ps7_0_50M/U0/EXT_LPF/lpf_int                                                                          |                2 |              4 |         2.00 |
|  design_1_i/processing_system7_0/inst/FCLK_CLK0 |                                                                                                                                                                   | design_1_i/axi_smc/inst/clk_map/psr_aclk/U0/EXT_LPF/lpf_int                                                          |                1 |              4 |         4.00 |
|  design_1_i/processing_system7_0/inst/FCLK_CLK0 | design_1_i/tpu_zybo_0/inst/u_tpu_top/u_maxpool2d_unit/input_base_addr_q[0]                                                                                        | design_1_i/tpu_zybo_0/inst/u_tpu_top/u_datapath/u_accumulator_array/s_axi_aresetn_0                                  |                3 |              4 |         1.33 |
|  design_1_i/processing_system7_0/inst/FCLK_CLK0 | design_1_i/tpu_zybo_0/inst/u_tpu_top/u_layer_controller/E[0]                                                                                                      | design_1_i/tpu_zybo_0/inst/u_tpu_top/u_datapath/u_accumulator_array/s_axi_aresetn_0                                  |                2 |              4 |         2.00 |
|  design_1_i/processing_system7_0/inst/FCLK_CLK0 | design_1_i/tpu_zybo_0/inst/u_tpu_top/u_layer_controller/u_tile_controller/tag_wr_ptr_q[0]                                                                         | design_1_i/tpu_zybo_0/inst/u_tpu_top/u_datapath/u_accumulator_array/s_axi_aresetn_0                                  |                3 |              4 |         1.33 |
|  design_1_i/processing_system7_0/inst/FCLK_CLK0 | design_1_i/tpu_zybo_0/inst/u_tpu_top/u_layer_controller/u_tile_controller/tag_rd_ptr_q[0]                                                                         | design_1_i/tpu_zybo_0/inst/u_tpu_top/u_datapath/u_accumulator_array/s_axi_aresetn_0                                  |                2 |              4 |         2.00 |
|  design_1_i/processing_system7_0/inst/FCLK_CLK0 | design_1_i/axi_smc/inst/s00_entry_pipeline/s00_si_converter/inst/gen_axilite_conv.axilite_conv_inst/r_state[0]                                                    | design_1_i/axi_smc/inst/s00_entry_pipeline/s00_si_converter/inst/areset                                              |                1 |              4 |         4.00 |
|  design_1_i/processing_system7_0/inst/FCLK_CLK0 | design_1_i/axi_smc/inst/s00_entry_pipeline/s00_si_converter/inst/gen_axilite_conv.axilite_conv_inst/aw_incr[0]                                                    | design_1_i/axi_smc/inst/s00_entry_pipeline/s00_si_converter/inst/areset                                              |                2 |              4 |         2.00 |
|  design_1_i/processing_system7_0/inst/FCLK_CLK0 | design_1_i/tpu_zybo_0/inst/u_tpu_top/u_layer_controller/u_tile_controller/tag_mem_q[15][3]_i_1_n_0                                                                | design_1_i/tpu_zybo_0/inst/u_tpu_top/u_datapath/u_accumulator_array/s_axi_aresetn_0                                  |                1 |              4 |         4.00 |
|  design_1_i/processing_system7_0/inst/FCLK_CLK0 | design_1_i/tpu_zybo_0/inst/u_tpu_top/u_layer_controller/u_tile_controller/tag_mem_q[10][3]_i_1_n_0                                                                | design_1_i/tpu_zybo_0/inst/u_tpu_top/u_datapath/u_accumulator_array/s_axi_aresetn_0                                  |                1 |              4 |         4.00 |
|  design_1_i/processing_system7_0/inst/FCLK_CLK0 | design_1_i/tpu_zybo_0/inst/u_tpu_top/u_layer_controller/u_tile_controller/state_q[4]_i_1_n_0                                                                      | design_1_i/tpu_zybo_0/inst/u_tpu_top/u_datapath/u_accumulator_array/s_axi_aresetn_0                                  |                4 |              5 |         1.25 |
|  design_1_i/processing_system7_0/inst/FCLK_CLK0 | design_1_i/tpu_zybo_0/inst/u_tpu_top/u_layer_controller/u_tile_controller/stream_idx_q[4]_i_1_n_0                                                                 | design_1_i/tpu_zybo_0/inst/u_tpu_top/u_datapath/u_accumulator_array/s_axi_aresetn_0                                  |                3 |              5 |         1.67 |
|  design_1_i/processing_system7_0/inst/FCLK_CLK0 | design_1_i/tpu_zybo_0/inst/u_tpu_top/u_layer_controller/u_tile_controller/num_tiles_q[6]_i_1_n_0                                                                  | design_1_i/tpu_zybo_0/inst/u_tpu_top/u_datapath/u_accumulator_array/s_axi_aresetn_0                                  |                4 |              5 |         1.25 |
|  design_1_i/processing_system7_0/inst/FCLK_CLK0 | design_1_i/tpu_zybo_0/inst/u_tpu_top/u_layer_controller/u_tile_controller/tag_count_q[4]_i_1_n_0                                                                  | design_1_i/tpu_zybo_0/inst/u_tpu_top/u_datapath/u_accumulator_array/s_axi_aresetn_0                                  |                3 |              5 |         1.67 |
|  design_1_i/processing_system7_0/inst/FCLK_CLK0 | design_1_i/tpu_zybo_0/inst/u_tpu_top/u_layer_controller/u_tile_controller/acc_read_idx_q[4]_i_1_n_0                                                               | design_1_i/tpu_zybo_0/inst/u_tpu_top/u_datapath/u_accumulator_array/s_axi_aresetn_0                                  |                3 |              5 |         1.67 |
|  design_1_i/processing_system7_0/inst/FCLK_CLK0 | design_1_i/tpu_zybo_0/inst/u_tpu_top/u_datapath/u_mxu/u_wgt_fetcher/count_q_reg[4]                                                                                | design_1_i/tpu_zybo_0/inst/u_tpu_top/u_datapath/u_accumulator_array/s_axi_aresetn_0                                  |                2 |              5 |         2.50 |
|  design_1_i/processing_system7_0/inst/FCLK_CLK0 | design_1_i/rst_ps7_0_50M/U0/SEQ/seq_cnt_en                                                                                                                        | design_1_i/rst_ps7_0_50M/U0/SEQ/SEQ_COUNTER/clear                                                                    |                1 |              6 |         6.00 |
|  design_1_i/processing_system7_0/inst/FCLK_CLK0 | design_1_i/axi_smc/inst/clk_map/psr_aclk/U0/SEQ/seq_cnt_en                                                                                                        | design_1_i/axi_smc/inst/clk_map/psr_aclk/U0/SEQ/SEQ_COUNTER/clear                                                    |                1 |              6 |         6.00 |
|  design_1_i/processing_system7_0/inst/FCLK_CLK0 | design_1_i/tpu_zybo_0/inst/ub_wdata_q[7]_i_1_n_0                                                                                                                  | design_1_i/tpu_zybo_0/inst/u_tpu_top/u_datapath/u_accumulator_array/s_axi_aresetn_0                                  |                1 |              8 |         8.00 |
|  design_1_i/processing_system7_0/inst/FCLK_CLK0 | design_1_i/tpu_zybo_0/inst/u_tpu_top/u_maxpool2d_unit/max_value_q[7]_i_1_n_0                                                                                      | design_1_i/tpu_zybo_0/inst/u_tpu_top/u_datapath/u_accumulator_array/s_axi_aresetn_0                                  |                4 |              8 |         2.00 |
|  design_1_i/processing_system7_0/inst/FCLK_CLK0 | design_1_i/axi_smc/inst/s00_nodes/s00_ar_node/inst/inst_mi_handler/gen_normal_area.inst_fifo_node_payld/gen_reg_fifo.inst_reg_fifo/gen_single_rank.inst_cntr/E[0] |                                                                                                                      |                2 |              8 |         4.00 |
|  design_1_i/processing_system7_0/inst/FCLK_CLK0 | design_1_i/tpu_zybo_0/inst/u_tpu_top/u_layer_controller/u_tile_controller/u_address_generator/rd_valid_o_reg[0]                                                   | design_1_i/tpu_zybo_0/inst/u_tpu_top/u_datapath/u_accumulator_array/s_axi_aresetn_0                                  |                4 |              8 |         2.00 |
|  design_1_i/processing_system7_0/inst/FCLK_CLK0 | design_1_i/tpu_zybo_0/inst/u_tpu_top/u_layer_controller/u_tile_controller/u_address_generator/rd_valid_o_reg_0[0]                                                 | design_1_i/tpu_zybo_0/inst/u_tpu_top/u_datapath/u_accumulator_array/s_axi_aresetn_0                                  |                1 |              8 |         8.00 |
|  design_1_i/processing_system7_0/inst/FCLK_CLK0 | design_1_i/tpu_zybo_0/inst/u_tpu_top/u_layer_controller/u_tile_controller/accumulator_read_en_o_i_1_n_0                                                           | design_1_i/tpu_zybo_0/inst/u_tpu_top/u_datapath/u_accumulator_array/s_axi_aresetn_0                                  |                2 |              8 |         4.00 |
|  design_1_i/processing_system7_0/inst/FCLK_CLK0 | design_1_i/tpu_zybo_0/inst/u_tpu_top/u_unified_buffer/rd_valid_o_reg_0                                                                                            | design_1_i/tpu_zybo_0/inst/u_tpu_top/u_datapath/u_accumulator_array/s_axi_aresetn_0                                  |                3 |              8 |         2.67 |
|  design_1_i/processing_system7_0/inst/FCLK_CLK0 | design_1_i/axi_smc/inst/s00_entry_pipeline/s00_si_converter/inst/gen_axilite_conv.axilite_conv_inst/ar_cnt[7]_i_1_n_0                                             | design_1_i/axi_smc/inst/s00_entry_pipeline/s00_si_converter/inst/areset                                              |                2 |              8 |         4.00 |
|  design_1_i/processing_system7_0/inst/FCLK_CLK0 | design_1_i/axi_smc/inst/s00_nodes/s00_aw_node/inst/inst_mi_handler/gen_normal_area.inst_fifo_node_payld/gen_reg_fifo.inst_reg_fifo/gen_single_rank.inst_cntr/E[0] |                                                                                                                      |                2 |              8 |         4.00 |
|  design_1_i/processing_system7_0/inst/FCLK_CLK0 | design_1_i/axi_smc/inst/s00_entry_pipeline/s00_si_converter/inst/gen_axilite_conv.axilite_conv_inst/r_beats[7]_i_1_n_0                                            | design_1_i/axi_smc/inst/s00_entry_pipeline/s00_si_converter/inst/areset                                              |                4 |              8 |         2.00 |
|  design_1_i/processing_system7_0/inst/FCLK_CLK0 | design_1_i/axi_smc/inst/s00_entry_pipeline/s00_mmu/inst/gen_endpoint.decerr_slave_inst/gen_axi.gen_read.read_cnt[7]_i_1_n_0                                       | design_1_i/axi_smc/inst/s00_entry_pipeline/s00_mmu/inst/areset                                                       |                3 |              8 |         2.67 |
|  design_1_i/processing_system7_0/inst/FCLK_CLK0 | design_1_i/axi_smc/inst/s00_entry_pipeline/s00_si_converter/inst/gen_axilite_conv.axilite_conv_inst/w_cnt[8]_i_1_n_0                                              | design_1_i/axi_smc/inst/s00_entry_pipeline/s00_si_converter/inst/areset                                              |                2 |              9 |         4.50 |
|  design_1_i/processing_system7_0/inst/FCLK_CLK0 | design_1_i/axi_smc/inst/s00_entry_pipeline/s00_si_converter/inst/gen_axilite_conv.axilite_conv_inst/s_buser[0]                                                    | design_1_i/axi_smc/inst/s00_entry_pipeline/s00_si_converter/inst/gen_axilite_conv.axilite_conv_inst/b_cnt[8]_i_1_n_0 |                4 |              9 |         2.25 |
|  design_1_i/processing_system7_0/inst/FCLK_CLK0 | design_1_i/tpu_zybo_0/inst/u_tpu_top/u_datapath/u_mxu/u_systolic_array/pe_0_1/accumulator_clear_all_o_reg_0                                                       | design_1_i/tpu_zybo_0/inst/u_tpu_top/u_datapath/u_accumulator_array/s_axi_aresetn_0                                  |                2 |             10 |         5.00 |
|  design_1_i/processing_system7_0/inst/FCLK_CLK0 | design_1_i/tpu_zybo_0/inst/u_tpu_top/u_maxpool2d_unit/E[0]                                                                                                        | design_1_i/tpu_zybo_0/inst/u_tpu_top/u_datapath/u_accumulator_array/s_axi_aresetn_0                                  |                5 |             10 |         2.00 |
|  design_1_i/processing_system7_0/inst/FCLK_CLK0 | design_1_i/axi_smc/inst/s00_entry_pipeline/s00_si_converter/inst/gen_axilite_conv.axilite_conv_inst/ar_addr_d[7]_i_1_n_0                                          | design_1_i/axi_smc/inst/s00_entry_pipeline/s00_si_converter/inst/areset                                              |                6 |             12 |         2.00 |
|  design_1_i/processing_system7_0/inst/FCLK_CLK0 | design_1_i/axi_smc/inst/s00_entry_pipeline/s00_si_converter/inst/gen_axilite_conv.axilite_conv_inst/aw_addr[7]_i_1_n_0                                            | design_1_i/axi_smc/inst/s00_entry_pipeline/s00_si_converter/inst/areset                                              |                4 |             12 |         3.00 |
|  design_1_i/processing_system7_0/inst/FCLK_CLK0 | design_1_i/axi_smc/inst/s00_entry_pipeline/s00_transaction_regulator/inst/gen_endpoint.gen_r_singleorder.r_singleorder/gen_id_reg.s_rid_i0                        |                                                                                                                      |                4 |             12 |         3.00 |
|  design_1_i/processing_system7_0/inst/FCLK_CLK0 | design_1_i/axi_smc/inst/s00_entry_pipeline/s00_mmu/inst/gen_endpoint.decerr_slave_inst/gen_axi.gen_read.s_axi_rid_i[11]_i_1_n_0                                   | design_1_i/axi_smc/inst/s00_entry_pipeline/s00_mmu/inst/areset                                                       |                2 |             12 |         6.00 |
|  design_1_i/processing_system7_0/inst/FCLK_CLK0 | design_1_i/axi_smc/inst/s00_entry_pipeline/s00_mmu/inst/gen_endpoint.decerr_slave_inst/gen_axi.gen_write.s_axi_bid_i[11]_i_1_n_0                                  | design_1_i/axi_smc/inst/s00_entry_pipeline/s00_mmu/inst/areset                                                       |                3 |             12 |         4.00 |
|  design_1_i/processing_system7_0/inst/FCLK_CLK0 | design_1_i/axi_smc/inst/s00_entry_pipeline/s00_transaction_regulator/inst/gen_endpoint.gen_w_singleorder.w_singleorder/gen_id_reg.s_rid_i0                        |                                                                                                                      |                4 |             12 |         3.00 |
|  design_1_i/processing_system7_0/inst/FCLK_CLK0 | design_1_i/tpu_zybo_0/inst/ub_bank_q                                                                                                                              | design_1_i/tpu_zybo_0/inst/u_tpu_top/u_datapath/u_accumulator_array/s_axi_aresetn_0                                  |                3 |             14 |         4.67 |
|  design_1_i/processing_system7_0/inst/FCLK_CLK0 | design_1_i/tpu_zybo_0/inst/u_tpu_top/u_layer_controller/u_tile_controller/u_address_generator/state_q_reg[0][0]                                                   | design_1_i/tpu_zybo_0/inst/u_tpu_top/u_datapath/u_accumulator_array/s_axi_aresetn_0                                  |                7 |             14 |         2.00 |
|  design_1_i/processing_system7_0/inst/FCLK_CLK0 | design_1_i/tpu_zybo_0/inst/u_tpu_top/u_maxpool2d_unit/ub_rd_en_o_i_1__0_n_0                                                                                       | design_1_i/tpu_zybo_0/inst/u_tpu_top/u_datapath/u_accumulator_array/s_axi_aresetn_0                                  |                5 |             14 |         2.80 |
|  design_1_i/processing_system7_0/inst/FCLK_CLK0 | design_1_i/tpu_zybo_0/inst/u_tpu_top/u_datapath/u_mxu/u_systolic_array/pe_0_0/E[0]                                                                                | design_1_i/tpu_zybo_0/inst/u_tpu_top/u_datapath/u_accumulator_array/s_axi_aresetn_0                                  |                5 |             16 |         3.20 |
|  design_1_i/processing_system7_0/inst/FCLK_CLK0 | design_1_i/tpu_zybo_0/inst/u_tpu_top/u_datapath/u_mxu/u_weight_fifo/mem[5][15]_i_1_n_0                                                                            |                                                                                                                      |                7 |             16 |         2.29 |
|  design_1_i/processing_system7_0/inst/FCLK_CLK0 | design_1_i/tpu_zybo_0/inst/u_tpu_top/u_datapath/u_mxu/u_weight_fifo/mem[6][15]_i_1_n_0                                                                            |                                                                                                                      |                5 |             16 |         3.20 |
|  design_1_i/processing_system7_0/inst/FCLK_CLK0 | design_1_i/tpu_zybo_0/inst/u_tpu_top/u_datapath/u_mxu/u_weight_fifo/mem[13][15]_i_1_n_0                                                                           |                                                                                                                      |                6 |             16 |         2.67 |
|  design_1_i/processing_system7_0/inst/FCLK_CLK0 | design_1_i/tpu_zybo_0/inst/u_tpu_top/u_datapath/u_mxu/u_weight_fifo/mem[7][15]_i_1_n_0                                                                            |                                                                                                                      |                6 |             16 |         2.67 |
|  design_1_i/processing_system7_0/inst/FCLK_CLK0 | design_1_i/tpu_zybo_0/inst/u_tpu_top/u_layer_controller/u_tile_controller/k_tile_q[15]_i_1_n_0                                                                    | design_1_i/tpu_zybo_0/inst/u_tpu_top/u_datapath/u_accumulator_array/s_axi_aresetn_0                                  |                4 |             16 |         4.00 |
|  design_1_i/processing_system7_0/inst/FCLK_CLK0 | design_1_i/tpu_zybo_0/inst/u_tpu_top/u_datapath/u_mxu/u_weight_fifo/mem[8][15]_i_1_n_0                                                                            |                                                                                                                      |                9 |             16 |         1.78 |
|  design_1_i/processing_system7_0/inst/FCLK_CLK0 | design_1_i/tpu_zybo_0/inst/u_tpu_top/u_datapath/u_mxu/u_weight_fifo/mem[9][15]_i_1_n_0                                                                            |                                                                                                                      |                6 |             16 |         2.67 |
|  design_1_i/processing_system7_0/inst/FCLK_CLK0 | design_1_i/tpu_zybo_0/inst/u_tpu_top/u_maxpool2d_unit/out_row_q[15]_i_1_n_0                                                                                       | design_1_i/tpu_zybo_0/inst/u_tpu_top/u_datapath/u_accumulator_array/s_axi_aresetn_0                                  |                2 |             16 |         8.00 |
|  design_1_i/processing_system7_0/inst/FCLK_CLK0 | design_1_i/tpu_zybo_0/inst/u_tpu_top/u_layer_controller/u_tile_controller/FSM_sequential_state_q_reg[1]_1[0]                                                      | design_1_i/tpu_zybo_0/inst/u_tpu_top/u_datapath/u_accumulator_array/s_axi_aresetn_0                                  |                5 |             16 |         3.20 |
|  design_1_i/processing_system7_0/inst/FCLK_CLK0 | design_1_i/tpu_zybo_0/inst/u_tpu_top/u_maxpool2d_unit/out_col_q[15]_i_1_n_0                                                                                       | design_1_i/tpu_zybo_0/inst/u_tpu_top/u_datapath/u_accumulator_array/s_axi_aresetn_0                                  |                3 |             16 |         5.33 |
|  design_1_i/processing_system7_0/inst/FCLK_CLK0 | design_1_i/tpu_zybo_0/inst/u_tpu_top/u_maxpool2d_unit/channel_q[15]_i_1_n_0                                                                                       | design_1_i/tpu_zybo_0/inst/u_tpu_top/u_datapath/u_accumulator_array/s_axi_aresetn_0                                  |                2 |             16 |         8.00 |
|  design_1_i/processing_system7_0/inst/FCLK_CLK0 | design_1_i/tpu_zybo_0/inst/u_tpu_top/dbg_cycle_count_o[15]_i_1_n_0                                                                                                | design_1_i/tpu_zybo_0/inst/u_tpu_top/u_datapath/u_accumulator_array/s_axi_aresetn_0                                  |                5 |             16 |         3.20 |
|  design_1_i/processing_system7_0/inst/FCLK_CLK0 | design_1_i/tpu_zybo_0/inst/u_tpu_top/u_layer_controller/u_tile_controller/vpu_data_q[0]                                                                           | design_1_i/tpu_zybo_0/inst/u_tpu_top/u_datapath/u_accumulator_array/s_axi_aresetn_0                                  |                4 |             16 |         4.00 |
|  design_1_i/processing_system7_0/inst/FCLK_CLK0 | design_1_i/tpu_zybo_0/inst/u_tpu_top/u_layer_controller/u_tile_controller/wgt_fifo_wr_en_o8_out                                                                   | design_1_i/tpu_zybo_0/inst/u_tpu_top/u_datapath/u_accumulator_array/s_axi_aresetn_0                                  |                3 |             16 |         5.33 |
|  design_1_i/processing_system7_0/inst/FCLK_CLK0 | design_1_i/tpu_zybo_0/inst/u_tpu_top/u_layer_controller/u_tile_controller/FSM_sequential_state_q_reg[1]_0[0]                                                      | design_1_i/tpu_zybo_0/inst/u_tpu_top/u_datapath/u_accumulator_array/s_axi_aresetn_0                                  |                2 |             16 |         8.00 |
|  design_1_i/processing_system7_0/inst/FCLK_CLK0 | design_1_i/tpu_zybo_0/inst/u_tpu_top/u_datapath/u_mxu/u_weight_fifo/mem[4][15]_i_1_n_0                                                                            |                                                                                                                      |                7 |             16 |         2.29 |
|  design_1_i/processing_system7_0/inst/FCLK_CLK0 | design_1_i/tpu_zybo_0/inst/u_tpu_top/u_datapath/u_mxu/u_weight_fifo/mem[2][15]_i_1_n_0                                                                            |                                                                                                                      |                8 |             16 |         2.00 |
|  design_1_i/processing_system7_0/inst/FCLK_CLK0 | design_1_i/tpu_zybo_0/inst/u_tpu_top/u_datapath/u_mxu/u_weight_fifo/mem[1][15]_i_1_n_0                                                                            |                                                                                                                      |                5 |             16 |         3.20 |
|  design_1_i/processing_system7_0/inst/FCLK_CLK0 | design_1_i/tpu_zybo_0/inst/u_tpu_top/u_datapath/u_mxu/u_weight_fifo/mem[14][15]_i_1_n_0                                                                           |                                                                                                                      |                7 |             16 |         2.29 |
|  design_1_i/processing_system7_0/inst/FCLK_CLK0 | design_1_i/tpu_zybo_0/inst/u_tpu_top/u_datapath/u_mxu/u_weight_fifo/mem[15][15]_i_1_n_0                                                                           |                                                                                                                      |                7 |             16 |         2.29 |
|  design_1_i/processing_system7_0/inst/FCLK_CLK0 | design_1_i/tpu_zybo_0/inst/u_tpu_top/u_datapath/u_mxu/u_wgt_fetcher/E[0]                                                                                          |                                                                                                                      |               16 |             16 |         1.00 |
|  design_1_i/processing_system7_0/inst/FCLK_CLK0 | design_1_i/tpu_zybo_0/inst/u_tpu_top/u_datapath/u_mxu/u_weight_fifo/mem[3][15]_i_1_n_0                                                                            |                                                                                                                      |                7 |             16 |         2.29 |
|  design_1_i/processing_system7_0/inst/FCLK_CLK0 | design_1_i/tpu_zybo_0/inst/u_tpu_top/u_datapath/u_mxu/u_weight_fifo/mem[0][15]_i_1_n_0                                                                            |                                                                                                                      |                7 |             16 |         2.29 |
|  design_1_i/processing_system7_0/inst/FCLK_CLK0 | design_1_i/tpu_zybo_0/inst/u_tpu_top/u_datapath/u_mxu/u_weight_fifo/mem[10][15]_i_1_n_0                                                                           |                                                                                                                      |                5 |             16 |         3.20 |
|  design_1_i/processing_system7_0/inst/FCLK_CLK0 | design_1_i/tpu_zybo_0/inst/u_tpu_top/u_datapath/u_mxu/u_weight_fifo/mem[11][15]_i_1_n_0                                                                           |                                                                                                                      |                8 |             16 |         2.00 |
|  design_1_i/processing_system7_0/inst/FCLK_CLK0 | design_1_i/tpu_zybo_0/inst/u_tpu_top/u_datapath/u_mxu/u_weight_fifo/mem[12][15]_i_1_n_0                                                                           |                                                                                                                      |               10 |             16 |         1.60 |
|  design_1_i/processing_system7_0/inst/FCLK_CLK0 | design_1_i/tpu_zybo_0/inst/u_tpu_top/u_datapath/u_mxu/u_wgt_fetcher/Q[1]                                                                                          | design_1_i/tpu_zybo_0/inst/u_tpu_top/u_datapath/u_accumulator_array/s_axi_aresetn_0                                  |                4 |             16 |         4.00 |
|  design_1_i/processing_system7_0/inst/FCLK_CLK0 | design_1_i/tpu_zybo_0/inst/u_tpu_top/u_datapath/u_vector_processing_unit/u_post_process/u_activation/E[0]                                                         | design_1_i/tpu_zybo_0/inst/u_tpu_top/u_datapath/u_accumulator_array/s_axi_aresetn_0                                  |                2 |             16 |         8.00 |
|  design_1_i/processing_system7_0/inst/FCLK_CLK0 | design_1_i/tpu_zybo_0/inst/u_tpu_top/u_datapath/u_vector_processing_unit/u_post_process/u_normalizer/E[0]                                                         | design_1_i/tpu_zybo_0/inst/u_tpu_top/u_datapath/u_accumulator_array/s_axi_aresetn_0                                  |                5 |             16 |         3.20 |
|  design_1_i/processing_system7_0/inst/FCLK_CLK0 |                                                                                                                                                                   | design_1_i/axi_smc/inst/s00_entry_pipeline/s00_si_converter/inst/areset                                              |                9 |             17 |         1.89 |
|  design_1_i/processing_system7_0/inst/FCLK_CLK0 | design_1_i/axi_smc/inst/s00_nodes/s00_w_node/inst/inst_mi_handler/gen_normal_area.inst_fifo_node_payld/gen_reg_fifo.inst_reg_fifo/gen_single_rank.inst_cntr/E[0]  |                                                                                                                      |                4 |             17 |         4.25 |
|  design_1_i/processing_system7_0/inst/FCLK_CLK0 | design_1_i/tpu_zybo_0/inst/u_tpu_top/u_layer_controller/u_tile_controller/ub_wr_en_o_i_1_n_0                                                                      | design_1_i/tpu_zybo_0/inst/u_tpu_top/u_datapath/u_accumulator_array/s_axi_aresetn_0                                  |                5 |             21 |         4.20 |
|  design_1_i/processing_system7_0/inst/FCLK_CLK0 | design_1_i/tpu_zybo_0/inst/u_tpu_top/u_maxpool2d_unit/ub_wr_en_o_i_1__0_n_0                                                                                       | design_1_i/tpu_zybo_0/inst/u_tpu_top/u_datapath/u_accumulator_array/s_axi_aresetn_0                                  |                7 |             22 |         3.14 |
|  design_1_i/processing_system7_0/inst/FCLK_CLK0 |                                                                                                                                                                   | design_1_i/axi_smc/inst/s00_entry_pipeline/s00_mmu/inst/areset                                                       |               10 |             23 |         2.30 |
|  design_1_i/processing_system7_0/inst/FCLK_CLK0 | design_1_i/axi_smc/inst/s00_entry_pipeline/s00_si_converter/inst/gen_axilite_conv.axilite_conv_inst/m_aruser[0]                                                   | design_1_i/axi_smc/inst/s00_entry_pipeline/s00_si_converter/inst/areset                                              |               10 |             30 |         3.00 |
|  design_1_i/processing_system7_0/inst/FCLK_CLK0 | design_1_i/axi_smc/inst/s00_entry_pipeline/s00_mmu/inst/aw_reg_stall/m_vector_i[0]                                                                                |                                                                                                                      |                6 |             32 |         5.33 |
|  design_1_i/processing_system7_0/inst/FCLK_CLK0 | design_1_i/axi_smc/inst/s00_entry_pipeline/s00_mmu/inst/aw_reg_stall/skid_buffer[1136]_i_1__0_n_0                                                                 |                                                                                                                      |                6 |             32 |         5.33 |
|  design_1_i/processing_system7_0/inst/FCLK_CLK0 | design_1_i/axi_smc/inst/s00_entry_pipeline/s00_mmu/inst/ar_reg_stall/m_vector_i[0]                                                                                |                                                                                                                      |                6 |             32 |         5.33 |
|  design_1_i/processing_system7_0/inst/FCLK_CLK0 | design_1_i/axi_smc/inst/s00_entry_pipeline/s00_mmu/inst/ar_reg_stall/skid_buffer[1136]_i_1_n_0                                                                    |                                                                                                                      |                6 |             32 |         5.33 |
|  design_1_i/processing_system7_0/inst/FCLK_CLK0 | design_1_i/axi_smc/inst/s00_nodes/s00_r_node/inst/inst_mi_handler/gen_normal_area.inst_fifo_node_payld/gen_reg_fifo.inst_reg_fifo/gen_single_rank.inst_cntr/E[0]  |                                                                                                                      |                9 |             32 |         3.56 |
|  design_1_i/processing_system7_0/inst/FCLK_CLK0 | design_1_i/tpu_zybo_0/inst/u_tpu_top/u_datapath/u_mxu/u_wgt_fetcher/Q[2]                                                                                          | design_1_i/tpu_zybo_0/inst/u_tpu_top/u_datapath/u_accumulator_array/s_axi_aresetn_0                                  |                8 |             32 |         4.00 |
|  design_1_i/processing_system7_0/inst/FCLK_CLK0 | design_1_i/axi_smc/inst/s00_entry_pipeline/s00_si_converter/inst/gen_axilite_conv.axilite_conv_inst/s_axi_rdata_i[31]_i_1_n_0                                     | design_1_i/axi_smc/inst/s00_entry_pipeline/s00_si_converter/inst/areset                                              |                7 |             32 |         4.57 |
|  design_1_i/processing_system7_0/inst/FCLK_CLK0 | design_1_i/tpu_zybo_0/inst/s_axi_rdata[31]_i_1_n_0                                                                                                                | design_1_i/tpu_zybo_0/inst/u_tpu_top/u_datapath/u_accumulator_array/s_axi_aresetn_0                                  |               14 |             32 |         2.29 |
|  design_1_i/processing_system7_0/inst/FCLK_CLK0 | design_1_i/tpu_zybo_0/inst/u_tpu_top/u_layer_controller/u_tile_controller/accumulator_clear_all_o_reg_1[0]                                                        | design_1_i/tpu_zybo_0/inst/u_tpu_top/u_datapath/u_accumulator_array/s_axi_aresetn_0                                  |               13 |             34 |         2.62 |
|  design_1_i/processing_system7_0/inst/FCLK_CLK0 | design_1_i/tpu_zybo_0/inst/u_tpu_top/u_layer_controller/u_tile_controller/layer_idx_q_0[0]                                                                        | design_1_i/tpu_zybo_0/inst/u_tpu_top/u_datapath/u_accumulator_array/s_axi_aresetn_0                                  |               18 |             47 |         2.61 |
|  design_1_i/processing_system7_0/inst/FCLK_CLK0 | design_1_i/tpu_zybo_0/inst/u_tpu_top/u_datapath/u_accumulator_array/E[0]                                                                                          | design_1_i/tpu_zybo_0/inst/u_tpu_top/u_datapath/u_accumulator_array/s_axi_aresetn_0                                  |               24 |             64 |         2.67 |
|  design_1_i/processing_system7_0/inst/FCLK_CLK0 | design_1_i/tpu_zybo_0/inst/u_tpu_top/u_layer_controller/u_tile_controller/accumulator_clear_all_o_reg_rep_2[0]                                                    | design_1_i/tpu_zybo_0/inst/u_tpu_top/u_datapath/u_accumulator_array/s_axi_aresetn_0                                  |               33 |             64 |         1.94 |
|  design_1_i/processing_system7_0/inst/FCLK_CLK0 | design_1_i/tpu_zybo_0/inst/u_tpu_top/u_datapath/u_vector_processing_unit/u_post_process/GEN_BIAS_REQUANT.u_bias_requantize/data_valid_o                           | design_1_i/tpu_zybo_0/inst/u_tpu_top/u_datapath/u_accumulator_array/s_axi_aresetn_0                                  |               10 |             64 |         6.40 |
|  design_1_i/processing_system7_0/inst/FCLK_CLK0 | design_1_i/tpu_zybo_0/inst/u_tpu_top/u_datapath/u_psum_packer/accumulator_clear_all_o_reg_13[0]                                                                   | design_1_i/tpu_zybo_0/inst/u_tpu_top/u_datapath/u_accumulator_array/s_axi_aresetn_0                                  |               32 |             72 |         2.25 |
|  design_1_i/processing_system7_0/inst/FCLK_CLK0 | design_1_i/tpu_zybo_0/inst/u_tpu_top/u_datapath/u_psum_packer/accumulator_clear_all_o_reg[0]                                                                      | design_1_i/tpu_zybo_0/inst/u_tpu_top/u_datapath/u_accumulator_array/s_axi_aresetn_0                                  |               23 |             72 |         3.13 |
|  design_1_i/processing_system7_0/inst/FCLK_CLK0 | design_1_i/tpu_zybo_0/inst/u_tpu_top/u_datapath/u_psum_packer/accumulator_clear_all_o_reg_8[0]                                                                    | design_1_i/tpu_zybo_0/inst/u_tpu_top/u_datapath/u_accumulator_array/s_axi_aresetn_0                                  |               35 |             72 |         2.06 |
|  design_1_i/processing_system7_0/inst/FCLK_CLK0 | design_1_i/tpu_zybo_0/inst/u_tpu_top/u_datapath/u_psum_packer/accumulator_clear_all_o_reg_5[0]                                                                    | design_1_i/tpu_zybo_0/inst/u_tpu_top/u_datapath/u_accumulator_array/s_axi_aresetn_0                                  |               19 |             72 |         3.79 |
|  design_1_i/processing_system7_0/inst/FCLK_CLK0 | design_1_i/tpu_zybo_0/inst/u_tpu_top/u_datapath/u_psum_packer/accumulator_clear_all_o_reg_4[0]                                                                    | design_1_i/tpu_zybo_0/inst/u_tpu_top/u_datapath/u_accumulator_array/s_axi_aresetn_0                                  |               22 |             72 |         3.27 |
|  design_1_i/processing_system7_0/inst/FCLK_CLK0 | design_1_i/tpu_zybo_0/inst/u_tpu_top/u_datapath/u_psum_packer/accumulator_clear_all_o_reg_21[0]                                                                   | design_1_i/tpu_zybo_0/inst/u_tpu_top/u_datapath/u_accumulator_array/s_axi_aresetn_0                                  |               18 |             72 |         4.00 |
|  design_1_i/processing_system7_0/inst/FCLK_CLK0 | design_1_i/tpu_zybo_0/inst/u_tpu_top/u_datapath/u_psum_packer/accumulator_clear_all_o_reg_20[0]                                                                   | design_1_i/tpu_zybo_0/inst/u_tpu_top/u_datapath/u_accumulator_array/s_axi_aresetn_0                                  |               38 |             72 |         1.89 |
|  design_1_i/processing_system7_0/inst/FCLK_CLK0 | design_1_i/tpu_zybo_0/inst/u_tpu_top/u_datapath/u_psum_packer/accumulator_clear_all_o_reg_2[0]                                                                    | design_1_i/tpu_zybo_0/inst/u_tpu_top/u_datapath/u_accumulator_array/s_axi_aresetn_0                                  |               27 |             72 |         2.67 |
|  design_1_i/processing_system7_0/inst/FCLK_CLK0 | design_1_i/tpu_zybo_0/inst/u_tpu_top/u_datapath/u_psum_packer/accumulator_clear_all_o_reg_19[0]                                                                   | design_1_i/tpu_zybo_0/inst/u_tpu_top/u_datapath/u_accumulator_array/s_axi_aresetn_0                                  |               22 |             72 |         3.27 |
|  design_1_i/processing_system7_0/inst/FCLK_CLK0 | design_1_i/tpu_zybo_0/inst/u_tpu_top/u_datapath/u_psum_packer/accumulator_clear_all_o_reg_18[0]                                                                   | design_1_i/tpu_zybo_0/inst/u_tpu_top/u_datapath/u_accumulator_array/s_axi_aresetn_0                                  |               27 |             72 |         2.67 |
|  design_1_i/processing_system7_0/inst/FCLK_CLK0 | design_1_i/tpu_zybo_0/inst/u_tpu_top/u_datapath/u_psum_packer/accumulator_clear_all_o_reg_17[0]                                                                   | design_1_i/tpu_zybo_0/inst/u_tpu_top/u_datapath/u_accumulator_array/s_axi_aresetn_0                                  |               27 |             72 |         2.67 |
|  design_1_i/processing_system7_0/inst/FCLK_CLK0 | design_1_i/tpu_zybo_0/inst/u_tpu_top/u_datapath/u_psum_packer/accumulator_clear_all_o_reg_16[0]                                                                   | design_1_i/tpu_zybo_0/inst/u_tpu_top/u_datapath/u_accumulator_array/s_axi_aresetn_0                                  |               28 |             72 |         2.57 |
|  design_1_i/processing_system7_0/inst/FCLK_CLK0 | design_1_i/tpu_zybo_0/inst/u_tpu_top/u_datapath/u_psum_packer/accumulator_clear_all_o_reg_15[0]                                                                   | design_1_i/tpu_zybo_0/inst/u_tpu_top/u_datapath/u_accumulator_array/s_axi_aresetn_0                                  |               34 |             72 |         2.12 |
|  design_1_i/processing_system7_0/inst/FCLK_CLK0 | design_1_i/tpu_zybo_0/inst/u_tpu_top/u_datapath/u_psum_packer/accumulator_clear_all_o_reg_14[0]                                                                   | design_1_i/tpu_zybo_0/inst/u_tpu_top/u_datapath/u_accumulator_array/s_axi_aresetn_0                                  |               26 |             72 |         2.77 |
|  design_1_i/processing_system7_0/inst/FCLK_CLK0 | design_1_i/tpu_zybo_0/inst/u_tpu_top/u_datapath/u_psum_packer/accumulator_clear_all_o_reg_10[0]                                                                   | design_1_i/tpu_zybo_0/inst/u_tpu_top/u_datapath/u_accumulator_array/s_axi_aresetn_0                                  |               18 |             72 |         4.00 |
|  design_1_i/processing_system7_0/inst/FCLK_CLK0 | design_1_i/tpu_zybo_0/inst/u_tpu_top/u_datapath/u_psum_packer/accumulator_clear_all_o_reg_1[0]                                                                    | design_1_i/tpu_zybo_0/inst/u_tpu_top/u_datapath/u_accumulator_array/s_axi_aresetn_0                                  |               28 |             72 |         2.57 |
|  design_1_i/processing_system7_0/inst/FCLK_CLK0 | design_1_i/tpu_zybo_0/inst/u_tpu_top/u_layer_controller/u_tile_controller/GEN_PARAM_ROMS[0].u_requant_mult_rom/state_q_reg[4]                                     | design_1_i/tpu_zybo_0/inst/u_tpu_top/u_datapath/u_accumulator_array/s_axi_aresetn_0                                  |               30 |             77 |         2.57 |
|  design_1_i/processing_system7_0/inst/FCLK_CLK0 | design_1_i/tpu_zybo_0/inst/u_tpu_top/u_layer_controller/u_tile_controller/GEN_WEIGHT_ROMS[0].u_weight_rom/E[0]                                                    | design_1_i/tpu_zybo_0/inst/u_tpu_top/u_datapath/u_accumulator_array/s_axi_aresetn_0                                  |               39 |            110 |         2.82 |
|  design_1_i/processing_system7_0/inst/FCLK_CLK0 |                                                                                                                                                                   |                                                                                                                      |               41 |            134 |         3.27 |
|  design_1_i/processing_system7_0/inst/FCLK_CLK0 |                                                                                                                                                                   | design_1_i/tpu_zybo_0/inst/u_tpu_top/u_datapath/u_accumulator_array/s_axi_aresetn_0                                  |              195 |            667 |         3.42 |
+-------------------------------------------------+-------------------------------------------------------------------------------------------------------------------------------------------------------------------+----------------------------------------------------------------------------------------------------------------------+------------------+----------------+--------------+


