Copyright 1986-2022 Xilinx, Inc. All Rights Reserved. Copyright 2022-2025 Advanced Micro Devices, Inc. All Rights Reserved.
---------------------------------------------------------------------------------------------------------------------------------------------
| Tool Version : Vivado v.2025.2 (lin64) Build 6299465 Fri Nov 14 12:34:56 MST 2025
| Date         : Wed Apr  1 10:24:22 2026
| Host         : pah-PC running 64-bit Ubuntu 24.04.4 LTS
| Command      : report_drc -file cnn_wrapper_drc_routed.rpt -pb cnn_wrapper_drc_routed.pb -rpx cnn_wrapper_drc_routed.rpx
| Design       : cnn_wrapper
| Device       : xczu7ev-ffvc1156-2-e
| Speed File   : -2
| Design State : Fully Routed
---------------------------------------------------------------------------------------------------------------------------------------------

Report DRC

Table of Contents
-----------------
1. REPORT SUMMARY
2. REPORT DETAILS

1. REPORT SUMMARY
-----------------
            Netlist: netlist
          Floorplan: design_1
      Design limits: <entire design considered>
           Ruledeck: default
             Max checks: <unlimited>
             Checks found: 49
+-----------+----------+------------------------+--------+
| Rule      | Severity | Description            | Checks |
+-----------+----------+------------------------+--------+
| DPIP-2    | Warning  | Input pipelining       | 32     |
| DPOP-4    | Warning  | MREG Output pipelining | 16     |
| RTSTAT-10 | Warning  | No routable loads      | 1      |
+-----------+----------+------------------------+--------+

2. REPORT DETAILS
-----------------
DPIP-2#1 Warning
Input pipelining  
DSP u_cnn_accelerator_core/u_computational_array/u_systolic_array/GEN_ROW[0].GEN_COL[0].pe_inst/mac_inst/mul_inst/mult_reg0 input u_cnn_accelerator_core/u_computational_array/u_systolic_array/GEN_ROW[0].GEN_COL[0].pe_inst/mac_inst/mul_inst/mult_reg0/A[29:0] is not pipelined. Pipelining DSP48 input will improve performance.
Related violations: <none>

DPIP-2#2 Warning
Input pipelining  
DSP u_cnn_accelerator_core/u_computational_array/u_systolic_array/GEN_ROW[0].GEN_COL[0].pe_inst/mac_inst/mul_inst/mult_reg0 input u_cnn_accelerator_core/u_computational_array/u_systolic_array/GEN_ROW[0].GEN_COL[0].pe_inst/mac_inst/mul_inst/mult_reg0/B[17:0] is not pipelined. Pipelining DSP48 input will improve performance.
Related violations: <none>

DPIP-2#3 Warning
Input pipelining  
DSP u_cnn_accelerator_core/u_computational_array/u_systolic_array/GEN_ROW[0].GEN_COL[1].pe_inst/mac_inst/mul_inst/mult_reg0 input u_cnn_accelerator_core/u_computational_array/u_systolic_array/GEN_ROW[0].GEN_COL[1].pe_inst/mac_inst/mul_inst/mult_reg0/A[29:0] is not pipelined. Pipelining DSP48 input will improve performance.
Related violations: <none>

DPIP-2#4 Warning
Input pipelining  
DSP u_cnn_accelerator_core/u_computational_array/u_systolic_array/GEN_ROW[0].GEN_COL[1].pe_inst/mac_inst/mul_inst/mult_reg0 input u_cnn_accelerator_core/u_computational_array/u_systolic_array/GEN_ROW[0].GEN_COL[1].pe_inst/mac_inst/mul_inst/mult_reg0/B[17:0] is not pipelined. Pipelining DSP48 input will improve performance.
Related violations: <none>

DPIP-2#5 Warning
Input pipelining  
DSP u_cnn_accelerator_core/u_computational_array/u_systolic_array/GEN_ROW[0].GEN_COL[2].pe_inst/mac_inst/mul_inst/mult_reg0 input u_cnn_accelerator_core/u_computational_array/u_systolic_array/GEN_ROW[0].GEN_COL[2].pe_inst/mac_inst/mul_inst/mult_reg0/A[29:0] is not pipelined. Pipelining DSP48 input will improve performance.
Related violations: <none>

DPIP-2#6 Warning
Input pipelining  
DSP u_cnn_accelerator_core/u_computational_array/u_systolic_array/GEN_ROW[0].GEN_COL[2].pe_inst/mac_inst/mul_inst/mult_reg0 input u_cnn_accelerator_core/u_computational_array/u_systolic_array/GEN_ROW[0].GEN_COL[2].pe_inst/mac_inst/mul_inst/mult_reg0/B[17:0] is not pipelined. Pipelining DSP48 input will improve performance.
Related violations: <none>

DPIP-2#7 Warning
Input pipelining  
DSP u_cnn_accelerator_core/u_computational_array/u_systolic_array/GEN_ROW[0].GEN_COL[3].pe_inst/mac_inst/mul_inst/mult_reg0 input u_cnn_accelerator_core/u_computational_array/u_systolic_array/GEN_ROW[0].GEN_COL[3].pe_inst/mac_inst/mul_inst/mult_reg0/A[29:0] is not pipelined. Pipelining DSP48 input will improve performance.
Related violations: <none>

DPIP-2#8 Warning
Input pipelining  
DSP u_cnn_accelerator_core/u_computational_array/u_systolic_array/GEN_ROW[0].GEN_COL[3].pe_inst/mac_inst/mul_inst/mult_reg0 input u_cnn_accelerator_core/u_computational_array/u_systolic_array/GEN_ROW[0].GEN_COL[3].pe_inst/mac_inst/mul_inst/mult_reg0/B[17:0] is not pipelined. Pipelining DSP48 input will improve performance.
Related violations: <none>

DPIP-2#9 Warning
Input pipelining  
DSP u_cnn_accelerator_core/u_computational_array/u_systolic_array/GEN_ROW[1].GEN_COL[0].pe_inst/mac_inst/mul_inst/mult_reg0 input u_cnn_accelerator_core/u_computational_array/u_systolic_array/GEN_ROW[1].GEN_COL[0].pe_inst/mac_inst/mul_inst/mult_reg0/A[29:0] is not pipelined. Pipelining DSP48 input will improve performance.
Related violations: <none>

DPIP-2#10 Warning
Input pipelining  
DSP u_cnn_accelerator_core/u_computational_array/u_systolic_array/GEN_ROW[1].GEN_COL[0].pe_inst/mac_inst/mul_inst/mult_reg0 input u_cnn_accelerator_core/u_computational_array/u_systolic_array/GEN_ROW[1].GEN_COL[0].pe_inst/mac_inst/mul_inst/mult_reg0/B[17:0] is not pipelined. Pipelining DSP48 input will improve performance.
Related violations: <none>

DPIP-2#11 Warning
Input pipelining  
DSP u_cnn_accelerator_core/u_computational_array/u_systolic_array/GEN_ROW[1].GEN_COL[1].pe_inst/mac_inst/mul_inst/mult_reg0 input u_cnn_accelerator_core/u_computational_array/u_systolic_array/GEN_ROW[1].GEN_COL[1].pe_inst/mac_inst/mul_inst/mult_reg0/A[29:0] is not pipelined. Pipelining DSP48 input will improve performance.
Related violations: <none>

DPIP-2#12 Warning
Input pipelining  
DSP u_cnn_accelerator_core/u_computational_array/u_systolic_array/GEN_ROW[1].GEN_COL[1].pe_inst/mac_inst/mul_inst/mult_reg0 input u_cnn_accelerator_core/u_computational_array/u_systolic_array/GEN_ROW[1].GEN_COL[1].pe_inst/mac_inst/mul_inst/mult_reg0/B[17:0] is not pipelined. Pipelining DSP48 input will improve performance.
Related violations: <none>

DPIP-2#13 Warning
Input pipelining  
DSP u_cnn_accelerator_core/u_computational_array/u_systolic_array/GEN_ROW[1].GEN_COL[2].pe_inst/mac_inst/mul_inst/mult_reg0 input u_cnn_accelerator_core/u_computational_array/u_systolic_array/GEN_ROW[1].GEN_COL[2].pe_inst/mac_inst/mul_inst/mult_reg0/A[29:0] is not pipelined. Pipelining DSP48 input will improve performance.
Related violations: <none>

DPIP-2#14 Warning
Input pipelining  
DSP u_cnn_accelerator_core/u_computational_array/u_systolic_array/GEN_ROW[1].GEN_COL[2].pe_inst/mac_inst/mul_inst/mult_reg0 input u_cnn_accelerator_core/u_computational_array/u_systolic_array/GEN_ROW[1].GEN_COL[2].pe_inst/mac_inst/mul_inst/mult_reg0/B[17:0] is not pipelined. Pipelining DSP48 input will improve performance.
Related violations: <none>

DPIP-2#15 Warning
Input pipelining  
DSP u_cnn_accelerator_core/u_computational_array/u_systolic_array/GEN_ROW[1].GEN_COL[3].pe_inst/mac_inst/mul_inst/mult_reg0 input u_cnn_accelerator_core/u_computational_array/u_systolic_array/GEN_ROW[1].GEN_COL[3].pe_inst/mac_inst/mul_inst/mult_reg0/A[29:0] is not pipelined. Pipelining DSP48 input will improve performance.
Related violations: <none>

DPIP-2#16 Warning
Input pipelining  
DSP u_cnn_accelerator_core/u_computational_array/u_systolic_array/GEN_ROW[1].GEN_COL[3].pe_inst/mac_inst/mul_inst/mult_reg0 input u_cnn_accelerator_core/u_computational_array/u_systolic_array/GEN_ROW[1].GEN_COL[3].pe_inst/mac_inst/mul_inst/mult_reg0/B[17:0] is not pipelined. Pipelining DSP48 input will improve performance.
Related violations: <none>

DPIP-2#17 Warning
Input pipelining  
DSP u_cnn_accelerator_core/u_computational_array/u_systolic_array/GEN_ROW[2].GEN_COL[0].pe_inst/mac_inst/mul_inst/mult_reg0 input u_cnn_accelerator_core/u_computational_array/u_systolic_array/GEN_ROW[2].GEN_COL[0].pe_inst/mac_inst/mul_inst/mult_reg0/A[29:0] is not pipelined. Pipelining DSP48 input will improve performance.
Related violations: <none>

DPIP-2#18 Warning
Input pipelining  
DSP u_cnn_accelerator_core/u_computational_array/u_systolic_array/GEN_ROW[2].GEN_COL[0].pe_inst/mac_inst/mul_inst/mult_reg0 input u_cnn_accelerator_core/u_computational_array/u_systolic_array/GEN_ROW[2].GEN_COL[0].pe_inst/mac_inst/mul_inst/mult_reg0/B[17:0] is not pipelined. Pipelining DSP48 input will improve performance.
Related violations: <none>

DPIP-2#19 Warning
Input pipelining  
DSP u_cnn_accelerator_core/u_computational_array/u_systolic_array/GEN_ROW[2].GEN_COL[1].pe_inst/mac_inst/mul_inst/mult_reg0 input u_cnn_accelerator_core/u_computational_array/u_systolic_array/GEN_ROW[2].GEN_COL[1].pe_inst/mac_inst/mul_inst/mult_reg0/A[29:0] is not pipelined. Pipelining DSP48 input will improve performance.
Related violations: <none>

DPIP-2#20 Warning
Input pipelining  
DSP u_cnn_accelerator_core/u_computational_array/u_systolic_array/GEN_ROW[2].GEN_COL[1].pe_inst/mac_inst/mul_inst/mult_reg0 input u_cnn_accelerator_core/u_computational_array/u_systolic_array/GEN_ROW[2].GEN_COL[1].pe_inst/mac_inst/mul_inst/mult_reg0/B[17:0] is not pipelined. Pipelining DSP48 input will improve performance.
Related violations: <none>

DPIP-2#21 Warning
Input pipelining  
DSP u_cnn_accelerator_core/u_computational_array/u_systolic_array/GEN_ROW[2].GEN_COL[2].pe_inst/mac_inst/mul_inst/mult_reg0 input u_cnn_accelerator_core/u_computational_array/u_systolic_array/GEN_ROW[2].GEN_COL[2].pe_inst/mac_inst/mul_inst/mult_reg0/A[29:0] is not pipelined. Pipelining DSP48 input will improve performance.
Related violations: <none>

DPIP-2#22 Warning
Input pipelining  
DSP u_cnn_accelerator_core/u_computational_array/u_systolic_array/GEN_ROW[2].GEN_COL[2].pe_inst/mac_inst/mul_inst/mult_reg0 input u_cnn_accelerator_core/u_computational_array/u_systolic_array/GEN_ROW[2].GEN_COL[2].pe_inst/mac_inst/mul_inst/mult_reg0/B[17:0] is not pipelined. Pipelining DSP48 input will improve performance.
Related violations: <none>

DPIP-2#23 Warning
Input pipelining  
DSP u_cnn_accelerator_core/u_computational_array/u_systolic_array/GEN_ROW[2].GEN_COL[3].pe_inst/mac_inst/mul_inst/mult_reg0 input u_cnn_accelerator_core/u_computational_array/u_systolic_array/GEN_ROW[2].GEN_COL[3].pe_inst/mac_inst/mul_inst/mult_reg0/A[29:0] is not pipelined. Pipelining DSP48 input will improve performance.
Related violations: <none>

DPIP-2#24 Warning
Input pipelining  
DSP u_cnn_accelerator_core/u_computational_array/u_systolic_array/GEN_ROW[2].GEN_COL[3].pe_inst/mac_inst/mul_inst/mult_reg0 input u_cnn_accelerator_core/u_computational_array/u_systolic_array/GEN_ROW[2].GEN_COL[3].pe_inst/mac_inst/mul_inst/mult_reg0/B[17:0] is not pipelined. Pipelining DSP48 input will improve performance.
Related violations: <none>

DPIP-2#25 Warning
Input pipelining  
DSP u_cnn_accelerator_core/u_computational_array/u_systolic_array/GEN_ROW[3].GEN_COL[0].pe_inst/mac_inst/mul_inst/mult_reg0 input u_cnn_accelerator_core/u_computational_array/u_systolic_array/GEN_ROW[3].GEN_COL[0].pe_inst/mac_inst/mul_inst/mult_reg0/A[29:0] is not pipelined. Pipelining DSP48 input will improve performance.
Related violations: <none>

DPIP-2#26 Warning
Input pipelining  
DSP u_cnn_accelerator_core/u_computational_array/u_systolic_array/GEN_ROW[3].GEN_COL[0].pe_inst/mac_inst/mul_inst/mult_reg0 input u_cnn_accelerator_core/u_computational_array/u_systolic_array/GEN_ROW[3].GEN_COL[0].pe_inst/mac_inst/mul_inst/mult_reg0/B[17:0] is not pipelined. Pipelining DSP48 input will improve performance.
Related violations: <none>

DPIP-2#27 Warning
Input pipelining  
DSP u_cnn_accelerator_core/u_computational_array/u_systolic_array/GEN_ROW[3].GEN_COL[1].pe_inst/mac_inst/mul_inst/mult_reg0 input u_cnn_accelerator_core/u_computational_array/u_systolic_array/GEN_ROW[3].GEN_COL[1].pe_inst/mac_inst/mul_inst/mult_reg0/A[29:0] is not pipelined. Pipelining DSP48 input will improve performance.
Related violations: <none>

DPIP-2#28 Warning
Input pipelining  
DSP u_cnn_accelerator_core/u_computational_array/u_systolic_array/GEN_ROW[3].GEN_COL[1].pe_inst/mac_inst/mul_inst/mult_reg0 input u_cnn_accelerator_core/u_computational_array/u_systolic_array/GEN_ROW[3].GEN_COL[1].pe_inst/mac_inst/mul_inst/mult_reg0/B[17:0] is not pipelined. Pipelining DSP48 input will improve performance.
Related violations: <none>

DPIP-2#29 Warning
Input pipelining  
DSP u_cnn_accelerator_core/u_computational_array/u_systolic_array/GEN_ROW[3].GEN_COL[2].pe_inst/mac_inst/mul_inst/mult_reg0 input u_cnn_accelerator_core/u_computational_array/u_systolic_array/GEN_ROW[3].GEN_COL[2].pe_inst/mac_inst/mul_inst/mult_reg0/A[29:0] is not pipelined. Pipelining DSP48 input will improve performance.
Related violations: <none>

DPIP-2#30 Warning
Input pipelining  
DSP u_cnn_accelerator_core/u_computational_array/u_systolic_array/GEN_ROW[3].GEN_COL[2].pe_inst/mac_inst/mul_inst/mult_reg0 input u_cnn_accelerator_core/u_computational_array/u_systolic_array/GEN_ROW[3].GEN_COL[2].pe_inst/mac_inst/mul_inst/mult_reg0/B[17:0] is not pipelined. Pipelining DSP48 input will improve performance.
Related violations: <none>

DPIP-2#31 Warning
Input pipelining  
DSP u_cnn_accelerator_core/u_computational_array/u_systolic_array/GEN_ROW[3].GEN_COL[3].pe_inst/mac_inst/mul_inst/mult_reg0 input u_cnn_accelerator_core/u_computational_array/u_systolic_array/GEN_ROW[3].GEN_COL[3].pe_inst/mac_inst/mul_inst/mult_reg0/A[29:0] is not pipelined. Pipelining DSP48 input will improve performance.
Related violations: <none>

DPIP-2#32 Warning
Input pipelining  
DSP u_cnn_accelerator_core/u_computational_array/u_systolic_array/GEN_ROW[3].GEN_COL[3].pe_inst/mac_inst/mul_inst/mult_reg0 input u_cnn_accelerator_core/u_computational_array/u_systolic_array/GEN_ROW[3].GEN_COL[3].pe_inst/mac_inst/mul_inst/mult_reg0/B[17:0] is not pipelined. Pipelining DSP48 input will improve performance.
Related violations: <none>

DPOP-4#1 Warning
MREG Output pipelining  
DSP u_cnn_accelerator_core/u_computational_array/u_systolic_array/GEN_ROW[0].GEN_COL[0].pe_inst/mac_inst/mul_inst/mult_reg0 multiplier stage u_cnn_accelerator_core/u_computational_array/u_systolic_array/GEN_ROW[0].GEN_COL[0].pe_inst/mac_inst/mul_inst/mult_reg0/P[47:0] is not pipelined (MREG=0). Pipelining the multiplier function will improve performance and will save significant power so it is suggested whenever possible to fully pipeline this function.  If this multiplier was inferred, it is suggested to describe an additional register stage after this function.  If there is no registered adder/accumulator following the multiply function, two pipeline stages are suggested to allow both the MREG and PREG registers to be used.  If the DSP48 was instantiated in the design, it is suggested to set both the MREG and PREG attributes to 1 when performing multiply functions.
Related violations: <none>

DPOP-4#2 Warning
MREG Output pipelining  
DSP u_cnn_accelerator_core/u_computational_array/u_systolic_array/GEN_ROW[0].GEN_COL[1].pe_inst/mac_inst/mul_inst/mult_reg0 multiplier stage u_cnn_accelerator_core/u_computational_array/u_systolic_array/GEN_ROW[0].GEN_COL[1].pe_inst/mac_inst/mul_inst/mult_reg0/P[47:0] is not pipelined (MREG=0). Pipelining the multiplier function will improve performance and will save significant power so it is suggested whenever possible to fully pipeline this function.  If this multiplier was inferred, it is suggested to describe an additional register stage after this function.  If there is no registered adder/accumulator following the multiply function, two pipeline stages are suggested to allow both the MREG and PREG registers to be used.  If the DSP48 was instantiated in the design, it is suggested to set both the MREG and PREG attributes to 1 when performing multiply functions.
Related violations: <none>

DPOP-4#3 Warning
MREG Output pipelining  
DSP u_cnn_accelerator_core/u_computational_array/u_systolic_array/GEN_ROW[0].GEN_COL[2].pe_inst/mac_inst/mul_inst/mult_reg0 multiplier stage u_cnn_accelerator_core/u_computational_array/u_systolic_array/GEN_ROW[0].GEN_COL[2].pe_inst/mac_inst/mul_inst/mult_reg0/P[47:0] is not pipelined (MREG=0). Pipelining the multiplier function will improve performance and will save significant power so it is suggested whenever possible to fully pipeline this function.  If this multiplier was inferred, it is suggested to describe an additional register stage after this function.  If there is no registered adder/accumulator following the multiply function, two pipeline stages are suggested to allow both the MREG and PREG registers to be used.  If the DSP48 was instantiated in the design, it is suggested to set both the MREG and PREG attributes to 1 when performing multiply functions.
Related violations: <none>

DPOP-4#4 Warning
MREG Output pipelining  
DSP u_cnn_accelerator_core/u_computational_array/u_systolic_array/GEN_ROW[0].GEN_COL[3].pe_inst/mac_inst/mul_inst/mult_reg0 multiplier stage u_cnn_accelerator_core/u_computational_array/u_systolic_array/GEN_ROW[0].GEN_COL[3].pe_inst/mac_inst/mul_inst/mult_reg0/P[47:0] is not pipelined (MREG=0). Pipelining the multiplier function will improve performance and will save significant power so it is suggested whenever possible to fully pipeline this function.  If this multiplier was inferred, it is suggested to describe an additional register stage after this function.  If there is no registered adder/accumulator following the multiply function, two pipeline stages are suggested to allow both the MREG and PREG registers to be used.  If the DSP48 was instantiated in the design, it is suggested to set both the MREG and PREG attributes to 1 when performing multiply functions.
Related violations: <none>

DPOP-4#5 Warning
MREG Output pipelining  
DSP u_cnn_accelerator_core/u_computational_array/u_systolic_array/GEN_ROW[1].GEN_COL[0].pe_inst/mac_inst/mul_inst/mult_reg0 multiplier stage u_cnn_accelerator_core/u_computational_array/u_systolic_array/GEN_ROW[1].GEN_COL[0].pe_inst/mac_inst/mul_inst/mult_reg0/P[47:0] is not pipelined (MREG=0). Pipelining the multiplier function will improve performance and will save significant power so it is suggested whenever possible to fully pipeline this function.  If this multiplier was inferred, it is suggested to describe an additional register stage after this function.  If there is no registered adder/accumulator following the multiply function, two pipeline stages are suggested to allow both the MREG and PREG registers to be used.  If the DSP48 was instantiated in the design, it is suggested to set both the MREG and PREG attributes to 1 when performing multiply functions.
Related violations: <none>

DPOP-4#6 Warning
MREG Output pipelining  
DSP u_cnn_accelerator_core/u_computational_array/u_systolic_array/GEN_ROW[1].GEN_COL[1].pe_inst/mac_inst/mul_inst/mult_reg0 multiplier stage u_cnn_accelerator_core/u_computational_array/u_systolic_array/GEN_ROW[1].GEN_COL[1].pe_inst/mac_inst/mul_inst/mult_reg0/P[47:0] is not pipelined (MREG=0). Pipelining the multiplier function will improve performance and will save significant power so it is suggested whenever possible to fully pipeline this function.  If this multiplier was inferred, it is suggested to describe an additional register stage after this function.  If there is no registered adder/accumulator following the multiply function, two pipeline stages are suggested to allow both the MREG and PREG registers to be used.  If the DSP48 was instantiated in the design, it is suggested to set both the MREG and PREG attributes to 1 when performing multiply functions.
Related violations: <none>

DPOP-4#7 Warning
MREG Output pipelining  
DSP u_cnn_accelerator_core/u_computational_array/u_systolic_array/GEN_ROW[1].GEN_COL[2].pe_inst/mac_inst/mul_inst/mult_reg0 multiplier stage u_cnn_accelerator_core/u_computational_array/u_systolic_array/GEN_ROW[1].GEN_COL[2].pe_inst/mac_inst/mul_inst/mult_reg0/P[47:0] is not pipelined (MREG=0). Pipelining the multiplier function will improve performance and will save significant power so it is suggested whenever possible to fully pipeline this function.  If this multiplier was inferred, it is suggested to describe an additional register stage after this function.  If there is no registered adder/accumulator following the multiply function, two pipeline stages are suggested to allow both the MREG and PREG registers to be used.  If the DSP48 was instantiated in the design, it is suggested to set both the MREG and PREG attributes to 1 when performing multiply functions.
Related violations: <none>

DPOP-4#8 Warning
MREG Output pipelining  
DSP u_cnn_accelerator_core/u_computational_array/u_systolic_array/GEN_ROW[1].GEN_COL[3].pe_inst/mac_inst/mul_inst/mult_reg0 multiplier stage u_cnn_accelerator_core/u_computational_array/u_systolic_array/GEN_ROW[1].GEN_COL[3].pe_inst/mac_inst/mul_inst/mult_reg0/P[47:0] is not pipelined (MREG=0). Pipelining the multiplier function will improve performance and will save significant power so it is suggested whenever possible to fully pipeline this function.  If this multiplier was inferred, it is suggested to describe an additional register stage after this function.  If there is no registered adder/accumulator following the multiply function, two pipeline stages are suggested to allow both the MREG and PREG registers to be used.  If the DSP48 was instantiated in the design, it is suggested to set both the MREG and PREG attributes to 1 when performing multiply functions.
Related violations: <none>

DPOP-4#9 Warning
MREG Output pipelining  
DSP u_cnn_accelerator_core/u_computational_array/u_systolic_array/GEN_ROW[2].GEN_COL[0].pe_inst/mac_inst/mul_inst/mult_reg0 multiplier stage u_cnn_accelerator_core/u_computational_array/u_systolic_array/GEN_ROW[2].GEN_COL[0].pe_inst/mac_inst/mul_inst/mult_reg0/P[47:0] is not pipelined (MREG=0). Pipelining the multiplier function will improve performance and will save significant power so it is suggested whenever possible to fully pipeline this function.  If this multiplier was inferred, it is suggested to describe an additional register stage after this function.  If there is no registered adder/accumulator following the multiply function, two pipeline stages are suggested to allow both the MREG and PREG registers to be used.  If the DSP48 was instantiated in the design, it is suggested to set both the MREG and PREG attributes to 1 when performing multiply functions.
Related violations: <none>

DPOP-4#10 Warning
MREG Output pipelining  
DSP u_cnn_accelerator_core/u_computational_array/u_systolic_array/GEN_ROW[2].GEN_COL[1].pe_inst/mac_inst/mul_inst/mult_reg0 multiplier stage u_cnn_accelerator_core/u_computational_array/u_systolic_array/GEN_ROW[2].GEN_COL[1].pe_inst/mac_inst/mul_inst/mult_reg0/P[47:0] is not pipelined (MREG=0). Pipelining the multiplier function will improve performance and will save significant power so it is suggested whenever possible to fully pipeline this function.  If this multiplier was inferred, it is suggested to describe an additional register stage after this function.  If there is no registered adder/accumulator following the multiply function, two pipeline stages are suggested to allow both the MREG and PREG registers to be used.  If the DSP48 was instantiated in the design, it is suggested to set both the MREG and PREG attributes to 1 when performing multiply functions.
Related violations: <none>

DPOP-4#11 Warning
MREG Output pipelining  
DSP u_cnn_accelerator_core/u_computational_array/u_systolic_array/GEN_ROW[2].GEN_COL[2].pe_inst/mac_inst/mul_inst/mult_reg0 multiplier stage u_cnn_accelerator_core/u_computational_array/u_systolic_array/GEN_ROW[2].GEN_COL[2].pe_inst/mac_inst/mul_inst/mult_reg0/P[47:0] is not pipelined (MREG=0). Pipelining the multiplier function will improve performance and will save significant power so it is suggested whenever possible to fully pipeline this function.  If this multiplier was inferred, it is suggested to describe an additional register stage after this function.  If there is no registered adder/accumulator following the multiply function, two pipeline stages are suggested to allow both the MREG and PREG registers to be used.  If the DSP48 was instantiated in the design, it is suggested to set both the MREG and PREG attributes to 1 when performing multiply functions.
Related violations: <none>

DPOP-4#12 Warning
MREG Output pipelining  
DSP u_cnn_accelerator_core/u_computational_array/u_systolic_array/GEN_ROW[2].GEN_COL[3].pe_inst/mac_inst/mul_inst/mult_reg0 multiplier stage u_cnn_accelerator_core/u_computational_array/u_systolic_array/GEN_ROW[2].GEN_COL[3].pe_inst/mac_inst/mul_inst/mult_reg0/P[47:0] is not pipelined (MREG=0). Pipelining the multiplier function will improve performance and will save significant power so it is suggested whenever possible to fully pipeline this function.  If this multiplier was inferred, it is suggested to describe an additional register stage after this function.  If there is no registered adder/accumulator following the multiply function, two pipeline stages are suggested to allow both the MREG and PREG registers to be used.  If the DSP48 was instantiated in the design, it is suggested to set both the MREG and PREG attributes to 1 when performing multiply functions.
Related violations: <none>

DPOP-4#13 Warning
MREG Output pipelining  
DSP u_cnn_accelerator_core/u_computational_array/u_systolic_array/GEN_ROW[3].GEN_COL[0].pe_inst/mac_inst/mul_inst/mult_reg0 multiplier stage u_cnn_accelerator_core/u_computational_array/u_systolic_array/GEN_ROW[3].GEN_COL[0].pe_inst/mac_inst/mul_inst/mult_reg0/P[47:0] is not pipelined (MREG=0). Pipelining the multiplier function will improve performance and will save significant power so it is suggested whenever possible to fully pipeline this function.  If this multiplier was inferred, it is suggested to describe an additional register stage after this function.  If there is no registered adder/accumulator following the multiply function, two pipeline stages are suggested to allow both the MREG and PREG registers to be used.  If the DSP48 was instantiated in the design, it is suggested to set both the MREG and PREG attributes to 1 when performing multiply functions.
Related violations: <none>

DPOP-4#14 Warning
MREG Output pipelining  
DSP u_cnn_accelerator_core/u_computational_array/u_systolic_array/GEN_ROW[3].GEN_COL[1].pe_inst/mac_inst/mul_inst/mult_reg0 multiplier stage u_cnn_accelerator_core/u_computational_array/u_systolic_array/GEN_ROW[3].GEN_COL[1].pe_inst/mac_inst/mul_inst/mult_reg0/P[47:0] is not pipelined (MREG=0). Pipelining the multiplier function will improve performance and will save significant power so it is suggested whenever possible to fully pipeline this function.  If this multiplier was inferred, it is suggested to describe an additional register stage after this function.  If there is no registered adder/accumulator following the multiply function, two pipeline stages are suggested to allow both the MREG and PREG registers to be used.  If the DSP48 was instantiated in the design, it is suggested to set both the MREG and PREG attributes to 1 when performing multiply functions.
Related violations: <none>

DPOP-4#15 Warning
MREG Output pipelining  
DSP u_cnn_accelerator_core/u_computational_array/u_systolic_array/GEN_ROW[3].GEN_COL[2].pe_inst/mac_inst/mul_inst/mult_reg0 multiplier stage u_cnn_accelerator_core/u_computational_array/u_systolic_array/GEN_ROW[3].GEN_COL[2].pe_inst/mac_inst/mul_inst/mult_reg0/P[47:0] is not pipelined (MREG=0). Pipelining the multiplier function will improve performance and will save significant power so it is suggested whenever possible to fully pipeline this function.  If this multiplier was inferred, it is suggested to describe an additional register stage after this function.  If there is no registered adder/accumulator following the multiply function, two pipeline stages are suggested to allow both the MREG and PREG registers to be used.  If the DSP48 was instantiated in the design, it is suggested to set both the MREG and PREG attributes to 1 when performing multiply functions.
Related violations: <none>

DPOP-4#16 Warning
MREG Output pipelining  
DSP u_cnn_accelerator_core/u_computational_array/u_systolic_array/GEN_ROW[3].GEN_COL[3].pe_inst/mac_inst/mul_inst/mult_reg0 multiplier stage u_cnn_accelerator_core/u_computational_array/u_systolic_array/GEN_ROW[3].GEN_COL[3].pe_inst/mac_inst/mul_inst/mult_reg0/P[47:0] is not pipelined (MREG=0). Pipelining the multiplier function will improve performance and will save significant power so it is suggested whenever possible to fully pipeline this function.  If this multiplier was inferred, it is suggested to describe an additional register stage after this function.  If there is no registered adder/accumulator following the multiply function, two pipeline stages are suggested to allow both the MREG and PREG registers to be used.  If the DSP48 was instantiated in the design, it is suggested to set both the MREG and PREG attributes to 1 when performing multiply functions.
Related violations: <none>

RTSTAT-10#1 Warning
No routable loads  
561 net(s) have no routable loads. The problem bus(es) and/or net(s) are u_cnn_accelerator_core/u_controller/busy_o
u_cnn_accelerator_core/u_output_buffer/out_buf_rd_data_o[559:0].
Related violations: <none>


