
*** Running vivado
    with args -log design_1_tpu_zybo_0_0.vds -m64 -product Vivado -mode batch -messageDb vivado.pb -notrace -source design_1_tpu_zybo_0_0.tcl


****** Vivado v2025.2 (64-bit)
  **** SW Build 6299465 on Fri Nov 14 12:34:56 MST 2025
  **** IP Build 6300035 on Fri Nov 14 10:48:45 MST 2025
  **** SharedData Build 6298862 on Thu Nov 13 04:50:51 MST 2025
  **** Start of session at: Fri May 22 23:30:11 2026
    ** Copyright 1986-2022 Xilinx, Inc. All Rights Reserved.
    ** Copyright 2022-2025 Advanced Micro Devices, Inc. All Rights Reserved.

source design_1_tpu_zybo_0_0.tcl -notrace
INFO: [IP_Flow 19-234] Refreshing IP repositories
INFO: [IP_Flow 19-1700] Loaded user IP repository '/home/pah/fpga_cnn_accelerator/FPGA-based-CNN-Accelerator-for-autonomous-vehicles/src/ip'.
INFO: [IP_Flow 19-1700] Loaded user IP repository '/home/pah/fpga_cnn_accelerator/FPGA-based-CNN-Accelerator-for-autonomous-vehicles/src/ip_repo'.
INFO: [IP_Flow 19-2313] Loaded Vivado IP repository '/home/pah/tools/Xilinx_20252/2025.2/data/ip'.
Command: synth_design -top design_1_tpu_zybo_0_0 -part xc7z010clg400-1 -incremental_mode off -mode out_of_context
Starting synth_design
Attempting to get a license for feature 'Synthesis' and/or device 'xc7z010'
INFO: [Common 17-349] Got license for feature 'Synthesis' and/or device 'xc7z010'
INFO: [Device 21-403] Loading part xc7z010clg400-1
INFO: [Synth 8-7079] Multithreading enabled for synth_design using a maximum of 7 processes.
INFO: [Synth 8-7078] Launching helper process for spawning children vivado processes
INFO: [Synth 8-7075] Helper process launched with PID 3028385
---------------------------------------------------------------------------------
Starting RTL Elaboration : Time (s): cpu = 00:00:03 ; elapsed = 00:00:03 . Memory (MB): peak = 2281.980 ; gain = 485.156 ; free physical = 7717 ; free virtual = 34620
---------------------------------------------------------------------------------
INFO: [Synth 8-6157] synthesizing module 'design_1_tpu_zybo_0_0' [/home/pah/fpga_cnn_accelerator/FPGA-based-CNN-Accelerator-for-autonomous-vehicles/src/synth/tpu_mnist_zyboz7/tpu_mnist_zyboz7.gen/sources_1/bd/design_1/ip/design_1_tpu_zybo_0_0/synth/design_1_tpu_zybo_0_0.sv:53]
INFO: [Synth 8-6157] synthesizing module 'tpu_top_axi_lite' [/home/pah/fpga_cnn_accelerator/FPGA-based-CNN-Accelerator-for-autonomous-vehicles/src/synth/tpu_mnist_zyboz7/tpu_mnist_zyboz7.gen/sources_1/bd/design_1/ipshared/38af/src/tpu_top_axi_lite.sv:4]
INFO: [Synth 8-294] found qualifier unique on case statement: implementing as parallel_case [/home/pah/fpga_cnn_accelerator/FPGA-based-CNN-Accelerator-for-autonomous-vehicles/src/synth/tpu_mnist_zyboz7/tpu_mnist_zyboz7.gen/sources_1/bd/design_1/ipshared/38af/src/tpu_top_axi_lite.sv:141]
INFO: [Synth 8-6157] synthesizing module 'tpu_top' [/home/pah/fpga_cnn_accelerator/FPGA-based-CNN-Accelerator-for-autonomous-vehicles/src/synth/tpu_mnist_zyboz7/tpu_mnist_zyboz7.gen/sources_1/bd/design_1/ipshared/38af/src/tpu_top.sv:6]
INFO: [Synth 8-294] found qualifier unique on case statement: implementing as parallel_case [/home/pah/fpga_cnn_accelerator/FPGA-based-CNN-Accelerator-for-autonomous-vehicles/src/synth/tpu_mnist_zyboz7/tpu_mnist_zyboz7.gen/sources_1/bd/design_1/ipshared/38af/src/tpu_top.sv:184]
INFO: [Synth 8-294] found qualifier unique on case statement: implementing as parallel_case [/home/pah/fpga_cnn_accelerator/FPGA-based-CNN-Accelerator-for-autonomous-vehicles/src/synth/tpu_mnist_zyboz7/tpu_mnist_zyboz7.gen/sources_1/bd/design_1/ipshared/38af/src/tpu_top.sv:211]
INFO: [Synth 8-6157] synthesizing module 'unified_buffer' [/home/pah/fpga_cnn_accelerator/FPGA-based-CNN-Accelerator-for-autonomous-vehicles/src/synth/tpu_mnist_zyboz7/tpu_mnist_zyboz7.gen/sources_1/bd/design_1/ipshared/38af/src/unified_buffer.sv:4]
INFO: [Synth 8-6155] done synthesizing module 'unified_buffer' (0#1) [/home/pah/fpga_cnn_accelerator/FPGA-based-CNN-Accelerator-for-autonomous-vehicles/src/synth/tpu_mnist_zyboz7/tpu_mnist_zyboz7.gen/sources_1/bd/design_1/ipshared/38af/src/unified_buffer.sv:4]
INFO: [Synth 8-6157] synthesizing module 'tpu_controller_rom_layer' [/home/pah/fpga_cnn_accelerator/FPGA-based-CNN-Accelerator-for-autonomous-vehicles/src/synth/tpu_mnist_zyboz7/tpu_mnist_zyboz7.gen/sources_1/bd/design_1/ipshared/38af/src/tpu_controller_rom_layer.sv:6]
INFO: [Synth 8-6157] synthesizing module 'layer_descriptor_rom' [/home/pah/fpga_cnn_accelerator/FPGA-based-CNN-Accelerator-for-autonomous-vehicles/src/synth/tpu_mnist_zyboz7/tpu_mnist_zyboz7.gen/sources_1/bd/design_1/ipshared/38af/src/layer_descriptor_rom.sv:6]
INFO: [Synth 8-294] found qualifier unique on case statement: implementing as parallel_case [/home/pah/fpga_cnn_accelerator/FPGA-based-CNN-Accelerator-for-autonomous-vehicles/src/synth/tpu_mnist_zyboz7/tpu_mnist_zyboz7.gen/sources_1/bd/design_1/ipshared/38af/src/layer_descriptor_rom.sv:53]
INFO: [Synth 8-226] default block is never used [/home/pah/fpga_cnn_accelerator/FPGA-based-CNN-Accelerator-for-autonomous-vehicles/src/synth/tpu_mnist_zyboz7/tpu_mnist_zyboz7.gen/sources_1/bd/design_1/ipshared/38af/src/layer_descriptor_rom.sv:53]
INFO: [Synth 8-6155] done synthesizing module 'layer_descriptor_rom' (0#1) [/home/pah/fpga_cnn_accelerator/FPGA-based-CNN-Accelerator-for-autonomous-vehicles/src/synth/tpu_mnist_zyboz7/tpu_mnist_zyboz7.gen/sources_1/bd/design_1/ipshared/38af/src/layer_descriptor_rom.sv:6]
INFO: [Synth 8-6157] synthesizing module 'tpu_controller_rom_kloop' [/home/pah/fpga_cnn_accelerator/FPGA-based-CNN-Accelerator-for-autonomous-vehicles/src/synth/tpu_mnist_zyboz7/tpu_mnist_zyboz7.gen/sources_1/bd/design_1/ipshared/38af/src/tpu_controller_rom_kloop.sv:6]
INFO: [Synth 8-6157] synthesizing module 'weight_rom' [/home/pah/fpga_cnn_accelerator/FPGA-based-CNN-Accelerator-for-autonomous-vehicles/src/synth/tpu_mnist_zyboz7/tpu_mnist_zyboz7.gen/sources_1/bd/design_1/ipshared/38af/src/weight_rom.sv:4]
INFO: [Synth 8-3876] $readmem data file 'small_cnn_sym_weights_i8.mem' is read successfully [/home/pah/fpga_cnn_accelerator/FPGA-based-CNN-Accelerator-for-autonomous-vehicles/src/synth/tpu_mnist_zyboz7/tpu_mnist_zyboz7.gen/sources_1/bd/design_1/ipshared/38af/src/weight_rom.sv:22]
INFO: [Synth 8-6155] done synthesizing module 'weight_rom' (0#1) [/home/pah/fpga_cnn_accelerator/FPGA-based-CNN-Accelerator-for-autonomous-vehicles/src/synth/tpu_mnist_zyboz7/tpu_mnist_zyboz7.gen/sources_1/bd/design_1/ipshared/38af/src/weight_rom.sv:4]
INFO: [Synth 8-6157] synthesizing module 'bias_rom' [/home/pah/fpga_cnn_accelerator/FPGA-based-CNN-Accelerator-for-autonomous-vehicles/src/synth/tpu_mnist_zyboz7/tpu_mnist_zyboz7.gen/sources_1/bd/design_1/ipshared/38af/src/bias_rom.sv:4]
INFO: [Synth 8-3876] $readmem data file 'small_cnn_sym_biases_i32.mem' is read successfully [/home/pah/fpga_cnn_accelerator/FPGA-based-CNN-Accelerator-for-autonomous-vehicles/src/synth/tpu_mnist_zyboz7/tpu_mnist_zyboz7.gen/sources_1/bd/design_1/ipshared/38af/src/bias_rom.sv:22]
INFO: [Synth 8-6155] done synthesizing module 'bias_rom' (0#1) [/home/pah/fpga_cnn_accelerator/FPGA-based-CNN-Accelerator-for-autonomous-vehicles/src/synth/tpu_mnist_zyboz7/tpu_mnist_zyboz7.gen/sources_1/bd/design_1/ipshared/38af/src/bias_rom.sv:4]
INFO: [Synth 8-6157] synthesizing module 'requant_mult_rom' [/home/pah/fpga_cnn_accelerator/FPGA-based-CNN-Accelerator-for-autonomous-vehicles/src/synth/tpu_mnist_zyboz7/tpu_mnist_zyboz7.gen/sources_1/bd/design_1/ipshared/38af/src/requant_mult_rom.sv:4]
INFO: [Synth 8-3876] $readmem data file 'small_cnn_sym_requant_mult_i32.mem' is read successfully [/home/pah/fpga_cnn_accelerator/FPGA-based-CNN-Accelerator-for-autonomous-vehicles/src/synth/tpu_mnist_zyboz7/tpu_mnist_zyboz7.gen/sources_1/bd/design_1/ipshared/38af/src/requant_mult_rom.sv:22]
INFO: [Synth 8-6155] done synthesizing module 'requant_mult_rom' (0#1) [/home/pah/fpga_cnn_accelerator/FPGA-based-CNN-Accelerator-for-autonomous-vehicles/src/synth/tpu_mnist_zyboz7/tpu_mnist_zyboz7.gen/sources_1/bd/design_1/ipshared/38af/src/requant_mult_rom.sv:4]
INFO: [Synth 8-6157] synthesizing module 'requant_shift_rom' [/home/pah/fpga_cnn_accelerator/FPGA-based-CNN-Accelerator-for-autonomous-vehicles/src/synth/tpu_mnist_zyboz7/tpu_mnist_zyboz7.gen/sources_1/bd/design_1/ipshared/38af/src/requant_shift_rom.sv:4]
INFO: [Synth 8-3876] $readmem data file 'small_cnn_sym_requant_shift_u6.mem' is read successfully [/home/pah/fpga_cnn_accelerator/FPGA-based-CNN-Accelerator-for-autonomous-vehicles/src/synth/tpu_mnist_zyboz7/tpu_mnist_zyboz7.gen/sources_1/bd/design_1/ipshared/38af/src/requant_shift_rom.sv:22]
INFO: [Synth 8-6155] done synthesizing module 'requant_shift_rom' (0#1) [/home/pah/fpga_cnn_accelerator/FPGA-based-CNN-Accelerator-for-autonomous-vehicles/src/synth/tpu_mnist_zyboz7/tpu_mnist_zyboz7.gen/sources_1/bd/design_1/ipshared/38af/src/requant_shift_rom.sv:4]
INFO: [Synth 8-6157] synthesizing module 'conv_fc_address_generator' [/home/pah/fpga_cnn_accelerator/FPGA-based-CNN-Accelerator-for-autonomous-vehicles/src/synth/tpu_mnist_zyboz7/tpu_mnist_zyboz7.gen/sources_1/bd/design_1/ipshared/38af/src/conv_fc_address_generator.sv:4]
INFO: [Synth 8-294] found qualifier unique on case statement: implementing as parallel_case [/home/pah/fpga_cnn_accelerator/FPGA-based-CNN-Accelerator-for-autonomous-vehicles/src/synth/tpu_mnist_zyboz7/tpu_mnist_zyboz7.gen/sources_1/bd/design_1/ipshared/38af/src/conv_fc_address_generator.sv:144]
INFO: [Synth 8-294] found qualifier unique on case statement: implementing as parallel_case [/home/pah/fpga_cnn_accelerator/FPGA-based-CNN-Accelerator-for-autonomous-vehicles/src/synth/tpu_mnist_zyboz7/tpu_mnist_zyboz7.gen/sources_1/bd/design_1/ipshared/38af/src/conv_fc_address_generator.sv:205]
INFO: [Synth 8-294] found qualifier unique on case statement: implementing as parallel_case [/home/pah/fpga_cnn_accelerator/FPGA-based-CNN-Accelerator-for-autonomous-vehicles/src/synth/tpu_mnist_zyboz7/tpu_mnist_zyboz7.gen/sources_1/bd/design_1/ipshared/38af/src/conv_fc_address_generator.sv:205]
INFO: [Synth 8-294] found qualifier unique on case statement: implementing as parallel_case [/home/pah/fpga_cnn_accelerator/FPGA-based-CNN-Accelerator-for-autonomous-vehicles/src/synth/tpu_mnist_zyboz7/tpu_mnist_zyboz7.gen/sources_1/bd/design_1/ipshared/38af/src/conv_fc_address_generator.sv:246]
INFO: [Synth 8-294] found qualifier unique on case statement: implementing as parallel_case [/home/pah/fpga_cnn_accelerator/FPGA-based-CNN-Accelerator-for-autonomous-vehicles/src/synth/tpu_mnist_zyboz7/tpu_mnist_zyboz7.gen/sources_1/bd/design_1/ipshared/38af/src/conv_fc_address_generator.sv:130]
INFO: [Synth 8-294] found qualifier unique on case statement: implementing as parallel_case [/home/pah/fpga_cnn_accelerator/FPGA-based-CNN-Accelerator-for-autonomous-vehicles/src/synth/tpu_mnist_zyboz7/tpu_mnist_zyboz7.gen/sources_1/bd/design_1/ipshared/38af/src/conv_fc_address_generator.sv:246]
INFO: [Synth 8-294] found qualifier unique on case statement: implementing as parallel_case [/home/pah/fpga_cnn_accelerator/FPGA-based-CNN-Accelerator-for-autonomous-vehicles/src/synth/tpu_mnist_zyboz7/tpu_mnist_zyboz7.gen/sources_1/bd/design_1/ipshared/38af/src/conv_fc_address_generator.sv:246]
INFO: [Synth 8-294] found qualifier unique on case statement: implementing as parallel_case [/home/pah/fpga_cnn_accelerator/FPGA-based-CNN-Accelerator-for-autonomous-vehicles/src/synth/tpu_mnist_zyboz7/tpu_mnist_zyboz7.gen/sources_1/bd/design_1/ipshared/38af/src/conv_fc_address_generator.sv:246]
INFO: [Synth 8-6155] done synthesizing module 'conv_fc_address_generator' (0#1) [/home/pah/fpga_cnn_accelerator/FPGA-based-CNN-Accelerator-for-autonomous-vehicles/src/synth/tpu_mnist_zyboz7/tpu_mnist_zyboz7.gen/sources_1/bd/design_1/ipshared/38af/src/conv_fc_address_generator.sv:4]
INFO: [Synth 8-294] found qualifier unique on case statement: implementing as parallel_case [/home/pah/fpga_cnn_accelerator/FPGA-based-CNN-Accelerator-for-autonomous-vehicles/src/synth/tpu_mnist_zyboz7/tpu_mnist_zyboz7.gen/sources_1/bd/design_1/ipshared/38af/src/tpu_controller_rom_kloop.sv:512]
INFO: [Synth 8-294] found qualifier unique on case statement: implementing as parallel_case [/home/pah/fpga_cnn_accelerator/FPGA-based-CNN-Accelerator-for-autonomous-vehicles/src/synth/tpu_mnist_zyboz7/tpu_mnist_zyboz7.gen/sources_1/bd/design_1/ipshared/38af/src/tpu_controller_rom_kloop.sv:532]
INFO: [Synth 8-6155] done synthesizing module 'tpu_controller_rom_kloop' (0#1) [/home/pah/fpga_cnn_accelerator/FPGA-based-CNN-Accelerator-for-autonomous-vehicles/src/synth/tpu_mnist_zyboz7/tpu_mnist_zyboz7.gen/sources_1/bd/design_1/ipshared/38af/src/tpu_controller_rom_kloop.sv:6]
INFO: [Synth 8-294] found qualifier unique on case statement: implementing as parallel_case [/home/pah/fpga_cnn_accelerator/FPGA-based-CNN-Accelerator-for-autonomous-vehicles/src/synth/tpu_mnist_zyboz7/tpu_mnist_zyboz7.gen/sources_1/bd/design_1/ipshared/38af/src/tpu_controller_rom_layer.sv:303]
INFO: [Synth 8-6155] done synthesizing module 'tpu_controller_rom_layer' (0#1) [/home/pah/fpga_cnn_accelerator/FPGA-based-CNN-Accelerator-for-autonomous-vehicles/src/synth/tpu_mnist_zyboz7/tpu_mnist_zyboz7.gen/sources_1/bd/design_1/ipshared/38af/src/tpu_controller_rom_layer.sv:6]
INFO: [Synth 8-6157] synthesizing module 'tpu_datapath_v2' [/home/pah/fpga_cnn_accelerator/FPGA-based-CNN-Accelerator-for-autonomous-vehicles/src/synth/tpu_mnist_zyboz7/tpu_mnist_zyboz7.gen/sources_1/bd/design_1/ipshared/38af/src/tpu_datapath_v2.sv:4]
INFO: [Synth 8-6157] synthesizing module 'mxu_2x2' [/home/pah/fpga_cnn_accelerator/FPGA-based-CNN-Accelerator-for-autonomous-vehicles/src/synth/tpu_mnist_zyboz7/tpu_mnist_zyboz7.gen/sources_1/bd/design_1/ipshared/38af/src/mxu_2x2.sv:3]
INFO: [Synth 8-6157] synthesizing module 'fifo' [/home/pah/fpga_cnn_accelerator/FPGA-based-CNN-Accelerator-for-autonomous-vehicles/src/synth/tpu_mnist_zyboz7/tpu_mnist_zyboz7.gen/sources_1/bd/design_1/ipshared/38af/src/fifo.sv:3]
INFO: [Synth 8-294] found qualifier unique on case statement: implementing as parallel_case [/home/pah/fpga_cnn_accelerator/FPGA-based-CNN-Accelerator-for-autonomous-vehicles/src/synth/tpu_mnist_zyboz7/tpu_mnist_zyboz7.gen/sources_1/bd/design_1/ipshared/38af/src/fifo.sv:79]
INFO: [Synth 8-6155] done synthesizing module 'fifo' (0#1) [/home/pah/fpga_cnn_accelerator/FPGA-based-CNN-Accelerator-for-autonomous-vehicles/src/synth/tpu_mnist_zyboz7/tpu_mnist_zyboz7.gen/sources_1/bd/design_1/ipshared/38af/src/fifo.sv:3]
INFO: [Synth 8-6157] synthesizing module 'wgt_fetcher_2x2' [/home/pah/fpga_cnn_accelerator/FPGA-based-CNN-Accelerator-for-autonomous-vehicles/src/synth/tpu_mnist_zyboz7/tpu_mnist_zyboz7.gen/sources_1/bd/design_1/ipshared/38af/src/wgt_fetcher_2x2.sv:3]
INFO: [Synth 8-226] default block is never used [/home/pah/fpga_cnn_accelerator/FPGA-based-CNN-Accelerator-for-autonomous-vehicles/src/synth/tpu_mnist_zyboz7/tpu_mnist_zyboz7.gen/sources_1/bd/design_1/ipshared/38af/src/wgt_fetcher_2x2.sv:57]
INFO: [Synth 8-226] default block is never used [/home/pah/fpga_cnn_accelerator/FPGA-based-CNN-Accelerator-for-autonomous-vehicles/src/synth/tpu_mnist_zyboz7/tpu_mnist_zyboz7.gen/sources_1/bd/design_1/ipshared/38af/src/wgt_fetcher_2x2.sv:87]
INFO: [Synth 8-6155] done synthesizing module 'wgt_fetcher_2x2' (0#1) [/home/pah/fpga_cnn_accelerator/FPGA-based-CNN-Accelerator-for-autonomous-vehicles/src/synth/tpu_mnist_zyboz7/tpu_mnist_zyboz7.gen/sources_1/bd/design_1/ipshared/38af/src/wgt_fetcher_2x2.sv:3]
INFO: [Synth 8-6157] synthesizing module 'act_skew_buffer_2x2' [/home/pah/fpga_cnn_accelerator/FPGA-based-CNN-Accelerator-for-autonomous-vehicles/src/synth/tpu_mnist_zyboz7/tpu_mnist_zyboz7.gen/sources_1/bd/design_1/ipshared/38af/src/act_skew_buffer.sv:3]
INFO: [Synth 8-6155] done synthesizing module 'act_skew_buffer_2x2' (0#1) [/home/pah/fpga_cnn_accelerator/FPGA-based-CNN-Accelerator-for-autonomous-vehicles/src/synth/tpu_mnist_zyboz7/tpu_mnist_zyboz7.gen/sources_1/bd/design_1/ipshared/38af/src/act_skew_buffer.sv:3]
INFO: [Synth 8-6157] synthesizing module 'ws_sa_2x2' [/home/pah/fpga_cnn_accelerator/FPGA-based-CNN-Accelerator-for-autonomous-vehicles/src/synth/tpu_mnist_zyboz7/tpu_mnist_zyboz7.gen/sources_1/bd/design_1/ipshared/38af/src/ws_sa_2x2.sv:3]
INFO: [Synth 8-6157] synthesizing module 'pe' [/home/pah/fpga_cnn_accelerator/FPGA-based-CNN-Accelerator-for-autonomous-vehicles/src/synth/tpu_mnist_zyboz7/tpu_mnist_zyboz7.gen/sources_1/bd/design_1/ipshared/38af/src/pe.sv:3]
INFO: [Synth 8-6157] synthesizing module 'multiplier' [/home/pah/fpga_cnn_accelerator/FPGA-based-CNN-Accelerator-for-autonomous-vehicles/src/synth/tpu_mnist_zyboz7/tpu_mnist_zyboz7.gen/sources_1/bd/design_1/ipshared/38af/src/multiplier.sv:15]
INFO: [Synth 8-6155] done synthesizing module 'multiplier' (0#1) [/home/pah/fpga_cnn_accelerator/FPGA-based-CNN-Accelerator-for-autonomous-vehicles/src/synth/tpu_mnist_zyboz7/tpu_mnist_zyboz7.gen/sources_1/bd/design_1/ipshared/38af/src/multiplier.sv:15]
INFO: [Synth 8-6155] done synthesizing module 'pe' (0#1) [/home/pah/fpga_cnn_accelerator/FPGA-based-CNN-Accelerator-for-autonomous-vehicles/src/synth/tpu_mnist_zyboz7/tpu_mnist_zyboz7.gen/sources_1/bd/design_1/ipshared/38af/src/pe.sv:3]
INFO: [Synth 8-6155] done synthesizing module 'ws_sa_2x2' (0#1) [/home/pah/fpga_cnn_accelerator/FPGA-based-CNN-Accelerator-for-autonomous-vehicles/src/synth/tpu_mnist_zyboz7/tpu_mnist_zyboz7.gen/sources_1/bd/design_1/ipshared/38af/src/ws_sa_2x2.sv:3]
INFO: [Synth 8-6155] done synthesizing module 'mxu_2x2' (0#1) [/home/pah/fpga_cnn_accelerator/FPGA-based-CNN-Accelerator-for-autonomous-vehicles/src/synth/tpu_mnist_zyboz7/tpu_mnist_zyboz7.gen/sources_1/bd/design_1/ipshared/38af/src/mxu_2x2.sv:3]
INFO: [Synth 8-6157] synthesizing module 'psum_packer_v2' [/home/pah/fpga_cnn_accelerator/FPGA-based-CNN-Accelerator-for-autonomous-vehicles/src/synth/tpu_mnist_zyboz7/tpu_mnist_zyboz7.gen/sources_1/bd/design_1/ipshared/38af/src/psum_packer_v2.sv:4]
INFO: [Synth 8-6155] done synthesizing module 'psum_packer_v2' (0#1) [/home/pah/fpga_cnn_accelerator/FPGA-based-CNN-Accelerator-for-autonomous-vehicles/src/synth/tpu_mnist_zyboz7/tpu_mnist_zyboz7.gen/sources_1/bd/design_1/ipshared/38af/src/psum_packer_v2.sv:4]
INFO: [Synth 8-6157] synthesizing module 'accumulator_array_v2' [/home/pah/fpga_cnn_accelerator/FPGA-based-CNN-Accelerator-for-autonomous-vehicles/src/synth/tpu_mnist_zyboz7/tpu_mnist_zyboz7.gen/sources_1/bd/design_1/ipshared/38af/src/accumulator_array_v2.sv:4]
INFO: [Synth 8-6155] done synthesizing module 'accumulator_array_v2' (0#1) [/home/pah/fpga_cnn_accelerator/FPGA-based-CNN-Accelerator-for-autonomous-vehicles/src/synth/tpu_mnist_zyboz7/tpu_mnist_zyboz7.gen/sources_1/bd/design_1/ipshared/38af/src/accumulator_array_v2.sv:4]
INFO: [Synth 8-6157] synthesizing module 'vector_processing_unit_v2' [/home/pah/fpga_cnn_accelerator/FPGA-based-CNN-Accelerator-for-autonomous-vehicles/src/synth/tpu_mnist_zyboz7/tpu_mnist_zyboz7.gen/sources_1/bd/design_1/ipshared/38af/src/vector_processing_unit_v2.sv:3]
INFO: [Synth 8-6157] synthesizing module 'post_process_v2' [/home/pah/fpga_cnn_accelerator/FPGA-based-CNN-Accelerator-for-autonomous-vehicles/src/synth/tpu_mnist_zyboz7/tpu_mnist_zyboz7.gen/sources_1/bd/design_1/ipshared/38af/src/post_process_v2.sv:3]
INFO: [Synth 8-6157] synthesizing module 'bias_requantize_v2' [/home/pah/fpga_cnn_accelerator/FPGA-based-CNN-Accelerator-for-autonomous-vehicles/src/synth/tpu_mnist_zyboz7/tpu_mnist_zyboz7.gen/sources_1/bd/design_1/ipshared/38af/src/bias_requantize_v2.sv:4]
INFO: [Synth 8-6155] done synthesizing module 'bias_requantize_v2' (0#1) [/home/pah/fpga_cnn_accelerator/FPGA-based-CNN-Accelerator-for-autonomous-vehicles/src/synth/tpu_mnist_zyboz7/tpu_mnist_zyboz7.gen/sources_1/bd/design_1/ipshared/38af/src/bias_requantize_v2.sv:4]
INFO: [Synth 8-6157] synthesizing module 'activation_array_v2' [/home/pah/fpga_cnn_accelerator/FPGA-based-CNN-Accelerator-for-autonomous-vehicles/src/synth/tpu_mnist_zyboz7/tpu_mnist_zyboz7.gen/sources_1/bd/design_1/ipshared/38af/src/activation_array_v2.sv:3]
INFO: [Synth 8-6155] done synthesizing module 'activation_array_v2' (0#1) [/home/pah/fpga_cnn_accelerator/FPGA-based-CNN-Accelerator-for-autonomous-vehicles/src/synth/tpu_mnist_zyboz7/tpu_mnist_zyboz7.gen/sources_1/bd/design_1/ipshared/38af/src/activation_array_v2.sv:3]
INFO: [Synth 8-6157] synthesizing module 'normalizer_v2' [/home/pah/fpga_cnn_accelerator/FPGA-based-CNN-Accelerator-for-autonomous-vehicles/src/synth/tpu_mnist_zyboz7/tpu_mnist_zyboz7.gen/sources_1/bd/design_1/ipshared/38af/src/normalizer_v2.sv:3]
INFO: [Synth 8-6155] done synthesizing module 'normalizer_v2' (0#1) [/home/pah/fpga_cnn_accelerator/FPGA-based-CNN-Accelerator-for-autonomous-vehicles/src/synth/tpu_mnist_zyboz7/tpu_mnist_zyboz7.gen/sources_1/bd/design_1/ipshared/38af/src/normalizer_v2.sv:3]
INFO: [Synth 8-6157] synthesizing module 'pooling_unit_v2' [/home/pah/fpga_cnn_accelerator/FPGA-based-CNN-Accelerator-for-autonomous-vehicles/src/synth/tpu_mnist_zyboz7/tpu_mnist_zyboz7.gen/sources_1/bd/design_1/ipshared/38af/src/pooling_unit_v2.sv:3]
INFO: [Synth 8-6155] done synthesizing module 'pooling_unit_v2' (0#1) [/home/pah/fpga_cnn_accelerator/FPGA-based-CNN-Accelerator-for-autonomous-vehicles/src/synth/tpu_mnist_zyboz7/tpu_mnist_zyboz7.gen/sources_1/bd/design_1/ipshared/38af/src/pooling_unit_v2.sv:3]
INFO: [Synth 8-6155] done synthesizing module 'post_process_v2' (0#1) [/home/pah/fpga_cnn_accelerator/FPGA-based-CNN-Accelerator-for-autonomous-vehicles/src/synth/tpu_mnist_zyboz7/tpu_mnist_zyboz7.gen/sources_1/bd/design_1/ipshared/38af/src/post_process_v2.sv:3]
INFO: [Synth 8-6155] done synthesizing module 'vector_processing_unit_v2' (0#1) [/home/pah/fpga_cnn_accelerator/FPGA-based-CNN-Accelerator-for-autonomous-vehicles/src/synth/tpu_mnist_zyboz7/tpu_mnist_zyboz7.gen/sources_1/bd/design_1/ipshared/38af/src/vector_processing_unit_v2.sv:3]
INFO: [Synth 8-6155] done synthesizing module 'tpu_datapath_v2' (0#1) [/home/pah/fpga_cnn_accelerator/FPGA-based-CNN-Accelerator-for-autonomous-vehicles/src/synth/tpu_mnist_zyboz7/tpu_mnist_zyboz7.gen/sources_1/bd/design_1/ipshared/38af/src/tpu_datapath_v2.sv:4]
INFO: [Synth 8-6157] synthesizing module 'maxpool2d_unit' [/home/pah/fpga_cnn_accelerator/FPGA-based-CNN-Accelerator-for-autonomous-vehicles/src/synth/tpu_mnist_zyboz7/tpu_mnist_zyboz7.gen/sources_1/bd/design_1/ipshared/38af/src/maxpool2d_unit.sv:4]
INFO: [Synth 8-294] found qualifier unique on case statement: implementing as parallel_case [/home/pah/fpga_cnn_accelerator/FPGA-based-CNN-Accelerator-for-autonomous-vehicles/src/synth/tpu_mnist_zyboz7/tpu_mnist_zyboz7.gen/sources_1/bd/design_1/ipshared/38af/src/maxpool2d_unit.sv:154]
INFO: [Synth 8-6155] done synthesizing module 'maxpool2d_unit' (0#1) [/home/pah/fpga_cnn_accelerator/FPGA-based-CNN-Accelerator-for-autonomous-vehicles/src/synth/tpu_mnist_zyboz7/tpu_mnist_zyboz7.gen/sources_1/bd/design_1/ipshared/38af/src/maxpool2d_unit.sv:4]
INFO: [Synth 8-294] found qualifier unique on case statement: implementing as parallel_case [/home/pah/fpga_cnn_accelerator/FPGA-based-CNN-Accelerator-for-autonomous-vehicles/src/synth/tpu_mnist_zyboz7/tpu_mnist_zyboz7.gen/sources_1/bd/design_1/ipshared/38af/src/tpu_top.sv:483]
INFO: [Synth 8-6155] done synthesizing module 'tpu_top' (0#1) [/home/pah/fpga_cnn_accelerator/FPGA-based-CNN-Accelerator-for-autonomous-vehicles/src/synth/tpu_mnist_zyboz7/tpu_mnist_zyboz7.gen/sources_1/bd/design_1/ipshared/38af/src/tpu_top.sv:6]
INFO: [Synth 8-294] found qualifier unique on case statement: implementing as parallel_case [/home/pah/fpga_cnn_accelerator/FPGA-based-CNN-Accelerator-for-autonomous-vehicles/src/synth/tpu_mnist_zyboz7/tpu_mnist_zyboz7.gen/sources_1/bd/design_1/ipshared/38af/src/tpu_top_axi_lite.sv:298]
INFO: [Synth 8-6155] done synthesizing module 'tpu_top_axi_lite' (0#1) [/home/pah/fpga_cnn_accelerator/FPGA-based-CNN-Accelerator-for-autonomous-vehicles/src/synth/tpu_mnist_zyboz7/tpu_mnist_zyboz7.gen/sources_1/bd/design_1/ipshared/38af/src/tpu_top_axi_lite.sv:4]
INFO: [Synth 8-6155] done synthesizing module 'design_1_tpu_zybo_0_0' (0#1) [/home/pah/fpga_cnn_accelerator/FPGA-based-CNN-Accelerator-for-autonomous-vehicles/src/synth/tpu_mnist_zyboz7/tpu_mnist_zyboz7.gen/sources_1/bd/design_1/ip/design_1_tpu_zybo_0_0/synth/design_1_tpu_zybo_0_0.sv:53]
WARNING: [Synth 8-6014] Unused sequential element pool_count_q_reg was removed.  [/home/pah/fpga_cnn_accelerator/FPGA-based-CNN-Accelerator-for-autonomous-vehicles/src/synth/tpu_mnist_zyboz7/tpu_mnist_zyboz7.gen/sources_1/bd/design_1/ipshared/38af/src/pooling_unit_v2.sv:54]
WARNING: [Synth 8-6014] Unused sequential element pool_sum_q_reg[0] was removed.  [/home/pah/fpga_cnn_accelerator/FPGA-based-CNN-Accelerator-for-autonomous-vehicles/src/synth/tpu_mnist_zyboz7/tpu_mnist_zyboz7.gen/sources_1/bd/design_1/ipshared/38af/src/pooling_unit_v2.sv:57]
WARNING: [Synth 8-6014] Unused sequential element pool_sum_q_reg[1] was removed.  [/home/pah/fpga_cnn_accelerator/FPGA-based-CNN-Accelerator-for-autonomous-vehicles/src/synth/tpu_mnist_zyboz7/tpu_mnist_zyboz7.gen/sources_1/bd/design_1/ipshared/38af/src/pooling_unit_v2.sv:57]
WARNING: [Synth 8-6014] Unused sequential element pool_max_q_reg[0] was removed.  [/home/pah/fpga_cnn_accelerator/FPGA-based-CNN-Accelerator-for-autonomous-vehicles/src/synth/tpu_mnist_zyboz7/tpu_mnist_zyboz7.gen/sources_1/bd/design_1/ipshared/38af/src/pooling_unit_v2.sv:58]
WARNING: [Synth 8-6014] Unused sequential element pool_max_q_reg[1] was removed.  [/home/pah/fpga_cnn_accelerator/FPGA-based-CNN-Accelerator-for-autonomous-vehicles/src/synth/tpu_mnist_zyboz7/tpu_mnist_zyboz7.gen/sources_1/bd/design_1/ipshared/38af/src/pooling_unit_v2.sv:58]
WARNING: [Synth 8-6014] Unused sequential element merged_addr_reg was removed.  [/home/pah/fpga_cnn_accelerator/FPGA-based-CNN-Accelerator-for-autonomous-vehicles/src/synth/tpu_mnist_zyboz7/tpu_mnist_zyboz7.gen/sources_1/bd/design_1/ipshared/38af/src/tpu_top_axi_lite.sv:323]
INFO: [Synth 8-7129] Port work_i in module ws_sa_2x2 is either unconnected or has no load
INFO: [Synth 8-7129] Port num_tiles_i[7] in module ws_sa_2x2 is either unconnected or has no load
INFO: [Synth 8-7129] Port num_tiles_i[6] in module ws_sa_2x2 is either unconnected or has no load
INFO: [Synth 8-7129] Port num_tiles_i[5] in module ws_sa_2x2 is either unconnected or has no load
INFO: [Synth 8-7129] Port num_tiles_i[4] in module ws_sa_2x2 is either unconnected or has no load
INFO: [Synth 8-7129] Port num_tiles_i[3] in module ws_sa_2x2 is either unconnected or has no load
INFO: [Synth 8-7129] Port num_tiles_i[2] in module ws_sa_2x2 is either unconnected or has no load
INFO: [Synth 8-7129] Port num_tiles_i[1] in module ws_sa_2x2 is either unconnected or has no load
INFO: [Synth 8-7129] Port num_tiles_i[0] in module ws_sa_2x2 is either unconnected or has no load
INFO: [Synth 8-7129] Port in_h_i[15] in module conv_fc_address_generator is either unconnected or has no load
INFO: [Synth 8-7129] Port in_h_i[14] in module conv_fc_address_generator is either unconnected or has no load
INFO: [Synth 8-7129] Port in_h_i[13] in module conv_fc_address_generator is either unconnected or has no load
INFO: [Synth 8-7129] Port in_h_i[12] in module conv_fc_address_generator is either unconnected or has no load
INFO: [Synth 8-7129] Port in_h_i[11] in module conv_fc_address_generator is either unconnected or has no load
INFO: [Synth 8-7129] Port in_h_i[10] in module conv_fc_address_generator is either unconnected or has no load
INFO: [Synth 8-7129] Port in_h_i[9] in module conv_fc_address_generator is either unconnected or has no load
INFO: [Synth 8-7129] Port in_h_i[8] in module conv_fc_address_generator is either unconnected or has no load
INFO: [Synth 8-7129] Port in_h_i[7] in module conv_fc_address_generator is either unconnected or has no load
INFO: [Synth 8-7129] Port in_h_i[6] in module conv_fc_address_generator is either unconnected or has no load
INFO: [Synth 8-7129] Port in_h_i[5] in module conv_fc_address_generator is either unconnected or has no load
INFO: [Synth 8-7129] Port in_h_i[4] in module conv_fc_address_generator is either unconnected or has no load
INFO: [Synth 8-7129] Port in_h_i[3] in module conv_fc_address_generator is either unconnected or has no load
INFO: [Synth 8-7129] Port in_h_i[2] in module conv_fc_address_generator is either unconnected or has no load
INFO: [Synth 8-7129] Port in_h_i[1] in module conv_fc_address_generator is either unconnected or has no load
INFO: [Synth 8-7129] Port in_h_i[0] in module conv_fc_address_generator is either unconnected or has no load
INFO: [Synth 8-7129] Port in_w_i[15] in module conv_fc_address_generator is either unconnected or has no load
INFO: [Synth 8-7129] Port in_w_i[14] in module conv_fc_address_generator is either unconnected or has no load
INFO: [Synth 8-7129] Port in_w_i[13] in module conv_fc_address_generator is either unconnected or has no load
INFO: [Synth 8-7129] Port in_w_i[12] in module conv_fc_address_generator is either unconnected or has no load
INFO: [Synth 8-7129] Port in_w_i[11] in module conv_fc_address_generator is either unconnected or has no load
INFO: [Synth 8-7129] Port in_w_i[10] in module conv_fc_address_generator is either unconnected or has no load
INFO: [Synth 8-7129] Port in_w_i[9] in module conv_fc_address_generator is either unconnected or has no load
INFO: [Synth 8-7129] Port in_w_i[8] in module conv_fc_address_generator is either unconnected or has no load
INFO: [Synth 8-7129] Port in_w_i[7] in module conv_fc_address_generator is either unconnected or has no load
INFO: [Synth 8-7129] Port in_w_i[6] in module conv_fc_address_generator is either unconnected or has no load
INFO: [Synth 8-7129] Port in_w_i[5] in module conv_fc_address_generator is either unconnected or has no load
INFO: [Synth 8-7129] Port in_w_i[4] in module conv_fc_address_generator is either unconnected or has no load
INFO: [Synth 8-7129] Port in_w_i[3] in module conv_fc_address_generator is either unconnected or has no load
INFO: [Synth 8-7129] Port in_w_i[2] in module conv_fc_address_generator is either unconnected or has no load
INFO: [Synth 8-7129] Port in_w_i[1] in module conv_fc_address_generator is either unconnected or has no load
INFO: [Synth 8-7129] Port in_w_i[0] in module conv_fc_address_generator is either unconnected or has no load
INFO: [Synth 8-7129] Port kernel_h_i[15] in module conv_fc_address_generator is either unconnected or has no load
INFO: [Synth 8-7129] Port kernel_h_i[14] in module conv_fc_address_generator is either unconnected or has no load
INFO: [Synth 8-7129] Port kernel_h_i[13] in module conv_fc_address_generator is either unconnected or has no load
INFO: [Synth 8-7129] Port kernel_h_i[12] in module conv_fc_address_generator is either unconnected or has no load
INFO: [Synth 8-7129] Port kernel_h_i[11] in module conv_fc_address_generator is either unconnected or has no load
INFO: [Synth 8-7129] Port kernel_h_i[10] in module conv_fc_address_generator is either unconnected or has no load
INFO: [Synth 8-7129] Port kernel_h_i[9] in module conv_fc_address_generator is either unconnected or has no load
INFO: [Synth 8-7129] Port kernel_h_i[8] in module conv_fc_address_generator is either unconnected or has no load
INFO: [Synth 8-7129] Port kernel_h_i[7] in module conv_fc_address_generator is either unconnected or has no load
INFO: [Synth 8-7129] Port kernel_h_i[6] in module conv_fc_address_generator is either unconnected or has no load
INFO: [Synth 8-7129] Port kernel_h_i[5] in module conv_fc_address_generator is either unconnected or has no load
INFO: [Synth 8-7129] Port kernel_h_i[4] in module conv_fc_address_generator is either unconnected or has no load
INFO: [Synth 8-7129] Port kernel_h_i[3] in module conv_fc_address_generator is either unconnected or has no load
INFO: [Synth 8-7129] Port kernel_h_i[2] in module conv_fc_address_generator is either unconnected or has no load
INFO: [Synth 8-7129] Port kernel_h_i[1] in module conv_fc_address_generator is either unconnected or has no load
INFO: [Synth 8-7129] Port kernel_h_i[0] in module conv_fc_address_generator is either unconnected or has no load
INFO: [Synth 8-7129] Port kernel_w_i[15] in module conv_fc_address_generator is either unconnected or has no load
INFO: [Synth 8-7129] Port kernel_w_i[14] in module conv_fc_address_generator is either unconnected or has no load
INFO: [Synth 8-7129] Port kernel_w_i[13] in module conv_fc_address_generator is either unconnected or has no load
INFO: [Synth 8-7129] Port kernel_w_i[12] in module conv_fc_address_generator is either unconnected or has no load
INFO: [Synth 8-7129] Port kernel_w_i[11] in module conv_fc_address_generator is either unconnected or has no load
INFO: [Synth 8-7129] Port kernel_w_i[10] in module conv_fc_address_generator is either unconnected or has no load
INFO: [Synth 8-7129] Port kernel_w_i[9] in module conv_fc_address_generator is either unconnected or has no load
INFO: [Synth 8-7129] Port kernel_w_i[8] in module conv_fc_address_generator is either unconnected or has no load
INFO: [Synth 8-7129] Port kernel_w_i[7] in module conv_fc_address_generator is either unconnected or has no load
INFO: [Synth 8-7129] Port kernel_w_i[6] in module conv_fc_address_generator is either unconnected or has no load
INFO: [Synth 8-7129] Port kernel_w_i[5] in module conv_fc_address_generator is either unconnected or has no load
INFO: [Synth 8-7129] Port kernel_w_i[4] in module conv_fc_address_generator is either unconnected or has no load
INFO: [Synth 8-7129] Port kernel_w_i[3] in module conv_fc_address_generator is either unconnected or has no load
INFO: [Synth 8-7129] Port kernel_w_i[2] in module conv_fc_address_generator is either unconnected or has no load
INFO: [Synth 8-7129] Port kernel_w_i[1] in module conv_fc_address_generator is either unconnected or has no load
INFO: [Synth 8-7129] Port kernel_w_i[0] in module conv_fc_address_generator is either unconnected or has no load
INFO: [Synth 8-7129] Port s_axi_wdata[23] in module tpu_top_axi_lite is either unconnected or has no load
INFO: [Synth 8-7129] Port s_axi_wdata[22] in module tpu_top_axi_lite is either unconnected or has no load
INFO: [Synth 8-7129] Port s_axi_wdata[21] in module tpu_top_axi_lite is either unconnected or has no load
INFO: [Synth 8-7129] Port s_axi_wdata[20] in module tpu_top_axi_lite is either unconnected or has no load
INFO: [Synth 8-7129] Port s_axi_wdata[19] in module tpu_top_axi_lite is either unconnected or has no load
INFO: [Synth 8-7129] Port s_axi_wdata[18] in module tpu_top_axi_lite is either unconnected or has no load
INFO: [Synth 8-7129] Port s_axi_wdata[17] in module tpu_top_axi_lite is either unconnected or has no load
INFO: [Synth 8-7129] Port s_axi_wdata[16] in module tpu_top_axi_lite is either unconnected or has no load
INFO: [Synth 8-7129] Port s_axi_wstrb[2] in module tpu_top_axi_lite is either unconnected or has no load
---------------------------------------------------------------------------------
Finished RTL Elaboration : Time (s): cpu = 00:00:04 ; elapsed = 00:00:05 . Memory (MB): peak = 2430.949 ; gain = 634.125 ; free physical = 7224 ; free virtual = 34131
---------------------------------------------------------------------------------
---------------------------------------------------------------------------------
Start Handling Custom Attributes
---------------------------------------------------------------------------------
---------------------------------------------------------------------------------
Finished Handling Custom Attributes : Time (s): cpu = 00:00:05 ; elapsed = 00:00:05 . Memory (MB): peak = 2436.887 ; gain = 640.062 ; free physical = 7224 ; free virtual = 34131
---------------------------------------------------------------------------------
---------------------------------------------------------------------------------
Finished RTL Optimization Phase 1 : Time (s): cpu = 00:00:05 ; elapsed = 00:00:05 . Memory (MB): peak = 2436.887 ; gain = 640.062 ; free physical = 7224 ; free virtual = 34131
---------------------------------------------------------------------------------
Netlist sorting complete. Time (s): cpu = 00:00:00.06 ; elapsed = 00:00:00.06 . Memory (MB): peak = 2436.887 ; gain = 0.000 ; free physical = 6841 ; free virtual = 33748
INFO: [Project 1-570] Preparing netlist for logic optimization

Processing XDC Constraints
Initializing timing engine
Parsing XDC File [/home/pah/fpga_cnn_accelerator/FPGA-based-CNN-Accelerator-for-autonomous-vehicles/src/synth/tpu_mnist_zyboz7/tpu_mnist_zyboz7.gen/sources_1/bd/design_1/ip/design_1_tpu_zybo_0_0/src/Zybo-Z7.xdc] for cell 'inst'
Finished Parsing XDC File [/home/pah/fpga_cnn_accelerator/FPGA-based-CNN-Accelerator-for-autonomous-vehicles/src/synth/tpu_mnist_zyboz7/tpu_mnist_zyboz7.gen/sources_1/bd/design_1/ip/design_1_tpu_zybo_0_0/src/Zybo-Z7.xdc] for cell 'inst'
Parsing XDC File [/home/pah/fpga_cnn_accelerator/FPGA-based-CNN-Accelerator-for-autonomous-vehicles/src/synth/tpu_mnist_zyboz7/tpu_mnist_zyboz7.runs/design_1_tpu_zybo_0_0_synth_1/dont_touch.xdc]
Finished Parsing XDC File [/home/pah/fpga_cnn_accelerator/FPGA-based-CNN-Accelerator-for-autonomous-vehicles/src/synth/tpu_mnist_zyboz7/tpu_mnist_zyboz7.runs/design_1_tpu_zybo_0_0_synth_1/dont_touch.xdc]
Completed Processing XDC Constraints

Netlist sorting complete. Time (s): cpu = 00:00:00.01 ; elapsed = 00:00:00 . Memory (MB): peak = 2533.352 ; gain = 0.000 ; free physical = 5989 ; free virtual = 32889
INFO: [Project 1-111] Unisim Transformation Summary:
No Unisim elements were transformed.

Constraint Validation Runtime : Time (s): cpu = 00:00:00.12 ; elapsed = 00:00:00.04 . Memory (MB): peak = 2533.387 ; gain = 0.000 ; free physical = 5910 ; free virtual = 32812
INFO: [Designutils 20-5008] Incremental synthesis strategy off
---------------------------------------------------------------------------------
Finished Constraint Validation : Time (s): cpu = 00:00:10 ; elapsed = 00:00:10 . Memory (MB): peak = 2533.387 ; gain = 736.562 ; free physical = 4283 ; free virtual = 31193
---------------------------------------------------------------------------------
---------------------------------------------------------------------------------
Start Loading Part and Timing Information
---------------------------------------------------------------------------------
Loading part: xc7z010clg400-1
---------------------------------------------------------------------------------
Finished Loading Part and Timing Information : Time (s): cpu = 00:00:10 ; elapsed = 00:00:10 . Memory (MB): peak = 2541.355 ; gain = 744.531 ; free physical = 4272 ; free virtual = 31184
---------------------------------------------------------------------------------
---------------------------------------------------------------------------------
Start Applying 'set_property' XDC Constraints
---------------------------------------------------------------------------------
---------------------------------------------------------------------------------
Finished applying 'set_property' XDC Constraints : Time (s): cpu = 00:00:10 ; elapsed = 00:00:10 . Memory (MB): peak = 2541.355 ; gain = 744.531 ; free physical = 4257 ; free virtual = 31167
---------------------------------------------------------------------------------
INFO: [Synth 8-802] inferred FSM for state register 'state_q_reg' in module 'tpu_controller_rom_layer'
INFO: [Synth 8-802] inferred FSM for state register 'state_reg' in module 'wgt_fetcher_2x2'
INFO: [Synth 8-802] inferred FSM for state register 'state_q_reg' in module 'maxpool2d_unit'
INFO: [Synth 8-802] inferred FSM for state register 'state_q_reg' in module 'tpu_top'
---------------------------------------------------------------------------------------------------
                   State |                     New Encoding |                Previous Encoding 
---------------------------------------------------------------------------------------------------
                  S_IDLE |                              000 |                            00000
            S_START_TILE |                              001 |                            00001
              S_RUN_TILE |                              010 |                            00010
                 S_ERROR |                              011 |                            00100
                  S_DONE |                              100 |                            00011
---------------------------------------------------------------------------------------------------
INFO: [Synth 8-3354] encoded FSM with state register 'state_q_reg' using encoding 'sequential' in module 'tpu_controller_rom_layer'
---------------------------------------------------------------------------------------------------
                   State |                     New Encoding |                Previous Encoding 
---------------------------------------------------------------------------------------------------
                    IDLE |                             0001 |                               00
               POP_FIRST |                             0010 |                               01
               LOAD_ROWS |                             0100 |                               10
                  SWITCH |                             1000 |                               11
---------------------------------------------------------------------------------------------------
INFO: [Synth 8-3354] encoded FSM with state register 'state_reg' using encoding 'one-hot' in module 'wgt_fetcher_2x2'
---------------------------------------------------------------------------------------------------
                   State |                     New Encoding |                Previous Encoding 
---------------------------------------------------------------------------------------------------
                  S_IDLE |                              000 |                             0000
              S_VALIDATE |                              001 |                             0001
              S_READ_REQ |                              010 |                             0010
             S_READ_WAIT |                              011 |                             0011
                 S_WRITE |                              100 |                             0100
                 S_ERROR |                              101 |                             0111
               S_ADVANCE |                              110 |                             0101
                  S_DONE |                              111 |                             0110
---------------------------------------------------------------------------------------------------
INFO: [Synth 8-3354] encoded FSM with state register 'state_q_reg' using encoding 'sequential' in module 'maxpool2d_unit'
---------------------------------------------------------------------------------------------------
                   State |                     New Encoding |                Previous Encoding 
---------------------------------------------------------------------------------------------------
                  S_IDLE |                             0001 |                            00000
           S_START_CONV1 |                             0010 |                            00001
             S_RUN_CONV1 |                             1100 |                            00010
           S_START_POOL1 |                             1001 |                            00011
             S_RUN_POOL1 |                             1010 |                            00100
           S_START_CONV2 |                             1000 |                            00101
             S_RUN_CONV2 |                             0111 |                            00110
           S_START_POOL2 |                             0011 |                            00111
             S_RUN_POOL2 |                             0100 |                            01000
             S_START_FC1 |                             0101 |                            01001
               S_RUN_FC1 |                             0110 |                            01010
             S_START_FC2 |                             1110 |                            01011
               S_RUN_FC2 |                             1101 |                            01100
                 S_ERROR |                             0000 |                            01110
                  S_DONE |                             1011 |                            01101
---------------------------------------------------------------------------------------------------
INFO: [Synth 8-3354] encoded FSM with state register 'state_q_reg' using encoding 'sequential' in module 'tpu_top'
---------------------------------------------------------------------------------
Finished RTL Optimization Phase 2 : Time (s): cpu = 00:00:12 ; elapsed = 00:00:12 . Memory (MB): peak = 2541.355 ; gain = 744.531 ; free physical = 4796 ; free virtual = 31706
---------------------------------------------------------------------------------
---------------------------------------------------------------------------------
Start RTL Component Statistics 
---------------------------------------------------------------------------------
Detailed RTL Component Info : 
+---Adders : 
	   3 Input   66 Bit       Adders := 2     
	   2 Input   66 Bit       Adders := 2     
	   2 Input   65 Bit       Adders := 2     
	   2 Input   33 Bit       Adders := 2     
	   3 Input   32 Bit       Adders := 1     
	   2 Input   32 Bit       Adders := 2     
	   4 Input   18 Bit       Adders := 1     
	   2 Input   18 Bit       Adders := 4     
	   2 Input   17 Bit       Adders := 1     
	   5 Input   16 Bit       Adders := 2     
	   3 Input   16 Bit       Adders := 10    
	   6 Input   16 Bit       Adders := 2     
	   2 Input   16 Bit       Adders := 16    
	   3 Input   11 Bit       Adders := 1     
	   3 Input    8 Bit       Adders := 1     
	   2 Input    8 Bit       Adders := 3     
	   2 Input    6 Bit       Adders := 8     
	   2 Input    5 Bit       Adders := 5     
	   2 Input    4 Bit       Adders := 4     
	   2 Input    2 Bit       Adders := 2     
+---XORs : 
	   2 Input      1 Bit         XORs := 8     
+---Registers : 
	               64 Bit    Registers := 7     
	               34 Bit    Registers := 2     
	               32 Bit    Registers := 42    
	               17 Bit    Registers := 16    
	               16 Bit    Registers := 49    
	               13 Bit    Registers := 11    
	               12 Bit    Registers := 2     
	                8 Bit    Registers := 70    
	                6 Bit    Registers := 2     
	                5 Bit    Registers := 7     
	                4 Bit    Registers := 24    
	                2 Bit    Registers := 10    
	                1 Bit    Registers := 121   
+---Multipliers : 
	              16x32  Multipliers := 2     
+---RAMs : 
	              64K Bit	(8192 X 8 bit)          RAMs := 2     
+---ROMs : 
	                    ROMs := 4     
+---Muxes : 
	   2 Input   66 Bit        Muxes := 2     
	   2 Input   64 Bit        Muxes := 1     
	   2 Input   34 Bit        Muxes := 3     
	   2 Input   32 Bit        Muxes := 137   
	   5 Input   32 Bit        Muxes := 3     
	   3 Input   32 Bit        Muxes := 2     
	   8 Input   32 Bit        Muxes := 1     
	  15 Input   32 Bit        Muxes := 1     
	   5 Input   18 Bit        Muxes := 1     
	   3 Input   18 Bit        Muxes := 1     
	   2 Input   17 Bit        Muxes := 14    
	   2 Input   16 Bit        Muxes := 53    
	   3 Input   16 Bit        Muxes := 4     
	  22 Input   16 Bit        Muxes := 2     
	   5 Input   16 Bit        Muxes := 3     
	   4 Input   16 Bit        Muxes := 1     
	   8 Input   16 Bit        Muxes := 3     
	  15 Input   16 Bit        Muxes := 1     
	   4 Input   13 Bit        Muxes := 2     
	   2 Input   13 Bit        Muxes := 6     
	   2 Input   11 Bit        Muxes := 2     
	   4 Input   10 Bit        Muxes := 2     
	   2 Input    8 Bit        Muxes := 83    
	   4 Input    8 Bit        Muxes := 4     
	   3 Input    8 Bit        Muxes := 2     
	  22 Input    8 Bit        Muxes := 2     
	   8 Input    8 Bit        Muxes := 1     
	   4 Input    7 Bit        Muxes := 2     
	   4 Input    6 Bit        Muxes := 2     
	   4 Input    5 Bit        Muxes := 6     
	   2 Input    5 Bit        Muxes := 10    
	   6 Input    5 Bit        Muxes := 1     
	   3 Input    5 Bit        Muxes := 3     
	  22 Input    5 Bit        Muxes := 2     
	   5 Input    5 Bit        Muxes := 1     
	  15 Input    5 Bit        Muxes := 1     
	   4 Input    4 Bit        Muxes := 2     
	   2 Input    4 Bit        Muxes := 17    
	   8 Input    4 Bit        Muxes := 1     
	  15 Input    4 Bit        Muxes := 1     
	   5 Input    3 Bit        Muxes := 1     
	   2 Input    3 Bit        Muxes := 15    
	   8 Input    3 Bit        Muxes := 1     
	   7 Input    3 Bit        Muxes := 1     
	   4 Input    2 Bit        Muxes := 4     
	   2 Input    2 Bit        Muxes := 9     
	   3 Input    2 Bit        Muxes := 2     
	  22 Input    2 Bit        Muxes := 2     
	   8 Input    2 Bit        Muxes := 1     
	   4 Input    1 Bit        Muxes := 28    
	   2 Input    1 Bit        Muxes := 325   
	  22 Input    1 Bit        Muxes := 14    
	   5 Input    1 Bit        Muxes := 12    
	   3 Input    1 Bit        Muxes := 2     
	   8 Input    1 Bit        Muxes := 17    
	  15 Input    1 Bit        Muxes := 5     
---------------------------------------------------------------------------------
Finished RTL Component Statistics 
---------------------------------------------------------------------------------
---------------------------------------------------------------------------------
Start Part Resource Summary
---------------------------------------------------------------------------------
Part Resources:
DSPs: 80 (col length:40)
BRAMs: 120 (col length: RAMB18 40 RAMB36 20)
---------------------------------------------------------------------------------
Finished Part Resource Summary
---------------------------------------------------------------------------------
---------------------------------------------------------------------------------
Start Cross Boundary and Area Optimization
---------------------------------------------------------------------------------
DSP Report: Generating DSP output_addr1_w1, operation Mode is: A*B.
DSP Report: operator output_addr1_w1 is absorbed into DSP output_addr1_w1.
DSP Report: Generating DSP output_addr1_w, operation Mode is: PCIN+(A:0x0):B+C.
DSP Report: operator output_addr1_w is absorbed into DSP output_addr1_w.
DSP Report: Generating DSP output_addr0_w1, operation Mode is: A*B.
DSP Report: operator output_addr0_w1 is absorbed into DSP output_addr0_w1.
DSP Report: Generating DSP output_addr0_w, operation Mode is: PCIN+(A:0x0):B+C.
DSP Report: operator output_addr0_w is absorbed into DSP output_addr0_w.
DSP Report: Generating DSP (null)[0].shifted_value0, operation Mode is: A*B.
DSP Report: operator (null)[0].shifted_value0 is absorbed into DSP (null)[0].shifted_value0.
DSP Report: operator (null)[0].shifted_value0 is absorbed into DSP (null)[0].shifted_value0.
DSP Report: Generating DSP (null)[0].shifted_value0, operation Mode is: (PCIN>>17)+A*B.
DSP Report: operator (null)[0].shifted_value0 is absorbed into DSP (null)[0].shifted_value0.
DSP Report: operator (null)[0].shifted_value0 is absorbed into DSP (null)[0].shifted_value0.
DSP Report: Generating DSP (null)[0].shifted_value0, operation Mode is: A*B.
DSP Report: operator (null)[0].shifted_value0 is absorbed into DSP (null)[0].shifted_value0.
DSP Report: operator (null)[0].shifted_value0 is absorbed into DSP (null)[0].shifted_value0.
DSP Report: Generating DSP (null)[0].shifted_value0, operation Mode is: (PCIN>>17)+A*B.
DSP Report: operator (null)[0].shifted_value0 is absorbed into DSP (null)[0].shifted_value0.
DSP Report: operator (null)[0].shifted_value0 is absorbed into DSP (null)[0].shifted_value0.
DSP Report: Generating DSP (null)[0].shifted_value0, operation Mode is: A*B.
DSP Report: operator (null)[0].shifted_value0 is absorbed into DSP (null)[0].shifted_value0.
DSP Report: operator (null)[0].shifted_value0 is absorbed into DSP (null)[0].shifted_value0.
DSP Report: Generating DSP (null)[0].shifted_value0, operation Mode is: (PCIN>>17)+A*B.
DSP Report: operator (null)[0].shifted_value0 is absorbed into DSP (null)[0].shifted_value0.
DSP Report: operator (null)[0].shifted_value0 is absorbed into DSP (null)[0].shifted_value0.
DSP Report: Generating DSP (null)[0].shifted_value0, operation Mode is: A*B.
DSP Report: operator (null)[0].shifted_value0 is absorbed into DSP (null)[0].shifted_value0.
DSP Report: operator (null)[0].shifted_value0 is absorbed into DSP (null)[0].shifted_value0.
DSP Report: Generating DSP (null)[0].shifted_value0, operation Mode is: (PCIN>>17)+A*B.
DSP Report: operator (null)[0].shifted_value0 is absorbed into DSP (null)[0].shifted_value0.
DSP Report: operator (null)[0].shifted_value0 is absorbed into DSP (null)[0].shifted_value0.
DSP Report: Generating DSP read_addr_w1, operation Mode is: (D+A)*B.
DSP Report: operator read_addr_w1 is absorbed into DSP read_addr_w1.
DSP Report: operator in_row_w is absorbed into DSP read_addr_w1.
DSP Report: Generating DSP read_addr_w, operation Mode is: PCIN+(A:0x0):B+C.
DSP Report: operator read_addr_w is absorbed into DSP read_addr_w.
DSP Report: Generating DSP in_channel_stride_w, operation Mode is: A*B.
DSP Report: operator in_channel_stride_w is absorbed into DSP in_channel_stride_w.
DSP Report: Generating DSP read_addr_w2, operation Mode is: A*B.
DSP Report: operator read_addr_w2 is absorbed into DSP read_addr_w2.
DSP Report: operator read_addr_w2 is absorbed into DSP read_addr_w2.
DSP Report: Generating DSP read_addr_w2, operation Mode is: (PCIN>>17)+A*B.
DSP Report: operator read_addr_w2 is absorbed into DSP read_addr_w2.
DSP Report: operator read_addr_w2 is absorbed into DSP read_addr_w2.
DSP Report: Generating DSP read_addr_w, operation Mode is: PCIN+(A:0x0):B+C.
DSP Report: operator read_addr_w is absorbed into DSP read_addr_w.
DSP Report: Generating DSP write_addr_w1, operation Mode is: A*B.
DSP Report: operator write_addr_w1 is absorbed into DSP write_addr_w1.
DSP Report: Generating DSP write_addr_w, operation Mode is: PCIN+(A:0x0):B+C.
DSP Report: operator write_addr_w is absorbed into DSP write_addr_w.
DSP Report: Generating DSP out_channel_stride_w, operation Mode is: A*B.
DSP Report: operator out_channel_stride_w is absorbed into DSP out_channel_stride_w.
DSP Report: Generating DSP write_addr_w2, operation Mode is: A*B.
DSP Report: operator write_addr_w2 is absorbed into DSP write_addr_w2.
DSP Report: operator write_addr_w2 is absorbed into DSP write_addr_w2.
DSP Report: Generating DSP write_addr_w2, operation Mode is: (PCIN>>17)+A*B.
DSP Report: operator write_addr_w2 is absorbed into DSP write_addr_w2.
DSP Report: operator write_addr_w2 is absorbed into DSP write_addr_w2.
INFO: [Synth 8-7129] Port work_i in module tpu_datapath_v2 is either unconnected or has no load
INFO: [Synth 8-7129] Port in_h_i[15] in module conv_fc_address_generator is either unconnected or has no load
INFO: [Synth 8-7129] Port in_h_i[14] in module conv_fc_address_generator is either unconnected or has no load
INFO: [Synth 8-7129] Port in_h_i[13] in module conv_fc_address_generator is either unconnected or has no load
INFO: [Synth 8-7129] Port in_h_i[12] in module conv_fc_address_generator is either unconnected or has no load
INFO: [Synth 8-7129] Port in_h_i[11] in module conv_fc_address_generator is either unconnected or has no load
INFO: [Synth 8-7129] Port in_h_i[10] in module conv_fc_address_generator is either unconnected or has no load
INFO: [Synth 8-7129] Port in_h_i[9] in module conv_fc_address_generator is either unconnected or has no load
INFO: [Synth 8-7129] Port in_h_i[8] in module conv_fc_address_generator is either unconnected or has no load
INFO: [Synth 8-7129] Port in_h_i[7] in module conv_fc_address_generator is either unconnected or has no load
INFO: [Synth 8-7129] Port in_h_i[6] in module conv_fc_address_generator is either unconnected or has no load
INFO: [Synth 8-7129] Port in_h_i[5] in module conv_fc_address_generator is either unconnected or has no load
INFO: [Synth 8-7129] Port in_h_i[4] in module conv_fc_address_generator is either unconnected or has no load
INFO: [Synth 8-7129] Port in_h_i[3] in module conv_fc_address_generator is either unconnected or has no load
INFO: [Synth 8-7129] Port in_h_i[2] in module conv_fc_address_generator is either unconnected or has no load
INFO: [Synth 8-7129] Port in_h_i[1] in module conv_fc_address_generator is either unconnected or has no load
INFO: [Synth 8-7129] Port in_h_i[0] in module conv_fc_address_generator is either unconnected or has no load
INFO: [Synth 8-7129] Port in_w_i[15] in module conv_fc_address_generator is either unconnected or has no load
INFO: [Common 17-14] Message 'Synth 8-7129' appears 100 times and further instances of the messages will be disabled. Use the Tcl command set_msg_config to change the current settings.
---------------------------------------------------------------------------------
Finished Cross Boundary and Area Optimization : Time (s): cpu = 00:00:32 ; elapsed = 00:00:33 . Memory (MB): peak = 2600.379 ; gain = 803.555 ; free physical = 10145 ; free virtual = 37193
---------------------------------------------------------------------------------
 Sort Area is  (null)[0].shifted_value0_4 : 0 0 : 2701 4864 : Used 1 time 0
 Sort Area is  (null)[0].shifted_value0_4 : 0 1 : 2163 4864 : Used 1 time 0
 Sort Area is  (null)[0].shifted_value0_a : 0 0 : 2701 4864 : Used 1 time 0
 Sort Area is  (null)[0].shifted_value0_a : 0 1 : 2163 4864 : Used 1 time 0
 Sort Area is  read_addr_w2_d : 0 0 : 2588 4841 : Used 1 time 0
 Sort Area is  read_addr_w2_d : 0 1 : 2253 4841 : Used 1 time 0
 Sort Area is  write_addr_w2_15 : 0 0 : 2588 4841 : Used 1 time 0
 Sort Area is  write_addr_w2_15 : 0 1 : 2253 4841 : Used 1 time 0
 Sort Area is  (null)[0].shifted_value0_7 : 0 0 : 2304 4199 : Used 1 time 0
 Sort Area is  (null)[0].shifted_value0_7 : 0 1 : 1895 4199 : Used 1 time 0
 Sort Area is  (null)[0].shifted_value0_b : 0 0 : 2304 4199 : Used 1 time 0
 Sort Area is  (null)[0].shifted_value0_b : 0 1 : 1895 4199 : Used 1 time 0
 Sort Area is  read_addr_w1_10 : 0 0 : 2193 2456 : Used 1 time 0
 Sort Area is  read_addr_w1_10 : 0 1 : 168 2456 : Used 1 time 0
 Sort Area is  read_addr_w1_10 : 0 2 : 95 2456 : Used 1 time 0
 Sort Area is  output_addr0_w1_3 : 0 0 : 1946 2114 : Used 1 time 0
 Sort Area is  output_addr0_w1_3 : 0 1 : 168 2114 : Used 1 time 0
 Sort Area is  output_addr1_w1_0 : 0 0 : 1946 2114 : Used 1 time 0
 Sort Area is  output_addr1_w1_0 : 0 1 : 168 2114 : Used 1 time 0
 Sort Area is  write_addr_w1_16 : 0 0 : 1946 2112 : Used 1 time 0
 Sort Area is  write_addr_w1_16 : 0 1 : 166 2112 : Used 1 time 0
 Sort Area is  in_channel_stride_w_c : 0 0 : 1946 1946 : Used 1 time 0
 Sort Area is  out_channel_stride_w_14 : 0 0 : 1946 1946 : Used 1 time 0
---------------------------------------------------------------------------------
Start ROM, RAM, DSP, Shift Register and Retiming Reporting
---------------------------------------------------------------------------------

ROM: Preliminary Mapping Report
+-------------------------+------------+---------------+----------------+
|Module Name              | RTL Object | Depth x Width | Implemented As | 
+-------------------------+------------+---------------+----------------+
|bias_rom                 | rom_q      | 64x32         | LUT            | 
|requant_mult_rom         | rom_q      | 64x32         | LUT            | 
|requant_shift_rom        | rom_q      | 64x6          | LUT            | 
|tpu_controller_rom_kloop | p_0_out    | 64x32         | LUT            | 
|tpu_controller_rom_kloop | p_0_out    | 64x32         | LUT            | 
|tpu_controller_rom_kloop | p_0_out    | 64x32         | LUT            | 
|tpu_controller_rom_kloop | p_0_out    | 64x6          | LUT            | 
|tpu_controller_rom_kloop | p_0_out    | 64x6          | LUT            | 
+-------------------------+------------+---------------+----------------+


Block RAM: Preliminary Mapping Report (see note below)
+---------------+--------------------------------+------------------------+---+---+------------------------+---+---+------------------+--------+--------+
|Module Name    | RTL Object                     | PORT A (Depth x Width) | W | R | PORT B (Depth x Width) | W | R | Ports driving FF | RAMB18 | RAMB36 | 
+---------------+--------------------------------+------------------------+---+---+------------------------+---+---+------------------+--------+--------+
|inst/u_tpu_top | u_unified_buffer/bank0_mem_reg | 8 K x 8(READ_FIRST)    | W |   | 8 K x 8(WRITE_FIRST)   |   | R | Port A and B     | 0      | 2      | 
|inst/u_tpu_top | u_unified_buffer/bank1_mem_reg | 8 K x 8(READ_FIRST)    | W |   | 8 K x 8(WRITE_FIRST)   |   | R | Port A and B     | 0      | 2      | 
+---------------+--------------------------------+------------------------+---+---+------------------------+---+---+------------------+--------+--------+

Note: The table above is a preliminary report that shows the Block RAMs at the current stage of the synthesis flow. Some Block RAMs may be reimplemented as non Block RAM primitives later in the synthesis flow. Multiple instantiated Block RAMs are reported only once. 

DSP: Preliminary Mapping Report (see note below. The ' indicates corresponding REG is set)
+-------------------------+------------------+--------+--------+--------+--------+--------+------+------+------+------+-------+------+------+
|Module Name              | DSP Mapping      | A Size | B Size | C Size | D Size | P Size | AREG | BREG | CREG | DREG | ADREG | MREG | PREG | 
+-------------------------+------------------+--------+--------+--------+--------+--------+------+------+------+------+-------+------+------+
|tpu_controller_rom_kloop | A*B              | 16     | 16     | -      | -      | 32     | 0    | 0    | -    | -    | -     | 0    | 0    | 
|tpu_controller_rom_kloop | PCIN+(A:0x0):B+C | 30     | 17     | 13     | -      | -1     | 0    | 0    | 0    | -    | -     | 0    | 0    | 
|tpu_controller_rom_kloop | A*B              | 16     | 16     | -      | -      | 32     | 0    | 0    | -    | -    | -     | 0    | 0    | 
|tpu_controller_rom_kloop | PCIN+(A:0x0):B+C | 30     | 17     | 13     | -      | -1     | 0    | 0    | 0    | -    | -     | 0    | 0    | 
|bias_requantize_v2       | A*B              | 18     | 16     | -      | -      | 48     | 0    | 0    | -    | -    | -     | 0    | 0    | 
|bias_requantize_v2       | (PCIN>>17)+A*B   | 16     | 15     | -      | -      | 31     | 0    | 0    | -    | -    | -     | 0    | 0    | 
|bias_requantize_v2       | A*B              | 18     | 18     | -      | -      | 48     | 0    | 0    | -    | -    | -     | 0    | 0    | 
|bias_requantize_v2       | (PCIN>>17)+A*B   | 18     | 15     | -      | -      | 48     | 0    | 0    | -    | -    | -     | 0    | 0    | 
|bias_requantize_v2       | A*B              | 18     | 16     | -      | -      | 48     | 0    | 0    | -    | -    | -     | 0    | 0    | 
|bias_requantize_v2       | (PCIN>>17)+A*B   | 16     | 15     | -      | -      | 31     | 0    | 0    | -    | -    | -     | 0    | 0    | 
|bias_requantize_v2       | A*B              | 18     | 18     | -      | -      | 48     | 0    | 0    | -    | -    | -     | 0    | 0    | 
|bias_requantize_v2       | (PCIN>>17)+A*B   | 18     | 15     | -      | -      | 48     | 0    | 0    | -    | -    | -     | 0    | 0    | 
|maxpool2d_unit           | (D+A)*B          | 1      | 16     | -      | 17     | 34     | 0    | 0    | -    | 0    | 0     | 0    | 0    | 
|maxpool2d_unit           | PCIN+(A:0x0):B+C | 30     | 13     | 17     | -      | -1     | 0    | 0    | 0    | -    | -     | 0    | 0    | 
|maxpool2d_unit           | A*B              | 16     | 16     | -      | -      | 32     | 0    | 0    | -    | -    | -     | 0    | 0    | 
|maxpool2d_unit           | A*B              | 18     | 17     | -      | -      | 48     | 0    | 0    | -    | -    | -     | 0    | 0    | 
|maxpool2d_unit           | (PCIN>>17)+A*B   | 17     | 16     | -      | -      | 48     | 0    | 0    | -    | -    | -     | 0    | 0    | 
|maxpool2d_unit           | PCIN+(A:0x0):B+C | 30     | 1      | 32     | -      | -1     | 0    | 0    | 0    | -    | -     | 0    | 0    | 
|maxpool2d_unit           | A*B              | 16     | 16     | -      | -      | 32     | 0    | 0    | -    | -    | -     | 0    | 0    | 
|maxpool2d_unit           | PCIN+(A:0x0):B+C | 30     | 16     | 13     | -      | -1     | 0    | 0    | 0    | -    | -     | 0    | 0    | 
|maxpool2d_unit           | A*B              | 16     | 16     | -      | -      | 32     | 0    | 0    | -    | -    | -     | 0    | 0    | 
|maxpool2d_unit           | A*B              | 18     | 17     | -      | -      | 48     | 0    | 0    | -    | -    | -     | 0    | 0    | 
|maxpool2d_unit           | (PCIN>>17)+A*B   | 17     | 16     | -      | -      | 48     | 0    | 0    | -    | -    | -     | 0    | 0    | 
+-------------------------+------------------+--------+--------+--------+--------+--------+------+------+------+------+-------+------+------+

Note: The table above is a preliminary report that shows the DSPs inferred at the current stage of the synthesis flow. Some DSP may be reimplemented as non DSP primitives later in the synthesis flow. Multiple instantiated DSPs are reported only once.
---------------------------------------------------------------------------------
Finished ROM, RAM, DSP, Shift Register and Retiming Reporting
---------------------------------------------------------------------------------
---------------------------------------------------------------------------------
Start Applying XDC Timing Constraints
---------------------------------------------------------------------------------
---------------------------------------------------------------------------------
Finished Applying XDC Timing Constraints : Time (s): cpu = 00:00:35 ; elapsed = 00:00:36 . Memory (MB): peak = 2671.379 ; gain = 874.555 ; free physical = 8597 ; free virtual = 35644
---------------------------------------------------------------------------------
---------------------------------------------------------------------------------
Start Timing Optimization
---------------------------------------------------------------------------------
---------------------------------------------------------------------------------
Finished Timing Optimization : Time (s): cpu = 00:00:36 ; elapsed = 00:00:37 . Memory (MB): peak = 2678.379 ; gain = 881.555 ; free physical = 7892 ; free virtual = 34939
---------------------------------------------------------------------------------
---------------------------------------------------------------------------------
Start ROM, RAM, DSP, Shift Register and Retiming Reporting
---------------------------------------------------------------------------------

Block RAM: Final Mapping Report
+---------------+--------------------------------+------------------------+---+---+------------------------+---+---+------------------+--------+--------+
|Module Name    | RTL Object                     | PORT A (Depth x Width) | W | R | PORT B (Depth x Width) | W | R | Ports driving FF | RAMB18 | RAMB36 | 
+---------------+--------------------------------+------------------------+---+---+------------------------+---+---+------------------+--------+--------+
|inst/u_tpu_top | u_unified_buffer/bank0_mem_reg | 8 K x 8(READ_FIRST)    | W |   | 8 K x 8(WRITE_FIRST)   |   | R | Port A and B     | 0      | 2      | 
|inst/u_tpu_top | u_unified_buffer/bank1_mem_reg | 8 K x 8(READ_FIRST)    | W |   | 8 K x 8(WRITE_FIRST)   |   | R | Port A and B     | 0      | 2      | 
+---------------+--------------------------------+------------------------+---+---+------------------------+---+---+------------------+--------+--------+

---------------------------------------------------------------------------------
Finished ROM, RAM, DSP, Shift Register and Retiming Reporting
---------------------------------------------------------------------------------
---------------------------------------------------------------------------------
Start Technology Mapping
---------------------------------------------------------------------------------
INFO: [Synth 8-7052] The timing for the instance inst/u_tpu_top/u_unified_buffer/bank0_mem_reg_0 (implemented as a Block RAM) might be sub-optimal as no optional output register could be merged into the ram block. Providing additional output register may help in improving timing.
INFO: [Synth 8-7052] The timing for the instance inst/u_tpu_top/u_unified_buffer/bank0_mem_reg_1 (implemented as a Block RAM) might be sub-optimal as no optional output register could be merged into the ram block. Providing additional output register may help in improving timing.
INFO: [Synth 8-7052] The timing for the instance inst/u_tpu_top/u_unified_buffer/bank1_mem_reg_0 (implemented as a Block RAM) might be sub-optimal as no optional output register could be merged into the ram block. Providing additional output register may help in improving timing.
INFO: [Synth 8-7052] The timing for the instance inst/u_tpu_top/u_unified_buffer/bank1_mem_reg_1 (implemented as a Block RAM) might be sub-optimal as no optional output register could be merged into the ram block. Providing additional output register may help in improving timing.
INFO: [Synth 8-7052] The timing for the instance inst/u_tpu_top/u_layer_controller/u_tile_controller/GEN_WEIGHT_ROMS[0].u_weight_rom/data_o_reg_0 (implemented as a Block RAM) might be sub-optimal as no optional output register could be merged into the ram block. Providing additional output register may help in improving timing.
INFO: [Synth 8-7052] The timing for the instance inst/u_tpu_top/u_layer_controller/u_tile_controller/GEN_WEIGHT_ROMS[0].u_weight_rom/data_o_reg_0 (implemented as a Block RAM) might be sub-optimal as no optional output register could be merged into the ram block. Providing additional output register may help in improving timing.
INFO: [Synth 8-7052] The timing for the instance inst/u_tpu_top/u_layer_controller/u_tile_controller/GEN_WEIGHT_ROMS[0].u_weight_rom/data_o_reg_1 (implemented as a Block RAM) might be sub-optimal as no optional output register could be merged into the ram block. Providing additional output register may help in improving timing.
INFO: [Synth 8-7052] The timing for the instance inst/u_tpu_top/u_layer_controller/u_tile_controller/GEN_WEIGHT_ROMS[0].u_weight_rom/data_o_reg_1 (implemented as a Block RAM) might be sub-optimal as no optional output register could be merged into the ram block. Providing additional output register may help in improving timing.
INFO: [Synth 8-7052] The timing for the instance inst/u_tpu_top/u_layer_controller/u_tile_controller/GEN_WEIGHT_ROMS[2].u_weight_rom/data_o_reg_0 (implemented as a Block RAM) might be sub-optimal as no optional output register could be merged into the ram block. Providing additional output register may help in improving timing.
INFO: [Synth 8-7052] The timing for the instance inst/u_tpu_top/u_layer_controller/u_tile_controller/GEN_WEIGHT_ROMS[2].u_weight_rom/data_o_reg_0 (implemented as a Block RAM) might be sub-optimal as no optional output register could be merged into the ram block. Providing additional output register may help in improving timing.
INFO: [Synth 8-7052] The timing for the instance inst/u_tpu_top/u_layer_controller/u_tile_controller/GEN_WEIGHT_ROMS[2].u_weight_rom/data_o_reg_1 (implemented as a Block RAM) might be sub-optimal as no optional output register could be merged into the ram block. Providing additional output register may help in improving timing.
INFO: [Synth 8-7052] The timing for the instance inst/u_tpu_top/u_layer_controller/u_tile_controller/GEN_WEIGHT_ROMS[2].u_weight_rom/data_o_reg_1 (implemented as a Block RAM) might be sub-optimal as no optional output register could be merged into the ram block. Providing additional output register may help in improving timing.
---------------------------------------------------------------------------------
Finished Technology Mapping : Time (s): cpu = 00:00:37 ; elapsed = 00:00:38 . Memory (MB): peak = 2749.387 ; gain = 952.562 ; free physical = 7124 ; free virtual = 34171
---------------------------------------------------------------------------------
---------------------------------------------------------------------------------
Start IO Insertion
---------------------------------------------------------------------------------
---------------------------------------------------------------------------------
Start Flattening Before IO Insertion
---------------------------------------------------------------------------------
---------------------------------------------------------------------------------
Finished Flattening Before IO Insertion
---------------------------------------------------------------------------------
---------------------------------------------------------------------------------
Start Final Netlist Cleanup
---------------------------------------------------------------------------------
---------------------------------------------------------------------------------
Finished Final Netlist Cleanup
---------------------------------------------------------------------------------
---------------------------------------------------------------------------------
Finished IO Insertion : Time (s): cpu = 00:00:40 ; elapsed = 00:00:41 . Memory (MB): peak = 2856.199 ; gain = 1059.375 ; free physical = 5982 ; free virtual = 33029
---------------------------------------------------------------------------------
---------------------------------------------------------------------------------
Start Renaming Generated Instances
---------------------------------------------------------------------------------
---------------------------------------------------------------------------------
Finished Renaming Generated Instances : Time (s): cpu = 00:00:40 ; elapsed = 00:00:41 . Memory (MB): peak = 2856.199 ; gain = 1059.375 ; free physical = 5982 ; free virtual = 33029
---------------------------------------------------------------------------------
---------------------------------------------------------------------------------
Start Rebuilding User Hierarchy
---------------------------------------------------------------------------------
---------------------------------------------------------------------------------
Finished Rebuilding User Hierarchy : Time (s): cpu = 00:00:40 ; elapsed = 00:00:41 . Memory (MB): peak = 2856.199 ; gain = 1059.375 ; free physical = 5973 ; free virtual = 33020
---------------------------------------------------------------------------------
---------------------------------------------------------------------------------
Start Renaming Generated Ports
---------------------------------------------------------------------------------
---------------------------------------------------------------------------------
Finished Renaming Generated Ports : Time (s): cpu = 00:00:40 ; elapsed = 00:00:41 . Memory (MB): peak = 2856.199 ; gain = 1059.375 ; free physical = 5946 ; free virtual = 32993
---------------------------------------------------------------------------------
---------------------------------------------------------------------------------
Start Handling Custom Attributes
---------------------------------------------------------------------------------
---------------------------------------------------------------------------------
Finished Handling Custom Attributes : Time (s): cpu = 00:00:40 ; elapsed = 00:00:41 . Memory (MB): peak = 2862.137 ; gain = 1065.312 ; free physical = 5820 ; free virtual = 32867
---------------------------------------------------------------------------------
---------------------------------------------------------------------------------
Start Renaming Generated Nets
---------------------------------------------------------------------------------
---------------------------------------------------------------------------------
Finished Renaming Generated Nets : Time (s): cpu = 00:00:40 ; elapsed = 00:00:41 . Memory (MB): peak = 2862.137 ; gain = 1065.312 ; free physical = 5797 ; free virtual = 32844
---------------------------------------------------------------------------------
---------------------------------------------------------------------------------
Start ROM, RAM, DSP, Shift Register and Retiming Reporting
---------------------------------------------------------------------------------

Static Shift Register Report:
+-----------------+----------------------------------------------------------------------------------------+--------+-------+--------------+--------------------+-------------------+--------+---------+
|Module Name      | RTL Name                                                                               | Length | Width | Reset Signal | Pull out first Reg | Pull out last Reg | SRL16E | SRLC32E | 
+-----------------+----------------------------------------------------------------------------------------+--------+-------+--------------+--------------------+-------------------+--------+---------+
|tpu_top_axi_lite | u_tpu_top/u_datapath/u_mxu/u_skew_buffer/GEN_ROW_SKEW[1].GEN_DELAY.data_pipe_reg[3][7] | 5      | 8     | YES          | NO                 | YES               | 8      | 0       | 
+-----------------+----------------------------------------------------------------------------------------+--------+-------+--------------+--------------------+-------------------+--------+---------+

---------------------------------------------------------------------------------
Finished ROM, RAM, DSP, Shift Register and Retiming Reporting
---------------------------------------------------------------------------------
---------------------------------------------------------------------------------
Start Writing Synthesis Report
---------------------------------------------------------------------------------

DSP Final Report (the ' indicates corresponding REG is set)
+-------------------------+--------------+--------+--------+--------+--------+--------+------+------+------+------+-------+------+------+
|Module Name              | DSP Mapping  | A Size | B Size | C Size | D Size | P Size | AREG | BREG | CREG | DREG | ADREG | MREG | PREG | 
+-------------------------+--------------+--------+--------+--------+--------+--------+------+------+------+------+-------+------+------+
|bias_requantize_v2       | A*B          | 17     | 18     | -      | -      | 48     | 0    | 0    | -    | -    | -     | 0    | 0    | 
|bias_requantize_v2       | PCIN>>17+A*B | 30     | 7      | -      | -      | 31     | 0    | 0    | -    | -    | -     | 0    | 0    | 
|bias_requantize_v2       | A*B          | 17     | 17     | -      | -      | 48     | 0    | 0    | -    | -    | -     | 0    | 0    | 
|bias_requantize_v2       | PCIN>>17+A*B | 0      | 7      | -      | -      | 48     | 0    | 0    | -    | -    | -     | 0    | 0    | 
|bias_requantize_v2       | A*B          | 17     | 18     | -      | -      | 48     | 0    | 0    | -    | -    | -     | 0    | 0    | 
|bias_requantize_v2       | PCIN>>17+A*B | 30     | 7      | -      | -      | 31     | 0    | 0    | -    | -    | -     | 0    | 0    | 
|bias_requantize_v2       | A*B          | 17     | 17     | -      | -      | 48     | 0    | 0    | -    | -    | -     | 0    | 0    | 
|bias_requantize_v2       | PCIN>>17+A*B | 0      | 7      | -      | -      | 48     | 0    | 0    | -    | -    | -     | 0    | 0    | 
|tpu_controller_rom_kloop | A*B          | 16     | 10     | -      | -      | 32     | 0    | 0    | -    | -    | -     | 0    | 0    | 
|tpu_controller_rom_kloop | PCIN+A:B+C   | 0      | 17     | -      | -      | 32     | 0    | 0    | -    | -    | -     | 0    | 0    | 
|tpu_controller_rom_kloop | A*B          | 16     | 10     | -      | -      | 32     | 0    | 0    | -    | -    | -     | 0    | 0    | 
|tpu_controller_rom_kloop | PCIN+A:B+C   | 0      | 17     | -      | -      | 32     | 0    | 0    | -    | -    | -     | 0    | 0    | 
|maxpool2d_unit           | D+A*B        | 1      | 5      | -      | 17     | 0      | 0    | 0    | -    | 0    | 0     | 0    | 0    | 
|maxpool2d_unit           | PCIN+A:B+C   | 0      | 0      | -      | -      | 0      | 0    | 0    | -    | -    | -     | 0    | 0    | 
|maxpool2d_unit           | A*B          | 5      | 5      | -      | -      | 32     | 0    | 0    | -    | -    | -     | 0    | 0    | 
|maxpool2d_unit           | A*B          | 17     | 16     | -      | -      | 48     | 0    | 0    | -    | -    | -     | 0    | 0    | 
|maxpool2d_unit           | PCIN>>17+A*B | 16     | 15     | -      | -      | 48     | 0    | 0    | -    | -    | -     | 0    | 0    | 
|maxpool2d_unit           | PCIN+A:B+C   | 0      | 1      | -      | -      | 32     | 0    | 0    | -    | -    | -     | 0    | 0    | 
|maxpool2d_unit           | A*B          | 16     | 4      | -      | -      | 32     | 0    | 0    | -    | -    | -     | 0    | 0    | 
|maxpool2d_unit           | PCIN+A:B+C   | 0      | 16     | -      | -      | 32     | 0    | 0    | -    | -    | -     | 0    | 0    | 
|maxpool2d_unit           | A*B          | 4      | 4      | -      | -      | 32     | 0    | 0    | -    | -    | -     | 0    | 0    | 
|maxpool2d_unit           | A*B          | 17     | 16     | -      | -      | 48     | 0    | 0    | -    | -    | -     | 0    | 0    | 
|maxpool2d_unit           | PCIN>>17+A*B | 16     | 15     | -      | -      | 48     | 0    | 0    | -    | -    | -     | 0    | 0    | 
+-------------------------+--------------+--------+--------+--------+--------+--------+------+------+------+------+-------+------+------+


Report BlackBoxes: 
+-+--------------+----------+
| |BlackBox name |Instances |
+-+--------------+----------+
+-+--------------+----------+

Report Cell Usage: 
+------+---------+------+
|      |Cell     |Count |
+------+---------+------+
|1     |CARRY4   |   445|
|2     |DSP48E1  |    23|
|5     |LUT1     |    91|
|6     |LUT2     |  1430|
|7     |LUT3     |   699|
|8     |LUT4     |  1184|
|9     |LUT5     |   915|
|10    |LUT6     |  1557|
|11    |MUXF7    |   139|
|12    |MUXF8    |    16|
|13    |RAMB36E1 |     8|
|16    |SRL16E   |     8|
|17    |FDCE     |  2826|
|18    |FDPE     |     4|
|19    |FDRE     |   280|
+------+---------+------+
---------------------------------------------------------------------------------
Finished Writing Synthesis Report : Time (s): cpu = 00:00:40 ; elapsed = 00:00:41 . Memory (MB): peak = 2862.137 ; gain = 1065.312 ; free physical = 5779 ; free virtual = 32826
---------------------------------------------------------------------------------
Synthesis finished with 0 errors, 0 critical warnings and 0 warnings.
Synthesis Optimization Runtime : Time (s): cpu = 00:00:38 ; elapsed = 00:00:40 . Memory (MB): peak = 2862.137 ; gain = 968.812 ; free physical = 5652 ; free virtual = 32700
Synthesis Optimization Complete : Time (s): cpu = 00:00:40 ; elapsed = 00:00:41 . Memory (MB): peak = 2862.145 ; gain = 1065.312 ; free physical = 5652 ; free virtual = 32700
INFO: [Project 1-571] Translating synthesized netlist
Netlist sorting complete. Time (s): cpu = 00:00:00.05 ; elapsed = 00:00:00.04 . Memory (MB): peak = 2862.145 ; gain = 0.000 ; free physical = 5247 ; free virtual = 32294
INFO: [Netlist 29-17] Analyzing 631 Unisim elements for replacement
INFO: [Netlist 29-28] Unisim Transformation completed in 0 CPU seconds
INFO: [Project 1-570] Preparing netlist for logic optimization
INFO: [Opt 31-138] Pushed 0 inverter(s) to 0 load pin(s).
Netlist sorting complete. Time (s): cpu = 00:00:00.01 ; elapsed = 00:00:00 . Memory (MB): peak = 2918.164 ; gain = 0.000 ; free physical = 4801 ; free virtual = 31846
INFO: [Project 1-111] Unisim Transformation Summary:
No Unisim elements were transformed.

Synth Design complete | Checksum: 2998306c
INFO: [Common 17-83] Releasing license: Synthesis
224 Infos, 6 Warnings, 0 Critical Warnings and 0 Errors encountered.
synth_design completed successfully
synth_design: Time (s): cpu = 00:00:45 ; elapsed = 00:00:45 . Memory (MB): peak = 2918.199 ; gain = 1269.945 ; free physical = 4691 ; free virtual = 31736
INFO: [Common 17-2834] synth_design peak Physical Memory [PSS] (MB): overall = 2153.465; main = 1983.285; forked = 283.653
INFO: [Common 17-2834] synth_design peak Virtual Memory [VSS] (MB): overall = 3793.715; main = 2918.168; forked = 1013.324
Write ShapeDB Complete: Time (s): cpu = 00:00:00.02 ; elapsed = 00:00:00.01 . Memory (MB): peak = 2942.176 ; gain = 0.000 ; free physical = 4679 ; free virtual = 31724
INFO: [Common 17-1381] The checkpoint '/home/pah/fpga_cnn_accelerator/FPGA-based-CNN-Accelerator-for-autonomous-vehicles/src/synth/tpu_mnist_zyboz7/tpu_mnist_zyboz7.runs/design_1_tpu_zybo_0_0_synth_1/design_1_tpu_zybo_0_0.dcp' has been generated.
INFO: [Coretcl 2-1648] Added synthesis output to IP cache for IP design_1_tpu_zybo_0_0, cache-ID = d3bebe859364e888
INFO: [Coretcl 2-1174] Renamed 37 cell refs.
Write ShapeDB Complete: Time (s): cpu = 00:00:00.02 ; elapsed = 00:00:00 . Memory (MB): peak = 2942.176 ; gain = 0.000 ; free physical = 3069 ; free virtual = 30124
INFO: [Common 17-1381] The checkpoint '/home/pah/fpga_cnn_accelerator/FPGA-based-CNN-Accelerator-for-autonomous-vehicles/src/synth/tpu_mnist_zyboz7/tpu_mnist_zyboz7.runs/design_1_tpu_zybo_0_0_synth_1/design_1_tpu_zybo_0_0.dcp' has been generated.
INFO: [Vivado 12-24828] Executing command : report_utilization -file design_1_tpu_zybo_0_0_utilization_synth.rpt -pb design_1_tpu_zybo_0_0_utilization_synth.pb
INFO: [Common 17-206] Exiting Vivado at Fri May 22 23:31:02 2026...
