INFO: [VRFC 10-2263] Analyzing SystemVerilog file "/home/pah/fpga_cnn_accelerator/FPGA-based-CNN-Accelerator-for-autonomous-vehicles/src/rtl/v3/accumulator_array_v2.sv" into library work
INFO: [VRFC 10-311] analyzing module accumulator_array_v2
INFO: [VRFC 10-2263] Analyzing SystemVerilog file "/home/pah/fpga_cnn_accelerator/FPGA-based-CNN-Accelerator-for-autonomous-vehicles/src/rtl/v3/act_skew_buffer.sv" into library work
INFO: [VRFC 10-311] analyzing module act_skew_buffer_2x2
INFO: [VRFC 10-2263] Analyzing SystemVerilog file "/home/pah/fpga_cnn_accelerator/FPGA-based-CNN-Accelerator-for-autonomous-vehicles/src/rtl/v3/activation_array_v2.sv" into library work
INFO: [VRFC 10-311] analyzing module activation_array_v2
INFO: [VRFC 10-2263] Analyzing SystemVerilog file "/home/pah/fpga_cnn_accelerator/FPGA-based-CNN-Accelerator-for-autonomous-vehicles/src/rtl/v3/bias_requantize_v2.sv" into library work
INFO: [VRFC 10-311] analyzing module bias_requantize_v2
INFO: [VRFC 10-2263] Analyzing SystemVerilog file "/home/pah/fpga_cnn_accelerator/FPGA-based-CNN-Accelerator-for-autonomous-vehicles/src/rtl/v3/bias_rom.sv" into library work
INFO: [VRFC 10-311] analyzing module bias_rom
INFO: [VRFC 10-2263] Analyzing SystemVerilog file "/home/pah/fpga_cnn_accelerator/FPGA-based-CNN-Accelerator-for-autonomous-vehicles/src/rtl/v3/conv_fc_address_generator.sv" into library work
INFO: [VRFC 10-311] analyzing module conv_fc_address_generator
INFO: [VRFC 10-2263] Analyzing SystemVerilog file "/home/pah/fpga_cnn_accelerator/FPGA-based-CNN-Accelerator-for-autonomous-vehicles/src/rtl/v3/fifo.sv" into library work
INFO: [VRFC 10-311] analyzing module fifo
INFO: [VRFC 10-2263] Analyzing SystemVerilog file "/home/pah/fpga_cnn_accelerator/FPGA-based-CNN-Accelerator-for-autonomous-vehicles/src/rtl/v3/layer_descriptor_pkg.sv" into library work
INFO: [VRFC 10-2263] Analyzing SystemVerilog file "/home/pah/fpga_cnn_accelerator/FPGA-based-CNN-Accelerator-for-autonomous-vehicles/src/rtl/v3/layer_descriptor_rom.sv" into library work
INFO: [VRFC 10-311] analyzing module layer_descriptor_rom
INFO: [VRFC 10-2263] Analyzing SystemVerilog file "/home/pah/fpga_cnn_accelerator/FPGA-based-CNN-Accelerator-for-autonomous-vehicles/src/rtl/v3/maxpool2d_unit.sv" into library work
INFO: [VRFC 10-311] analyzing module maxpool2d_unit
INFO: [VRFC 10-2263] Analyzing SystemVerilog file "/home/pah/fpga_cnn_accelerator/FPGA-based-CNN-Accelerator-for-autonomous-vehicles/src/rtl/v3/multiplier.sv" into library work
INFO: [VRFC 10-311] analyzing module multiplier
INFO: [VRFC 10-2263] Analyzing SystemVerilog file "/home/pah/fpga_cnn_accelerator/FPGA-based-CNN-Accelerator-for-autonomous-vehicles/src/rtl/v3/mxu_2x2.sv" into library work
INFO: [VRFC 10-311] analyzing module mxu_2x2
INFO: [VRFC 10-2263] Analyzing SystemVerilog file "/home/pah/fpga_cnn_accelerator/FPGA-based-CNN-Accelerator-for-autonomous-vehicles/src/rtl/v3/normalizer_v2.sv" into library work
INFO: [VRFC 10-311] analyzing module normalizer_v2
INFO: [VRFC 10-2263] Analyzing SystemVerilog file "/home/pah/fpga_cnn_accelerator/FPGA-based-CNN-Accelerator-for-autonomous-vehicles/src/rtl/v3/pe.sv" into library work
INFO: [VRFC 10-311] analyzing module pe
INFO: [VRFC 10-2263] Analyzing SystemVerilog file "/home/pah/fpga_cnn_accelerator/FPGA-based-CNN-Accelerator-for-autonomous-vehicles/src/rtl/v3/pooling_unit_v2.sv" into library work
INFO: [VRFC 10-311] analyzing module pooling_unit_v2
INFO: [VRFC 10-2263] Analyzing SystemVerilog file "/home/pah/fpga_cnn_accelerator/FPGA-based-CNN-Accelerator-for-autonomous-vehicles/src/rtl/v3/post_process_v2.sv" into library work
INFO: [VRFC 10-311] analyzing module post_process_v2
INFO: [VRFC 10-2263] Analyzing SystemVerilog file "/home/pah/fpga_cnn_accelerator/FPGA-based-CNN-Accelerator-for-autonomous-vehicles/src/rtl/v3/psum_packer_v2.sv" into library work
INFO: [VRFC 10-311] analyzing module psum_packer_v2
INFO: [VRFC 10-2263] Analyzing SystemVerilog file "/home/pah/fpga_cnn_accelerator/FPGA-based-CNN-Accelerator-for-autonomous-vehicles/src/rtl/v3/requant_mult_rom.sv" into library work
INFO: [VRFC 10-311] analyzing module requant_mult_rom
INFO: [VRFC 10-2263] Analyzing SystemVerilog file "/home/pah/fpga_cnn_accelerator/FPGA-based-CNN-Accelerator-for-autonomous-vehicles/src/rtl/v3/requant_shift_rom.sv" into library work
INFO: [VRFC 10-311] analyzing module requant_shift_rom
INFO: [VRFC 10-2263] Analyzing SystemVerilog file "/home/pah/fpga_cnn_accelerator/FPGA-based-CNN-Accelerator-for-autonomous-vehicles/src/rtl/v3/tpu_controller_rom_kloop.sv" into library work
INFO: [VRFC 10-311] analyzing module tpu_controller_rom_kloop
INFO: [VRFC 10-2263] Analyzing SystemVerilog file "/home/pah/fpga_cnn_accelerator/FPGA-based-CNN-Accelerator-for-autonomous-vehicles/src/rtl/v3/tpu_controller_rom_layer.sv" into library work
INFO: [VRFC 10-311] analyzing module tpu_controller_rom_layer
INFO: [VRFC 10-2263] Analyzing SystemVerilog file "/home/pah/fpga_cnn_accelerator/FPGA-based-CNN-Accelerator-for-autonomous-vehicles/src/rtl/v3/tpu_datapath_v2.sv" into library work
INFO: [VRFC 10-311] analyzing module tpu_datapath_v2
INFO: [VRFC 10-2263] Analyzing SystemVerilog file "/home/pah/fpga_cnn_accelerator/FPGA-based-CNN-Accelerator-for-autonomous-vehicles/src/rtl/v3/tpu_top.sv" into library work
INFO: [VRFC 10-311] analyzing module tpu_top
INFO: [VRFC 10-2263] Analyzing SystemVerilog file "/home/pah/fpga_cnn_accelerator/FPGA-based-CNN-Accelerator-for-autonomous-vehicles/src/rtl/v3/tpu_top_axi_lite.sv" into library work
INFO: [VRFC 10-311] analyzing module tpu_top_axi_lite
INFO: [VRFC 10-2263] Analyzing SystemVerilog file "/home/pah/fpga_cnn_accelerator/FPGA-based-CNN-Accelerator-for-autonomous-vehicles/src/rtl/v3/unified_buffer.sv" into library work
INFO: [VRFC 10-311] analyzing module unified_buffer
INFO: [VRFC 10-2263] Analyzing SystemVerilog file "/home/pah/fpga_cnn_accelerator/FPGA-based-CNN-Accelerator-for-autonomous-vehicles/src/rtl/v3/vector_processing_unit_v2.sv" into library work
INFO: [VRFC 10-311] analyzing module vector_processing_unit_v2
INFO: [VRFC 10-2263] Analyzing SystemVerilog file "/home/pah/fpga_cnn_accelerator/FPGA-based-CNN-Accelerator-for-autonomous-vehicles/src/rtl/v3/weight_rom.sv" into library work
INFO: [VRFC 10-311] analyzing module weight_rom
INFO: [VRFC 10-2263] Analyzing SystemVerilog file "/home/pah/fpga_cnn_accelerator/FPGA-based-CNN-Accelerator-for-autonomous-vehicles/src/rtl/v3/wgt_fetcher_2x2.sv" into library work
INFO: [VRFC 10-311] analyzing module wgt_fetcher_2x2
INFO: [VRFC 10-2263] Analyzing SystemVerilog file "/home/pah/fpga_cnn_accelerator/FPGA-based-CNN-Accelerator-for-autonomous-vehicles/src/rtl/v3/ws_sa_2x2.sv" into library work
INFO: [VRFC 10-311] analyzing module ws_sa_2x2
INFO: [VRFC 10-2263] Analyzing SystemVerilog file "/home/pah/fpga_cnn_accelerator/FPGA-based-CNN-Accelerator-for-autonomous-vehicles/src/sim/tb_sa_NxN/test_tpu_top_axi_lite_compile.sv" into library work
INFO: [VRFC 10-311] analyzing module test_tpu_top_axi_lite_compile
