
*** Running vivado
    with args -log tpu_top_axi_lite.vdi -applog -m64 -product Vivado -messageDb vivado.pb -mode batch -source tpu_top_axi_lite.tcl -notrace


****** Vivado v2025.2 (64-bit)
  **** SW Build 6299465 on Fri Nov 14 12:34:56 MST 2025
  **** IP Build 6300035 on Fri Nov 14 10:48:45 MST 2025
  **** SharedData Build 6298862 on Thu Nov 13 04:50:51 MST 2025
  **** Start of session at: Fri May 22 14:19:36 2026
    ** Copyright 1986-2022 Xilinx, Inc. All Rights Reserved.
    ** Copyright 2022-2025 Advanced Micro Devices, Inc. All Rights Reserved.

source tpu_top_axi_lite.tcl -notrace
Command: link_design -top tpu_top_axi_lite -part xczu7ev-ffvc1156-2-e
Design is defaulting to srcset: sources_1
Design is defaulting to constrset: constrs_1
INFO: [Device 21-403] Loading part xczu7ev-ffvc1156-2-e
Netlist sorting complete. Time (s): cpu = 00:00:00.03 ; elapsed = 00:00:00.03 . Memory (MB): peak = 2788.324 ; gain = 0.000 ; free physical = 11378 ; free virtual = 40291
INFO: [Netlist 29-17] Analyzing 442 Unisim elements for replacement
INFO: [Netlist 29-28] Unisim Transformation completed in 0 CPU seconds
INFO: [Project 1-479] Netlist was created with Vivado 2025.2
INFO: [Project 1-570] Preparing netlist for logic optimization
Parsing XDC File [/home/pah/fpga_cnn_accelerator/FPGA-based-CNN-Accelerator-for-autonomous-vehicles/src/synth/zcu104.xdc]
Finished Parsing XDC File [/home/pah/fpga_cnn_accelerator/FPGA-based-CNN-Accelerator-for-autonomous-vehicles/src/synth/zcu104.xdc]
INFO: [Opt 31-138] Pushed 0 inverter(s) to 0 load pin(s).
Netlist sorting complete. Time (s): cpu = 00:00:00.01 ; elapsed = 00:00:00 . Memory (MB): peak = 3046.359 ; gain = 0.000 ; free physical = 10398 ; free virtual = 39311
INFO: [Project 1-111] Unisim Transformation Summary:
  A total of 60 instances were transformed.
  DSP48E2 => DSP48E2 (DSP_ALU, DSP_A_B_DATA, DSP_C_DATA, DSP_MULTIPLIER, DSP_M_DATA, DSP_OUTPUT, DSP_PREADD, DSP_PREADD_DATA): 20 instances
  IBUF => IBUF (IBUFCTRL, INBUF): 40 instances

7 Infos, 0 Warnings, 0 Critical Warnings and 0 Errors encountered.
link_design completed successfully
link_design: Time (s): cpu = 00:00:12 ; elapsed = 00:00:12 . Memory (MB): peak = 3046.395 ; gain = 1409.625 ; free physical = 10396 ; free virtual = 39309
Command: opt_design
Attempting to get a license for feature 'Implementation' and/or device 'xczu7ev'
INFO: [Common 17-349] Got license for feature 'Implementation' and/or device 'xczu7ev'
Running DRC as a precondition to command opt_design

Starting DRC Task
INFO: [DRC 23-27] Running DRC with 8 threads
INFO: [Project 1-461] DRC finished with 0 Errors
INFO: [Project 1-462] Please refer to the DRC report (report_drc) for more information.

Time (s): cpu = 00:00:00.93 ; elapsed = 00:00:00.33 . Memory (MB): peak = 3268.406 ; gain = 222.012 ; free physical = 10354 ; free virtual = 39267

Starting Cache Timing Information Task
INFO: [Timing 38-35] Done setting XDC timing constraints.
Ending Cache Timing Information Task | Checksum: 20c180713

Time (s): cpu = 00:00:02 ; elapsed = 00:00:02 . Memory (MB): peak = 3589.172 ; gain = 320.766 ; free physical = 8174 ; free virtual = 37087

Starting Logic Optimization Task

Phase 1 Initialization

Phase 1.1 Core Generation And Design Setup
Phase 1.1 Core Generation And Design Setup | Checksum: 20c180713

Time (s): cpu = 00:00:00 ; elapsed = 00:00:00 . Memory (MB): peak = 3965.828 ; gain = 0.000 ; free physical = 8669 ; free virtual = 37583

Phase 1.2 Setup Constraints And Sort Netlist
Phase 1.2 Setup Constraints And Sort Netlist | Checksum: 20c180713

Time (s): cpu = 00:00:00 ; elapsed = 00:00:00.01 . Memory (MB): peak = 3965.828 ; gain = 0.000 ; free physical = 8662 ; free virtual = 37575
Phase 1 Initialization | Checksum: 20c180713

Time (s): cpu = 00:00:00 ; elapsed = 00:00:00.01 . Memory (MB): peak = 3965.828 ; gain = 0.000 ; free physical = 8654 ; free virtual = 37567

Phase 2 Timer Update And Timing Data Collection

Phase 2.1 Detect if minReqCache needed
Phase 2.1 Detect if minReqCache needed | Checksum: 20c180713

Time (s): cpu = 00:00:00.01 ; elapsed = 00:00:00.02 . Memory (MB): peak = 3965.828 ; gain = 0.000 ; free physical = 8638 ; free virtual = 37551

Phase 2.2 Timer Update
Phase 2.2 Timer Update | Checksum: 20c180713

Time (s): cpu = 00:00:00.42 ; elapsed = 00:00:00.13 . Memory (MB): peak = 3965.828 ; gain = 0.000 ; free physical = 8559 ; free virtual = 37472

Phase 2.3 Timing Data Collection
Phase 2.3 Timing Data Collection | Checksum: 20c180713

Time (s): cpu = 00:00:00.42 ; elapsed = 00:00:00.13 . Memory (MB): peak = 3965.828 ; gain = 0.000 ; free physical = 8559 ; free virtual = 37472
Phase 2 Timer Update And Timing Data Collection | Checksum: 20c180713

Time (s): cpu = 00:00:00.42 ; elapsed = 00:00:00.13 . Memory (MB): peak = 3965.828 ; gain = 0.000 ; free physical = 8559 ; free virtual = 37472

Phase 3 Retarget
INFO: [Opt 31-1851] Number of loadless carry chains removed were: 0
INFO: [Opt 31-1834] Total Chains To Be Transformed Were: 0 AND Number of Transformed insts Created are: 0
INFO: [Opt 31-1566] Pulled 3 inverters resulting in an inversion of 109 pins
INFO: [Opt 31-138] Pushed 1 inverter(s) to 2826 load pin(s).
INFO: [Opt 31-49] Retargeted 0 cell(s).
Phase 3 Retarget | Checksum: 196c821ab

Time (s): cpu = 00:00:00.66 ; elapsed = 00:00:00.28 . Memory (MB): peak = 3965.828 ; gain = 0.000 ; free physical = 8473 ; free virtual = 37386
Retarget | Checksum: 196c821ab
INFO: [Opt 31-389] Phase Retarget created 0 cells and removed 12 cells

Phase 4 Constant propagation
INFO: [Opt 31-138] Pushed 0 inverter(s) to 0 load pin(s).
Phase 4 Constant propagation | Checksum: 1b86e0a28

Time (s): cpu = 00:00:00.7 ; elapsed = 00:00:00.32 . Memory (MB): peak = 3965.828 ; gain = 0.000 ; free physical = 8425 ; free virtual = 37339
Constant propagation | Checksum: 1b86e0a28
INFO: [Opt 31-389] Phase Constant propagation created 0 cells and removed 0 cells

Phase 5 Sweep
INFO: [Constraints 18-11670] Building netlist checker database with flags, 0x8
Done building netlist checker database: Time (s): cpu = 00:00:00 ; elapsed = 00:00:00 . Memory (MB): peak = 3965.828 ; gain = 0.000 ; free physical = 8371 ; free virtual = 37284
Phase 5 Sweep | Checksum: 12fe4b99b

Time (s): cpu = 00:00:00.8 ; elapsed = 00:00:00.42 . Memory (MB): peak = 3965.828 ; gain = 0.000 ; free physical = 8353 ; free virtual = 37266
Sweep | Checksum: 12fe4b99b
INFO: [Opt 31-389] Phase Sweep created 0 cells and removed 0 cells

Phase 6 BUFG optimization
INFO: [Opt 31-1077] Phase BUFG optimization inserted 0 global clock buffer(s) for CLOCK_LOW_FANOUT.
Phase 6 BUFG optimization | Checksum: 12fe4b99b

Time (s): cpu = 00:00:01 ; elapsed = 00:00:00.51 . Memory (MB): peak = 3997.844 ; gain = 32.016 ; free physical = 8289 ; free virtual = 37203
BUFG optimization | Checksum: 12fe4b99b
INFO: [Opt 31-662] Phase BUFG optimization created 0 cells of which 0 are BUFGs and removed 0 cells.

Phase 7 Shift Register Optimization
INFO: [Opt 31-1064] SRL Remap converted 0 SRLs to 0 registers and converted 0 registers of register chains to 0 SRLs
Phase 7 Shift Register Optimization | Checksum: 12fe4b99b

Time (s): cpu = 00:00:01 ; elapsed = 00:00:00.51 . Memory (MB): peak = 3997.844 ; gain = 32.016 ; free physical = 8274 ; free virtual = 37187
Shift Register Optimization | Checksum: 12fe4b99b
INFO: [Opt 31-389] Phase Shift Register Optimization created 0 cells and removed 0 cells

Phase 8 Post Processing Netlist
Phase 8 Post Processing Netlist | Checksum: 12fe4b99b

Time (s): cpu = 00:00:01 ; elapsed = 00:00:00.54 . Memory (MB): peak = 3997.844 ; gain = 32.016 ; free physical = 8210 ; free virtual = 37123
Post Processing Netlist | Checksum: 12fe4b99b
INFO: [Opt 31-389] Phase Post Processing Netlist created 0 cells and removed 0 cells

Phase 9 Finalization

Phase 9.1 Finalizing Design Cores and Updating Shapes
Phase 9.1 Finalizing Design Cores and Updating Shapes | Checksum: 246869e15

Time (s): cpu = 00:00:01 ; elapsed = 00:00:00.64 . Memory (MB): peak = 3997.844 ; gain = 32.016 ; free physical = 7954 ; free virtual = 36867

Phase 9.2 Verifying Netlist Connectivity

Starting Connectivity Check Task

Time (s): cpu = 00:00:00.01 ; elapsed = 00:00:00.01 . Memory (MB): peak = 3997.844 ; gain = 0.000 ; free physical = 7954 ; free virtual = 36867
Phase 9.2 Verifying Netlist Connectivity | Checksum: 246869e15

Time (s): cpu = 00:00:01 ; elapsed = 00:00:00.65 . Memory (MB): peak = 3997.844 ; gain = 32.016 ; free physical = 7954 ; free virtual = 36867
Phase 9 Finalization | Checksum: 246869e15

Time (s): cpu = 00:00:01 ; elapsed = 00:00:00.65 . Memory (MB): peak = 3997.844 ; gain = 32.016 ; free physical = 7954 ; free virtual = 36867
Opt_design Change Summary
=========================


-------------------------------------------------------------------------------------------------------------------------
|  Phase                        |  #Cells created  |  #Cells Removed  |  #Constrained objects preventing optimizations  |
-------------------------------------------------------------------------------------------------------------------------
|  Retarget                     |               0  |              12  |                                              0  |
|  Constant propagation         |               0  |               0  |                                              0  |
|  Sweep                        |               0  |               0  |                                              0  |
|  BUFG optimization            |               0  |               0  |                                              0  |
|  Shift Register Optimization  |               0  |               0  |                                              0  |
|  Post Processing Netlist      |               0  |               0  |                                              0  |
-------------------------------------------------------------------------------------------------------------------------


Ending Logic Optimization Task | Checksum: 246869e15

Time (s): cpu = 00:00:01 ; elapsed = 00:00:00.66 . Memory (MB): peak = 3997.844 ; gain = 32.016 ; free physical = 7954 ; free virtual = 36867

Starting Power Optimization Task
INFO: [Pwropt 34-132] Skipping clock gating for clocks with a period < 2.00 ns.
INFO: [Pwropt 34-9] Applying IDT optimizations ...
INFO: [Pwropt 34-10] Applying ODC optimizations ...
INFO: [Timing 38-35] Done setting XDC timing constraints.
Running Vector-less Activity Propagation...

Finished Running Vector-less Activity Propagation


Starting PowerOpt Patch Enables Task
INFO: [Pwropt 34-162] WRITE_MODE attribute of 0 BRAM(s) out of a total of 8 has been updated to save power. Run report_power_opt to get a complete listing of the BRAMs updated.
INFO: [Pwropt 34-201] Structural ODC has moved 0 WE to EN ports
Number of BRAM Ports augmented: 4 newly gated: 0 Total Ports: 16
Ending PowerOpt Patch Enables Task | Checksum: 21ff8f6b5

Time (s): cpu = 00:00:00.08 ; elapsed = 00:00:00.06 . Memory (MB): peak = 4165.895 ; gain = 0.000 ; free physical = 6906 ; free virtual = 35821
Ending Power Optimization Task | Checksum: 21ff8f6b5

Time (s): cpu = 00:00:03 ; elapsed = 00:00:02 . Memory (MB): peak = 4165.895 ; gain = 168.051 ; free physical = 6897 ; free virtual = 35812

Starting Final Cleanup Task

Starting Logic Optimization Task
INFO: [Timing 38-35] Done setting XDC timing constraints.
Ending Logic Optimization Task | Checksum: 240f4c5ac

Time (s): cpu = 00:00:01 ; elapsed = 00:00:00.44 . Memory (MB): peak = 4165.895 ; gain = 0.000 ; free physical = 8064 ; free virtual = 36980
Ending Final Cleanup Task | Checksum: 240f4c5ac

Time (s): cpu = 00:00:03 ; elapsed = 00:00:02 . Memory (MB): peak = 4165.895 ; gain = 0.000 ; free physical = 8061 ; free virtual = 36976
Netlist sorting complete. Time (s): cpu = 00:00:00 ; elapsed = 00:00:00 . Memory (MB): peak = 4165.895 ; gain = 0.000 ; free physical = 8061 ; free virtual = 36976
INFO: [Common 17-83] Releasing license: Implementation
35 Infos, 0 Warnings, 0 Critical Warnings and 0 Errors encountered.
opt_design completed successfully
opt_design: Time (s): cpu = 00:00:13 ; elapsed = 00:00:08 . Memory (MB): peak = 4165.895 ; gain = 1119.500 ; free physical = 8061 ; free virtual = 36976
INFO: [Vivado 12-24828] Executing command : report_drc -file tpu_top_axi_lite_drc_opted.rpt -pb tpu_top_axi_lite_drc_opted.pb -rpx tpu_top_axi_lite_drc_opted.rpx
Command: report_drc -file tpu_top_axi_lite_drc_opted.rpt -pb tpu_top_axi_lite_drc_opted.pb -rpx tpu_top_axi_lite_drc_opted.rpx
INFO: [IP_Flow 19-234] Refreshing IP repositories
INFO: [IP_Flow 19-1704] No user IP repositories specified
INFO: [IP_Flow 19-2313] Loaded Vivado IP repository '/home/pah/tools/Xilinx_20252/2025.2/data/ip'.
INFO: [DRC 23-27] Running DRC with 8 threads
INFO: [Vivado_Tcl 2-168] The results of DRC are in file /home/pah/fpga_cnn_accelerator/FPGA-based-CNN-Accelerator-for-autonomous-vehicles/src/synth/tpu_mnist_ip/tpu_mnist_ip.runs/impl_1/tpu_top_axi_lite_drc_opted.rpt.
report_drc completed successfully
INFO: [Timing 38-480] Writing timing data to binary archive.
Write ShapeDB Complete: Time (s): cpu = 00:00:00.04 ; elapsed = 00:00:00.01 . Memory (MB): peak = 4165.895 ; gain = 0.000 ; free physical = 8116 ; free virtual = 37032
INFO: [Common 17-1381] The checkpoint '/home/pah/fpga_cnn_accelerator/FPGA-based-CNN-Accelerator-for-autonomous-vehicles/src/synth/tpu_mnist_ip/tpu_mnist_ip.runs/impl_1/tpu_top_axi_lite_opt.dcp' has been generated.
Command: place_design
Attempting to get a license for feature 'Implementation' and/or device 'xczu7ev'
INFO: [Common 17-349] Got license for feature 'Implementation' and/or device 'xczu7ev'
INFO: [Common 17-83] Releasing license: Implementation
INFO: [DRC 23-27] Running DRC with 8 threads
INFO: [Vivado_Tcl 4-198] DRC finished with 0 Errors
INFO: [Vivado_Tcl 4-199] Please refer to the DRC report (report_drc) for more information.
INFO: [Timing 38-35] Done setting XDC timing constraints.
Running DRC as a precondition to command place_design
INFO: [DRC 23-27] Running DRC with 8 threads
INFO: [Vivado_Tcl 4-198] DRC finished with 0 Errors
INFO: [Vivado_Tcl 4-199] Please refer to the DRC report (report_drc) for more information.
INFO: [Place 30-611] Multithreading enabled for place_design using a maximum of 8 CPUs

Starting Placer Task

Phase 1 Placer Initialization

Phase 1.1 Placer Initialization Netlist Sorting
Netlist sorting complete. Time (s): cpu = 00:00:00 ; elapsed = 00:00:00 . Memory (MB): peak = 4165.895 ; gain = 0.000 ; free physical = 8159 ; free virtual = 37076
Phase 1.1 Placer Initialization Netlist Sorting | Checksum: 1a8e9cd3a

Time (s): cpu = 00:00:00 ; elapsed = 00:00:00.01 . Memory (MB): peak = 4165.895 ; gain = 0.000 ; free physical = 8159 ; free virtual = 37076
Netlist sorting complete. Time (s): cpu = 00:00:00 ; elapsed = 00:00:00 . Memory (MB): peak = 4165.895 ; gain = 0.000 ; free physical = 8159 ; free virtual = 37076

Phase 1.2 IO Placement/ Clock Placement/ Build Placer Device
Phase 1.2 IO Placement/ Clock Placement/ Build Placer Device | Checksum: 26f7c2f66

Time (s): cpu = 00:00:08 ; elapsed = 00:00:08 . Memory (MB): peak = 4516.410 ; gain = 350.516 ; free physical = 9690 ; free virtual = 38608

Phase 1.3 Build Placer Netlist Model
Phase 1.3 Build Placer Netlist Model | Checksum: 2f34ce691

Time (s): cpu = 00:00:11 ; elapsed = 00:00:09 . Memory (MB): peak = 4548.426 ; gain = 382.531 ; free physical = 9563 ; free virtual = 38481

Phase 1.4 Constrain Clocks/Macros
Phase 1.4 Constrain Clocks/Macros | Checksum: 2f34ce691

Time (s): cpu = 00:00:12 ; elapsed = 00:00:10 . Memory (MB): peak = 4548.426 ; gain = 382.531 ; free physical = 9555 ; free virtual = 38474
Phase 1 Placer Initialization | Checksum: 2f34ce691

Time (s): cpu = 00:00:12 ; elapsed = 00:00:10 . Memory (MB): peak = 4548.426 ; gain = 382.531 ; free physical = 9555 ; free virtual = 38474

Phase 2 Global Placement

Phase 2.1 Floorplanning

Phase 2.1.1 Partition Driven Placement

Phase 2.1.1.1 PBP: Partition Driven Placement
Phase 2.1.1.1 PBP: Partition Driven Placement | Checksum: 2df7d3543

Time (s): cpu = 00:00:13 ; elapsed = 00:00:10 . Memory (MB): peak = 4548.426 ; gain = 382.531 ; free physical = 9175 ; free virtual = 38094

Phase 2.1.1.2 PBP: Clock Region Placement
INFO: [Place 30-3162] Check ILP status : ILP-based clock placer completed successfully.
Phase 2.1.1.2 PBP: Clock Region Placement | Checksum: 2df7d3543

Time (s): cpu = 00:00:14 ; elapsed = 00:00:11 . Memory (MB): peak = 4548.426 ; gain = 382.531 ; free physical = 9178 ; free virtual = 38097

Phase 2.1.1.3 PBP: Compute Congestion
Phase 2.1.1.3 PBP: Compute Congestion | Checksum: 2df7d3543

Time (s): cpu = 00:00:21 ; elapsed = 00:00:13 . Memory (MB): peak = 4775.410 ; gain = 609.516 ; free physical = 8810 ; free virtual = 37733

Phase 2.1.1.4 PBP: UpdateTiming
Phase 2.1.1.4 PBP: UpdateTiming | Checksum: 2b51e29c6

Time (s): cpu = 00:00:22 ; elapsed = 00:00:13 . Memory (MB): peak = 4807.426 ; gain = 641.531 ; free physical = 8802 ; free virtual = 37726

Phase 2.1.1.5 PBP: Add part constraints
Phase 2.1.1.5 PBP: Add part constraints | Checksum: 2b51e29c6

Time (s): cpu = 00:00:22 ; elapsed = 00:00:13 . Memory (MB): peak = 4807.426 ; gain = 641.531 ; free physical = 8794 ; free virtual = 37718
Phase 2.1.1 Partition Driven Placement | Checksum: 2b51e29c6

Time (s): cpu = 00:00:22 ; elapsed = 00:00:13 . Memory (MB): peak = 4807.426 ; gain = 641.531 ; free physical = 8771 ; free virtual = 37694
Phase 2.1 Floorplanning | Checksum: 325c3df8a

Time (s): cpu = 00:00:22 ; elapsed = 00:00:13 . Memory (MB): peak = 4807.426 ; gain = 641.531 ; free physical = 8763 ; free virtual = 37686

Phase 2.2 Update Timing before SLR Path Opt
Phase 2.2 Update Timing before SLR Path Opt | Checksum: 325c3df8a

Time (s): cpu = 00:00:22 ; elapsed = 00:00:13 . Memory (MB): peak = 4807.426 ; gain = 641.531 ; free physical = 8755 ; free virtual = 37679

Phase 2.3 Post-Processing in Floorplanning
Phase 2.3 Post-Processing in Floorplanning | Checksum: 325c3df8a

Time (s): cpu = 00:00:22 ; elapsed = 00:00:13 . Memory (MB): peak = 4807.426 ; gain = 641.531 ; free physical = 8723 ; free virtual = 37647

Phase 2.4 Global Place Phase1
Phase 2.4 Global Place Phase1 | Checksum: 36635b67e

Time (s): cpu = 00:00:50 ; elapsed = 00:00:22 . Memory (MB): peak = 4888.426 ; gain = 722.531 ; free physical = 5821 ; free virtual = 34754

Phase 2.5 Global Place Phase2

Phase 2.5.1 UpdateTiming Before Physical Synthesis
Phase 2.5.1 UpdateTiming Before Physical Synthesis | Checksum: 2e616c558

Time (s): cpu = 00:00:52 ; elapsed = 00:00:22 . Memory (MB): peak = 4888.426 ; gain = 722.531 ; free physical = 6381 ; free virtual = 35313

Phase 2.5.2 Physical Synthesis In Placer
INFO: [Physopt 32-1035] Found 0 LUTNM shape to break, 110 LUT instances to create LUTNM shape
INFO: [Physopt 32-1044] Break lutnm for timing: one critical 0, two critical 0, total 0, new lutff created 0
INFO: [Physopt 32-1138] End 1 Pass. Optimized 46 nets or LUTs. Breaked 0 LUT, combined 46 existing LUTs and moved 0 existing LUT
INFO: [Physopt 32-670] No setup violation found.  Equivalent Driver Rewiring was not performed.
INFO: [Physopt 32-65] No nets found for high-fanout optimization.
INFO: [Physopt 32-232] Optimized 0 net. Created 0 new instance.
INFO: [Physopt 32-775] End 1 Pass. Optimized 0 net or cell. Created 0 new cell, deleted 0 existing cell and moved 0 existing cell
INFO: [Physopt 32-670] No setup violation found.  DSP Register Optimization was not performed.
INFO: [Physopt 32-670] No setup violation found.  Shift Register to Pipeline Optimization was not performed.
INFO: [Physopt 32-670] No setup violation found.  Shift Register Optimization was not performed.
INFO: [Physopt 32-670] No setup violation found.  BRAM Register Optimization was not performed.
INFO: [Physopt 32-670] No setup violation found.  URAM Register Optimization was not performed.
INFO: [Physopt 32-949] No candidate nets found for dynamic/static region interface net replication
INFO: [Physopt 32-775] End 1 Pass. Optimized 0 net or cell. Created 0 new cell, deleted 0 existing cell and moved 0 existing cell
Netlist sorting complete. Time (s): cpu = 00:00:00 ; elapsed = 00:00:00.01 . Memory (MB): peak = 4888.426 ; gain = 0.000 ; free physical = 6879 ; free virtual = 35812

Summary of Physical Synthesis Optimizations
============================================


-----------------------------------------------------------------------------------------------------------------------------------------------------------
|  Optimization                                     |  Added Cells  |  Removed Cells  |  Optimized Cells/Nets  |  Dont Touch  |  Iterations  |  Elapsed   |
-----------------------------------------------------------------------------------------------------------------------------------------------------------
|  LUT Combining                                    |            0  |             46  |                    46  |           0  |           1  |  00:00:00  |
|  Retime                                           |            0  |              0  |                     0  |           0  |           1  |  00:00:00  |
|  Equivalent Driver Rewiring                       |            0  |              0  |                     0  |           0  |           0  |  00:00:00  |
|  Very High Fanout                                 |            0  |              0  |                     0  |           0  |           1  |  00:00:00  |
|  DSP Register                                     |            0  |              0  |                     0  |           0  |           0  |  00:00:00  |
|  Shift Register to Pipeline                       |            0  |              0  |                     0  |           0  |           0  |  00:00:00  |
|  Shift Register                                   |            0  |              0  |                     0  |           0  |           0  |  00:00:00  |
|  BRAM Register                                    |            0  |              0  |                     0  |           0  |           0  |  00:00:00  |
|  URAM Register                                    |            0  |              0  |                     0  |           0  |           0  |  00:00:00  |
|  Dynamic/Static Region Interface Net Replication  |            0  |              0  |                     0  |           0  |           1  |  00:00:00  |
|  Total                                            |            0  |             46  |                    46  |           0  |           4  |  00:00:00  |
-----------------------------------------------------------------------------------------------------------------------------------------------------------


Phase 2.5.2 Physical Synthesis In Placer | Checksum: 28c79012a

Time (s): cpu = 00:00:53 ; elapsed = 00:00:23 . Memory (MB): peak = 4888.426 ; gain = 722.531 ; free physical = 6932 ; free virtual = 35866
Phase 2.5 Global Place Phase2 | Checksum: 26a2b7e92

Time (s): cpu = 00:01:01 ; elapsed = 00:00:25 . Memory (MB): peak = 4888.426 ; gain = 722.531 ; free physical = 6962 ; free virtual = 35895
Phase 2 Global Placement | Checksum: 26a2b7e92

Time (s): cpu = 00:01:01 ; elapsed = 00:00:25 . Memory (MB): peak = 4888.426 ; gain = 722.531 ; free physical = 6962 ; free virtual = 35895

Phase 3 Detail Placement

Phase 3.1 Commit Multi Column Macros
Phase 3.1 Commit Multi Column Macros | Checksum: 24326cc01

Time (s): cpu = 00:01:09 ; elapsed = 00:00:27 . Memory (MB): peak = 4888.426 ; gain = 722.531 ; free physical = 7329 ; free virtual = 36262

Phase 3.2 Commit Most Macros & LUTRAMs
Phase 3.2 Commit Most Macros & LUTRAMs | Checksum: 2d88d16db

Time (s): cpu = 00:01:10 ; elapsed = 00:00:28 . Memory (MB): peak = 4888.426 ; gain = 722.531 ; free physical = 7369 ; free virtual = 36302

Phase 3.3 Small Shape DP

Phase 3.3.1 Small Shape Clustering
Phase 3.3.1 Small Shape Clustering | Checksum: 2842e8b56

Time (s): cpu = 00:01:18 ; elapsed = 00:00:30 . Memory (MB): peak = 4888.426 ; gain = 722.531 ; free physical = 7421 ; free virtual = 36355

Phase 3.3.2 Slice Area Swap

Phase 3.3.2.1 Slice Area Swap Initial
Phase 3.3.2.1 Slice Area Swap Initial | Checksum: 29ec2e6bb

Time (s): cpu = 00:01:18 ; elapsed = 00:00:30 . Memory (MB): peak = 4888.426 ; gain = 722.531 ; free physical = 7421 ; free virtual = 36354
Phase 3.3.2 Slice Area Swap | Checksum: 29ec2e6bb

Time (s): cpu = 00:01:18 ; elapsed = 00:00:30 . Memory (MB): peak = 4888.426 ; gain = 722.531 ; free physical = 7421 ; free virtual = 36354
Phase 3.3 Small Shape DP | Checksum: 2214d5c6c

Time (s): cpu = 00:01:19 ; elapsed = 00:00:31 . Memory (MB): peak = 4888.426 ; gain = 722.531 ; free physical = 7421 ; free virtual = 36355

Phase 3.4 Re-assign LUT pins
Phase 3.4 Re-assign LUT pins | Checksum: 28de61780

Time (s): cpu = 00:01:19 ; elapsed = 00:00:31 . Memory (MB): peak = 4888.426 ; gain = 722.531 ; free physical = 7433 ; free virtual = 36367

Phase 3.5 Pipeline Register Optimization
Phase 3.5 Pipeline Register Optimization | Checksum: 21f2fe2b9

Time (s): cpu = 00:01:20 ; elapsed = 00:00:31 . Memory (MB): peak = 4888.426 ; gain = 722.531 ; free physical = 7433 ; free virtual = 36367
Phase 3 Detail Placement | Checksum: 21f2fe2b9

Time (s): cpu = 00:01:20 ; elapsed = 00:00:31 . Memory (MB): peak = 4888.426 ; gain = 722.531 ; free physical = 7433 ; free virtual = 36367

Phase 4 Post Placement Optimization and Clean-Up

Phase 4.1 Post Commit Optimization
INFO: [Timing 38-35] Done setting XDC timing constraints.

Phase 4.1.1 Post Placement Optimization
Post Placement Optimization Initialization | Checksum: 2a5af5633

Phase 4.1.1.1 BUFG Insertion

Starting Physical Synthesis Task

Phase 1 Physical Synthesis Initialization
INFO: [Physopt 32-721] Multithreading enabled for phys_opt_design using a maximum of 8 CPUs
INFO: [Physopt 32-619] Estimated Timing Summary | WNS=1.837 | TNS=0.000 |
Phase 1 Physical Synthesis Initialization | Checksum: 1e7aaf4ab

Time (s): cpu = 00:00:00.28 ; elapsed = 00:00:00.09 . Memory (MB): peak = 4888.426 ; gain = 0.000 ; free physical = 7539 ; free virtual = 36472
INFO: [Place 46-56] BUFG insertion identified 0 candidate nets. Inserted BUFG: 0, Replicated BUFG Driver: 0, Skipped due to Placement/Routing Conflicts: 0, Skipped due to Timing Degradation: 0, Skipped due to netlist editing failed: 0.
Ending Physical Synthesis Task | Checksum: 24dbe75d0

Time (s): cpu = 00:00:00.34 ; elapsed = 00:00:00.11 . Memory (MB): peak = 4888.426 ; gain = 0.000 ; free physical = 7554 ; free virtual = 36487
Phase 4.1.1.1 BUFG Insertion | Checksum: 2a5af5633

Time (s): cpu = 00:01:32 ; elapsed = 00:00:35 . Memory (MB): peak = 4888.426 ; gain = 722.531 ; free physical = 7558 ; free virtual = 36492

Phase 4.1.1.2 Post Placement Timing Optimization
INFO: [Place 30-746] Post Placement Timing Summary WNS=1.837. For the most accurate timing information please run report_timing.
Phase 4.1.1.2 Post Placement Timing Optimization | Checksum: 1ba783738

Time (s): cpu = 00:01:32 ; elapsed = 00:00:35 . Memory (MB): peak = 4888.426 ; gain = 722.531 ; free physical = 7560 ; free virtual = 36494

Time (s): cpu = 00:01:32 ; elapsed = 00:00:35 . Memory (MB): peak = 4888.426 ; gain = 722.531 ; free physical = 7560 ; free virtual = 36494
Phase 4.1 Post Commit Optimization | Checksum: 1ba783738

Time (s): cpu = 00:01:32 ; elapsed = 00:00:35 . Memory (MB): peak = 4888.426 ; gain = 722.531 ; free physical = 7562 ; free virtual = 36496
Netlist sorting complete. Time (s): cpu = 00:00:00 ; elapsed = 00:00:00 . Memory (MB): peak = 4935.410 ; gain = 0.000 ; free physical = 9312 ; free virtual = 38245

Phase 4.2 Post Placement Cleanup
Phase 4.2 Post Placement Cleanup | Checksum: 11daac444

Time (s): cpu = 00:01:42 ; elapsed = 00:00:40 . Memory (MB): peak = 4935.410 ; gain = 769.516 ; free physical = 9316 ; free virtual = 38249

Phase 4.3 Placer Reporting

Phase 4.3.1 Print Estimated Congestion
INFO: [Place 30-612] Post-Placement Estimated Congestion 
 ________________________________________________________________________
|           | Global Congestion | Long Congestion   | Short Congestion  |
| Direction | Region Size       | Region Size       | Region Size       |
|___________|___________________|___________________|___________________|
|      North|                1x1|                1x1|                2x2|
|___________|___________________|___________________|___________________|
|      South|                1x1|                1x1|                1x1|
|___________|___________________|___________________|___________________|
|       East|                1x1|                1x1|                4x4|
|___________|___________________|___________________|___________________|
|       West|                1x1|                1x1|                2x2|
|___________|___________________|___________________|___________________|

Phase 4.3.1 Print Estimated Congestion | Checksum: 11daac444

Time (s): cpu = 00:01:43 ; elapsed = 00:00:40 . Memory (MB): peak = 4935.410 ; gain = 769.516 ; free physical = 9315 ; free virtual = 38249
Phase 4.3 Placer Reporting | Checksum: 11daac444

Time (s): cpu = 00:01:43 ; elapsed = 00:00:40 . Memory (MB): peak = 4935.410 ; gain = 769.516 ; free physical = 9318 ; free virtual = 38252

Phase 4.4 Final Placement Cleanup
Netlist sorting complete. Time (s): cpu = 00:00:00 ; elapsed = 00:00:00 . Memory (MB): peak = 4935.410 ; gain = 0.000 ; free physical = 9318 ; free virtual = 38251

Time (s): cpu = 00:01:43 ; elapsed = 00:00:40 . Memory (MB): peak = 4935.410 ; gain = 769.516 ; free physical = 9318 ; free virtual = 38251
Phase 4 Post Placement Optimization and Clean-Up | Checksum: 137489829

Time (s): cpu = 00:01:43 ; elapsed = 00:00:40 . Memory (MB): peak = 4935.410 ; gain = 769.516 ; free physical = 9318 ; free virtual = 38251
Ending Placer Task | Checksum: 13283de4f

Time (s): cpu = 00:01:43 ; elapsed = 00:00:40 . Memory (MB): peak = 4935.410 ; gain = 769.516 ; free physical = 9318 ; free virtual = 38251
74 Infos, 0 Warnings, 0 Critical Warnings and 0 Errors encountered.
place_design completed successfully
place_design: Time (s): cpu = 00:01:46 ; elapsed = 00:00:41 . Memory (MB): peak = 4935.410 ; gain = 769.516 ; free physical = 9317 ; free virtual = 38251
INFO: [Vivado 12-24838] Running report commands "report_control_sets, report_io, report_utilization" in parallel.
Running report generation with 3 threads.
INFO: [Vivado 12-24828] Executing command : report_control_sets -verbose -file tpu_top_axi_lite_control_sets_placed.rpt
report_control_sets: Time (s): cpu = 00:00:00.14 ; elapsed = 00:00:00.18 . Memory (MB): peak = 4935.410 ; gain = 0.000 ; free physical = 9329 ; free virtual = 38263
INFO: [Vivado 12-24828] Executing command : report_utilization -file tpu_top_axi_lite_utilization_placed.rpt -pb tpu_top_axi_lite_utilization_placed.pb
INFO: [Vivado 12-24828] Executing command : report_io -file tpu_top_axi_lite_io_placed.rpt
report_io: Time (s): cpu = 00:00:00.24 ; elapsed = 00:00:00.38 . Memory (MB): peak = 4935.410 ; gain = 0.000 ; free physical = 9342 ; free virtual = 38277
INFO: [Timing 38-480] Writing timing data to binary archive.
Write ShapeDB Complete: Time (s): cpu = 00:00:00.07 ; elapsed = 00:00:00.02 . Memory (MB): peak = 4935.410 ; gain = 0.000 ; free physical = 9342 ; free virtual = 38278
Wrote PlaceDB: Time (s): cpu = 00:00:00.58 ; elapsed = 00:00:00.22 . Memory (MB): peak = 4935.410 ; gain = 0.000 ; free physical = 9328 ; free virtual = 38273
Wrote PulsedLatchDB: Time (s): cpu = 00:00:00 ; elapsed = 00:00:00 . Memory (MB): peak = 4935.410 ; gain = 0.000 ; free physical = 9328 ; free virtual = 38273
Writing XDEF routing.
Writing XDEF routing logical nets.
Writing XDEF routing special nets.
Wrote RouteStorage: Time (s): cpu = 00:00:00.05 ; elapsed = 00:00:00.04 . Memory (MB): peak = 4935.410 ; gain = 0.000 ; free physical = 9328 ; free virtual = 38273
Wrote Netlist Cache: Time (s): cpu = 00:00:00.01 ; elapsed = 00:00:00.01 . Memory (MB): peak = 4935.410 ; gain = 0.000 ; free physical = 9328 ; free virtual = 38274
Wrote Device Cache: Time (s): cpu = 00:00:00.01 ; elapsed = 00:00:00.02 . Memory (MB): peak = 4935.410 ; gain = 0.000 ; free physical = 9328 ; free virtual = 38277
Write Physdb Complete: Time (s): cpu = 00:00:00.66 ; elapsed = 00:00:00.3 . Memory (MB): peak = 4935.410 ; gain = 0.000 ; free physical = 9327 ; free virtual = 38276
INFO: [Common 17-1381] The checkpoint '/home/pah/fpga_cnn_accelerator/FPGA-based-CNN-Accelerator-for-autonomous-vehicles/src/synth/tpu_mnist_ip/tpu_mnist_ip.runs/impl_1/tpu_top_axi_lite_placed.dcp' has been generated.
Command: phys_opt_design
Attempting to get a license for feature 'Implementation' and/or device 'xczu7ev'
INFO: [Common 17-349] Got license for feature 'Implementation' and/or device 'xczu7ev'

Starting Initial Update Timing Task

Time (s): cpu = 00:00:02 ; elapsed = 00:00:00.79 . Memory (MB): peak = 4935.410 ; gain = 0.000 ; free physical = 9299 ; free virtual = 38237
INFO: [Vivado_Tcl 4-2279] Estimated Timing Summary | WNS= 1.834 | TNS= 0.000 | 
INFO: [Vivado_Tcl 4-383] Design worst setup slack (WNS) is greater than or equal to 0.000 ns. All physical synthesis setup optimizations will be skipped.
INFO: [Vivado_Tcl 4-232] No setup violation found. The netlist was not modified.
INFO: [Common 17-83] Releasing license: Implementation
85 Infos, 0 Warnings, 0 Critical Warnings and 0 Errors encountered.
phys_opt_design completed successfully
INFO: [Timing 38-480] Writing timing data to binary archive.
Write ShapeDB Complete: Time (s): cpu = 00:00:00.07 ; elapsed = 00:00:00.02 . Memory (MB): peak = 4935.410 ; gain = 0.000 ; free physical = 9299 ; free virtual = 38238
Wrote PlaceDB: Time (s): cpu = 00:00:00.61 ; elapsed = 00:00:00.22 . Memory (MB): peak = 4935.410 ; gain = 0.000 ; free physical = 9291 ; free virtual = 38239
Wrote PulsedLatchDB: Time (s): cpu = 00:00:00 ; elapsed = 00:00:00 . Memory (MB): peak = 4935.410 ; gain = 0.000 ; free physical = 9291 ; free virtual = 38239
Writing XDEF routing.
Writing XDEF routing logical nets.
Writing XDEF routing special nets.
Wrote RouteStorage: Time (s): cpu = 00:00:00.05 ; elapsed = 00:00:00.04 . Memory (MB): peak = 4935.410 ; gain = 0.000 ; free physical = 9281 ; free virtual = 38229
Wrote Netlist Cache: Time (s): cpu = 00:00:00 ; elapsed = 00:00:00.01 . Memory (MB): peak = 4935.410 ; gain = 0.000 ; free physical = 9281 ; free virtual = 38230
Wrote Device Cache: Time (s): cpu = 00:00:00.01 ; elapsed = 00:00:00.02 . Memory (MB): peak = 4935.410 ; gain = 0.000 ; free physical = 9280 ; free virtual = 38232
Write Physdb Complete: Time (s): cpu = 00:00:00.68 ; elapsed = 00:00:00.3 . Memory (MB): peak = 4935.410 ; gain = 0.000 ; free physical = 9280 ; free virtual = 38232
INFO: [Common 17-1381] The checkpoint '/home/pah/fpga_cnn_accelerator/FPGA-based-CNN-Accelerator-for-autonomous-vehicles/src/synth/tpu_mnist_ip/tpu_mnist_ip.runs/impl_1/tpu_top_axi_lite_physopt.dcp' has been generated.
Command: route_design
Attempting to get a license for feature 'Implementation' and/or device 'xczu7ev'
INFO: [Common 17-349] Got license for feature 'Implementation' and/or device 'xczu7ev'


Starting Routing Task
INFO: [Route 35-254] Multithreading enabled for route_design using a maximum of 8 CPUs

Phase 1 Build RT Design
Checksum: PlaceDB: 598fec78 ConstDB: 0 ShapeSum: 7941f749 RouteDB: 5fb1fa8e
Nodegraph reading from file.  Time (s): cpu = 00:00:00.52 ; elapsed = 00:00:00.55 . Memory (MB): peak = 4935.410 ; gain = 0.000 ; free physical = 9269 ; free virtual = 38211
Post Restoration Checksum: NetGraph: 51490a90 | NumContArr: 255a28ce | Constraints: 87fd47c1 | Timing: c2a8fa9d
Phase 1 Build RT Design | Checksum: 1c14975bc

Time (s): cpu = 00:00:06 ; elapsed = 00:00:04 . Memory (MB): peak = 4935.410 ; gain = 0.000 ; free physical = 9274 ; free virtual = 38217

Phase 2 Router Initialization

Phase 2.1 Fix Topology Constraints
Phase 2.1 Fix Topology Constraints | Checksum: 1c14975bc

Time (s): cpu = 00:00:06 ; elapsed = 00:00:04 . Memory (MB): peak = 4935.410 ; gain = 0.000 ; free physical = 9270 ; free virtual = 38213

Phase 2.2 Pre Route Cleanup
Phase 2.2 Pre Route Cleanup | Checksum: 1c14975bc

Time (s): cpu = 00:00:06 ; elapsed = 00:00:04 . Memory (MB): peak = 4935.410 ; gain = 0.000 ; free physical = 9270 ; free virtual = 38213

Phase 2.3 Global Clock Net Routing
 Number of Nodes with overlaps = 0
Phase 2.3 Global Clock Net Routing | Checksum: 275bc1d3b

Time (s): cpu = 00:00:07 ; elapsed = 00:00:04 . Memory (MB): peak = 4935.410 ; gain = 0.000 ; free physical = 9280 ; free virtual = 38220

Phase 2.4 Update Timing
Phase 2.4 Update Timing | Checksum: 1d6a2a75b

Time (s): cpu = 00:00:09 ; elapsed = 00:00:05 . Memory (MB): peak = 4935.410 ; gain = 0.000 ; free physical = 9287 ; free virtual = 38227
INFO: [Route 35-416] Intermediate Timing Summary | WNS=2.076  | TNS=0.000  | WHS=-0.491 | THS=-60.496|


Phase 2.5 Soft Constraint Pins - Fast Budgeting
Phase 2.5 Soft Constraint Pins - Fast Budgeting | Checksum: 1f6291301

Time (s): cpu = 00:00:11 ; elapsed = 00:00:05 . Memory (MB): peak = 4935.410 ; gain = 0.000 ; free physical = 9279 ; free virtual = 38219

Router Utilization Summary
  Global Vertical Routing Utilization    = 0 %
  Global Horizontal Routing Utilization  = 0 %
  Routable Net Status*
  *Does not include unroutable nets such as driverless and loadless.
  Run report_route_status for detailed report.
  Number of Failed Nets               = 6894
    (Failed Nets is the sum of unrouted and partially routed nets)
  Number of Unrouted Nets             = 5821
  Number of Partially Routed Nets     = 1073
  Number of Node Overlaps             = 0

Phase 2 Router Initialization | Checksum: 2564e8567

Time (s): cpu = 00:00:12 ; elapsed = 00:00:05 . Memory (MB): peak = 4935.410 ; gain = 0.000 ; free physical = 9288 ; free virtual = 38228

Phase 3 Global Routing
Phase 3 Global Routing | Checksum: 2564e8567

Time (s): cpu = 00:00:12 ; elapsed = 00:00:05 . Memory (MB): peak = 4935.410 ; gain = 0.000 ; free physical = 9286 ; free virtual = 38226

Phase 4 Initial Routing

Phase 4.1 Initial Net Routing Pass
Phase 4.1 Initial Net Routing Pass | Checksum: 87dab3b0

Time (s): cpu = 00:00:14 ; elapsed = 00:00:06 . Memory (MB): peak = 4935.410 ; gain = 0.000 ; free physical = 9314 ; free virtual = 38255
Phase 4 Initial Routing | Checksum: 84601866

Time (s): cpu = 00:00:14 ; elapsed = 00:00:06 . Memory (MB): peak = 4935.410 ; gain = 0.000 ; free physical = 9318 ; free virtual = 38258

Phase 5 Rip-up And Reroute

Phase 5.1 Global Iteration 0
 Number of Nodes with overlaps = 1476
 Number of Nodes with overlaps = 187
 Number of Nodes with overlaps = 41
 Number of Nodes with overlaps = 24
 Number of Nodes with overlaps = 7
 Number of Nodes with overlaps = 2
 Number of Nodes with overlaps = 4
 Number of Nodes with overlaps = 1
 Number of Nodes with overlaps = 0
INFO: [Route 35-416] Intermediate Timing Summary | WNS=1.423  | TNS=0.000  | WHS=-0.726 | THS=-18.835|

Phase 5.1 Global Iteration 0 | Checksum: 248a97a58

Time (s): cpu = 00:00:24 ; elapsed = 00:00:10 . Memory (MB): peak = 4935.410 ; gain = 0.000 ; free physical = 9331 ; free virtual = 38271

Phase 5.2 Global Iteration 1
 Number of Nodes with overlaps = 21
 Number of Nodes with overlaps = 1
 Number of Nodes with overlaps = 1
 Number of Nodes with overlaps = 2
 Number of Nodes with overlaps = 2
 Number of Nodes with overlaps = 0
INFO: [Route 35-416] Intermediate Timing Summary | WNS=0.964  | TNS=0.000  | WHS=N/A    | THS=N/A    |

Phase 5.2 Global Iteration 1 | Checksum: 1b45e1ff7

Time (s): cpu = 00:00:26 ; elapsed = 00:00:11 . Memory (MB): peak = 4935.410 ; gain = 0.000 ; free physical = 8805 ; free virtual = 37746
Phase 5 Rip-up And Reroute | Checksum: 1b45e1ff7

Time (s): cpu = 00:00:26 ; elapsed = 00:00:11 . Memory (MB): peak = 4935.410 ; gain = 0.000 ; free physical = 8797 ; free virtual = 37738

Phase 6 Delay and Skew Optimization

Phase 6.1 Delay CleanUp
Phase 6.1 Delay CleanUp | Checksum: 20b4f8a1b

Time (s): cpu = 00:00:26 ; elapsed = 00:00:11 . Memory (MB): peak = 4935.410 ; gain = 0.000 ; free physical = 8798 ; free virtual = 37738

Phase 6.2 Clock Skew Optimization
Phase 6.2 Clock Skew Optimization | Checksum: 20b4f8a1b

Time (s): cpu = 00:00:26 ; elapsed = 00:00:11 . Memory (MB): peak = 4935.410 ; gain = 0.000 ; free physical = 8782 ; free virtual = 37722
Phase 6 Delay and Skew Optimization | Checksum: 20b4f8a1b

Time (s): cpu = 00:00:26 ; elapsed = 00:00:11 . Memory (MB): peak = 4935.410 ; gain = 0.000 ; free physical = 8782 ; free virtual = 37722

Phase 7 Post Hold Fix

Phase 7.1 Hold Fix Iter
INFO: [Route 35-416] Intermediate Timing Summary | WNS=0.964  | TNS=0.000  | WHS=0.005  | THS=0.000  |

Phase 7.1 Hold Fix Iter | Checksum: 202a47a84

Time (s): cpu = 00:00:27 ; elapsed = 00:00:11 . Memory (MB): peak = 4935.410 ; gain = 0.000 ; free physical = 8459 ; free virtual = 37399
Phase 7 Post Hold Fix | Checksum: 202a47a84

Time (s): cpu = 00:00:27 ; elapsed = 00:00:11 . Memory (MB): peak = 4935.410 ; gain = 0.000 ; free physical = 8451 ; free virtual = 37391

Phase 8 Route finalize

Router Utilization Summary
  Global Vertical Routing Utilization    = 0.473023 %
  Global Horizontal Routing Utilization  = 0.575261 %
  Routable Net Status*
  *Does not include unroutable nets such as driverless and loadless.
  Run report_route_status for detailed report.
  Number of Failed Nets               = 0
    (Failed Nets is the sum of unrouted and partially routed nets)
  Number of Unrouted Nets             = 0
  Number of Partially Routed Nets     = 0
  Number of Node Overlaps             = 0

Phase 8 Route finalize | Checksum: 202a47a84

Time (s): cpu = 00:00:28 ; elapsed = 00:00:11 . Memory (MB): peak = 4935.410 ; gain = 0.000 ; free physical = 8285 ; free virtual = 37226

Phase 9 Verifying routed nets

 Verification completed successfully
Phase 9 Verifying routed nets | Checksum: 202a47a84

Time (s): cpu = 00:00:28 ; elapsed = 00:00:11 . Memory (MB): peak = 4935.410 ; gain = 0.000 ; free physical = 8324 ; free virtual = 37265

Phase 10 Depositing Routes
Phase 10 Depositing Routes | Checksum: 202a47a84

Time (s): cpu = 00:00:28 ; elapsed = 00:00:11 . Memory (MB): peak = 4935.410 ; gain = 0.000 ; free physical = 8289 ; free virtual = 37229

Phase 11 Resolve XTalk
Phase 11 Resolve XTalk | Checksum: 202a47a84

Time (s): cpu = 00:00:28 ; elapsed = 00:00:11 . Memory (MB): peak = 4935.410 ; gain = 0.000 ; free physical = 8249 ; free virtual = 37190

Phase 12 Post Process Routing
Phase 12 Post Process Routing | Checksum: 202a47a84

Time (s): cpu = 00:00:29 ; elapsed = 00:00:12 . Memory (MB): peak = 4935.410 ; gain = 0.000 ; free physical = 8186 ; free virtual = 37127

Phase 13 Post Router Timing
INFO: [Route 35-57] Estimated Timing Summary | WNS=0.964  | TNS=0.000  | WHS=0.005  | THS=0.000  |

INFO: [Route 35-327] The final timing numbers are based on the router estimated timing analysis. For a complete and accurate timing signoff, please run report_timing_summary.
Phase 13 Post Router Timing | Checksum: 202a47a84

Time (s): cpu = 00:00:29 ; elapsed = 00:00:12 . Memory (MB): peak = 4935.410 ; gain = 0.000 ; free physical = 8163 ; free virtual = 37103
Total Elapsed time in route_design: 11.53 secs

Phase 14 Post-Route Event Processing
Phase 14 Post-Route Event Processing | Checksum: c97e25f4

Time (s): cpu = 00:00:29 ; elapsed = 00:00:12 . Memory (MB): peak = 4935.410 ; gain = 0.000 ; free physical = 8480 ; free virtual = 37420
INFO: [Route 35-16] Router Completed Successfully
Ending Routing Task | Checksum: c97e25f4

Time (s): cpu = 00:00:29 ; elapsed = 00:00:12 . Memory (MB): peak = 4935.410 ; gain = 0.000 ; free physical = 8515 ; free virtual = 37456

Routing Is Done.
INFO: [Common 17-83] Releasing license: Implementation
97 Infos, 0 Warnings, 0 Critical Warnings and 0 Errors encountered.
route_design completed successfully
route_design: Time (s): cpu = 00:00:29 ; elapsed = 00:00:12 . Memory (MB): peak = 4935.410 ; gain = 0.000 ; free physical = 8515 ; free virtual = 37455
INFO: [Vivado 12-24828] Executing command : report_drc -file tpu_top_axi_lite_drc_routed.rpt -pb tpu_top_axi_lite_drc_routed.pb -rpx tpu_top_axi_lite_drc_routed.rpx
Command: report_drc -file tpu_top_axi_lite_drc_routed.rpt -pb tpu_top_axi_lite_drc_routed.pb -rpx tpu_top_axi_lite_drc_routed.rpx
INFO: [IP_Flow 19-1839] IP Catalog is up to date.
INFO: [DRC 23-27] Running DRC with 8 threads
INFO: [Vivado_Tcl 2-168] The results of DRC are in file /home/pah/fpga_cnn_accelerator/FPGA-based-CNN-Accelerator-for-autonomous-vehicles/src/synth/tpu_mnist_ip/tpu_mnist_ip.runs/impl_1/tpu_top_axi_lite_drc_routed.rpt.
report_drc completed successfully
INFO: [Vivado 12-24828] Executing command : report_methodology -file tpu_top_axi_lite_methodology_drc_routed.rpt -pb tpu_top_axi_lite_methodology_drc_routed.pb -rpx tpu_top_axi_lite_methodology_drc_routed.rpx
Command: report_methodology -file tpu_top_axi_lite_methodology_drc_routed.rpt -pb tpu_top_axi_lite_methodology_drc_routed.pb -rpx tpu_top_axi_lite_methodology_drc_routed.rpx
INFO: [Timing 38-35] Done setting XDC timing constraints.
INFO: [DRC 23-133] Running Methodology with 8 threads
INFO: [Vivado_Tcl 2-1520] The results of Report Methodology are in file /home/pah/fpga_cnn_accelerator/FPGA-based-CNN-Accelerator-for-autonomous-vehicles/src/synth/tpu_mnist_ip/tpu_mnist_ip.runs/impl_1/tpu_top_axi_lite_methodology_drc_routed.rpt.
report_methodology completed successfully
INFO: [Vivado 12-24828] Executing command : report_timing_summary -max_paths 10 -routable_nets -report_unconstrained -file tpu_top_axi_lite_timing_summary_routed.rpt -pb tpu_top_axi_lite_timing_summary_routed.pb -rpx tpu_top_axi_lite_timing_summary_routed.rpx -warn_on_violation 
INFO: [Timing 38-35] Done setting XDC timing constraints.
INFO: [Timing 38-91] UpdateTimingParams: Speed grade: -2, Temperature grade: E, Delay Type: min_max.
INFO: [Timing 38-191] Multithreading enabled for timing update using a maximum of 8 CPUs
INFO: [Vivado 12-24838] Running report commands "report_bus_skew, report_incremental_reuse, report_route_status" in parallel.
Running report generation with 3 threads.
INFO: [Vivado 12-24828] Executing command : report_incremental_reuse -file tpu_top_axi_lite_incremental_reuse_routed.rpt
INFO: [Vivado_Tcl 4-1062] Incremental flow is disabled. No incremental reuse Info to report.
INFO: [Vivado 12-24828] Executing command : report_route_status -file tpu_top_axi_lite_route_status.rpt -pb tpu_top_axi_lite_route_status.pb
INFO: [Vivado 12-24828] Executing command : report_bus_skew -warn_on_violation -file tpu_top_axi_lite_bus_skew_routed.rpt -pb tpu_top_axi_lite_bus_skew_routed.pb -rpx tpu_top_axi_lite_bus_skew_routed.rpx
INFO: [Timing 38-91] UpdateTimingParams: Speed grade: -2, Temperature grade: E, Delay Type: min_max.
INFO: [Timing 38-191] Multithreading enabled for timing update using a maximum of 8 CPUs
INFO: [Vivado 12-24828] Executing command : report_power -file tpu_top_axi_lite_power_routed.rpt -pb tpu_top_axi_lite_power_summary_routed.pb -rpx tpu_top_axi_lite_power_routed.rpx
Command: report_power -file tpu_top_axi_lite_power_routed.rpt -pb tpu_top_axi_lite_power_summary_routed.pb -rpx tpu_top_axi_lite_power_routed.rpx
Running Vector-less Activity Propagation...

Finished Running Vector-less Activity Propagation
117 Infos, 0 Warnings, 0 Critical Warnings and 0 Errors encountered.
report_power completed successfully
INFO: [Vivado 12-24828] Executing command : report_clock_utilization -file tpu_top_axi_lite_clock_utilization_routed.rpt
generate_parallel_reports: Time (s): cpu = 00:00:19 ; elapsed = 00:00:10 . Memory (MB): peak = 4975.430 ; gain = 40.020 ; free physical = 9141 ; free virtual = 38087
INFO: [Timing 38-480] Writing timing data to binary archive.
Write ShapeDB Complete: Time (s): cpu = 00:00:00.07 ; elapsed = 00:00:00.01 . Memory (MB): peak = 4975.430 ; gain = 0.000 ; free physical = 9141 ; free virtual = 38088
Wrote PlaceDB: Time (s): cpu = 00:00:00.53 ; elapsed = 00:00:00.2 . Memory (MB): peak = 4975.430 ; gain = 0.000 ; free physical = 9158 ; free virtual = 38114
Wrote PulsedLatchDB: Time (s): cpu = 00:00:00 ; elapsed = 00:00:00 . Memory (MB): peak = 4975.430 ; gain = 0.000 ; free physical = 9158 ; free virtual = 38114
Writing XDEF routing.
Writing XDEF routing logical nets.
Writing XDEF routing special nets.
Wrote RouteStorage: Time (s): cpu = 00:00:00.09 ; elapsed = 00:00:00.06 . Memory (MB): peak = 4975.430 ; gain = 0.000 ; free physical = 9180 ; free virtual = 38137
Wrote Netlist Cache: Time (s): cpu = 00:00:00 ; elapsed = 00:00:00.01 . Memory (MB): peak = 4975.430 ; gain = 0.000 ; free physical = 9180 ; free virtual = 38138
Wrote Device Cache: Time (s): cpu = 00:00:00.01 ; elapsed = 00:00:00.01 . Memory (MB): peak = 4975.430 ; gain = 0.000 ; free physical = 9180 ; free virtual = 38142
Write Physdb Complete: Time (s): cpu = 00:00:00.64 ; elapsed = 00:00:00.29 . Memory (MB): peak = 4975.430 ; gain = 0.000 ; free physical = 9180 ; free virtual = 38142
INFO: [Common 17-1381] The checkpoint '/home/pah/fpga_cnn_accelerator/FPGA-based-CNN-Accelerator-for-autonomous-vehicles/src/synth/tpu_mnist_ip/tpu_mnist_ip.runs/impl_1/tpu_top_axi_lite_routed.dcp' has been generated.
INFO: [Common 17-206] Exiting Vivado at Fri May 22 14:21:05 2026...
