Copyright 1986-2022 Xilinx, Inc. All Rights Reserved. Copyright 2022-2025 Advanced Micro Devices, Inc. All Rights Reserved.
---------------------------------------------------------------------------------------------------------------------------------------------
| Tool Version : Vivado v.2025.2 (lin64) Build 6299465 Fri Nov 14 12:34:56 MST 2025
| Date         : Fri May 22 14:20:41 2026
| Host         : pah-PC running 64-bit Ubuntu 24.04.4 LTS
| Command      : report_control_sets -verbose -file tpu_top_axi_lite_control_sets_placed.rpt
| Design       : tpu_top_axi_lite
| Device       : xczu7ev
---------------------------------------------------------------------------------------------------------------------------------------------

Control Set Information

Table of Contents
-----------------
1. Summary
2. Histogram
3. Flip-Flop Distribution
4. Detailed Control Set Information

1. Summary
----------

+----------------------------------------------------------+-------+
|                          Status                          | Count |
+----------------------------------------------------------+-------+
| Total control sets                                       |   108 |
|    Minimum number of control sets                        |   108 |
|    Addition due to synthesis replication                 |     0 |
|    Addition due to physical synthesis replication        |     0 |
| Unused register locations in slices containing registers |    54 |
+----------------------------------------------------------+-------+
* Control sets can be merged at opt_design using control_set_merge or merge_equivalent_drivers
** Run report_qor_suggestions for automated merging and remapping suggestions


2. Histogram
------------

+--------------------+-------+
|       Fanout       | Count |
+--------------------+-------+
| Total control sets |   108 |
| >= 0 to < 4        |     8 |
| >= 4 to < 6        |    30 |
| >= 6 to < 8        |     0 |
| >= 8 to < 10       |     6 |
| >= 10 to < 12      |     2 |
| >= 12 to < 14      |     0 |
| >= 14 to < 16      |     3 |
| >= 16              |    59 |
+--------------------+-------+
* Control sets can be remapped at either synth_design or opt_design


3. Flip-Flop Distribution
-------------------------

+--------------+-----------------------+------------------------+-----------------+--------------+
| Clock Enable | Synchronous Set/Reset | Asynchronous Set/Reset | Total Registers | Total Slices |
+--------------+-----------------------+------------------------+-----------------+--------------+
| No           | No                    | No                     |               8 |            4 |
| No           | No                    | Yes                    |             645 |          163 |
| No           | Yes                   | No                     |               0 |            0 |
| Yes          | No                    | No                     |             272 |           47 |
| Yes          | No                    | Yes                    |            2181 |          545 |
| Yes          | Yes                   | No                     |               0 |            0 |
+--------------+-----------------------+------------------------+-----------------+--------------+


4. Detailed Control Set Information
-----------------------------------

+-----------------------+--------------------------------------------------------------------------------------------------------------+---------------------------+------------------+----------------+--------------+
|      Clock Signal     |                                                 Enable Signal                                                |      Set/Reset Signal     | Slice Load Count | Bel Load Count | Bels / Slice |
+-----------------------+--------------------------------------------------------------------------------------------------------------+---------------------------+------------------+----------------+--------------+
|  s_axi_aclk_IBUF_BUFG | u_tpu_top/u_maxpool2d_unit/sample_idx_q[1]_i_1_n_0                                                           | s_axi_aresetn_IBUF_inst/O |                1 |              2 |         2.00 |
|  s_axi_aclk_IBUF_BUFG | u_tpu_top/u_datapath/u_mxu/u_wgt_fetcher/rows_loaded_q[1]_i_1_n_0                                            | s_axi_aresetn_IBUF_inst/O |                1 |              2 |         2.00 |
|  s_axi_aclk_IBUF_BUFG | u_tpu_top/u_layer_controller/u_tile_controller/wgt_load_seen_q[1]_i_1_n_0                                    | s_axi_aresetn_IBUF_inst/O |                1 |              2 |         2.00 |
|  s_axi_aclk_IBUF_BUFG | u_tpu_top/u_maxpool2d_unit/dbg_error_code_o[1]_i_1__1_n_0                                                    | s_axi_aresetn_IBUF_inst/O |                1 |              2 |         2.00 |
|  s_axi_aclk_IBUF_BUFG | u_tpu_top/u_maxpool2d_unit/FSM_sequential_state_q[2]_i_1__0_n_0                                              | s_axi_aresetn_IBUF_inst/O |                2 |              3 |         1.50 |
|  s_axi_aclk_IBUF_BUFG | u_tpu_top/u_layer_controller/u_tile_controller/FSM_sequential_state_q_reg[0][0]                              | s_axi_aresetn_IBUF_inst/O |                1 |              3 |         3.00 |
|  s_axi_aclk_IBUF_BUFG | u_tpu_top/u_layer_controller/u_tile_controller/u_address_generator/E[0]                                      | s_axi_aresetn_IBUF_inst/O |                1 |              3 |         3.00 |
|  s_axi_aclk_IBUF_BUFG | u_tpu_top/u_layer_controller/layer_idx_q[0]                                                                  | s_axi_aresetn_IBUF_inst/O |                2 |              3 |         1.50 |
|  s_axi_aclk_IBUF_BUFG | u_tpu_top/u_layer_controller/u_tile_controller/tag_mem_q[4][3]_i_1_n_0                                       | s_axi_aresetn_IBUF_inst/O |                2 |              4 |         2.00 |
|  s_axi_aclk_IBUF_BUFG | u_tpu_top/u_maxpool2d_unit/input_base_addr_q[0]                                                              | s_axi_aresetn_IBUF_inst/O |                2 |              4 |         2.00 |
|  s_axi_aclk_IBUF_BUFG | u_tpu_top/u_layer_controller/u_tile_controller/tag_mem_q[5][3]_i_1_n_0                                       | s_axi_aresetn_IBUF_inst/O |                2 |              4 |         2.00 |
|  s_axi_aclk_IBUF_BUFG | u_tpu_top/u_layer_controller/u_tile_controller/tag_mem_q[6][3]_i_1_n_0                                       | s_axi_aresetn_IBUF_inst/O |                2 |              4 |         2.00 |
|  s_axi_aclk_IBUF_BUFG | u_tpu_top/u_datapath/u_mxu/u_weight_fifo/p_0_in[0]                                                           | s_axi_aresetn_IBUF_inst/O |                1 |              4 |         4.00 |
|  s_axi_aclk_IBUF_BUFG | u_tpu_top/u_datapath/u_mxu/u_wgt_fetcher/FSM_onehot_state[3]_i_1_n_0                                         | s_axi_aresetn_IBUF_inst/O |                1 |              4 |         4.00 |
|  s_axi_aclk_IBUF_BUFG | u_tpu_top/u_layer_controller/u_tile_controller/tag_mem_q[7][3]_i_1_n_0                                       | s_axi_aresetn_IBUF_inst/O |                3 |              4 |         1.33 |
|  s_axi_aclk_IBUF_BUFG | u_tpu_top/u_layer_controller/u_tile_controller/tag_mem_q[1][3]_i_1_n_0                                       | s_axi_aresetn_IBUF_inst/O |                2 |              4 |         2.00 |
|  s_axi_aclk_IBUF_BUFG | u_tpu_top/u_layer_controller/u_tile_controller/tag_mem_q[8][3]_i_1_n_0                                       | s_axi_aresetn_IBUF_inst/O |                2 |              4 |         2.00 |
|  s_axi_aclk_IBUF_BUFG | u_tpu_top/u_datapath/u_mxu/u_wgt_fetcher/E[0]                                                                | s_axi_aresetn_IBUF_inst/O |                1 |              4 |         4.00 |
|  s_axi_aclk_IBUF_BUFG | u_tpu_top/u_layer_controller/u_tile_controller/tag_mem_q[9][3]_i_1_n_0                                       | s_axi_aresetn_IBUF_inst/O |                1 |              4 |         4.00 |
|  s_axi_aclk_IBUF_BUFG | u_tpu_top/u_layer_controller/u_tile_controller/tag_wr_ptr_q[3]_i_1_n_0                                       | s_axi_aresetn_IBUF_inst/O |                2 |              4 |         2.00 |
|  s_axi_aclk_IBUF_BUFG | u_tpu_top/u_layer_controller/u_tile_controller/E[0]                                                          | s_axi_aresetn_IBUF_inst/O |                2 |              4 |         2.00 |
|  s_axi_aclk_IBUF_BUFG | u_tpu_top/u_layer_controller/u_tile_controller/tag_mem_q[11][3]_i_1_n_0                                      | s_axi_aresetn_IBUF_inst/O |                2 |              4 |         2.00 |
|  s_axi_aclk_IBUF_BUFG | u_tpu_top/u_layer_controller/u_tile_controller/tag_mem_q[10][3]_i_1_n_0                                      | s_axi_aresetn_IBUF_inst/O |                3 |              4 |         1.33 |
|  s_axi_aclk_IBUF_BUFG | u_tpu_top/u_layer_controller/u_tile_controller/tag_mem_q[0][3]_i_1_n_0                                       | s_axi_aresetn_IBUF_inst/O |                2 |              4 |         2.00 |
|  s_axi_aclk_IBUF_BUFG | u_tpu_top/u_layer_controller/u_tile_controller/tag_rd_ptr_q[0]                                               | s_axi_aresetn_IBUF_inst/O |                2 |              4 |         2.00 |
|  s_axi_aclk_IBUF_BUFG | u_tpu_top/u_layer_controller/u_tile_controller/tag_mem_q[3][3]_i_1_n_0                                       | s_axi_aresetn_IBUF_inst/O |                1 |              4 |         4.00 |
|  s_axi_aclk_IBUF_BUFG | u_tpu_top/u_layer_controller/u_tile_controller/tag_mem_q[12][3]_i_1_n_0                                      | s_axi_aresetn_IBUF_inst/O |                2 |              4 |         2.00 |
|  s_axi_aclk_IBUF_BUFG | u_tpu_top/u_layer_controller/E[0]                                                                            | s_axi_aresetn_IBUF_inst/O |                1 |              4 |         4.00 |
|  s_axi_aclk_IBUF_BUFG | u_tpu_top/u_layer_controller/u_tile_controller/tag_mem_q[13][3]_i_1_n_0                                      | s_axi_aresetn_IBUF_inst/O |                1 |              4 |         4.00 |
|  s_axi_aclk_IBUF_BUFG | u_tpu_top/u_layer_controller/u_tile_controller/tag_mem_q[14][3]_i_1_n_0                                      | s_axi_aresetn_IBUF_inst/O |                2 |              4 |         2.00 |
|  s_axi_aclk_IBUF_BUFG | u_tpu_top/u_layer_controller/u_tile_controller/tag_mem_q[15][3]_i_1_n_0                                      | s_axi_aresetn_IBUF_inst/O |                1 |              4 |         4.00 |
|  s_axi_aclk_IBUF_BUFG | u_tpu_top/u_layer_controller/u_tile_controller/tag_mem_q[2][3]_i_1_n_0                                       | s_axi_aresetn_IBUF_inst/O |                3 |              4 |         1.33 |
|  s_axi_aclk_IBUF_BUFG | u_tpu_top/u_layer_controller/u_tile_controller/state_q[4]_i_1_n_0                                            | s_axi_aresetn_IBUF_inst/O |                3 |              5 |         1.67 |
|  s_axi_aclk_IBUF_BUFG | u_tpu_top/u_layer_controller/u_tile_controller/stream_idx_q[4]_i_1_n_0                                       | s_axi_aresetn_IBUF_inst/O |                4 |              5 |         1.25 |
|  s_axi_aclk_IBUF_BUFG | u_tpu_top/u_layer_controller/u_tile_controller/acc_read_idx_q[4]_i_1_n_0                                     | s_axi_aresetn_IBUF_inst/O |                1 |              5 |         5.00 |
|  s_axi_aclk_IBUF_BUFG | u_tpu_top/u_layer_controller/u_tile_controller/tag_count_q[4]_i_1_n_0                                        | s_axi_aresetn_IBUF_inst/O |                2 |              5 |         2.50 |
|  s_axi_aclk_IBUF_BUFG | u_tpu_top/u_layer_controller/u_tile_controller/num_tiles_q[6]_i_1_n_0                                        | s_axi_aresetn_IBUF_inst/O |                3 |              5 |         1.67 |
|  s_axi_aclk_IBUF_BUFG | u_tpu_top/u_datapath/u_mxu/u_wgt_fetcher/count_q_reg[4]                                                      | s_axi_aresetn_IBUF_inst/O |                2 |              5 |         2.50 |
|  s_axi_aclk_IBUF_BUFG | u_tpu_top/u_layer_controller/u_tile_controller/u_address_generator/state_q_reg[1][0]                         | s_axi_aresetn_IBUF_inst/O |                2 |              8 |         4.00 |
|  s_axi_aclk_IBUF_BUFG | u_tpu_top/u_layer_controller/u_tile_controller/u_address_generator/rd_valid_o_reg[0]                         | s_axi_aresetn_IBUF_inst/O |                3 |              8 |         2.67 |
|  s_axi_aclk_IBUF_BUFG | u_tpu_top/u_maxpool2d_unit/max_value_q[7]_i_1_n_0                                                            | s_axi_aresetn_IBUF_inst/O |                4 |              8 |         2.00 |
|  s_axi_aclk_IBUF_BUFG | ub_wdata_q[7]_i_1_n_0                                                                                        | s_axi_aresetn_IBUF_inst/O |                3 |              8 |         2.67 |
|  s_axi_aclk_IBUF_BUFG | u_tpu_top/u_layer_controller/u_tile_controller/accumulator_read_en_o_i_1_n_0                                 | s_axi_aresetn_IBUF_inst/O |                2 |              8 |         4.00 |
|  s_axi_aclk_IBUF_BUFG | u_tpu_top/u_unified_buffer/FSM_sequential_state_q_reg[2]                                                     | s_axi_aresetn_IBUF_inst/O |                4 |              8 |         2.00 |
|  s_axi_aclk_IBUF_BUFG | u_tpu_top/u_maxpool2d_unit/E[0]                                                                              | s_axi_aresetn_IBUF_inst/O |                6 |             10 |         1.67 |
|  s_axi_aclk_IBUF_BUFG | u_tpu_top/u_datapath/u_mxu/u_systolic_array/pe_0_1/accumulator_clear_all_o_reg_0                             | s_axi_aresetn_IBUF_inst/O |                4 |             10 |         2.50 |
|  s_axi_aclk_IBUF_BUFG | u_tpu_top/u_layer_controller/u_tile_controller/u_address_generator/state_q_reg[4]_0[0]                       | s_axi_aresetn_IBUF_inst/O |                7 |             14 |         2.00 |
|  s_axi_aclk_IBUF_BUFG | ub_bank_q                                                                                                    | s_axi_aresetn_IBUF_inst/O |                4 |             14 |         3.50 |
|  s_axi_aclk_IBUF_BUFG | u_tpu_top/u_maxpool2d_unit/ub_rd_en_o_i_1__0_n_0                                                             | s_axi_aresetn_IBUF_inst/O |                4 |             14 |         3.50 |
|  s_axi_aclk_IBUF_BUFG | u_tpu_top/u_datapath/u_mxu/u_weight_fifo/mem[15][15]_i_1_n_0                                                 |                           |               11 |             16 |         1.45 |
|  s_axi_aclk_IBUF_BUFG | u_tpu_top/u_datapath/u_mxu/u_weight_fifo/mem[14][15]_i_1_n_0                                                 |                           |               10 |             16 |         1.60 |
|  s_axi_aclk_IBUF_BUFG | u_tpu_top/u_datapath/u_mxu/u_weight_fifo/mem[13][15]_i_1_n_0                                                 |                           |                9 |             16 |         1.78 |
|  s_axi_aclk_IBUF_BUFG | u_tpu_top/dbg_cycle_count_o[15]_i_1_n_0                                                                      | s_axi_aresetn_IBUF_inst/O |                6 |             16 |         2.67 |
|  s_axi_aclk_IBUF_BUFG | u_tpu_top/u_datapath/u_vector_processing_unit/u_post_process/u_normalizer/E[0]                               | s_axi_aresetn_IBUF_inst/O |                4 |             16 |         4.00 |
|  s_axi_aclk_IBUF_BUFG | u_tpu_top/u_datapath/u_mxu/u_weight_fifo/mem[12][15]_i_1_n_0                                                 |                           |               11 |             16 |         1.45 |
|  s_axi_aclk_IBUF_BUFG | u_tpu_top/u_layer_controller/u_tile_controller/wgt_fifo_wr_en_o8_out                                         | s_axi_aresetn_IBUF_inst/O |                8 |             16 |         2.00 |
|  s_axi_aclk_IBUF_BUFG | u_tpu_top/u_datapath/u_mxu/u_weight_fifo/mem[11][15]_i_1_n_0                                                 |                           |                6 |             16 |         2.67 |
|  s_axi_aclk_IBUF_BUFG | u_tpu_top/u_datapath/u_mxu/u_weight_fifo/mem[10][15]_i_1_n_0                                                 |                           |               10 |             16 |         1.60 |
|  s_axi_aclk_IBUF_BUFG | u_tpu_top/u_datapath/u_mxu/u_weight_fifo/mem[0][15]_i_1_n_0                                                  |                           |               10 |             16 |         1.60 |
|  s_axi_aclk_IBUF_BUFG | u_tpu_top/u_layer_controller/u_tile_controller/vpu_data_q[0]                                                 | s_axi_aresetn_IBUF_inst/O |                6 |             16 |         2.67 |
|  s_axi_aclk_IBUF_BUFG | u_tpu_top/u_layer_controller/u_tile_controller/done_o_reg_0[0]                                               | s_axi_aresetn_IBUF_inst/O |                7 |             16 |         2.29 |
|  s_axi_aclk_IBUF_BUFG | u_tpu_top/u_layer_controller/u_tile_controller/done_o_reg_1[0]                                               | s_axi_aresetn_IBUF_inst/O |                3 |             16 |         5.33 |
|  s_axi_aclk_IBUF_BUFG | u_tpu_top/u_datapath/u_mxu/u_weight_fifo/mem[8][15]_i_1_n_0                                                  |                           |                9 |             16 |         1.78 |
|  s_axi_aclk_IBUF_BUFG | u_tpu_top/u_maxpool2d_unit/out_row_q[15]_i_1_n_0                                                             | s_axi_aresetn_IBUF_inst/O |                6 |             16 |         2.67 |
|  s_axi_aclk_IBUF_BUFG | u_tpu_top/u_maxpool2d_unit/channel_q[15]_i_1_n_0                                                             | s_axi_aresetn_IBUF_inst/O |                4 |             16 |         4.00 |
|  s_axi_aclk_IBUF_BUFG | u_tpu_top/u_datapath/u_mxu/u_systolic_array/pe_0_0/E[0]                                                      | s_axi_aresetn_IBUF_inst/O |                7 |             16 |         2.29 |
|  s_axi_aclk_IBUF_BUFG | u_tpu_top/u_maxpool2d_unit/out_col_q[15]_i_1_n_0                                                             | s_axi_aresetn_IBUF_inst/O |                7 |             16 |         2.29 |
|  s_axi_aclk_IBUF_BUFG | u_tpu_top/u_layer_controller/u_tile_controller/k_tile_q[15]_i_1_n_0                                          | s_axi_aresetn_IBUF_inst/O |                6 |             16 |         2.67 |
|  s_axi_aclk_IBUF_BUFG | u_tpu_top/u_datapath/u_mxu/u_wgt_fetcher/Q[1]                                                                | s_axi_aresetn_IBUF_inst/O |               10 |             16 |         1.60 |
|  s_axi_aclk_IBUF_BUFG | u_tpu_top/u_datapath/u_mxu/u_wgt_fetcher/E[0]                                                                |                           |               16 |             16 |         1.00 |
|  s_axi_aclk_IBUF_BUFG | u_tpu_top/u_datapath/u_mxu/u_weight_fifo/mem[9][15]_i_1_n_0                                                  |                           |               11 |             16 |         1.45 |
|  s_axi_aclk_IBUF_BUFG | u_tpu_top/u_datapath/u_vector_processing_unit/u_post_process/u_activation/E[0]                               | s_axi_aresetn_IBUF_inst/O |                4 |             16 |         4.00 |
|  s_axi_aclk_IBUF_BUFG | u_tpu_top/u_datapath/u_mxu/u_weight_fifo/mem[7][15]_i_1_n_0                                                  |                           |               11 |             16 |         1.45 |
|  s_axi_aclk_IBUF_BUFG |                                                                                                              |                           |                4 |             16 |         4.00 |
|  s_axi_aclk_IBUF_BUFG | u_tpu_top/u_datapath/u_mxu/u_weight_fifo/mem[6][15]_i_1_n_0                                                  |                           |               10 |             16 |         1.60 |
|  s_axi_aclk_IBUF_BUFG | u_tpu_top/u_datapath/u_mxu/u_weight_fifo/mem[5][15]_i_1_n_0                                                  |                           |               10 |             16 |         1.60 |
|  s_axi_aclk_IBUF_BUFG | u_tpu_top/u_datapath/u_mxu/u_weight_fifo/mem[4][15]_i_1_n_0                                                  |                           |               11 |             16 |         1.45 |
|  s_axi_aclk_IBUF_BUFG | u_tpu_top/u_datapath/u_mxu/u_weight_fifo/mem[3][15]_i_1_n_0                                                  |                           |                5 |             16 |         3.20 |
|  s_axi_aclk_IBUF_BUFG | u_tpu_top/u_datapath/u_mxu/u_weight_fifo/mem[2][15]_i_1_n_0                                                  |                           |               11 |             16 |         1.45 |
|  s_axi_aclk_IBUF_BUFG | u_tpu_top/u_datapath/u_mxu/u_weight_fifo/mem[1][15]_i_1_n_0                                                  |                           |                8 |             16 |         2.00 |
|  s_axi_aclk_IBUF_BUFG | u_tpu_top/u_layer_controller/u_tile_controller/ub_wr_en_o_i_1_n_0                                            | s_axi_aresetn_IBUF_inst/O |                6 |             21 |         3.50 |
|  s_axi_aclk_IBUF_BUFG | u_tpu_top/u_maxpool2d_unit/ub_wr_en_o_i_1__0_n_0                                                             | s_axi_aresetn_IBUF_inst/O |                7 |             22 |         3.14 |
|  s_axi_aclk_IBUF_BUFG | s_axi_rdata[31]_i_1_n_0                                                                                      | s_axi_aresetn_IBUF_inst/O |               16 |             32 |         2.00 |
|  s_axi_aclk_IBUF_BUFG | u_tpu_top/u_datapath/u_mxu/u_wgt_fetcher/Q[2]                                                                | s_axi_aresetn_IBUF_inst/O |               17 |             32 |         1.88 |
|  s_axi_aclk_IBUF_BUFG | u_tpu_top/u_layer_controller/u_tile_controller/accumulator_clear_all_o_reg_3[0]                              | s_axi_aresetn_IBUF_inst/O |               12 |             34 |         2.83 |
|  s_axi_aclk_IBUF_BUFG | u_tpu_top/u_layer_controller/u_tile_controller/layer_idx_q_1[0]                                              | s_axi_aresetn_IBUF_inst/O |               16 |             47 |         2.94 |
|  s_axi_aclk_IBUF_BUFG | u_tpu_top/u_layer_controller/u_tile_controller/accumulator_clear_all_o_reg_2[0]                              | s_axi_aresetn_IBUF_inst/O |               51 |             64 |         1.25 |
|  s_axi_aclk_IBUF_BUFG | u_tpu_top/u_datapath/u_vector_processing_unit/u_post_process/GEN_BIAS_REQUANT.u_bias_requantize/data_valid_o | s_axi_aresetn_IBUF_inst/O |               17 |             64 |         3.76 |
|  s_axi_aclk_IBUF_BUFG | u_tpu_top/u_datapath/u_accumulator_array/E[0]                                                                | s_axi_aresetn_IBUF_inst/O |               20 |             64 |         3.20 |
|  s_axi_aclk_IBUF_BUFG | u_tpu_top/u_datapath/u_psum_packer/accumulator_clear_all_o_reg_19[0]                                         | s_axi_aresetn_IBUF_inst/O |               56 |             72 |         1.29 |
|  s_axi_aclk_IBUF_BUFG | u_tpu_top/u_datapath/u_psum_packer/accumulator_clear_all_o_reg_8[0]                                          | s_axi_aresetn_IBUF_inst/O |               51 |             72 |         1.41 |
|  s_axi_aclk_IBUF_BUFG | u_tpu_top/u_datapath/u_psum_packer/accumulator_clear_all_o_reg[0]                                            | s_axi_aresetn_IBUF_inst/O |               56 |             72 |         1.29 |
|  s_axi_aclk_IBUF_BUFG | u_tpu_top/u_datapath/u_psum_packer/accumulator_clear_all_o_reg_1[0]                                          | s_axi_aresetn_IBUF_inst/O |               44 |             72 |         1.64 |
|  s_axi_aclk_IBUF_BUFG | u_tpu_top/u_datapath/u_psum_packer/accumulator_clear_all_o_reg_10[0]                                         | s_axi_aresetn_IBUF_inst/O |               54 |             72 |         1.33 |
|  s_axi_aclk_IBUF_BUFG | u_tpu_top/u_datapath/u_psum_packer/accumulator_clear_all_o_reg_13[0]                                         | s_axi_aresetn_IBUF_inst/O |               41 |             72 |         1.76 |
|  s_axi_aclk_IBUF_BUFG | u_tpu_top/u_datapath/u_psum_packer/accumulator_clear_all_o_reg_14[0]                                         | s_axi_aresetn_IBUF_inst/O |               56 |             72 |         1.29 |
|  s_axi_aclk_IBUF_BUFG | u_tpu_top/u_datapath/u_psum_packer/accumulator_clear_all_o_reg_15[0]                                         | s_axi_aresetn_IBUF_inst/O |               48 |             72 |         1.50 |
|  s_axi_aclk_IBUF_BUFG | u_tpu_top/u_datapath/u_psum_packer/accumulator_clear_all_o_reg_16[0]                                         | s_axi_aresetn_IBUF_inst/O |               40 |             72 |         1.80 |
|  s_axi_aclk_IBUF_BUFG | u_tpu_top/u_datapath/u_psum_packer/accumulator_clear_all_o_reg_17[0]                                         | s_axi_aresetn_IBUF_inst/O |               47 |             72 |         1.53 |
|  s_axi_aclk_IBUF_BUFG | u_tpu_top/u_datapath/u_psum_packer/accumulator_clear_all_o_reg_18[0]                                         | s_axi_aresetn_IBUF_inst/O |               48 |             72 |         1.50 |
|  s_axi_aclk_IBUF_BUFG | u_tpu_top/u_datapath/u_psum_packer/accumulator_clear_all_o_reg_2[0]                                          | s_axi_aresetn_IBUF_inst/O |               56 |             72 |         1.29 |
|  s_axi_aclk_IBUF_BUFG | u_tpu_top/u_datapath/u_psum_packer/accumulator_clear_all_o_reg_20[0]                                         | s_axi_aresetn_IBUF_inst/O |               46 |             72 |         1.57 |
|  s_axi_aclk_IBUF_BUFG | u_tpu_top/u_datapath/u_psum_packer/accumulator_clear_all_o_reg_21[0]                                         | s_axi_aresetn_IBUF_inst/O |               50 |             72 |         1.44 |
|  s_axi_aclk_IBUF_BUFG | u_tpu_top/u_datapath/u_psum_packer/accumulator_clear_all_o_reg_4[0]                                          | s_axi_aresetn_IBUF_inst/O |               62 |             72 |         1.16 |
|  s_axi_aclk_IBUF_BUFG | u_tpu_top/u_datapath/u_psum_packer/accumulator_clear_all_o_reg_5[0]                                          | s_axi_aresetn_IBUF_inst/O |               57 |             72 |         1.26 |
|  s_axi_aclk_IBUF_BUFG | u_tpu_top/u_layer_controller/u_tile_controller/GEN_PARAM_ROMS[1].u_requant_mult_rom/state_q_reg[0]           | s_axi_aresetn_IBUF_inst/O |               24 |             76 |         3.17 |
|  s_axi_aclk_IBUF_BUFG | u_tpu_top/u_layer_controller/u_tile_controller/GEN_WEIGHT_ROMS[0].u_weight_rom/E[0]                          | s_axi_aresetn_IBUF_inst/O |               39 |            109 |         2.79 |
|  s_axi_aclk_IBUF_BUFG |                                                                                                              | s_axi_aresetn_IBUF_inst/O |              163 |            645 |         3.96 |
+-----------------------+--------------------------------------------------------------------------------------------------------------+---------------------------+------------------+----------------+--------------+


