Copyright 1986-2022 Xilinx, Inc. All Rights Reserved. Copyright 2022-2025 Advanced Micro Devices, Inc. All Rights Reserved.
---------------------------------------------------------------------------------------------------------------------------------------------
| Tool Version : Vivado v.2025.2 (lin64) Build 6299465 Fri Nov 14 12:34:56 MST 2025
| Date         : Fri May 22 14:20:41 2026
| Host         : pah-PC running 64-bit Ubuntu 24.04.4 LTS
| Command      : report_utilization -file tpu_top_axi_lite_utilization_placed.rpt -pb tpu_top_axi_lite_utilization_placed.pb
| Design       : tpu_top_axi_lite
| Device       : xczu7ev-ffvc1156-2-e
| Speed File   : -2
| Design State : Fully Placed
---------------------------------------------------------------------------------------------------------------------------------------------

Utilization Design Information

Table of Contents
-----------------
1. CLB Logic
1.1 Summary of Registers by Type
2. CLB Logic Distribution
3. BLOCKRAM
4. ARITHMETIC
5. I/O
6. CLOCK
7. ADVANCED
8. CONFIGURATION
9. Primitives
10. Black Boxes
11. Instantiated Netlists

1. CLB Logic
------------

+----------------------------+------+-------+------------+-----------+-------+
|          Site Type         | Used | Fixed | Prohibited | Available | Util% |
+----------------------------+------+-------+------------+-----------+-------+
| CLB LUTs                   | 4434 |     0 |          0 |    230400 |  1.92 |
|   LUT as Logic             | 4426 |     0 |          0 |    230400 |  1.92 |
|   LUT as Memory            |    8 |     0 |          0 |    101760 | <0.01 |
|     LUT as Distributed RAM |    0 |     0 |            |           |       |
|     LUT as Shift Register  |    8 |     0 |            |           |       |
| CLB Registers              | 3106 |     0 |          0 |    460800 |  0.67 |
|   Register as Flip Flop    | 3106 |     0 |          0 |    460800 |  0.67 |
|   Register as Latch        |    0 |     0 |          0 |    460800 |  0.00 |
| CARRY8                     |  227 |     0 |          0 |     28800 |  0.79 |
| F7 Muxes                   |  139 |     0 |          0 |    115200 |  0.12 |
| F8 Muxes                   |   16 |     0 |          0 |     57600 |  0.03 |
| F9 Muxes                   |    0 |     0 |          0 |     28800 |  0.00 |
| Unique Control Sets        |  108 |       |          0 |     57600 |  0.19 |
+----------------------------+------+-------+------------+-----------+-------+
* Warning! LUT value is adjusted to account for LUT combining.
** Note: Available Control Sets calculated as Slices * 2, Review the Control Sets Report for more information regarding control sets.


1.1 Summary of Registers by Type
--------------------------------

+-------+--------------+-------------+--------------+
| Total | Clock Enable | Synchronous | Asynchronous |
+-------+--------------+-------------+--------------+
| 0     |            _ |           - |            - |
| 0     |            _ |           - |          Set |
| 0     |            _ |           - |        Reset |
| 0     |            _ |         Set |            - |
| 0     |            _ |       Reset |            - |
| 0     |          Yes |           - |            - |
| 4     |          Yes |           - |          Set |
| 2822  |          Yes |           - |        Reset |
| 0     |          Yes |         Set |            - |
| 280   |          Yes |       Reset |            - |
+-------+--------------+-------------+--------------+


2. CLB Logic Distribution
-------------------------

+--------------------------------------------+------+-------+------------+-----------+-------+
|                  Site Type                 | Used | Fixed | Prohibited | Available | Util% |
+--------------------------------------------+------+-------+------------+-----------+-------+
| CLB                                        |  904 |     0 |          0 |     28800 |  3.14 |
|   CLBL                                     |  460 |     0 |            |           |       |
|   CLBM                                     |  444 |     0 |            |           |       |
| LUT as Logic                               | 4426 |     0 |          0 |    230400 |  1.92 |
|   using O5 output only                     |   19 |       |            |           |       |
|   using O6 output only                     | 2965 |       |            |           |       |
|   using O5 and O6                          | 1442 |       |            |           |       |
| LUT as Memory                              |    8 |     0 |          0 |    101760 | <0.01 |
|   LUT as Distributed RAM                   |    0 |     0 |            |           |       |
|     using O5 output only                   |    0 |       |            |           |       |
|     using O6 output only                   |    0 |       |            |           |       |
|     using O5 and O6                        |    0 |       |            |           |       |
|   LUT as Shift Register                    |    8 |     0 |            |           |       |
|     using O5 output only                   |    0 |       |            |           |       |
|     using O6 output only                   |    8 |       |            |           |       |
|     using O5 and O6                        |    0 |       |            |           |       |
| CLB Registers                              | 3106 |     0 |          0 |    460800 |  0.67 |
|   Register driven from within the CLB      | 2271 |       |            |           |       |
|   Register driven from outside the CLB     |  835 |       |            |           |       |
|     LUT in front of the register is unused |  601 |       |            |           |       |
|     LUT in front of the register is used   |  234 |       |            |           |       |
+--------------------------------------------+------+-------+------------+-----------+-------+


3. BLOCKRAM
-----------

+-------------------+------+-------+------------+-----------+-------+
|     Site Type     | Used | Fixed | Prohibited | Available | Util% |
+-------------------+------+-------+------------+-----------+-------+
| Block RAM Tile    |    8 |     0 |          0 |       312 |  2.56 |
|   RAMB36/FIFO*    |    8 |     0 |          0 |       312 |  2.56 |
|     RAMB36E2 only |    8 |       |            |           |       |
|   RAMB18          |    0 |     0 |          0 |       624 |  0.00 |
| URAM              |    0 |     0 |          0 |        96 |  0.00 |
+-------------------+------+-------+------------+-----------+-------+
* Note: Each Block RAM Tile only has one FIFO logic available and therefore can accommodate only one FIFO36E2 or one FIFO18E2. However, if a FIFO18E2 occupies a Block RAM Tile, that tile can still accommodate a RAMB18E2


4. ARITHMETIC
-------------

+----------------+------+-------+------------+-----------+-------+
|    Site Type   | Used | Fixed | Prohibited | Available | Util% |
+----------------+------+-------+------------+-----------+-------+
| DSPs           |   20 |     0 |          0 |      1728 |  1.16 |
|   DSP48E2 only |   20 |       |            |           |       |
+----------------+------+-------+------------+-----------+-------+


5. I/O
------

+------------------+------+-------+------------+-----------+-------+
|     Site Type    | Used | Fixed | Prohibited | Available | Util% |
+------------------+------+-------+------------+-----------+-------+
| Bonded IOB       |   81 |     0 |          0 |       360 | 22.50 |
|   HPIOB_M        |   27 |     0 |          0 |       144 | 18.75 |
|     INPUT        |    8 |       |            |           |       |
|     OUTPUT       |   19 |       |            |           |       |
|     BIDIR        |    0 |       |            |           |       |
|   HPIOB_S        |   26 |     0 |          0 |       144 | 18.06 |
|     INPUT        |    8 |       |            |           |       |
|     OUTPUT       |   18 |       |            |           |       |
|     BIDIR        |    0 |       |            |           |       |
|   HDIOB_M        |   12 |     0 |          0 |        24 | 50.00 |
|     INPUT        |   12 |       |            |           |       |
|     OUTPUT       |    0 |       |            |           |       |
|     BIDIR        |    0 |       |            |           |       |
|   HDIOB_S        |   12 |     0 |          0 |        24 | 50.00 |
|     INPUT        |   12 |       |            |           |       |
|     OUTPUT       |    0 |       |            |           |       |
|     BIDIR        |    0 |       |            |           |       |
|   HPIOB_SNGL     |    4 |     0 |          0 |        24 | 16.67 |
|     INPUT        |    0 |       |            |           |       |
|     OUTPUT       |    4 |       |            |           |       |
|     BIDIR        |    0 |       |            |           |       |
| HPIOBDIFFINBUF   |    0 |     0 |          0 |       192 |  0.00 |
| HPIOBDIFFOUTBUF  |    0 |     0 |          0 |       192 |  0.00 |
| HDIOBDIFFINBUF   |    0 |     0 |          0 |        48 |  0.00 |
| BITSLICE_CONTROL |    0 |     0 |          0 |        64 |  0.00 |
| BITSLICE_RX_TX   |    0 |     0 |          0 |      2496 |  0.00 |
| BITSLICE_TX      |    0 |     0 |          0 |        64 |  0.00 |
| RIU_OR           |    0 |     0 |          0 |        32 |  0.00 |
+------------------+------+-------+------------+-----------+-------+


6. CLOCK
--------

+------------+------+-------+------------+-----------+-------+
|  Site Type | Used | Fixed | Prohibited | Available | Util% |
+------------+------+-------+------------+-----------+-------+
| BUFGCE     |    1 |     0 |          0 |       208 |  0.48 |
| BUFGCE_DIV |    0 |     0 |          0 |        32 |  0.00 |
| BUFG_GT    |    0 |     0 |          0 |       144 |  0.00 |
| BUFG_PS    |    0 |     0 |          0 |        96 |  0.00 |
| BUFGCTRL*  |    0 |     0 |          0 |        64 |  0.00 |
| PLL        |    0 |     0 |          0 |        16 |  0.00 |
| MMCM       |    0 |     0 |          0 |         8 |  0.00 |
+------------+------+-------+------------+-----------+-------+
* Note: Each used BUFGCTRL counts as two GLOBAL CLOCK BUFFERs. This table does not include global clocking resources, only buffer cell usage. See the Clock Utilization Report (report_clock_utilization) for detailed accounting of global clocking resource availability.


7. ADVANCED
-----------

+-----------------+------+-------+------------+-----------+-------+
|    Site Type    | Used | Fixed | Prohibited | Available | Util% |
+-----------------+------+-------+------------+-----------+-------+
| GTHE4_CHANNEL   |    0 |     0 |          0 |        20 |  0.00 |
| GTHE4_COMMON    |    0 |     0 |          0 |         5 |  0.00 |
| OBUFDS_GTE4     |    0 |     0 |          0 |        10 |  0.00 |
| OBUFDS_GTE4_ADV |    0 |     0 |          0 |        10 |  0.00 |
| PCIE40E4        |    0 |     0 |          0 |         2 |  0.00 |
| PS8             |    0 |     0 |          0 |         1 |  0.00 |
| SYSMONE4        |    0 |     0 |          0 |         1 |  0.00 |
| VCU             |    0 |     0 |          0 |         1 |  0.00 |
+-----------------+------+-------+------------+-----------+-------+


8. CONFIGURATION
----------------

+-------------+------+-------+------------+-----------+-------+
|  Site Type  | Used | Fixed | Prohibited | Available | Util% |
+-------------+------+-------+------------+-----------+-------+
| BSCANE2     |    0 |     0 |          0 |         4 |  0.00 |
| DNA_PORTE2  |    0 |     0 |          0 |         1 |  0.00 |
| EFUSE_USR   |    0 |     0 |          0 |         1 |  0.00 |
| FRAME_ECCE4 |    0 |     0 |          0 |         1 |  0.00 |
| ICAPE3      |    0 |     0 |          0 |         2 |  0.00 |
| MASTER_JTAG |    0 |     0 |          0 |         1 |  0.00 |
| STARTUPE3   |    0 |     0 |          0 |         1 |  0.00 |
+-------------+------+-------+------------+-----------+-------+


9. Primitives
-------------

+----------+------+---------------------+
| Ref Name | Used | Functional Category |
+----------+------+---------------------+
| FDCE     | 2822 |            Register |
| LUT6     | 1623 |                 CLB |
| LUT2     | 1366 |                 CLB |
| LUT4     | 1175 |                 CLB |
| LUT5     |  928 |                 CLB |
| LUT3     |  700 |                 CLB |
| FDRE     |  280 |            Register |
| CARRY8   |  227 |                 CLB |
| MUXF7    |  139 |                 CLB |
| LUT1     |   76 |                 CLB |
| OBUF     |   41 |                 I/O |
| INBUF    |   40 |                 I/O |
| IBUFCTRL |   40 |              Others |
| DSP48E2  |   20 |          Arithmetic |
| MUXF8    |   16 |                 CLB |
| SRL16E   |    8 |                 CLB |
| RAMB36E2 |    8 |            BLOCKRAM |
| FDPE     |    4 |            Register |
| BUFGCE   |    1 |               Clock |
+----------+------+---------------------+


10. Black Boxes
---------------

+----------+------+
| Ref Name | Used |
+----------+------+


11. Instantiated Netlists
-------------------------

+----------+------+
| Ref Name | Used |
+----------+------+


