Copyright 1986-2022 Xilinx, Inc. All Rights Reserved. Copyright 2022-2025 Advanced Micro Devices, Inc. All Rights Reserved.
---------------------------------------------------------------------------------------------------------------------------------------------
| Tool Version : Vivado v.2025.2 (lin64) Build 6299465 Fri Nov 14 12:34:56 MST 2025
| Date         : Thu Jun  4 10:06:09 2026
| Host         : pah-PC running 64-bit Ubuntu 24.04.4 LTS
| Command      : report_utilization -file tpu_top_axi_lite_utilization_placed.rpt -pb tpu_top_axi_lite_utilization_placed.pb
| Design       : tpu_top_axi_lite
| Device       : xczu7ev-ffvc1156-2-e
| Speed File   : -2
| Design State : Fully Placed
---------------------------------------------------------------------------------------------------------------------------------------------

Utilization Design Information

Table of Contents
-----------------
1. CLB Logic
1.1 Summary of Registers by Type
2. CLB Logic Distribution
3. BLOCKRAM
4. ARITHMETIC
5. I/O
6. CLOCK
7. ADVANCED
8. CONFIGURATION
9. Primitives
10. Black Boxes
11. Instantiated Netlists

1. CLB Logic
------------

+----------------------------+-------+-------+------------+-----------+-------+
|          Site Type         |  Used | Fixed | Prohibited | Available | Util% |
+----------------------------+-------+-------+------------+-----------+-------+
| CLB LUTs                   | 13348 |     0 |          0 |    230400 |  5.79 |
|   LUT as Logic             | 13324 |     0 |          0 |    230400 |  5.78 |
|   LUT as Memory            |    24 |     0 |          0 |    101760 |  0.02 |
|     LUT as Distributed RAM |     0 |     0 |            |           |       |
|     LUT as Shift Register  |    24 |     0 |            |           |       |
| CLB Registers              |  9911 |     0 |          0 |    460800 |  2.15 |
|   Register as Flip Flop    |  9911 |     0 |          0 |    460800 |  2.15 |
|   Register as Latch        |     0 |     0 |          0 |    460800 |  0.00 |
| CARRY8                     |   754 |     0 |          0 |     28800 |  2.62 |
| F7 Muxes                   |   506 |     0 |          0 |    115200 |  0.44 |
| F8 Muxes                   |    68 |     0 |          0 |     57600 |  0.12 |
| F9 Muxes                   |     0 |     0 |          0 |     28800 |  0.00 |
| Unique Control Sets        |   270 |       |          0 |     57600 |  0.47 |
+----------------------------+-------+-------+------------+-----------+-------+
* Warning! LUT value is adjusted to account for LUT combining.
** Note: Available Control Sets calculated as Slices * 2, Review the Control Sets Report for more information regarding control sets.


1.1 Summary of Registers by Type
--------------------------------

+-------+--------------+-------------+--------------+
| Total | Clock Enable | Synchronous | Asynchronous |
+-------+--------------+-------------+--------------+
| 0     |            _ |           - |            - |
| 0     |            _ |           - |          Set |
| 0     |            _ |           - |        Reset |
| 0     |            _ |         Set |            - |
| 0     |            _ |       Reset |            - |
| 0     |          Yes |           - |            - |
| 17    |          Yes |           - |          Set |
| 9326  |          Yes |           - |        Reset |
| 0     |          Yes |         Set |            - |
| 568   |          Yes |       Reset |            - |
+-------+--------------+-------------+--------------+


2. CLB Logic Distribution
-------------------------

+--------------------------------------------+-------+-------+------------+-----------+-------+
|                  Site Type                 |  Used | Fixed | Prohibited | Available | Util% |
+--------------------------------------------+-------+-------+------------+-----------+-------+
| CLB                                        |  2896 |     0 |          0 |     28800 | 10.06 |
|   CLBL                                     |  1437 |     0 |            |           |       |
|   CLBM                                     |  1459 |     0 |            |           |       |
| LUT as Logic                               | 13324 |     0 |          0 |    230400 |  5.78 |
|   using O5 output only                     |    43 |       |            |           |       |
|   using O6 output only                     |  9819 |       |            |           |       |
|   using O5 and O6                          |  3462 |       |            |           |       |
| LUT as Memory                              |    24 |     0 |          0 |    101760 |  0.02 |
|   LUT as Distributed RAM                   |     0 |     0 |            |           |       |
|     using O5 output only                   |     0 |       |            |           |       |
|     using O6 output only                   |     0 |       |            |           |       |
|     using O5 and O6                        |     0 |       |            |           |       |
|   LUT as Shift Register                    |    24 |     0 |            |           |       |
|     using O5 output only                   |     0 |       |            |           |       |
|     using O6 output only                   |    24 |       |            |           |       |
|     using O5 and O6                        |     0 |       |            |           |       |
| CLB Registers                              |  9911 |     0 |          0 |    460800 |  2.15 |
|   Register driven from within the CLB      |  7922 |       |            |           |       |
|   Register driven from outside the CLB     |  1989 |       |            |           |       |
|     LUT in front of the register is unused |  1377 |       |            |           |       |
|     LUT in front of the register is used   |   612 |       |            |           |       |
+--------------------------------------------+-------+-------+------------+-----------+-------+


3. BLOCKRAM
-----------

+-------------------+------+-------+------------+-----------+-------+
|     Site Type     | Used | Fixed | Prohibited | Available | Util% |
+-------------------+------+-------+------------+-----------+-------+
| Block RAM Tile    |   20 |     0 |          0 |       312 |  6.41 |
|   RAMB36/FIFO*    |   20 |     0 |          0 |       312 |  6.41 |
|     RAMB36E2 only |   20 |       |            |           |       |
|   RAMB18          |    0 |     0 |          0 |       624 |  0.00 |
| URAM              |    0 |     0 |          0 |        96 |  0.00 |
+-------------------+------+-------+------------+-----------+-------+
* Note: Each Block RAM Tile only has one FIFO logic available and therefore can accommodate only one FIFO36E2 or one FIFO18E2. However, if a FIFO18E2 occupies a Block RAM Tile, that tile can still accommodate a RAMB18E2


4. ARITHMETIC
-------------

+----------------+------+-------+------------+-----------+-------+
|    Site Type   | Used | Fixed | Prohibited | Available | Util% |
+----------------+------+-------+------------+-----------+-------+
| DSPs           |   28 |     0 |          0 |      1728 |  1.62 |
|   DSP48E2 only |   28 |       |            |           |       |
+----------------+------+-------+------------+-----------+-------+


5. I/O
------

+------------------+------+-------+------------+-----------+--------+
|     Site Type    | Used | Fixed | Prohibited | Available |  Util% |
+------------------+------+-------+------------+-----------+--------+
| Bonded IOB       |   81 |     0 |          0 |       360 |  22.50 |
|   HPIOB_M        |   17 |     0 |          0 |       144 |  11.81 |
|     INPUT        |    1 |       |            |           |        |
|     OUTPUT       |   16 |       |            |           |        |
|     BIDIR        |    0 |       |            |           |        |
|   HPIOB_S        |   16 |     0 |          0 |       144 |  11.11 |
|     INPUT        |    0 |       |            |           |        |
|     OUTPUT       |   16 |       |            |           |        |
|     BIDIR        |    0 |       |            |           |        |
|   HDIOB_M        |   24 |     0 |          0 |        24 | 100.00 |
|     INPUT        |   20 |       |            |           |        |
|     OUTPUT       |    4 |       |            |           |        |
|     BIDIR        |    0 |       |            |           |        |
|   HDIOB_S        |   24 |     0 |          0 |        24 | 100.00 |
|     INPUT        |   19 |       |            |           |        |
|     OUTPUT       |    5 |       |            |           |        |
|     BIDIR        |    0 |       |            |           |        |
|   HPIOB_SNGL     |    0 |     0 |          0 |        24 |   0.00 |
| HPIOBDIFFINBUF   |    0 |     0 |          0 |       192 |   0.00 |
| HPIOBDIFFOUTBUF  |    0 |     0 |          0 |       192 |   0.00 |
| HDIOBDIFFINBUF   |    0 |     0 |          0 |        48 |   0.00 |
| BITSLICE_CONTROL |    0 |     0 |          0 |        64 |   0.00 |
| BITSLICE_RX_TX   |    0 |     0 |          0 |      2496 |   0.00 |
| BITSLICE_TX      |    0 |     0 |          0 |        64 |   0.00 |
| RIU_OR           |    0 |     0 |          0 |        32 |   0.00 |
+------------------+------+-------+------------+-----------+--------+


6. CLOCK
--------

+------------+------+-------+------------+-----------+-------+
|  Site Type | Used | Fixed | Prohibited | Available | Util% |
+------------+------+-------+------------+-----------+-------+
| BUFGCE     |    1 |     0 |          0 |       208 |  0.48 |
| BUFGCE_DIV |    0 |     0 |          0 |        32 |  0.00 |
| BUFG_GT    |    0 |     0 |          0 |       144 |  0.00 |
| BUFG_PS    |    0 |     0 |          0 |        96 |  0.00 |
| BUFGCTRL*  |    0 |     0 |          0 |        64 |  0.00 |
| PLL        |    0 |     0 |          0 |        16 |  0.00 |
| MMCM       |    0 |     0 |          0 |         8 |  0.00 |
+------------+------+-------+------------+-----------+-------+
* Note: Each used BUFGCTRL counts as two GLOBAL CLOCK BUFFERs. This table does not include global clocking resources, only buffer cell usage. See the Clock Utilization Report (report_clock_utilization) for detailed accounting of global clocking resource availability.


7. ADVANCED
-----------

+-----------------+------+-------+------------+-----------+-------+
|    Site Type    | Used | Fixed | Prohibited | Available | Util% |
+-----------------+------+-------+------------+-----------+-------+
| GTHE4_CHANNEL   |    0 |     0 |          0 |        20 |  0.00 |
| GTHE4_COMMON    |    0 |     0 |          0 |         5 |  0.00 |
| OBUFDS_GTE4     |    0 |     0 |          0 |        10 |  0.00 |
| OBUFDS_GTE4_ADV |    0 |     0 |          0 |        10 |  0.00 |
| PCIE40E4        |    0 |     0 |          0 |         2 |  0.00 |
| PS8             |    0 |     0 |          0 |         1 |  0.00 |
| SYSMONE4        |    0 |     0 |          0 |         1 |  0.00 |
| VCU             |    0 |     0 |          0 |         1 |  0.00 |
+-----------------+------+-------+------------+-----------+-------+


8. CONFIGURATION
----------------

+-------------+------+-------+------------+-----------+-------+
|  Site Type  | Used | Fixed | Prohibited | Available | Util% |
+-------------+------+-------+------------+-----------+-------+
| BSCANE2     |    0 |     0 |          0 |         4 |  0.00 |
| DNA_PORTE2  |    0 |     0 |          0 |         1 |  0.00 |
| EFUSE_USR   |    0 |     0 |          0 |         1 |  0.00 |
| FRAME_ECCE4 |    0 |     0 |          0 |         1 |  0.00 |
| ICAPE3      |    0 |     0 |          0 |         2 |  0.00 |
| MASTER_JTAG |    0 |     0 |          0 |         1 |  0.00 |
| STARTUPE3   |    0 |     0 |          0 |         1 |  0.00 |
+-------------+------+-------+------------+-----------+-------+


9. Primitives
-------------

+----------+------+---------------------+
| Ref Name | Used | Functional Category |
+----------+------+---------------------+
| FDCE     | 9326 |            Register |
| LUT6     | 5972 |                 CLB |
| LUT2     | 4816 |                 CLB |
| LUT5     | 2114 |                 CLB |
| LUT4     | 2103 |                 CLB |
| LUT3     | 1618 |                 CLB |
| CARRY8   |  754 |                 CLB |
| FDRE     |  568 |            Register |
| MUXF7    |  506 |                 CLB |
| LUT1     |  163 |                 CLB |
| MUXF8    |   68 |                 CLB |
| OBUF     |   41 |                 I/O |
| INBUF    |   40 |                 I/O |
| IBUFCTRL |   40 |              Others |
| DSP48E2  |   28 |          Arithmetic |
| SRL16E   |   24 |                 CLB |
| RAMB36E2 |   20 |            BLOCKRAM |
| FDPE     |   17 |            Register |
| BUFGCE   |    1 |               Clock |
+----------+------+---------------------+


10. Black Boxes
---------------

+----------+------+
| Ref Name | Used |
+----------+------+


11. Instantiated Netlists
-------------------------

+----------+------+
| Ref Name | Used |
+----------+------+


