Copyright 1986-2022 Xilinx, Inc. All Rights Reserved. Copyright 2022-2025 Advanced Micro Devices, Inc. All Rights Reserved.
---------------------------------------------------------------------------------------------------------------------------------------------
| Tool Version : Vivado v.2025.2 (lin64) Build 6299465 Fri Nov 14 12:34:56 MST 2025
| Date         : Thu Jun  4 10:06:09 2026
| Host         : pah-PC running 64-bit Ubuntu 24.04.4 LTS
| Command      : report_control_sets -verbose -file tpu_top_axi_lite_control_sets_placed.rpt
| Design       : tpu_top_axi_lite
| Device       : xczu7ev
---------------------------------------------------------------------------------------------------------------------------------------------

Control Set Information

Table of Contents
-----------------
1. Summary
2. Histogram
3. Flip-Flop Distribution
4. Detailed Control Set Information

1. Summary
----------

+----------------------------------------------------------+-------+
|                          Status                          | Count |
+----------------------------------------------------------+-------+
| Total control sets                                       |   270 |
|    Minimum number of control sets                        |   270 |
|    Addition due to synthesis replication                 |     0 |
|    Addition due to physical synthesis replication        |     0 |
| Unused register locations in slices containing registers |   189 |
+----------------------------------------------------------+-------+
* Control sets can be merged at opt_design using control_set_merge or merge_equivalent_drivers
** Run report_qor_suggestions for automated merging and remapping suggestions


2. Histogram
------------

+--------------------+-------+
|       Fanout       | Count |
+--------------------+-------+
| Total control sets |   270 |
| >= 0 to < 4        |     8 |
| >= 4 to < 6        |    87 |
| >= 6 to < 8        |     1 |
| >= 8 to < 10       |     7 |
| >= 10 to < 12      |     1 |
| >= 12 to < 14      |     0 |
| >= 14 to < 16      |     3 |
| >= 16              |   163 |
+--------------------+-------+
* Control sets can be remapped at either synth_design or opt_design


3. Flip-Flop Distribution
-------------------------

+--------------+-----------------------+------------------------+-----------------+--------------+
| Clock Enable | Synchronous Set/Reset | Asynchronous Set/Reset | Total Registers | Total Slices |
+--------------+-----------------------+------------------------+-----------------+--------------+
| No           | No                    | No                     |              24 |            4 |
| No           | No                    | Yes                    |            2609 |          494 |
| No           | Yes                   | No                     |               0 |            0 |
| Yes          | No                    | No                     |             544 |           94 |
| Yes          | No                    | Yes                    |            6734 |         1704 |
| Yes          | Yes                   | No                     |               0 |            0 |
+--------------+-----------------------+------------------------+-----------------+--------------+


4. Detailed Control Set Information
-----------------------------------

+-----------------------+-------------------------------------------------------------------------------------------------------------------+---------------------------+------------------+----------------+--------------+
|      Clock Signal     |                                                   Enable Signal                                                   |      Set/Reset Signal     | Slice Load Count | Bel Load Count | Bels / Slice |
+-----------------------+-------------------------------------------------------------------------------------------------------------------+---------------------------+------------------+----------------+--------------+
|  s_axi_aclk_IBUF_BUFG | u_tpu_top/u_maxpool2d_unit/sample_idx_q[1]_i_1_n_0                                                                | s_axi_aresetn_IBUF_inst/O |                1 |              2 |         2.00 |
|  s_axi_aclk_IBUF_BUFG | u_tpu_top/u_maxpool2d_unit/dbg_error_code_o[1]_i_1__1_n_0                                                         | s_axi_aresetn_IBUF_inst/O |                2 |              2 |         1.00 |
|  s_axi_aclk_IBUF_BUFG | u_tpu_top/u_layer_controller/u_tile_controller/FSM_sequential_state_q_reg[2]_1[0]                                 | s_axi_aresetn_IBUF_inst/O |                2 |              3 |         1.50 |
|  s_axi_aclk_IBUF_BUFG | u_tpu_top/u_maxpool2d_unit/FSM_sequential_state_q[2]_i_1__0_n_0                                                   | s_axi_aresetn_IBUF_inst/O |                1 |              3 |         3.00 |
|  s_axi_aclk_IBUF_BUFG | u_tpu_top/u_layer_controller/u_tile_controller/act_fetch_lane_q[2]_i_1_n_0                                        | s_axi_aresetn_IBUF_inst/O |                2 |              3 |         1.50 |
|  s_axi_aclk_IBUF_BUFG | u_tpu_top/u_layer_controller/u_tile_controller/GEN_WEIGHT_ROMS[0].u_weight_rom/E[0]                               | s_axi_aresetn_IBUF_inst/O |                2 |              3 |         1.50 |
|  s_axi_aclk_IBUF_BUFG | u_tpu_top/u_datapath/u_mxu/u_wgt_fetcher/rows_loaded_q[2]_i_1_n_0                                                 | s_axi_aresetn_IBUF_inst/O |                1 |              3 |         3.00 |
|  s_axi_aclk_IBUF_BUFG | u_tpu_top/u_layer_controller/layer_idx_q[0]                                                                       | s_axi_aresetn_IBUF_inst/O |                1 |              3 |         3.00 |
|  s_axi_aclk_IBUF_BUFG | u_tpu_top/u_datapath/u_psum_packer/lane_addr_fifo_q[1][9][3]_i_1_n_0                                              | s_axi_aresetn_IBUF_inst/O |                2 |              4 |         2.00 |
|  s_axi_aclk_IBUF_BUFG | u_tpu_top/u_datapath/u_psum_packer/lane_addr_fifo_q[1][15][3]_i_1_n_0                                             | s_axi_aresetn_IBUF_inst/O |                3 |              4 |         1.33 |
|  s_axi_aclk_IBUF_BUFG | u_tpu_top/u_datapath/u_psum_packer/lane_addr_fifo_q[1][8][3]_i_1_n_0                                              | s_axi_aresetn_IBUF_inst/O |                2 |              4 |         2.00 |
|  s_axi_aclk_IBUF_BUFG | u_tpu_top/u_datapath/u_psum_packer/lane_addr_fifo_q[1][7][3]_i_1_n_0                                              | s_axi_aresetn_IBUF_inst/O |                2 |              4 |         2.00 |
|  s_axi_aclk_IBUF_BUFG | u_tpu_top/u_datapath/u_psum_packer/lane_addr_fifo_q[1][6][3]_i_1_n_0                                              | s_axi_aresetn_IBUF_inst/O |                2 |              4 |         2.00 |
|  s_axi_aclk_IBUF_BUFG | u_tpu_top/u_datapath/u_psum_packer/lane_addr_fifo_q[1][5][3]_i_1_n_0                                              | s_axi_aresetn_IBUF_inst/O |                2 |              4 |         2.00 |
|  s_axi_aclk_IBUF_BUFG | u_tpu_top/u_datapath/u_psum_packer/lane_addr_fifo_q[1][4][3]_i_1_n_0                                              | s_axi_aresetn_IBUF_inst/O |                2 |              4 |         2.00 |
|  s_axi_aclk_IBUF_BUFG | u_tpu_top/u_datapath/u_psum_packer/lane_addr_fifo_q[1][3][3]_i_1_n_0                                              | s_axi_aresetn_IBUF_inst/O |                2 |              4 |         2.00 |
|  s_axi_aclk_IBUF_BUFG | u_tpu_top/u_datapath/u_psum_packer/lane_addr_fifo_q[1][2][3]_i_1_n_0                                              | s_axi_aresetn_IBUF_inst/O |                2 |              4 |         2.00 |
|  s_axi_aclk_IBUF_BUFG | u_tpu_top/u_datapath/u_psum_packer/lane_addr_fifo_q[1][1][3]_i_1_n_0                                              | s_axi_aresetn_IBUF_inst/O |                2 |              4 |         2.00 |
|  s_axi_aclk_IBUF_BUFG | u_tpu_top/u_datapath/u_psum_packer/lane_addr_fifo_q[2][7][3]_i_1_n_0                                              | s_axi_aresetn_IBUF_inst/O |                3 |              4 |         1.33 |
|  s_axi_aclk_IBUF_BUFG | u_tpu_top/u_datapath/u_psum_packer/lane_addr_fifo_q[2][0][3]_i_1_n_0                                              | s_axi_aresetn_IBUF_inst/O |                3 |              4 |         1.33 |
|  s_axi_aclk_IBUF_BUFG | u_tpu_top/u_datapath/u_psum_packer/lane_addr_fifo_q[2][10][3]_i_1_n_0                                             | s_axi_aresetn_IBUF_inst/O |                2 |              4 |         2.00 |
|  s_axi_aclk_IBUF_BUFG | u_tpu_top/u_datapath/u_psum_packer/lane_addr_fifo_q[2][11][3]_i_1_n_0                                             | s_axi_aresetn_IBUF_inst/O |                2 |              4 |         2.00 |
|  s_axi_aclk_IBUF_BUFG | u_tpu_top/u_datapath/u_psum_packer/lane_addr_fifo_q[2][12][3]_i_1_n_0                                             | s_axi_aresetn_IBUF_inst/O |                2 |              4 |         2.00 |
|  s_axi_aclk_IBUF_BUFG | u_tpu_top/u_datapath/u_psum_packer/lane_addr_fifo_q[2][13][3]_i_1_n_0                                             | s_axi_aresetn_IBUF_inst/O |                2 |              4 |         2.00 |
|  s_axi_aclk_IBUF_BUFG | u_tpu_top/u_datapath/u_psum_packer/lane_addr_fifo_q[2][14][3]_i_1_n_0                                             | s_axi_aresetn_IBUF_inst/O |                2 |              4 |         2.00 |
|  s_axi_aclk_IBUF_BUFG | u_tpu_top/u_datapath/u_psum_packer/lane_addr_fifo_q[2][15][3]_i_1_n_0                                             | s_axi_aresetn_IBUF_inst/O |                2 |              4 |         2.00 |
|  s_axi_aclk_IBUF_BUFG | u_tpu_top/u_datapath/u_psum_packer/lane_addr_fifo_q[2][1][3]_i_1_n_0                                              | s_axi_aresetn_IBUF_inst/O |                3 |              4 |         1.33 |
|  s_axi_aclk_IBUF_BUFG | u_tpu_top/u_datapath/u_psum_packer/lane_addr_fifo_q[2][2][3]_i_1_n_0                                              | s_axi_aresetn_IBUF_inst/O |                3 |              4 |         1.33 |
|  s_axi_aclk_IBUF_BUFG | u_tpu_top/u_datapath/u_psum_packer/lane_addr_fifo_q[2][3][3]_i_1_n_0                                              | s_axi_aresetn_IBUF_inst/O |                3 |              4 |         1.33 |
|  s_axi_aclk_IBUF_BUFG | u_tpu_top/u_datapath/u_psum_packer/lane_addr_fifo_q[2][4][3]_i_1_n_0                                              | s_axi_aresetn_IBUF_inst/O |                3 |              4 |         1.33 |
|  s_axi_aclk_IBUF_BUFG | u_tpu_top/u_datapath/u_psum_packer/lane_addr_fifo_q[2][5][3]_i_1_n_0                                              | s_axi_aresetn_IBUF_inst/O |                3 |              4 |         1.33 |
|  s_axi_aclk_IBUF_BUFG | u_tpu_top/u_datapath/u_psum_packer/lane_addr_fifo_q[2][6][3]_i_1_n_0                                              | s_axi_aresetn_IBUF_inst/O |                3 |              4 |         1.33 |
|  s_axi_aclk_IBUF_BUFG | u_tpu_top/u_datapath/u_psum_packer/lane_addr_fifo_q[0][11][3]_i_1_n_0                                             | s_axi_aresetn_IBUF_inst/O |                1 |              4 |         4.00 |
|  s_axi_aclk_IBUF_BUFG | u_tpu_top/u_datapath/u_psum_packer/lane_addr_fifo_q[0][2][3]_i_1_n_0                                              | s_axi_aresetn_IBUF_inst/O |                2 |              4 |         2.00 |
|  s_axi_aclk_IBUF_BUFG | u_tpu_top/u_datapath/u_psum_packer/lane_addr_fifo_q[0][10][3]_i_1_n_0                                             | s_axi_aresetn_IBUF_inst/O |                1 |              4 |         4.00 |
|  s_axi_aclk_IBUF_BUFG | u_tpu_top/u_datapath/u_psum_packer/lane_addr_fifo_q[0][0][3]_i_1_n_0                                              | s_axi_aresetn_IBUF_inst/O |                2 |              4 |         2.00 |
|  s_axi_aclk_IBUF_BUFG | u_tpu_top/u_layer_controller/u_tile_controller/accumulator_clear_all_o_reg_rep__1_3[0]                            | s_axi_aresetn_IBUF_inst/O |                2 |              4 |         2.00 |
|  s_axi_aclk_IBUF_BUFG | u_tpu_top/u_layer_controller/u_tile_controller/accumulator_clear_all_o_reg_rep__1_4[0]                            | s_axi_aresetn_IBUF_inst/O |                2 |              4 |         2.00 |
|  s_axi_aclk_IBUF_BUFG | u_tpu_top/u_layer_controller/u_tile_controller/accumulator_clear_all_o_reg_rep__1_5[0]                            | s_axi_aresetn_IBUF_inst/O |                2 |              4 |         2.00 |
|  s_axi_aclk_IBUF_BUFG | u_tpu_top/u_layer_controller/u_tile_controller/accumulator_clear_all_o_reg_rep__1_6[0]                            | s_axi_aresetn_IBUF_inst/O |                1 |              4 |         4.00 |
|  s_axi_aclk_IBUF_BUFG | u_tpu_top/u_layer_controller/u_tile_controller/accumulator_clear_all_o_reg_rep__1_7[0]                            | s_axi_aresetn_IBUF_inst/O |                2 |              4 |         2.00 |
|  s_axi_aclk_IBUF_BUFG | u_tpu_top/u_layer_controller/u_tile_controller/accumulator_clear_all_o_reg_rep__1_8[0]                            | s_axi_aresetn_IBUF_inst/O |                1 |              4 |         4.00 |
|  s_axi_aclk_IBUF_BUFG | u_tpu_top/u_datapath/u_psum_packer/lane_addr_fifo_q[0][12][3]_i_1_n_0                                             | s_axi_aresetn_IBUF_inst/O |                2 |              4 |         2.00 |
|  s_axi_aclk_IBUF_BUFG | u_tpu_top/u_datapath/u_psum_packer/lane_addr_fifo_q[0][13][3]_i_1_n_0                                             | s_axi_aresetn_IBUF_inst/O |                2 |              4 |         2.00 |
|  s_axi_aclk_IBUF_BUFG | u_tpu_top/u_datapath/u_psum_packer/lane_addr_fifo_q[0][14][3]_i_1_n_0                                             | s_axi_aresetn_IBUF_inst/O |                2 |              4 |         2.00 |
|  s_axi_aclk_IBUF_BUFG | u_tpu_top/u_datapath/u_psum_packer/lane_addr_fifo_q[0][15][3]_i_1_n_0                                             | s_axi_aresetn_IBUF_inst/O |                2 |              4 |         2.00 |
|  s_axi_aclk_IBUF_BUFG | u_tpu_top/u_datapath/u_psum_packer/lane_addr_fifo_q[0][1][3]_i_1_n_0                                              | s_axi_aresetn_IBUF_inst/O |                2 |              4 |         2.00 |
|  s_axi_aclk_IBUF_BUFG | u_tpu_top/u_datapath/u_psum_packer/lane_addr_fifo_q[1][14][3]_i_1_n_0                                             | s_axi_aresetn_IBUF_inst/O |                3 |              4 |         1.33 |
|  s_axi_aclk_IBUF_BUFG | u_tpu_top/u_datapath/u_psum_packer/lane_addr_fifo_q[0][3][3]_i_1_n_0                                              | s_axi_aresetn_IBUF_inst/O |                2 |              4 |         2.00 |
|  s_axi_aclk_IBUF_BUFG | u_tpu_top/u_datapath/u_psum_packer/lane_addr_fifo_q[0][4][3]_i_1_n_0                                              | s_axi_aresetn_IBUF_inst/O |                1 |              4 |         4.00 |
|  s_axi_aclk_IBUF_BUFG | u_tpu_top/u_datapath/u_psum_packer/lane_addr_fifo_q[0][5][3]_i_1_n_0                                              | s_axi_aresetn_IBUF_inst/O |                1 |              4 |         4.00 |
|  s_axi_aclk_IBUF_BUFG | u_tpu_top/u_datapath/u_psum_packer/lane_addr_fifo_q[0][6][3]_i_1_n_0                                              | s_axi_aresetn_IBUF_inst/O |                1 |              4 |         4.00 |
|  s_axi_aclk_IBUF_BUFG | u_tpu_top/u_datapath/u_psum_packer/lane_addr_fifo_q[0][7][3]_i_1_n_0                                              | s_axi_aresetn_IBUF_inst/O |                1 |              4 |         4.00 |
|  s_axi_aclk_IBUF_BUFG | u_tpu_top/u_datapath/u_psum_packer/lane_addr_fifo_q[0][8][3]_i_1_n_0                                              | s_axi_aresetn_IBUF_inst/O |                1 |              4 |         4.00 |
|  s_axi_aclk_IBUF_BUFG | u_tpu_top/u_datapath/u_psum_packer/lane_addr_fifo_q[0][9][3]_i_1_n_0                                              | s_axi_aresetn_IBUF_inst/O |                1 |              4 |         4.00 |
|  s_axi_aclk_IBUF_BUFG | u_tpu_top/u_datapath/u_psum_packer/lane_addr_fifo_q[1][0][3]_i_1_n_0                                              | s_axi_aresetn_IBUF_inst/O |                3 |              4 |         1.33 |
|  s_axi_aclk_IBUF_BUFG | u_tpu_top/u_datapath/u_psum_packer/lane_addr_fifo_q[1][10][3]_i_1_n_0                                             | s_axi_aresetn_IBUF_inst/O |                2 |              4 |         2.00 |
|  s_axi_aclk_IBUF_BUFG | u_tpu_top/u_datapath/u_psum_packer/lane_addr_fifo_q[1][11][3]_i_1_n_0                                             | s_axi_aresetn_IBUF_inst/O |                2 |              4 |         2.00 |
|  s_axi_aclk_IBUF_BUFG | u_tpu_top/u_datapath/u_psum_packer/lane_addr_fifo_q[1][12][3]_i_1_n_0                                             | s_axi_aresetn_IBUF_inst/O |                3 |              4 |         1.33 |
|  s_axi_aclk_IBUF_BUFG | u_tpu_top/u_datapath/u_psum_packer/lane_addr_fifo_q[1][13][3]_i_1_n_0                                             | s_axi_aresetn_IBUF_inst/O |                3 |              4 |         1.33 |
|  s_axi_aclk_IBUF_BUFG | u_tpu_top/u_datapath/u_psum_packer/lane_addr_fifo_q[2][9][3]_i_1_n_0                                              | s_axi_aresetn_IBUF_inst/O |                2 |              4 |         2.00 |
|  s_axi_aclk_IBUF_BUFG | u_tpu_top/u_datapath/u_psum_packer/lane_addr_fifo_q[3][9][3]_i_1_n_0                                              | s_axi_aresetn_IBUF_inst/O |                3 |              4 |         1.33 |
|  s_axi_aclk_IBUF_BUFG | u_tpu_top/u_datapath/u_psum_packer/lane_addr_fifo_q[3][8][3]_i_1_n_0                                              | s_axi_aresetn_IBUF_inst/O |                3 |              4 |         1.33 |
|  s_axi_aclk_IBUF_BUFG | u_tpu_top/u_datapath/u_psum_packer/lane_addr_fifo_q[2][8][3]_i_1_n_0                                              | s_axi_aresetn_IBUF_inst/O |                2 |              4 |         2.00 |
|  s_axi_aclk_IBUF_BUFG | u_tpu_top/u_datapath/u_psum_packer/lane_addr_fifo_q[3][7][3]_i_1_n_0                                              | s_axi_aresetn_IBUF_inst/O |                3 |              4 |         1.33 |
|  s_axi_aclk_IBUF_BUFG | u_tpu_top/u_datapath/u_mxu/u_wgt_fetcher/FSM_onehot_state[3]_i_1_n_0                                              | s_axi_aresetn_IBUF_inst/O |                1 |              4 |         4.00 |
|  s_axi_aclk_IBUF_BUFG | u_tpu_top/u_datapath/u_mxu/u_weight_fifo/p_0_in[1]                                                                | s_axi_aresetn_IBUF_inst/O |                1 |              4 |         4.00 |
|  s_axi_aclk_IBUF_BUFG | u_tpu_top/u_datapath/u_mxu/u_weight_fifo/p_0_in[0]                                                                | s_axi_aresetn_IBUF_inst/O |                2 |              4 |         2.00 |
|  s_axi_aclk_IBUF_BUFG | u_tpu_top/u_datapath/u_psum_packer/lane_addr_fifo_q[3][6][3]_i_1_n_0                                              | s_axi_aresetn_IBUF_inst/O |                3 |              4 |         1.33 |
|  s_axi_aclk_IBUF_BUFG | u_tpu_top/u_layer_controller/u_tile_controller/accumulator_clear_all_o_reg_rep__1_2[0]                            | s_axi_aresetn_IBUF_inst/O |                2 |              4 |         2.00 |
|  s_axi_aclk_IBUF_BUFG | u_tpu_top/u_layer_controller/u_tile_controller/wgt_load_seen_q[3]_i_1_n_0                                         | s_axi_aresetn_IBUF_inst/O |                1 |              4 |         4.00 |
|  s_axi_aclk_IBUF_BUFG | u_tpu_top/u_layer_controller/u_tile_controller/E[0]                                                               | s_axi_aresetn_IBUF_inst/O |                2 |              4 |         2.00 |
|  s_axi_aclk_IBUF_BUFG | u_tpu_top/u_layer_controller/u_tile_controller/accumulator_clear_all_o_reg_rep__1_1[0]                            | s_axi_aresetn_IBUF_inst/O |                1 |              4 |         4.00 |
|  s_axi_aclk_IBUF_BUFG | u_tpu_top/u_datapath/u_psum_packer/lane_addr_fifo_q[3][5][3]_i_1_n_0                                              | s_axi_aresetn_IBUF_inst/O |                3 |              4 |         1.33 |
|  s_axi_aclk_IBUF_BUFG | u_tpu_top/u_datapath/u_psum_packer/lane_addr_fifo_q[3][4][3]_i_1_n_0                                              | s_axi_aresetn_IBUF_inst/O |                3 |              4 |         1.33 |
|  s_axi_aclk_IBUF_BUFG | u_tpu_top/u_datapath/u_psum_packer/lane_addr_fifo_q[3][3][3]_i_1_n_0                                              | s_axi_aresetn_IBUF_inst/O |                2 |              4 |         2.00 |
|  s_axi_aclk_IBUF_BUFG | u_tpu_top/u_datapath/u_psum_packer/lane_addr_fifo_q[3][2][3]_i_1_n_0                                              | s_axi_aresetn_IBUF_inst/O |                2 |              4 |         2.00 |
|  s_axi_aclk_IBUF_BUFG | u_tpu_top/u_datapath/u_psum_packer/lane_addr_fifo_q[3][1][3]_i_1_n_0                                              | s_axi_aresetn_IBUF_inst/O |                2 |              4 |         2.00 |
|  s_axi_aclk_IBUF_BUFG | u_tpu_top/u_datapath/u_psum_packer/lane_addr_fifo_q[3][15][3]_i_1_n_0                                             | s_axi_aresetn_IBUF_inst/O |                3 |              4 |         1.33 |
|  s_axi_aclk_IBUF_BUFG | u_tpu_top/u_datapath/u_psum_packer/lane_addr_fifo_q[3][0][3]_i_1_n_0                                              | s_axi_aresetn_IBUF_inst/O |                3 |              4 |         1.33 |
|  s_axi_aclk_IBUF_BUFG | u_tpu_top/u_maxpool2d_unit/input_base_addr_q[0]                                                                   | s_axi_aresetn_IBUF_inst/O |                3 |              4 |         1.33 |
|  s_axi_aclk_IBUF_BUFG | u_tpu_top/u_datapath/u_psum_packer/lane_addr_fifo_q[3][14][3]_i_1_n_0                                             | s_axi_aresetn_IBUF_inst/O |                3 |              4 |         1.33 |
|  s_axi_aclk_IBUF_BUFG | u_tpu_top/u_datapath/u_psum_packer/lane_addr_fifo_q[3][13][3]_i_1_n_0                                             | s_axi_aresetn_IBUF_inst/O |                3 |              4 |         1.33 |
|  s_axi_aclk_IBUF_BUFG | u_tpu_top/u_datapath/u_psum_packer/lane_addr_fifo_q[3][12][3]_i_1_n_0                                             | s_axi_aresetn_IBUF_inst/O |                3 |              4 |         1.33 |
|  s_axi_aclk_IBUF_BUFG | u_tpu_top/u_datapath/u_psum_packer/lane_addr_fifo_q[3][11][3]_i_1_n_0                                             | s_axi_aresetn_IBUF_inst/O |                3 |              4 |         1.33 |
|  s_axi_aclk_IBUF_BUFG | u_tpu_top/u_datapath/u_psum_packer/lane_addr_fifo_q[3][10][3]_i_1_n_0                                             | s_axi_aresetn_IBUF_inst/O |                3 |              4 |         1.33 |
|  s_axi_aclk_IBUF_BUFG | u_tpu_top/u_layer_controller/u_tile_controller/FSM_sequential_state_q[4]_i_1_n_0                                  | s_axi_aresetn_IBUF_inst/O |                4 |              5 |         1.25 |
|  s_axi_aclk_IBUF_BUFG | u_tpu_top/u_datapath/u_psum_packer/lane_count_q[2][4]_i_1_n_0                                                     | s_axi_aresetn_IBUF_inst/O |                2 |              5 |         2.50 |
|  s_axi_aclk_IBUF_BUFG | u_tpu_top/u_datapath/u_mxu/u_weight_fifo/count_q[4]_i_1_n_0                                                       | s_axi_aresetn_IBUF_inst/O |                1 |              5 |         5.00 |
|  s_axi_aclk_IBUF_BUFG | u_tpu_top/u_layer_controller/u_tile_controller/acc_read_idx_q[4]_i_1_n_0                                          | s_axi_aresetn_IBUF_inst/O |                3 |              5 |         1.67 |
|  s_axi_aclk_IBUF_BUFG | u_tpu_top/u_layer_controller/u_tile_controller/stream_idx_q[4]_i_1_n_0                                            | s_axi_aresetn_IBUF_inst/O |                3 |              5 |         1.67 |
|  s_axi_aclk_IBUF_BUFG | u_tpu_top/u_layer_controller/u_tile_controller/num_tiles_q[0]                                                     | s_axi_aresetn_IBUF_inst/O |                3 |              5 |         1.67 |
|  s_axi_aclk_IBUF_BUFG | u_tpu_top/u_datapath/u_psum_packer/lane_count_q[0][4]_i_1_n_0                                                     | s_axi_aresetn_IBUF_inst/O |                2 |              5 |         2.50 |
|  s_axi_aclk_IBUF_BUFG | u_tpu_top/u_datapath/u_psum_packer/lane_count_q[0]                                                                | s_axi_aresetn_IBUF_inst/O |                2 |              5 |         2.50 |
|  s_axi_aclk_IBUF_BUFG | u_tpu_top/u_datapath/u_psum_packer/lane_count_q[1][4]_i_1_n_0                                                     | s_axi_aresetn_IBUF_inst/O |                3 |              5 |         1.67 |
|  s_axi_aclk_IBUF_BUFG | u_tpu_top/u_layer_controller/u_tile_controller/accumulator_read_en_o_i_1_n_0                                      | s_axi_aresetn_IBUF_inst/O |                4 |              7 |         1.75 |
|  s_axi_aclk_IBUF_BUFG | u_tpu_top/u_layer_controller/u_tile_controller/act_lane_q[2][7]_i_1_n_0                                           | s_axi_aresetn_IBUF_inst/O |                2 |              8 |         4.00 |
|  s_axi_aclk_IBUF_BUFG | u_tpu_top/u_maxpool2d_unit/max_value_q[7]_i_1_n_0                                                                 | s_axi_aresetn_IBUF_inst/O |                3 |              8 |         2.67 |
|  s_axi_aclk_IBUF_BUFG | u_tpu_top/u_layer_controller/u_tile_controller/act_lane_q[3][7]_i_1_n_0                                           | s_axi_aresetn_IBUF_inst/O |                6 |              8 |         1.33 |
|  s_axi_aclk_IBUF_BUFG | ub_wdata_q[7]_i_1_n_0                                                                                             | s_axi_aresetn_IBUF_inst/O |                3 |              8 |         2.67 |
|  s_axi_aclk_IBUF_BUFG | u_tpu_top/u_layer_controller/u_tile_controller/act_lane_q[1][7]_i_1_n_0                                           | s_axi_aresetn_IBUF_inst/O |                6 |              8 |         1.33 |
|  s_axi_aclk_IBUF_BUFG | u_tpu_top/u_layer_controller/u_tile_controller/act_lane_q[0][7]_i_1_n_0                                           | s_axi_aresetn_IBUF_inst/O |                2 |              8 |         4.00 |
|  s_axi_aclk_IBUF_BUFG | u_tpu_top/u_unified_buffer/E[0]                                                                                   | s_axi_aresetn_IBUF_inst/O |                6 |              8 |         1.33 |
|  s_axi_aclk_IBUF_BUFG | u_tpu_top/u_layer_controller/E[0]                                                                                 | s_axi_aresetn_IBUF_inst/O |                6 |             10 |         1.67 |
|  s_axi_aclk_IBUF_BUFG | ub_bank_q                                                                                                         | s_axi_aresetn_IBUF_inst/O |                5 |             14 |         2.80 |
|  s_axi_aclk_IBUF_BUFG | u_tpu_top/u_maxpool2d_unit/ub_rd_en_o_i_1_n_0                                                                     | s_axi_aresetn_IBUF_inst/O |                6 |             14 |         2.33 |
|  s_axi_aclk_IBUF_BUFG | u_tpu_top/u_layer_controller/u_tile_controller/act_read_valid_pipe_q[0]                                           | s_axi_aresetn_IBUF_inst/O |               11 |             14 |         1.27 |
|  s_axi_aclk_IBUF_BUFG | u_tpu_top/u_layer_controller/u_tile_controller/GEN_WEIGHT_ROMS[0].u_weight_rom/FSM_sequential_state_q_reg[2]_0[0] | s_axi_aresetn_IBUF_inst/O |                5 |             16 |         3.20 |
|  s_axi_aclk_IBUF_BUFG | u_tpu_top/u_maxpool2d_unit/out_row_q[15]_i_1_n_0                                                                  | s_axi_aresetn_IBUF_inst/O |                5 |             16 |         3.20 |
|  s_axi_aclk_IBUF_BUFG | u_tpu_top/u_maxpool2d_unit/out_col_q[15]_i_1_n_0                                                                  | s_axi_aresetn_IBUF_inst/O |                6 |             16 |         2.67 |
|  s_axi_aclk_IBUF_BUFG | u_tpu_top/u_layer_controller/u_tile_controller/done_o_reg_1[0]                                                    | s_axi_aresetn_IBUF_inst/O |                6 |             16 |         2.67 |
|  s_axi_aclk_IBUF_BUFG | u_tpu_top/u_layer_controller/u_tile_controller/done_o_reg_0[0]                                                    | s_axi_aresetn_IBUF_inst/O |                4 |             16 |         4.00 |
|  s_axi_aclk_IBUF_BUFG | u_tpu_top/u_maxpool2d_unit/channel_q[15]_i_1_n_0                                                                  | s_axi_aresetn_IBUF_inst/O |                6 |             16 |         2.67 |
|  s_axi_aclk_IBUF_BUFG | u_tpu_top/u_layer_controller/u_tile_controller/output_lane_q[15]_i_1_n_0                                          | s_axi_aresetn_IBUF_inst/O |                7 |             16 |         2.29 |
|  s_axi_aclk_IBUF_BUFG | u_tpu_top/u_layer_controller/u_tile_controller/k_tile_q[15]_i_1_n_0                                               | s_axi_aresetn_IBUF_inst/O |                7 |             16 |         2.29 |
|  s_axi_aclk_IBUF_BUFG | u_tpu_top/u_datapath/u_psum_packer/row_lane_data_q[5][3][17]_i_1_n_0                                              | s_axi_aresetn_IBUF_inst/O |                9 |             18 |         2.00 |
|  s_axi_aclk_IBUF_BUFG | u_tpu_top/u_datapath/u_psum_packer/row_lane_data_q[10][2][17]_i_1_n_0                                             | s_axi_aresetn_IBUF_inst/O |               10 |             18 |         1.80 |
|  s_axi_aclk_IBUF_BUFG | u_tpu_top/u_datapath/u_psum_packer/row_lane_data_q[15][0][17]_i_1_n_0                                             | s_axi_aresetn_IBUF_inst/O |               10 |             18 |         1.80 |
|  s_axi_aclk_IBUF_BUFG | u_tpu_top/u_datapath/u_psum_packer/row_lane_data_q[14][3][17]_i_1_n_0                                             | s_axi_aresetn_IBUF_inst/O |                7 |             18 |         2.57 |
|  s_axi_aclk_IBUF_BUFG | u_tpu_top/u_datapath/u_psum_packer/row_lane_data_q[14][2][17]_i_1_n_0                                             | s_axi_aresetn_IBUF_inst/O |                7 |             18 |         2.57 |
|  s_axi_aclk_IBUF_BUFG | u_tpu_top/u_datapath/u_psum_packer/row_lane_data_q[14][1][17]_i_1_n_0                                             | s_axi_aresetn_IBUF_inst/O |                4 |             18 |         4.50 |
|  s_axi_aclk_IBUF_BUFG | u_tpu_top/u_datapath/u_psum_packer/row_lane_data_q[14][0][17]_i_1_n_0                                             | s_axi_aresetn_IBUF_inst/O |                7 |             18 |         2.57 |
|  s_axi_aclk_IBUF_BUFG | u_tpu_top/u_datapath/u_psum_packer/row_lane_data_q[13][3][17]_i_1_n_0                                             | s_axi_aresetn_IBUF_inst/O |               10 |             18 |         1.80 |
|  s_axi_aclk_IBUF_BUFG | u_tpu_top/u_datapath/u_psum_packer/row_lane_data_q[13][2][17]_i_1_n_0                                             | s_axi_aresetn_IBUF_inst/O |                7 |             18 |         2.57 |
|  s_axi_aclk_IBUF_BUFG | u_tpu_top/u_datapath/u_psum_packer/row_lane_data_q[13][1][17]_i_1_n_0                                             | s_axi_aresetn_IBUF_inst/O |               11 |             18 |         1.64 |
|  s_axi_aclk_IBUF_BUFG | u_tpu_top/u_datapath/u_psum_packer/row_lane_data_q[13][0][17]_i_1_n_0                                             | s_axi_aresetn_IBUF_inst/O |               10 |             18 |         1.80 |
|  s_axi_aclk_IBUF_BUFG | u_tpu_top/u_datapath/u_psum_packer/row_lane_data_q[12][3][17]_i_1_n_0                                             | s_axi_aresetn_IBUF_inst/O |               11 |             18 |         1.64 |
|  s_axi_aclk_IBUF_BUFG | u_tpu_top/u_datapath/u_psum_packer/row_lane_data_q[11][3][17]_i_1_n_0                                             | s_axi_aresetn_IBUF_inst/O |                5 |             18 |         3.60 |
|  s_axi_aclk_IBUF_BUFG | u_tpu_top/u_datapath/u_psum_packer/row_lane_data_q[11][2][17]_i_1_n_0                                             | s_axi_aresetn_IBUF_inst/O |                4 |             18 |         4.50 |
|  s_axi_aclk_IBUF_BUFG | u_tpu_top/u_datapath/u_psum_packer/row_lane_data_q[11][1][17]_i_1_n_0                                             | s_axi_aresetn_IBUF_inst/O |                5 |             18 |         3.60 |
|  s_axi_aclk_IBUF_BUFG | u_tpu_top/u_datapath/u_psum_packer/row_lane_data_q[11][0][17]_i_1_n_0                                             | s_axi_aresetn_IBUF_inst/O |                5 |             18 |         3.60 |
|  s_axi_aclk_IBUF_BUFG | u_tpu_top/u_datapath/u_psum_packer/row_lane_data_q[10][3][17]_i_1_n_0                                             | s_axi_aresetn_IBUF_inst/O |               11 |             18 |         1.64 |
|  s_axi_aclk_IBUF_BUFG | u_tpu_top/u_datapath/u_psum_packer/row_lane_data_q[8][3][17]_i_1_n_0                                              | s_axi_aresetn_IBUF_inst/O |                5 |             18 |         3.60 |
|  s_axi_aclk_IBUF_BUFG | u_tpu_top/u_datapath/u_psum_packer/row_lane_data_q[10][1][17]_i_1_n_0                                             | s_axi_aresetn_IBUF_inst/O |               13 |             18 |         1.38 |
|  s_axi_aclk_IBUF_BUFG | u_tpu_top/u_datapath/u_psum_packer/row_lane_data_q[10][0][17]_i_1_n_0                                             | s_axi_aresetn_IBUF_inst/O |                9 |             18 |         2.00 |
|  s_axi_aclk_IBUF_BUFG | u_tpu_top/u_datapath/u_psum_packer/row_lane_data_q[0][3][17]_i_1_n_0                                              | s_axi_aresetn_IBUF_inst/O |                8 |             18 |         2.25 |
|  s_axi_aclk_IBUF_BUFG | u_tpu_top/u_datapath/u_psum_packer/row_lane_data_q[0][2][17]_i_1_n_0                                              | s_axi_aresetn_IBUF_inst/O |                6 |             18 |         3.00 |
|  s_axi_aclk_IBUF_BUFG | u_tpu_top/u_datapath/u_psum_packer/row_lane_data_q[0][1][17]_i_1_n_0                                              | s_axi_aresetn_IBUF_inst/O |                5 |             18 |         3.60 |
|  s_axi_aclk_IBUF_BUFG | u_tpu_top/u_datapath/u_psum_packer/row_lane_data_q[0][0][17]_i_1_n_0                                              | s_axi_aresetn_IBUF_inst/O |                6 |             18 |         3.00 |
|  s_axi_aclk_IBUF_BUFG | u_tpu_top/u_layer_controller/u_tile_controller/accumulator_clear_all_o_reg_rep__2_3[0]                            | s_axi_aresetn_IBUF_inst/O |                9 |             18 |         2.00 |
|  s_axi_aclk_IBUF_BUFG | u_tpu_top/u_layer_controller/u_tile_controller/accumulator_clear_all_o_reg_rep__2_4[0]                            | s_axi_aresetn_IBUF_inst/O |               11 |             18 |         1.64 |
|  s_axi_aclk_IBUF_BUFG | u_tpu_top/u_layer_controller/u_tile_controller/accumulator_clear_all_o_reg_rep__5_1[0]                            | s_axi_aresetn_IBUF_inst/O |                4 |             18 |         4.50 |
|  s_axi_aclk_IBUF_BUFG | u_tpu_top/u_layer_controller/u_tile_controller/accumulator_clear_all_o_reg_rep__5_3[0]                            | s_axi_aresetn_IBUF_inst/O |                6 |             18 |         3.00 |
|  s_axi_aclk_IBUF_BUFG | u_tpu_top/u_layer_controller/u_tile_controller/accumulator_clear_all_o_reg_rep__5_4[0]                            | s_axi_aresetn_IBUF_inst/O |                7 |             18 |         2.57 |
|  s_axi_aclk_IBUF_BUFG | u_tpu_top/u_layer_controller/u_tile_controller/accumulator_clear_all_o_reg_rep__5_5[0]                            | s_axi_aresetn_IBUF_inst/O |                9 |             18 |         2.00 |
|  s_axi_aclk_IBUF_BUFG | u_tpu_top/u_layer_controller/u_tile_controller/accumulator_clear_all_o_reg_rep__5_7[0]                            | s_axi_aresetn_IBUF_inst/O |               10 |             18 |         1.80 |
|  s_axi_aclk_IBUF_BUFG | u_tpu_top/u_layer_controller/u_tile_controller/accumulator_clear_all_o_reg_rep__5_8[0]                            | s_axi_aresetn_IBUF_inst/O |               12 |             18 |         1.50 |
|  s_axi_aclk_IBUF_BUFG | u_tpu_top/u_layer_controller/u_tile_controller/accumulator_clear_all_o_reg_rep__5_9[0]                            | s_axi_aresetn_IBUF_inst/O |               12 |             18 |         1.50 |
|  s_axi_aclk_IBUF_BUFG | u_tpu_top/u_datapath/u_psum_packer/row_lane_data_q[15][2][17]_i_1_n_0                                             | s_axi_aresetn_IBUF_inst/O |                7 |             18 |         2.57 |
|  s_axi_aclk_IBUF_BUFG | u_tpu_top/u_layer_controller/u_tile_controller/accumulator_clear_all_o_reg_rep__2_1[0]                            | s_axi_aresetn_IBUF_inst/O |               10 |             18 |         1.80 |
|  s_axi_aclk_IBUF_BUFG | u_tpu_top/u_datapath/u_psum_packer/row_lane_data_q[7][3][17]_i_1_n_0                                              | s_axi_aresetn_IBUF_inst/O |               10 |             18 |         1.80 |
|  s_axi_aclk_IBUF_BUFG | u_tpu_top/u_datapath/u_psum_packer/row_lane_data_q[7][2][17]_i_1_n_0                                              | s_axi_aresetn_IBUF_inst/O |               10 |             18 |         1.80 |
|  s_axi_aclk_IBUF_BUFG | u_tpu_top/u_datapath/u_psum_packer/row_lane_data_q[7][1][17]_i_1_n_0                                              | s_axi_aresetn_IBUF_inst/O |               10 |             18 |         1.80 |
|  s_axi_aclk_IBUF_BUFG | u_tpu_top/u_datapath/u_psum_packer/row_lane_data_q[7][0][17]_i_1_n_0                                              | s_axi_aresetn_IBUF_inst/O |               11 |             18 |         1.64 |
|  s_axi_aclk_IBUF_BUFG | u_tpu_top/u_datapath/u_psum_packer/row_lane_data_q[6][3][17]_i_1_n_0                                              | s_axi_aresetn_IBUF_inst/O |                6 |             18 |         3.00 |
|  s_axi_aclk_IBUF_BUFG | u_tpu_top/u_datapath/u_psum_packer/row_lane_data_q[6][2][17]_i_1_n_0                                              | s_axi_aresetn_IBUF_inst/O |                6 |             18 |         3.00 |
|  s_axi_aclk_IBUF_BUFG | u_tpu_top/u_datapath/u_psum_packer/row_lane_data_q[6][1][17]_i_1_n_0                                              | s_axi_aresetn_IBUF_inst/O |                4 |             18 |         4.50 |
|  s_axi_aclk_IBUF_BUFG | u_tpu_top/u_datapath/u_psum_packer/row_lane_data_q[6][0][17]_i_1_n_0                                              | s_axi_aresetn_IBUF_inst/O |                6 |             18 |         3.00 |
|  s_axi_aclk_IBUF_BUFG | u_tpu_top/u_datapath/u_psum_packer/row_lane_data_q[5][2][17]_i_1_n_0                                              | s_axi_aresetn_IBUF_inst/O |               10 |             18 |         1.80 |
|  s_axi_aclk_IBUF_BUFG | u_tpu_top/u_datapath/u_psum_packer/row_lane_data_q[5][1][17]_i_1_n_0                                              | s_axi_aresetn_IBUF_inst/O |               11 |             18 |         1.64 |
|  s_axi_aclk_IBUF_BUFG | u_tpu_top/u_datapath/u_psum_packer/row_lane_data_q[5][0][17]_i_1_n_0                                              | s_axi_aresetn_IBUF_inst/O |                9 |             18 |         2.00 |
|  s_axi_aclk_IBUF_BUFG | u_tpu_top/u_datapath/u_psum_packer/row_lane_data_q[4][3][17]_i_1_n_0                                              | s_axi_aresetn_IBUF_inst/O |                8 |             18 |         2.25 |
|  s_axi_aclk_IBUF_BUFG | u_tpu_top/u_datapath/u_psum_packer/row_lane_data_q[4][2][17]_i_1_n_0                                              | s_axi_aresetn_IBUF_inst/O |               10 |             18 |         1.80 |
|  s_axi_aclk_IBUF_BUFG | u_tpu_top/u_datapath/u_psum_packer/row_lane_data_q[4][1][17]_i_1_n_0                                              | s_axi_aresetn_IBUF_inst/O |                9 |             18 |         2.00 |
|  s_axi_aclk_IBUF_BUFG | u_tpu_top/u_datapath/u_psum_packer/row_lane_data_q[3][3][17]_i_1_n_0                                              | s_axi_aresetn_IBUF_inst/O |                5 |             18 |         3.60 |
|  s_axi_aclk_IBUF_BUFG | u_tpu_top/u_datapath/u_psum_packer/row_lane_data_q[15][1][17]_i_1_n_0                                             | s_axi_aresetn_IBUF_inst/O |               11 |             18 |         1.64 |
|  s_axi_aclk_IBUF_BUFG | u_tpu_top/u_datapath/u_psum_packer/row_lane_data_q[15][3][17]_i_1_n_0                                             | s_axi_aresetn_IBUF_inst/O |               11 |             18 |         1.64 |
|  s_axi_aclk_IBUF_BUFG | u_tpu_top/u_datapath/u_psum_packer/row_lane_data_q[1][0][17]_i_1_n_0                                              | s_axi_aresetn_IBUF_inst/O |                7 |             18 |         2.57 |
|  s_axi_aclk_IBUF_BUFG | u_tpu_top/u_datapath/u_psum_packer/row_lane_data_q[1][1][17]_i_1_n_0                                              | s_axi_aresetn_IBUF_inst/O |               10 |             18 |         1.80 |
|  s_axi_aclk_IBUF_BUFG | u_tpu_top/u_datapath/u_psum_packer/row_lane_data_q[1][2][17]_i_1_n_0                                              | s_axi_aresetn_IBUF_inst/O |               10 |             18 |         1.80 |
|  s_axi_aclk_IBUF_BUFG | u_tpu_top/u_datapath/u_psum_packer/row_lane_data_q[1][3][17]_i_1_n_0                                              | s_axi_aresetn_IBUF_inst/O |               10 |             18 |         1.80 |
|  s_axi_aclk_IBUF_BUFG | u_tpu_top/u_datapath/u_psum_packer/row_lane_data_q[2][0][17]_i_1_n_0                                              | s_axi_aresetn_IBUF_inst/O |                9 |             18 |         2.00 |
|  s_axi_aclk_IBUF_BUFG | u_tpu_top/u_datapath/u_psum_packer/row_lane_data_q[2][1][17]_i_1_n_0                                              | s_axi_aresetn_IBUF_inst/O |               10 |             18 |         1.80 |
|  s_axi_aclk_IBUF_BUFG | u_tpu_top/u_datapath/u_psum_packer/row_lane_data_q[2][2][17]_i_1_n_0                                              | s_axi_aresetn_IBUF_inst/O |                9 |             18 |         2.00 |
|  s_axi_aclk_IBUF_BUFG | u_tpu_top/u_datapath/u_psum_packer/row_lane_data_q[2][3][17]_i_1_n_0                                              | s_axi_aresetn_IBUF_inst/O |                9 |             18 |         2.00 |
|  s_axi_aclk_IBUF_BUFG | u_tpu_top/u_datapath/u_psum_packer/row_lane_data_q[3][0][17]_i_1_n_0                                              | s_axi_aresetn_IBUF_inst/O |                5 |             18 |         3.60 |
|  s_axi_aclk_IBUF_BUFG | u_tpu_top/u_datapath/u_psum_packer/row_lane_data_q[3][1][17]_i_1_n_0                                              | s_axi_aresetn_IBUF_inst/O |                7 |             18 |         2.57 |
|  s_axi_aclk_IBUF_BUFG | u_tpu_top/u_datapath/u_psum_packer/row_lane_data_q[3][2][17]_i_1_n_0                                              | s_axi_aresetn_IBUF_inst/O |                5 |             18 |         3.60 |
|  s_axi_aclk_IBUF_BUFG | u_tpu_top/u_datapath/u_psum_packer/row_lane_data_q[4][0][17]_i_1_n_0                                              | s_axi_aresetn_IBUF_inst/O |                8 |             18 |         2.25 |
|  s_axi_aclk_IBUF_BUFG | u_tpu_top/u_maxpool2d_unit/ub_wr_en_o_i_1_n_0                                                                     | s_axi_aresetn_IBUF_inst/O |                7 |             22 |         3.14 |
|  s_axi_aclk_IBUF_BUFG | u_tpu_top/u_layer_controller/u_tile_controller/ub_wr_en_o_i_1__0_n_0                                              | s_axi_aresetn_IBUF_inst/O |                5 |             22 |         4.40 |
|  s_axi_aclk_IBUF_BUFG | u_tpu_top/u_layer_controller/u_tile_controller/start_pulse_q_reg_rep__3[0]                                        | s_axi_aresetn_IBUF_inst/O |               12 |             32 |         2.67 |
|  s_axi_aclk_IBUF_BUFG | u_tpu_top/u_layer_controller/u_tile_controller/start_pulse_q_reg_rep__1[0]                                        | s_axi_aresetn_IBUF_inst/O |               10 |             32 |         3.20 |
|  s_axi_aclk_IBUF_BUFG | u_tpu_top/u_layer_controller/u_tile_controller/start_pulse_q_reg_rep__0_1[0]                                      | s_axi_aresetn_IBUF_inst/O |               11 |             32 |         2.91 |
|  s_axi_aclk_IBUF_BUFG | u_tpu_top/u_layer_controller/u_tile_controller/start_pulse_q_reg_rep__0_0[0]                                      | s_axi_aresetn_IBUF_inst/O |                9 |             32 |         3.56 |
|  s_axi_aclk_IBUF_BUFG | u_tpu_top/u_layer_controller/u_tile_controller/start_pulse_q_reg_rep__9_0[0]                                      | s_axi_aresetn_IBUF_inst/O |               10 |             32 |         3.20 |
|  s_axi_aclk_IBUF_BUFG | u_tpu_top/u_datapath/u_mxu/u_weight_fifo/mem[6][31]_i_1_n_0                                                       |                           |               17 |             32 |         1.88 |
|  s_axi_aclk_IBUF_BUFG | u_tpu_top/u_datapath/u_mxu/u_weight_fifo/mem[5][31]_i_1_n_0                                                       |                           |               17 |             32 |         1.88 |
|  s_axi_aclk_IBUF_BUFG | u_tpu_top/u_datapath/u_mxu/u_weight_fifo/mem[4][31]_i_1_n_0                                                       |                           |               19 |             32 |         1.68 |
|  s_axi_aclk_IBUF_BUFG | u_tpu_top/u_datapath/u_mxu/u_weight_fifo/mem[3][31]_i_1_n_0                                                       |                           |               20 |             32 |         1.60 |
|  s_axi_aclk_IBUF_BUFG | u_tpu_top/u_datapath/u_mxu/u_weight_fifo/mem[2][31]_i_1_n_0                                                       |                           |               15 |             32 |         2.13 |
|  s_axi_aclk_IBUF_BUFG | u_tpu_top/u_datapath/u_mxu/u_weight_fifo/mem[1][31]_i_1_n_0                                                       |                           |               18 |             32 |         1.78 |
|  s_axi_aclk_IBUF_BUFG | u_tpu_top/u_datapath/u_mxu/u_weight_fifo/mem[15][31]_i_1_n_0                                                      |                           |               19 |             32 |         1.68 |
|  s_axi_aclk_IBUF_BUFG | u_tpu_top/u_datapath/u_mxu/u_weight_fifo/mem[14][31]_i_1_n_0                                                      |                           |               20 |             32 |         1.60 |
|  s_axi_aclk_IBUF_BUFG | u_tpu_top/u_datapath/u_mxu/u_systolic_array/GEN_PE_ROW[0].GEN_PE_COL[3].u_pe/E[0]                                 | s_axi_aresetn_IBUF_inst/O |               20 |             32 |         1.60 |
|  s_axi_aclk_IBUF_BUFG | u_tpu_top/u_layer_controller/u_tile_controller/dbg_useful_mac_count_o[31]_i_1_n_0                                 | s_axi_aresetn_IBUF_inst/O |                5 |             32 |         6.40 |
|  s_axi_aclk_IBUF_BUFG | u_tpu_top/u_layer_controller/u_tile_controller/start_pulse_q_reg_rep__9_2[0]                                      | s_axi_aresetn_IBUF_inst/O |                7 |             32 |         4.57 |
|  s_axi_aclk_IBUF_BUFG | u_tpu_top/u_layer_controller/u_tile_controller/start_pulse_q_reg_rep__9_1[0]                                      | s_axi_aresetn_IBUF_inst/O |                9 |             32 |         3.56 |
|  s_axi_aclk_IBUF_BUFG | u_tpu_top/u_layer_controller/u_tile_controller/start_pulse_q_reg_rep__10[0]                                       | s_axi_aresetn_IBUF_inst/O |               11 |             32 |         2.91 |
|  s_axi_aclk_IBUF_BUFG | u_tpu_top/u_layer_controller/u_tile_controller/start_pulse_q_reg_rep__9[0]                                        | s_axi_aresetn_IBUF_inst/O |                8 |             32 |         4.00 |
|  s_axi_aclk_IBUF_BUFG | u_tpu_top/u_layer_controller/u_tile_controller/start_pulse_q_reg_rep__8_0[0]                                      | s_axi_aresetn_IBUF_inst/O |                7 |             32 |         4.57 |
|  s_axi_aclk_IBUF_BUFG | u_tpu_top/u_layer_controller/u_tile_controller/start_pulse_q_reg_rep__8[0]                                        | s_axi_aresetn_IBUF_inst/O |                6 |             32 |         5.33 |
|  s_axi_aclk_IBUF_BUFG | u_tpu_top/u_layer_controller/u_tile_controller/start_pulse_q_reg_rep__3_0[0]                                      | s_axi_aresetn_IBUF_inst/O |                9 |             32 |         3.56 |
|  s_axi_aclk_IBUF_BUFG | u_tpu_top/u_datapath/u_mxu/u_weight_fifo/mem[7][31]_i_1_n_0                                                       |                           |               31 |             32 |         1.03 |
|  s_axi_aclk_IBUF_BUFG | u_tpu_top/u_layer_controller/u_tile_controller/start_pulse_q_reg_rep__2_1[0]                                      | s_axi_aresetn_IBUF_inst/O |                9 |             32 |         3.56 |
|  s_axi_aclk_IBUF_BUFG | u_tpu_top/u_layer_controller/u_tile_controller/start_pulse_q_reg_rep__2_0[0]                                      | s_axi_aresetn_IBUF_inst/O |               11 |             32 |         2.91 |
|  s_axi_aclk_IBUF_BUFG | u_tpu_top/u_layer_controller/u_tile_controller/start_pulse_q_reg_rep__2[0]                                        | s_axi_aresetn_IBUF_inst/O |                9 |             32 |         3.56 |
|  s_axi_aclk_IBUF_BUFG | u_tpu_top/u_layer_controller/u_tile_controller/start_pulse_q_reg_rep__1_1[0]                                      | s_axi_aresetn_IBUF_inst/O |               11 |             32 |         2.91 |
|  s_axi_aclk_IBUF_BUFG | u_tpu_top/u_layer_controller/u_tile_controller/start_pulse_q_reg_rep__1_0[0]                                      | s_axi_aresetn_IBUF_inst/O |                6 |             32 |         5.33 |
|  s_axi_aclk_IBUF_BUFG | u_tpu_top/u_layer_controller/u_tile_controller/start_pulse_q_reg_rep__10_1[0]                                     | s_axi_aresetn_IBUF_inst/O |                7 |             32 |         4.57 |
|  s_axi_aclk_IBUF_BUFG | u_tpu_top/u_layer_controller/u_tile_controller/start_pulse_q_reg_rep__10_0[0]                                     | s_axi_aresetn_IBUF_inst/O |                9 |             32 |         3.56 |
|  s_axi_aclk_IBUF_BUFG | u_tpu_top/u_datapath/u_mxu/u_weight_fifo/p_0_in[0]                                                                |                           |               32 |             32 |         1.00 |
|  s_axi_aclk_IBUF_BUFG | s_axi_rdata[31]_i_1_n_0                                                                                           | s_axi_aresetn_IBUF_inst/O |               20 |             32 |         1.60 |
|  s_axi_aclk_IBUF_BUFG | u_tpu_top/dbg_fc2_cycle_count_o[31]_i_1_n_0                                                                       | s_axi_aresetn_IBUF_inst/O |                8 |             32 |         4.00 |
|  s_axi_aclk_IBUF_BUFG | u_tpu_top/dbg_pool1_cycle_count_o[31]_i_1_n_0                                                                     | s_axi_aresetn_IBUF_inst/O |                7 |             32 |         4.57 |
|  s_axi_aclk_IBUF_BUFG | u_tpu_top/dbg_pool2_cycle_count_o[31]_i_1_n_0                                                                     | s_axi_aresetn_IBUF_inst/O |               11 |             32 |         2.91 |
|  s_axi_aclk_IBUF_BUFG | u_tpu_top/u_datapath/u_vector_processing_unit/u_post_process/u_normalizer/E[0]                                    | s_axi_aresetn_IBUF_inst/O |                7 |             32 |         4.57 |
|  s_axi_aclk_IBUF_BUFG | u_tpu_top/u_datapath/u_vector_processing_unit/u_post_process/u_activation/E[0]                                    | s_axi_aresetn_IBUF_inst/O |                9 |             32 |         3.56 |
|  s_axi_aclk_IBUF_BUFG | u_tpu_top/dbg_cycle_count_o[31]_i_1_n_0                                                                           | s_axi_aresetn_IBUF_inst/O |               14 |             32 |         2.29 |
|  s_axi_aclk_IBUF_BUFG | u_tpu_top/u_datapath/u_mxu/u_weight_fifo/mem[13][31]_i_1_n_0                                                      |                           |               15 |             32 |         2.13 |
|  s_axi_aclk_IBUF_BUFG | u_tpu_top/u_datapath/u_mxu/u_weight_fifo/mem[12][31]_i_1_n_0                                                      |                           |               14 |             32 |         2.29 |
|  s_axi_aclk_IBUF_BUFG | u_tpu_top/u_datapath/u_mxu/u_weight_fifo/mem[11][31]_i_1_n_0                                                      |                           |               14 |             32 |         2.29 |
|  s_axi_aclk_IBUF_BUFG | u_tpu_top/u_datapath/u_mxu/u_weight_fifo/mem[0][31]_i_1_n_0                                                       |                           |               17 |             32 |         1.88 |
|  s_axi_aclk_IBUF_BUFG | u_tpu_top/u_datapath/u_mxu/u_weight_fifo/mem[10][31]_i_1_n_0                                                      |                           |               15 |             32 |         2.13 |
|  s_axi_aclk_IBUF_BUFG | u_tpu_top/u_datapath/u_mxu/u_wgt_fetcher/Q[1]                                                                     | s_axi_aresetn_IBUF_inst/O |               17 |             32 |         1.88 |
|  s_axi_aclk_IBUF_BUFG | u_tpu_top/u_datapath/u_mxu/u_weight_fifo/mem[9][31]_i_1_n_0                                                       |                           |               32 |             32 |         1.00 |
|  s_axi_aclk_IBUF_BUFG | u_tpu_top/u_datapath/u_mxu/u_systolic_array/GEN_PE_ROW[2].GEN_PE_COL[3].u_pe/E[0]                                 | s_axi_aresetn_IBUF_inst/O |               24 |             32 |         1.33 |
|  s_axi_aclk_IBUF_BUFG | u_tpu_top/u_layer_controller/start_pulse_q_reg[0]                                                                 | s_axi_aresetn_IBUF_inst/O |               13 |             32 |         2.46 |
|  s_axi_aclk_IBUF_BUFG | u_tpu_top/u_datapath/u_mxu/u_systolic_array/GEN_PE_ROW[1].GEN_PE_COL[3].u_pe/E[0]                                 | s_axi_aresetn_IBUF_inst/O |               20 |             32 |         1.60 |
|  s_axi_aclk_IBUF_BUFG | u_tpu_top/u_layer_controller/FSM_sequential_state_q_reg[1]_rep__7[0]                                              | s_axi_aresetn_IBUF_inst/O |               22 |             32 |         1.45 |
|  s_axi_aclk_IBUF_BUFG | u_tpu_top/u_layer_controller/error_o_reg_0[0]                                                                     | s_axi_aresetn_IBUF_inst/O |               22 |             32 |         1.45 |
|  s_axi_aclk_IBUF_BUFG | u_tpu_top/u_layer_controller/u_tile_controller/vpu_data_q[0]                                                      | s_axi_aresetn_IBUF_inst/O |                8 |             32 |         4.00 |
|  s_axi_aclk_IBUF_BUFG | u_tpu_top/u_layer_controller/u_tile_controller/wgt_fifo_wdata_o[31]_i_1_n_0                                       | s_axi_aresetn_IBUF_inst/O |               18 |             32 |         1.78 |
|  s_axi_aclk_IBUF_BUFG | u_tpu_top/u_layer_controller/u_tile_controller/FSM_sequential_state_q_reg[0]_rep__9[0]                            | s_axi_aresetn_IBUF_inst/O |                9 |             32 |         3.56 |
|  s_axi_aclk_IBUF_BUFG | u_tpu_top/u_datapath/u_mxu/u_weight_fifo/mem[8][31]_i_1_n_0                                                       |                           |               31 |             32 |         1.03 |
|  s_axi_aclk_IBUF_BUFG | u_tpu_top/u_layer_controller/u_tile_controller/error_o_reg_1[0]                                                   | s_axi_aresetn_IBUF_inst/O |                4 |             32 |         8.00 |
|  s_axi_aclk_IBUF_BUFG | u_tpu_top/u_layer_controller/u_tile_controller/start_pulse_q_reg_rep__0[0]                                        | s_axi_aresetn_IBUF_inst/O |               10 |             32 |         3.20 |
|  s_axi_aclk_IBUF_BUFG |                                                                                                                   |                           |                4 |             48 |        12.00 |
|  s_axi_aclk_IBUF_BUFG | u_tpu_top/u_layer_controller/u_tile_controller/layer_idx_q_0[0]                                                   | s_axi_aresetn_IBUF_inst/O |               20 |             57 |         2.85 |
|  s_axi_aclk_IBUF_BUFG | u_tpu_top/u_layer_controller/FSM_sequential_state_q_reg[1]_rep__5                                                 | s_axi_aresetn_IBUF_inst/O |               25 |             58 |         2.32 |
|  s_axi_aclk_IBUF_BUFG | u_tpu_top/dbg_fc1_cycle_count_o[31]_i_1_n_0                                                                       | s_axi_aresetn_IBUF_inst/O |               22 |             64 |         2.91 |
|  s_axi_aclk_IBUF_BUFG | u_tpu_top/dbg_conv2_cycle_count_o[31]_i_1_n_0                                                                     | s_axi_aresetn_IBUF_inst/O |               16 |             64 |         4.00 |
|  s_axi_aclk_IBUF_BUFG | u_tpu_top/dbg_conv1_cycle_count_o[31]_i_1_n_0                                                                     | s_axi_aresetn_IBUF_inst/O |               16 |             64 |         4.00 |
|  s_axi_aclk_IBUF_BUFG | u_tpu_top/u_layer_controller/u_tile_controller/accumulator_clear_all_o_reg_rep_2                                  | s_axi_aresetn_IBUF_inst/O |               36 |             84 |         2.33 |
|  s_axi_aclk_IBUF_BUFG | u_tpu_top/u_datapath/u_mxu/u_skew_buffer/start_pulse_q_reg_rep__6[0]                                              | s_axi_aresetn_IBUF_inst/O |               26 |             92 |         3.54 |
|  s_axi_aclk_IBUF_BUFG | u_tpu_top/u_datapath/u_mxu/u_skew_buffer/E[0]                                                                     | s_axi_aresetn_IBUF_inst/O |               29 |             92 |         3.17 |
|  s_axi_aclk_IBUF_BUFG | u_tpu_top/u_datapath/u_mxu/u_skew_buffer/FSM_sequential_state_q_reg[0]_rep__10_0[0]                               | s_axi_aresetn_IBUF_inst/O |               20 |             92 |         4.60 |
|  s_axi_aclk_IBUF_BUFG | u_tpu_top/u_layer_controller/u_tile_controller/accumulator_clear_all_o_reg_rep__0_1[0]                            | s_axi_aresetn_IBUF_inst/O |              114 |            128 |         1.12 |
|  s_axi_aclk_IBUF_BUFG | u_tpu_top/u_datapath/u_vector_processing_unit/u_post_process/GEN_BIAS_REQUANT.u_bias_requantize/E[0]              | s_axi_aresetn_IBUF_inst/O |               38 |            128 |         3.37 |
|  s_axi_aclk_IBUF_BUFG | u_tpu_top/u_datapath/u_mxu/u_wgt_fetcher/Q[2]                                                                     | s_axi_aresetn_IBUF_inst/O |               66 |            128 |         1.94 |
|  s_axi_aclk_IBUF_BUFG | u_tpu_top/u_datapath/u_accumulator_array/E[0]                                                                     | s_axi_aresetn_IBUF_inst/O |               39 |            128 |         3.28 |
|  s_axi_aclk_IBUF_BUFG | u_tpu_top/u_datapath/u_psum_packer/accumulator_clear_all_o_reg_4[0]                                               | s_axi_aresetn_IBUF_inst/O |               81 |            136 |         1.68 |
|  s_axi_aclk_IBUF_BUFG | u_tpu_top/u_datapath/u_psum_packer/accumulator_clear_all_o_reg_7[0]                                               | s_axi_aresetn_IBUF_inst/O |               88 |            136 |         1.55 |
|  s_axi_aclk_IBUF_BUFG | u_tpu_top/u_datapath/u_psum_packer/accumulator_clear_all_o_reg[0]                                                 | s_axi_aresetn_IBUF_inst/O |              107 |            136 |         1.27 |
|  s_axi_aclk_IBUF_BUFG | u_tpu_top/u_datapath/u_psum_packer/accumulator_clear_all_o_reg_1[0]                                               | s_axi_aresetn_IBUF_inst/O |              106 |            136 |         1.28 |
|  s_axi_aclk_IBUF_BUFG | u_tpu_top/u_datapath/u_psum_packer/accumulator_clear_all_o_reg_10[0]                                              | s_axi_aresetn_IBUF_inst/O |               84 |            136 |         1.62 |
|  s_axi_aclk_IBUF_BUFG | u_tpu_top/u_datapath/u_psum_packer/accumulator_clear_all_o_reg_11[0]                                              | s_axi_aresetn_IBUF_inst/O |              107 |            136 |         1.27 |
|  s_axi_aclk_IBUF_BUFG | u_tpu_top/u_datapath/u_psum_packer/accumulator_clear_all_o_reg_12[0]                                              | s_axi_aresetn_IBUF_inst/O |              107 |            136 |         1.27 |
|  s_axi_aclk_IBUF_BUFG | u_tpu_top/u_datapath/u_psum_packer/accumulator_clear_all_o_reg_13[0]                                              | s_axi_aresetn_IBUF_inst/O |               98 |            136 |         1.39 |
|  s_axi_aclk_IBUF_BUFG | u_tpu_top/u_datapath/u_psum_packer/accumulator_clear_all_o_reg_14[0]                                              | s_axi_aresetn_IBUF_inst/O |               90 |            136 |         1.51 |
|  s_axi_aclk_IBUF_BUFG | u_tpu_top/u_datapath/u_psum_packer/accumulator_clear_all_o_reg_15[0]                                              | s_axi_aresetn_IBUF_inst/O |              113 |            136 |         1.20 |
|  s_axi_aclk_IBUF_BUFG | u_tpu_top/u_datapath/u_psum_packer/accumulator_clear_all_o_reg_16[0]                                              | s_axi_aresetn_IBUF_inst/O |               89 |            136 |         1.53 |
|  s_axi_aclk_IBUF_BUFG | u_tpu_top/u_datapath/u_psum_packer/accumulator_clear_all_o_reg_17[0]                                              | s_axi_aresetn_IBUF_inst/O |              111 |            136 |         1.23 |
|  s_axi_aclk_IBUF_BUFG | u_tpu_top/u_datapath/u_psum_packer/accumulator_clear_all_o_reg_2[0]                                               | s_axi_aresetn_IBUF_inst/O |               78 |            136 |         1.74 |
|  s_axi_aclk_IBUF_BUFG | u_tpu_top/u_datapath/u_psum_packer/accumulator_clear_all_o_reg_6[0]                                               | s_axi_aresetn_IBUF_inst/O |               81 |            136 |         1.68 |
|  s_axi_aclk_IBUF_BUFG | u_tpu_top/u_datapath/u_psum_packer/accumulator_clear_all_o_reg_3[0]                                               | s_axi_aresetn_IBUF_inst/O |               90 |            136 |         1.51 |
|  s_axi_aclk_IBUF_BUFG | u_tpu_top/u_datapath/u_psum_packer/accumulator_clear_all_o_reg_5[0]                                               | s_axi_aresetn_IBUF_inst/O |               89 |            136 |         1.53 |
|  s_axi_aclk_IBUF_BUFG | u_tpu_top/u_layer_controller/u_tile_controller/GEN_PARAM_ROMS[2].u_requant_mult_rom/FSM_sequential_state_q_reg[3] | s_axi_aresetn_IBUF_inst/O |               58 |            156 |         2.69 |
|  s_axi_aclk_IBUF_BUFG | u_tpu_top/u_layer_controller/u_tile_controller/GEN_WEIGHT_ROMS[0].u_weight_rom/FSM_sequential_state_q_reg[2][0]   | s_axi_aresetn_IBUF_inst/O |               49 |            157 |         3.20 |
|  s_axi_aclk_IBUF_BUFG |                                                                                                                   | s_axi_aresetn_IBUF_inst/O |              494 |           2609 |         5.28 |
+-----------------------+-------------------------------------------------------------------------------------------------------------------+---------------------------+------------------+----------------+--------------+


