
*** Running vivado
    with args -log ws_sa_3x3.vdi -applog -m64 -product Vivado -messageDb vivado.pb -mode batch -source ws_sa_3x3.tcl -notrace


****** Vivado v2025.2 (64-bit)
  **** SW Build 6299465 on Fri Nov 14 12:34:56 MST 2025
  **** IP Build 6300035 on Fri Nov 14 10:48:45 MST 2025
  **** SharedData Build 6298862 on Thu Nov 13 04:50:51 MST 2025
  **** Start of session at: Thu May  7 11:05:04 2026
    ** Copyright 1986-2022 Xilinx, Inc. All Rights Reserved.
    ** Copyright 2022-2025 Advanced Micro Devices, Inc. All Rights Reserved.

source ws_sa_3x3.tcl -notrace
Command: link_design -top ws_sa_3x3 -part xczu7ev-ffvc1156-2-e
Design is defaulting to srcset: sources_1
Design is defaulting to constrset: constrs_1
INFO: [Device 21-403] Loading part xczu7ev-ffvc1156-2-e
Netlist sorting complete. Time (s): cpu = 00:00:00.01 ; elapsed = 00:00:00.01 . Memory (MB): peak = 2788.902 ; gain = 0.000 ; free physical = 7945 ; free virtual = 41490
INFO: [Netlist 29-17] Analyzing 157 Unisim elements for replacement
INFO: [Netlist 29-28] Unisim Transformation completed in 0 CPU seconds
INFO: [Project 1-479] Netlist was created with Vivado 2025.2
INFO: [Project 1-570] Preparing netlist for logic optimization
Parsing XDC File [/home/pah/Downloads/ws_sa_3x3_timing_only_current_top.xdc]
Finished Parsing XDC File [/home/pah/Downloads/ws_sa_3x3_timing_only_current_top.xdc]
INFO: [Opt 31-138] Pushed 0 inverter(s) to 0 load pin(s).
Netlist sorting complete. Time (s): cpu = 00:00:00 ; elapsed = 00:00:00 . Memory (MB): peak = 3033.938 ; gain = 0.000 ; free physical = 7739 ; free virtual = 41286
INFO: [Project 1-111] Unisim Transformation Summary:
  A total of 58 instances were transformed.
  IBUF => IBUF (IBUFCTRL, INBUF): 58 instances

7 Infos, 0 Warnings, 0 Critical Warnings and 0 Errors encountered.
link_design completed successfully
link_design: Time (s): cpu = 00:00:11 ; elapsed = 00:00:11 . Memory (MB): peak = 3033.973 ; gain = 1400.562 ; free physical = 7741 ; free virtual = 41288
Command: opt_design
Attempting to get a license for feature 'Implementation' and/or device 'xczu7ev'
INFO: [Common 17-349] Got license for feature 'Implementation' and/or device 'xczu7ev'
Running DRC as a precondition to command opt_design

Starting DRC Task
INFO: [DRC 23-27] Running DRC with 8 threads
INFO: [Project 1-461] DRC finished with 0 Errors
INFO: [Project 1-462] Please refer to the DRC report (report_drc) for more information.

Time (s): cpu = 00:00:00.74 ; elapsed = 00:00:00.27 . Memory (MB): peak = 3261.156 ; gain = 227.184 ; free physical = 7664 ; free virtual = 41211

Starting Cache Timing Information Task
INFO: [Timing 38-35] Done setting XDC timing constraints.
Ending Cache Timing Information Task | Checksum: 1c1334639

Time (s): cpu = 00:00:01 ; elapsed = 00:00:01 . Memory (MB): peak = 3567.031 ; gain = 305.875 ; free physical = 7431 ; free virtual = 40977

Starting Logic Optimization Task

Phase 1 Initialization

Phase 1.1 Core Generation And Design Setup
Phase 1.1 Core Generation And Design Setup | Checksum: 1c1334639

Time (s): cpu = 00:00:00.01 ; elapsed = 00:00:00 . Memory (MB): peak = 3945.719 ; gain = 0.000 ; free physical = 7085 ; free virtual = 40632

Phase 1.2 Setup Constraints And Sort Netlist
Phase 1.2 Setup Constraints And Sort Netlist | Checksum: 1c1334639

Time (s): cpu = 00:00:00.01 ; elapsed = 00:00:00.01 . Memory (MB): peak = 3945.719 ; gain = 0.000 ; free physical = 7085 ; free virtual = 40632
Phase 1 Initialization | Checksum: 1c1334639

Time (s): cpu = 00:00:00.01 ; elapsed = 00:00:00.01 . Memory (MB): peak = 3945.719 ; gain = 0.000 ; free physical = 7085 ; free virtual = 40632

Phase 2 Timer Update And Timing Data Collection

Phase 2.1 Detect if minReqCache needed
Phase 2.1 Detect if minReqCache needed | Checksum: 1c1334639

Time (s): cpu = 00:00:00.01 ; elapsed = 00:00:00.01 . Memory (MB): peak = 3945.719 ; gain = 0.000 ; free physical = 7085 ; free virtual = 40632

Phase 2.2 Timer Update
Phase 2.2 Timer Update | Checksum: 1c1334639

Time (s): cpu = 00:00:00.06 ; elapsed = 00:00:00.02 . Memory (MB): peak = 3945.719 ; gain = 0.000 ; free physical = 7083 ; free virtual = 40630

Phase 2.3 Timing Data Collection
Phase 2.3 Timing Data Collection | Checksum: 1c1334639

Time (s): cpu = 00:00:00.07 ; elapsed = 00:00:00.03 . Memory (MB): peak = 3945.719 ; gain = 0.000 ; free physical = 7083 ; free virtual = 40630
Phase 2 Timer Update And Timing Data Collection | Checksum: 1c1334639

Time (s): cpu = 00:00:00.07 ; elapsed = 00:00:00.03 . Memory (MB): peak = 3945.719 ; gain = 0.000 ; free physical = 7083 ; free virtual = 40630

Phase 3 Retarget
INFO: [Opt 31-1851] Number of loadless carry chains removed were: 0
INFO: [Opt 31-1834] Total Chains To Be Transformed Were: 0 AND Number of Transformed insts Created are: 0
INFO: [Opt 31-138] Pushed 1 inverter(s) to 1339 load pin(s).
INFO: [Opt 31-49] Retargeted 0 cell(s).
Phase 3 Retarget | Checksum: 1489e3739

Time (s): cpu = 00:00:00.14 ; elapsed = 00:00:00.07 . Memory (MB): peak = 3945.719 ; gain = 0.000 ; free physical = 7077 ; free virtual = 40624
Retarget | Checksum: 1489e3739
INFO: [Opt 31-389] Phase Retarget created 0 cells and removed 1 cells

Phase 4 Constant propagation
INFO: [Opt 31-138] Pushed 0 inverter(s) to 0 load pin(s).
Phase 4 Constant propagation | Checksum: 138ca98ea

Time (s): cpu = 00:00:00.15 ; elapsed = 00:00:00.08 . Memory (MB): peak = 3945.719 ; gain = 0.000 ; free physical = 7077 ; free virtual = 40624
Constant propagation | Checksum: 138ca98ea
INFO: [Opt 31-389] Phase Constant propagation created 0 cells and removed 0 cells

Phase 5 Sweep
INFO: [Constraints 18-11670] Building netlist checker database with flags, 0x8
Done building netlist checker database: Time (s): cpu = 00:00:00 ; elapsed = 00:00:00 . Memory (MB): peak = 3945.719 ; gain = 0.000 ; free physical = 7078 ; free virtual = 40625
Phase 5 Sweep | Checksum: 18a58d552

Time (s): cpu = 00:00:00.17 ; elapsed = 00:00:00.1 . Memory (MB): peak = 3945.719 ; gain = 0.000 ; free physical = 7078 ; free virtual = 40625
Sweep | Checksum: 18a58d552
INFO: [Opt 31-389] Phase Sweep created 0 cells and removed 0 cells

Phase 6 BUFG optimization
INFO: [Opt 31-1077] Phase BUFG optimization inserted 0 global clock buffer(s) for CLOCK_LOW_FANOUT.
Phase 6 BUFG optimization | Checksum: 18a58d552

Time (s): cpu = 00:00:00.2 ; elapsed = 00:00:00.11 . Memory (MB): peak = 3977.734 ; gain = 32.016 ; free physical = 7078 ; free virtual = 40625
BUFG optimization | Checksum: 18a58d552
INFO: [Opt 31-662] Phase BUFG optimization created 0 cells of which 0 are BUFGs and removed 0 cells.

Phase 7 Shift Register Optimization
INFO: [Opt 31-1064] SRL Remap converted 0 SRLs to 0 registers and converted 0 registers of register chains to 0 SRLs
Phase 7 Shift Register Optimization | Checksum: 18a58d552

Time (s): cpu = 00:00:00.2 ; elapsed = 00:00:00.12 . Memory (MB): peak = 3977.734 ; gain = 32.016 ; free physical = 7078 ; free virtual = 40625
Shift Register Optimization | Checksum: 18a58d552
INFO: [Opt 31-389] Phase Shift Register Optimization created 0 cells and removed 0 cells

Phase 8 Post Processing Netlist
Phase 8 Post Processing Netlist | Checksum: 18a58d552

Time (s): cpu = 00:00:00.2 ; elapsed = 00:00:00.12 . Memory (MB): peak = 3977.734 ; gain = 32.016 ; free physical = 7079 ; free virtual = 40626
Post Processing Netlist | Checksum: 18a58d552
INFO: [Opt 31-389] Phase Post Processing Netlist created 0 cells and removed 0 cells

Phase 9 Finalization

Phase 9.1 Finalizing Design Cores and Updating Shapes
Phase 9.1 Finalizing Design Cores and Updating Shapes | Checksum: 22c38a8b8

Time (s): cpu = 00:00:00.29 ; elapsed = 00:00:00.17 . Memory (MB): peak = 3977.734 ; gain = 32.016 ; free physical = 7083 ; free virtual = 40630

Phase 9.2 Verifying Netlist Connectivity

Starting Connectivity Check Task

Time (s): cpu = 00:00:00 ; elapsed = 00:00:00 . Memory (MB): peak = 3977.734 ; gain = 0.000 ; free physical = 7083 ; free virtual = 40630
Phase 9.2 Verifying Netlist Connectivity | Checksum: 22c38a8b8

Time (s): cpu = 00:00:00.29 ; elapsed = 00:00:00.17 . Memory (MB): peak = 3977.734 ; gain = 32.016 ; free physical = 7083 ; free virtual = 40630
Phase 9 Finalization | Checksum: 22c38a8b8

Time (s): cpu = 00:00:00.29 ; elapsed = 00:00:00.17 . Memory (MB): peak = 3977.734 ; gain = 32.016 ; free physical = 7083 ; free virtual = 40630
Opt_design Change Summary
=========================


-------------------------------------------------------------------------------------------------------------------------
|  Phase                        |  #Cells created  |  #Cells Removed  |  #Constrained objects preventing optimizations  |
-------------------------------------------------------------------------------------------------------------------------
|  Retarget                     |               0  |               1  |                                              0  |
|  Constant propagation         |               0  |               0  |                                              0  |
|  Sweep                        |               0  |               0  |                                              0  |
|  BUFG optimization            |               0  |               0  |                                              0  |
|  Shift Register Optimization  |               0  |               0  |                                              0  |
|  Post Processing Netlist      |               0  |               0  |                                              0  |
-------------------------------------------------------------------------------------------------------------------------


Ending Logic Optimization Task | Checksum: 22c38a8b8

Time (s): cpu = 00:00:00.29 ; elapsed = 00:00:00.17 . Memory (MB): peak = 3977.734 ; gain = 32.016 ; free physical = 7083 ; free virtual = 40630

Starting Power Optimization Task
INFO: [Pwropt 34-132] Skipping clock gating for clocks with a period < 2.00 ns.
Ending Power Optimization Task | Checksum: 22c38a8b8

Time (s): cpu = 00:00:00.01 ; elapsed = 00:00:00 . Memory (MB): peak = 3977.734 ; gain = 0.000 ; free physical = 7086 ; free virtual = 40633

Starting Final Cleanup Task
Ending Final Cleanup Task | Checksum: 22c38a8b8

Time (s): cpu = 00:00:00 ; elapsed = 00:00:00 . Memory (MB): peak = 3977.734 ; gain = 0.000 ; free physical = 7086 ; free virtual = 40633
Netlist sorting complete. Time (s): cpu = 00:00:00 ; elapsed = 00:00:00 . Memory (MB): peak = 3977.734 ; gain = 0.000 ; free physical = 7086 ; free virtual = 40633
INFO: [Common 17-83] Releasing license: Implementation
28 Infos, 0 Warnings, 0 Critical Warnings and 0 Errors encountered.
opt_design completed successfully
INFO: [Vivado 12-24828] Executing command : report_drc -file ws_sa_3x3_drc_opted.rpt -pb ws_sa_3x3_drc_opted.pb -rpx ws_sa_3x3_drc_opted.rpx
Command: report_drc -file ws_sa_3x3_drc_opted.rpt -pb ws_sa_3x3_drc_opted.pb -rpx ws_sa_3x3_drc_opted.rpx
INFO: [IP_Flow 19-234] Refreshing IP repositories
INFO: [IP_Flow 19-1704] No user IP repositories specified
INFO: [IP_Flow 19-2313] Loaded Vivado IP repository '/home/pah/tools/Xilinx_20252/2025.2/data/ip'.
INFO: [DRC 23-27] Running DRC with 8 threads
INFO: [Vivado_Tcl 2-168] The results of DRC are in file /home/pah/fpga_cnn_accelerator/FPGA-based-CNN-Accelerator-for-autonomous-vehicles/src/synth/sa_3x3/sa_3x3.runs/impl_1/ws_sa_3x3_drc_opted.rpt.
report_drc completed successfully
INFO: [Timing 38-480] Writing timing data to binary archive.
Write ShapeDB Complete: Time (s): cpu = 00:00:00.01 ; elapsed = 00:00:00.01 . Memory (MB): peak = 3977.734 ; gain = 0.000 ; free physical = 7059 ; free virtual = 40604
INFO: [Common 17-1381] The checkpoint '/home/pah/fpga_cnn_accelerator/FPGA-based-CNN-Accelerator-for-autonomous-vehicles/src/synth/sa_3x3/sa_3x3.runs/impl_1/ws_sa_3x3_opt.dcp' has been generated.
Command: place_design
Attempting to get a license for feature 'Implementation' and/or device 'xczu7ev'
INFO: [Common 17-349] Got license for feature 'Implementation' and/or device 'xczu7ev'
INFO: [Common 17-83] Releasing license: Implementation
INFO: [DRC 23-27] Running DRC with 8 threads
INFO: [Vivado_Tcl 4-198] DRC finished with 0 Errors
INFO: [Vivado_Tcl 4-199] Please refer to the DRC report (report_drc) for more information.
INFO: [Timing 38-35] Done setting XDC timing constraints.
Running DRC as a precondition to command place_design
INFO: [DRC 23-27] Running DRC with 8 threads
INFO: [Vivado_Tcl 4-198] DRC finished with 0 Errors
INFO: [Vivado_Tcl 4-199] Please refer to the DRC report (report_drc) for more information.
INFO: [Place 30-611] Multithreading enabled for place_design using a maximum of 8 CPUs

Starting Placer Task

Phase 1 Placer Initialization

Phase 1.1 Placer Initialization Netlist Sorting
Netlist sorting complete. Time (s): cpu = 00:00:00 ; elapsed = 00:00:00 . Memory (MB): peak = 3977.734 ; gain = 0.000 ; free physical = 7052 ; free virtual = 40597
Phase 1.1 Placer Initialization Netlist Sorting | Checksum: 190ba7ce9

Time (s): cpu = 00:00:00.01 ; elapsed = 00:00:00 . Memory (MB): peak = 3977.734 ; gain = 0.000 ; free physical = 7052 ; free virtual = 40597
Netlist sorting complete. Time (s): cpu = 00:00:00 ; elapsed = 00:00:00 . Memory (MB): peak = 3977.734 ; gain = 0.000 ; free physical = 7052 ; free virtual = 40597

Phase 1.2 IO Placement/ Clock Placement/ Build Placer Device
Phase 1.2 IO Placement/ Clock Placement/ Build Placer Device | Checksum: 222708e57

Time (s): cpu = 00:00:08 ; elapsed = 00:00:07 . Memory (MB): peak = 4497.820 ; gain = 520.086 ; free physical = 6501 ; free virtual = 40046

Phase 1.3 Build Placer Netlist Model
Phase 1.3 Build Placer Netlist Model | Checksum: 307507b0a

Time (s): cpu = 00:00:09 ; elapsed = 00:00:08 . Memory (MB): peak = 4536.863 ; gain = 559.129 ; free physical = 6516 ; free virtual = 40061

Phase 1.4 Constrain Clocks/Macros
Phase 1.4 Constrain Clocks/Macros | Checksum: 307507b0a

Time (s): cpu = 00:00:09 ; elapsed = 00:00:08 . Memory (MB): peak = 4536.863 ; gain = 559.129 ; free physical = 6524 ; free virtual = 40069
Phase 1 Placer Initialization | Checksum: 307507b0a

Time (s): cpu = 00:00:09 ; elapsed = 00:00:08 . Memory (MB): peak = 4536.863 ; gain = 559.129 ; free physical = 6524 ; free virtual = 40069

Phase 2 Global Placement

Phase 2.1 Floorplanning

Phase 2.1.1 Partition Driven Placement

Phase 2.1.1.1 PBP: Partition Driven Placement
Phase 2.1.1.1 PBP: Partition Driven Placement | Checksum: 275f765cc

Time (s): cpu = 00:00:09 ; elapsed = 00:00:08 . Memory (MB): peak = 4536.863 ; gain = 559.129 ; free physical = 6564 ; free virtual = 40109

Phase 2.1.1.2 PBP: Clock Region Placement
INFO: [Place 30-3162] Check ILP status : ILP-based clock placer completed successfully.
Phase 2.1.1.2 PBP: Clock Region Placement | Checksum: 275f765cc

Time (s): cpu = 00:00:09 ; elapsed = 00:00:08 . Memory (MB): peak = 4536.863 ; gain = 559.129 ; free physical = 6530 ; free virtual = 40075

Phase 2.1.1.3 PBP: Compute Congestion
Phase 2.1.1.3 PBP: Compute Congestion | Checksum: 275f765cc

Time (s): cpu = 00:00:16 ; elapsed = 00:00:10 . Memory (MB): peak = 4737.848 ; gain = 760.113 ; free physical = 6179 ; free virtual = 39724

Phase 2.1.1.4 PBP: UpdateTiming
Phase 2.1.1.4 PBP: UpdateTiming | Checksum: 2957a4695

Time (s): cpu = 00:00:16 ; elapsed = 00:00:10 . Memory (MB): peak = 4769.863 ; gain = 792.129 ; free physical = 6192 ; free virtual = 39737

Phase 2.1.1.5 PBP: Add part constraints
Phase 2.1.1.5 PBP: Add part constraints | Checksum: 2957a4695

Time (s): cpu = 00:00:16 ; elapsed = 00:00:10 . Memory (MB): peak = 4769.863 ; gain = 792.129 ; free physical = 6192 ; free virtual = 39737
Phase 2.1.1 Partition Driven Placement | Checksum: 2957a4695

Time (s): cpu = 00:00:16 ; elapsed = 00:00:10 . Memory (MB): peak = 4769.863 ; gain = 792.129 ; free physical = 6192 ; free virtual = 39737
Phase 2.1 Floorplanning | Checksum: 26cda1905

Time (s): cpu = 00:00:16 ; elapsed = 00:00:10 . Memory (MB): peak = 4769.863 ; gain = 792.129 ; free physical = 6192 ; free virtual = 39737

Phase 2.2 Update Timing before SLR Path Opt
Phase 2.2 Update Timing before SLR Path Opt | Checksum: 26cda1905

Time (s): cpu = 00:00:16 ; elapsed = 00:00:10 . Memory (MB): peak = 4769.863 ; gain = 792.129 ; free physical = 6192 ; free virtual = 39737

Phase 2.3 Post-Processing in Floorplanning
Phase 2.3 Post-Processing in Floorplanning | Checksum: 26cda1905

Time (s): cpu = 00:00:16 ; elapsed = 00:00:10 . Memory (MB): peak = 4769.863 ; gain = 792.129 ; free physical = 6194 ; free virtual = 39740

Phase 2.4 Global Place Phase1
Phase 2.4 Global Place Phase1 | Checksum: 2e462e958

Time (s): cpu = 00:00:28 ; elapsed = 00:00:14 . Memory (MB): peak = 4845.859 ; gain = 868.125 ; free physical = 6123 ; free virtual = 39673

Phase 2.5 Global Place Phase2

Phase 2.5.1 UpdateTiming Before Physical Synthesis
Phase 2.5.1 UpdateTiming Before Physical Synthesis | Checksum: 2c1dd9045

Time (s): cpu = 00:00:28 ; elapsed = 00:00:14 . Memory (MB): peak = 4853.863 ; gain = 876.129 ; free physical = 6126 ; free virtual = 39676

Phase 2.5.2 Physical Synthesis In Placer
INFO: [Physopt 32-1044] Break lutnm for timing: one critical 0, two critical 0, total 0, new lutff created 0
INFO: [Physopt 32-1138] End 1 Pass. Optimized 0 net or LUT. Breaked 0 LUT, combined 0 existing LUT and moved 0 existing LUT
INFO: [Physopt 32-670] No setup violation found.  Equivalent Driver Rewiring was not performed.
INFO: [Physopt 32-65] No nets found for high-fanout optimization.
INFO: [Physopt 32-232] Optimized 0 net. Created 0 new instance.
INFO: [Physopt 32-775] End 1 Pass. Optimized 0 net or cell. Created 0 new cell, deleted 0 existing cell and moved 0 existing cell
INFO: [Physopt 32-670] No setup violation found.  DSP Register Optimization was not performed.
INFO: [Physopt 32-670] No setup violation found.  Shift Register to Pipeline Optimization was not performed.
INFO: [Physopt 32-670] No setup violation found.  Shift Register Optimization was not performed.
INFO: [Physopt 32-670] No setup violation found.  BRAM Register Optimization was not performed.
INFO: [Physopt 32-670] No setup violation found.  URAM Register Optimization was not performed.
INFO: [Physopt 32-949] No candidate nets found for dynamic/static region interface net replication
INFO: [Physopt 32-775] End 1 Pass. Optimized 0 net or cell. Created 0 new cell, deleted 0 existing cell and moved 0 existing cell
Netlist sorting complete. Time (s): cpu = 00:00:00 ; elapsed = 00:00:00 . Memory (MB): peak = 4853.863 ; gain = 0.000 ; free physical = 6130 ; free virtual = 39682

Summary of Physical Synthesis Optimizations
============================================


-----------------------------------------------------------------------------------------------------------------------------------------------------------
|  Optimization                                     |  Added Cells  |  Removed Cells  |  Optimized Cells/Nets  |  Dont Touch  |  Iterations  |  Elapsed   |
-----------------------------------------------------------------------------------------------------------------------------------------------------------
|  LUT Combining                                    |            0  |              0  |                     0  |           0  |           1  |  00:00:00  |
|  Retime                                           |            0  |              0  |                     0  |           0  |           1  |  00:00:00  |
|  Equivalent Driver Rewiring                       |            0  |              0  |                     0  |           0  |           0  |  00:00:00  |
|  Very High Fanout                                 |            0  |              0  |                     0  |           0  |           1  |  00:00:00  |
|  DSP Register                                     |            0  |              0  |                     0  |           0  |           0  |  00:00:00  |
|  Shift Register to Pipeline                       |            0  |              0  |                     0  |           0  |           0  |  00:00:00  |
|  Shift Register                                   |            0  |              0  |                     0  |           0  |           0  |  00:00:00  |
|  BRAM Register                                    |            0  |              0  |                     0  |           0  |           0  |  00:00:00  |
|  URAM Register                                    |            0  |              0  |                     0  |           0  |           0  |  00:00:00  |
|  Dynamic/Static Region Interface Net Replication  |            0  |              0  |                     0  |           0  |           1  |  00:00:00  |
|  Total                                            |            0  |              0  |                     0  |           0  |           4  |  00:00:00  |
-----------------------------------------------------------------------------------------------------------------------------------------------------------


Phase 2.5.2 Physical Synthesis In Placer | Checksum: 2c1dd9045

Time (s): cpu = 00:00:28 ; elapsed = 00:00:14 . Memory (MB): peak = 4853.863 ; gain = 876.129 ; free physical = 6130 ; free virtual = 39682
Phase 2.5 Global Place Phase2 | Checksum: 274bad650

Time (s): cpu = 00:00:36 ; elapsed = 00:00:16 . Memory (MB): peak = 4853.863 ; gain = 876.129 ; free physical = 6088 ; free virtual = 39638
Phase 2 Global Placement | Checksum: 274bad650

Time (s): cpu = 00:00:36 ; elapsed = 00:00:16 . Memory (MB): peak = 4853.863 ; gain = 876.129 ; free physical = 6088 ; free virtual = 39638

Phase 3 Detail Placement

Phase 3.1 Commit Multi Column Macros
Phase 3.1 Commit Multi Column Macros | Checksum: 288fffc0f

Time (s): cpu = 00:00:43 ; elapsed = 00:00:18 . Memory (MB): peak = 4853.863 ; gain = 876.129 ; free physical = 6093 ; free virtual = 39643

Phase 3.2 Commit Most Macros & LUTRAMs
Phase 3.2 Commit Most Macros & LUTRAMs | Checksum: 21dbe1a17

Time (s): cpu = 00:00:43 ; elapsed = 00:00:18 . Memory (MB): peak = 4853.863 ; gain = 876.129 ; free physical = 6093 ; free virtual = 39642

Phase 3.3 Small Shape DP

Phase 3.3.1 Small Shape Clustering
Phase 3.3.1 Small Shape Clustering | Checksum: 1e80db4fb

Time (s): cpu = 00:00:51 ; elapsed = 00:00:20 . Memory (MB): peak = 4853.863 ; gain = 876.129 ; free physical = 6071 ; free virtual = 39621

Phase 3.3.2 Slice Area Swap

Phase 3.3.2.1 Slice Area Swap Initial
Phase 3.3.2.1 Slice Area Swap Initial | Checksum: 2b430942b

Time (s): cpu = 00:00:51 ; elapsed = 00:00:20 . Memory (MB): peak = 4853.863 ; gain = 876.129 ; free physical = 6063 ; free virtual = 39613
Phase 3.3.2 Slice Area Swap | Checksum: 2b430942b

Time (s): cpu = 00:00:51 ; elapsed = 00:00:20 . Memory (MB): peak = 4853.863 ; gain = 876.129 ; free physical = 6054 ; free virtual = 39603
Phase 3.3 Small Shape DP | Checksum: 286fa5144

Time (s): cpu = 00:00:51 ; elapsed = 00:00:20 . Memory (MB): peak = 4853.863 ; gain = 876.129 ; free physical = 6068 ; free virtual = 39618

Phase 3.4 Re-assign LUT pins
Phase 3.4 Re-assign LUT pins | Checksum: 20f582d0c

Time (s): cpu = 00:00:51 ; elapsed = 00:00:20 . Memory (MB): peak = 4853.863 ; gain = 876.129 ; free physical = 6067 ; free virtual = 39616

Phase 3.5 Pipeline Register Optimization
Phase 3.5 Pipeline Register Optimization | Checksum: 3190922ae

Time (s): cpu = 00:00:51 ; elapsed = 00:00:20 . Memory (MB): peak = 4853.863 ; gain = 876.129 ; free physical = 6064 ; free virtual = 39614
Phase 3 Detail Placement | Checksum: 3190922ae

Time (s): cpu = 00:00:51 ; elapsed = 00:00:20 . Memory (MB): peak = 4853.863 ; gain = 876.129 ; free physical = 6063 ; free virtual = 39613

Phase 4 Post Placement Optimization and Clean-Up

Phase 4.1 Post Commit Optimization
INFO: [Timing 38-35] Done setting XDC timing constraints.

Phase 4.1.1 Post Placement Optimization
Post Placement Optimization Initialization | Checksum: 2fbd3da50

Phase 4.1.1.1 BUFG Insertion

Starting Physical Synthesis Task

Phase 1 Physical Synthesis Initialization
INFO: [Physopt 32-721] Multithreading enabled for phys_opt_design using a maximum of 8 CPUs
INFO: [Physopt 32-619] Estimated Timing Summary | WNS=4.373 | TNS=0.000 |
Phase 1 Physical Synthesis Initialization | Checksum: 1a566c857

Time (s): cpu = 00:00:00.06 ; elapsed = 00:00:00.03 . Memory (MB): peak = 4853.863 ; gain = 0.000 ; free physical = 6071 ; free virtual = 39621
INFO: [Place 46-56] BUFG insertion identified 0 candidate nets. Inserted BUFG: 0, Replicated BUFG Driver: 0, Skipped due to Placement/Routing Conflicts: 0, Skipped due to Timing Degradation: 0, Skipped due to netlist editing failed: 0.
Ending Physical Synthesis Task | Checksum: 37f94a2a2

Time (s): cpu = 00:00:00.08 ; elapsed = 00:00:00.04 . Memory (MB): peak = 4853.863 ; gain = 0.000 ; free physical = 6071 ; free virtual = 39621
Phase 4.1.1.1 BUFG Insertion | Checksum: 2fbd3da50

Time (s): cpu = 00:01:00 ; elapsed = 00:00:23 . Memory (MB): peak = 4853.863 ; gain = 876.129 ; free physical = 6071 ; free virtual = 39621

Phase 4.1.1.2 Post Placement Timing Optimization
INFO: [Place 30-746] Post Placement Timing Summary WNS=4.373. For the most accurate timing information please run report_timing.
Phase 4.1.1.2 Post Placement Timing Optimization | Checksum: 2f05bd3ef

Time (s): cpu = 00:01:00 ; elapsed = 00:00:23 . Memory (MB): peak = 4853.863 ; gain = 876.129 ; free physical = 6071 ; free virtual = 39621

Time (s): cpu = 00:01:00 ; elapsed = 00:00:23 . Memory (MB): peak = 4853.863 ; gain = 876.129 ; free physical = 6071 ; free virtual = 39621
Phase 4.1 Post Commit Optimization | Checksum: 2f05bd3ef

Time (s): cpu = 00:01:00 ; elapsed = 00:00:23 . Memory (MB): peak = 4853.863 ; gain = 876.129 ; free physical = 6071 ; free virtual = 39621
Netlist sorting complete. Time (s): cpu = 00:00:00 ; elapsed = 00:00:00.01 . Memory (MB): peak = 4895.848 ; gain = 0.000 ; free physical = 6027 ; free virtual = 39577

Phase 4.2 Post Placement Cleanup
Phase 4.2 Post Placement Cleanup | Checksum: 24b9e4b69

Time (s): cpu = 00:01:10 ; elapsed = 00:00:28 . Memory (MB): peak = 4895.848 ; gain = 918.113 ; free physical = 6027 ; free virtual = 39577

Phase 4.3 Placer Reporting

Phase 4.3.1 Print Estimated Congestion
INFO: [Place 30-612] Post-Placement Estimated Congestion 
 ________________________________________________________________________
|           | Global Congestion | Long Congestion   | Short Congestion  |
| Direction | Region Size       | Region Size       | Region Size       |
|___________|___________________|___________________|___________________|
|      North|                1x1|                1x1|                1x1|
|___________|___________________|___________________|___________________|
|      South|                1x1|                1x1|                1x1|
|___________|___________________|___________________|___________________|
|       East|                1x1|                1x1|                1x1|
|___________|___________________|___________________|___________________|
|       West|                1x1|                1x1|                1x1|
|___________|___________________|___________________|___________________|

Phase 4.3.1 Print Estimated Congestion | Checksum: 24b9e4b69

Time (s): cpu = 00:01:10 ; elapsed = 00:00:28 . Memory (MB): peak = 4895.848 ; gain = 918.113 ; free physical = 6027 ; free virtual = 39577
Phase 4.3 Placer Reporting | Checksum: 24b9e4b69

Time (s): cpu = 00:01:10 ; elapsed = 00:00:28 . Memory (MB): peak = 4895.848 ; gain = 918.113 ; free physical = 6027 ; free virtual = 39577

Phase 4.4 Final Placement Cleanup
Netlist sorting complete. Time (s): cpu = 00:00:00 ; elapsed = 00:00:00 . Memory (MB): peak = 4895.848 ; gain = 0.000 ; free physical = 6027 ; free virtual = 39577

Time (s): cpu = 00:01:10 ; elapsed = 00:00:28 . Memory (MB): peak = 4895.848 ; gain = 918.113 ; free physical = 6027 ; free virtual = 39577
Phase 4 Post Placement Optimization and Clean-Up | Checksum: 219c7cd2e

Time (s): cpu = 00:01:10 ; elapsed = 00:00:28 . Memory (MB): peak = 4895.848 ; gain = 918.113 ; free physical = 6027 ; free virtual = 39577
Ending Placer Task | Checksum: 20d827012

Time (s): cpu = 00:01:10 ; elapsed = 00:00:28 . Memory (MB): peak = 4895.848 ; gain = 918.113 ; free physical = 6027 ; free virtual = 39577
66 Infos, 0 Warnings, 0 Critical Warnings and 0 Errors encountered.
place_design completed successfully
place_design: Time (s): cpu = 00:01:12 ; elapsed = 00:00:29 . Memory (MB): peak = 4895.848 ; gain = 918.113 ; free physical = 6027 ; free virtual = 39576
INFO: [Vivado 12-24838] Running report commands "report_control_sets, report_io, report_utilization" in parallel.
Running report generation with 3 threads.
INFO: [Vivado 12-24828] Executing command : report_control_sets -verbose -file ws_sa_3x3_control_sets_placed.rpt
report_control_sets: Time (s): cpu = 00:00:00.07 ; elapsed = 00:00:00.1 . Memory (MB): peak = 4895.848 ; gain = 0.000 ; free physical = 6014 ; free virtual = 39564
INFO: [Vivado 12-24828] Executing command : report_utilization -file ws_sa_3x3_utilization_placed.rpt -pb ws_sa_3x3_utilization_placed.pb
INFO: [Vivado 12-24828] Executing command : report_io -file ws_sa_3x3_io_placed.rpt
report_io: Time (s): cpu = 00:00:00.21 ; elapsed = 00:00:00.29 . Memory (MB): peak = 4895.848 ; gain = 0.000 ; free physical = 6019 ; free virtual = 39569
INFO: [Timing 38-480] Writing timing data to binary archive.
Write ShapeDB Complete: Time (s): cpu = 00:00:00.03 ; elapsed = 00:00:00.01 . Memory (MB): peak = 4895.848 ; gain = 0.000 ; free physical = 6016 ; free virtual = 39566
Wrote PlaceDB: Time (s): cpu = 00:00:00.15 ; elapsed = 00:00:00.05 . Memory (MB): peak = 4895.848 ; gain = 0.000 ; free physical = 6014 ; free virtual = 39566
Wrote PulsedLatchDB: Time (s): cpu = 00:00:00 ; elapsed = 00:00:00 . Memory (MB): peak = 4895.848 ; gain = 0.000 ; free physical = 6014 ; free virtual = 39566
Writing XDEF routing.
Writing XDEF routing logical nets.
Writing XDEF routing special nets.
Wrote RouteStorage: Time (s): cpu = 00:00:00.02 ; elapsed = 00:00:00.03 . Memory (MB): peak = 4895.848 ; gain = 0.000 ; free physical = 6010 ; free virtual = 39563
Wrote Netlist Cache: Time (s): cpu = 00:00:00 ; elapsed = 00:00:00 . Memory (MB): peak = 4895.848 ; gain = 0.000 ; free physical = 6010 ; free virtual = 39563
Wrote Device Cache: Time (s): cpu = 00:00:00.01 ; elapsed = 00:00:00.01 . Memory (MB): peak = 4895.848 ; gain = 0.000 ; free physical = 6006 ; free virtual = 39562
Write Physdb Complete: Time (s): cpu = 00:00:00.18 ; elapsed = 00:00:00.1 . Memory (MB): peak = 4895.848 ; gain = 0.000 ; free physical = 6005 ; free virtual = 39560
INFO: [Common 17-1381] The checkpoint '/home/pah/fpga_cnn_accelerator/FPGA-based-CNN-Accelerator-for-autonomous-vehicles/src/synth/sa_3x3/sa_3x3.runs/impl_1/ws_sa_3x3_placed.dcp' has been generated.
Command: phys_opt_design
Attempting to get a license for feature 'Implementation' and/or device 'xczu7ev'
INFO: [Common 17-349] Got license for feature 'Implementation' and/or device 'xczu7ev'

Starting Initial Update Timing Task

Time (s): cpu = 00:00:00.52 ; elapsed = 00:00:00.21 . Memory (MB): peak = 4895.848 ; gain = 0.000 ; free physical = 5993 ; free virtual = 39545
INFO: [Vivado_Tcl 4-2279] Estimated Timing Summary | WNS= 4.374 | TNS= 0.000 | 
INFO: [Vivado_Tcl 4-383] Design worst setup slack (WNS) is greater than or equal to 0.000 ns. All physical synthesis setup optimizations will be skipped.
INFO: [Vivado_Tcl 4-232] No setup violation found. The netlist was not modified.
INFO: [Common 17-83] Releasing license: Implementation
77 Infos, 0 Warnings, 0 Critical Warnings and 0 Errors encountered.
phys_opt_design completed successfully
INFO: [Timing 38-480] Writing timing data to binary archive.
Write ShapeDB Complete: Time (s): cpu = 00:00:00.02 ; elapsed = 00:00:00 . Memory (MB): peak = 4895.848 ; gain = 0.000 ; free physical = 5995 ; free virtual = 39546
Wrote PlaceDB: Time (s): cpu = 00:00:00.15 ; elapsed = 00:00:00.04 . Memory (MB): peak = 4895.848 ; gain = 0.000 ; free physical = 5993 ; free virtual = 39546
Wrote PulsedLatchDB: Time (s): cpu = 00:00:00 ; elapsed = 00:00:00 . Memory (MB): peak = 4895.848 ; gain = 0.000 ; free physical = 5993 ; free virtual = 39546
Writing XDEF routing.
Writing XDEF routing logical nets.
Writing XDEF routing special nets.
Wrote RouteStorage: Time (s): cpu = 00:00:00.02 ; elapsed = 00:00:00.03 . Memory (MB): peak = 4895.848 ; gain = 0.000 ; free physical = 5988 ; free virtual = 39542
Wrote Netlist Cache: Time (s): cpu = 00:00:00 ; elapsed = 00:00:00 . Memory (MB): peak = 4895.848 ; gain = 0.000 ; free physical = 5988 ; free virtual = 39542
Wrote Device Cache: Time (s): cpu = 00:00:00.01 ; elapsed = 00:00:00.01 . Memory (MB): peak = 4895.848 ; gain = 0.000 ; free physical = 5988 ; free virtual = 39545
Write Physdb Complete: Time (s): cpu = 00:00:00.19 ; elapsed = 00:00:00.09 . Memory (MB): peak = 4895.848 ; gain = 0.000 ; free physical = 5991 ; free virtual = 39548
INFO: [Common 17-1381] The checkpoint '/home/pah/fpga_cnn_accelerator/FPGA-based-CNN-Accelerator-for-autonomous-vehicles/src/synth/sa_3x3/sa_3x3.runs/impl_1/ws_sa_3x3_physopt.dcp' has been generated.
Command: route_design
Attempting to get a license for feature 'Implementation' and/or device 'xczu7ev'
INFO: [Common 17-349] Got license for feature 'Implementation' and/or device 'xczu7ev'


Starting Routing Task
INFO: [Route 35-254] Multithreading enabled for route_design using a maximum of 8 CPUs

Phase 1 Build RT Design
Checksum: PlaceDB: f56bd046 ConstDB: 0 ShapeSum: c054bad0 RouteDB: 57c1e4fc
Nodegraph reading from file.  Time (s): cpu = 00:00:00.48 ; elapsed = 00:00:00.5 . Memory (MB): peak = 4895.848 ; gain = 0.000 ; free physical = 6005 ; free virtual = 39560
Post Restoration Checksum: NetGraph: 54f1542 | NumContArr: 447284ee | Constraints: 6a37c0c0 | Timing: c2a8fa9d
Phase 1 Build RT Design | Checksum: 176a2558d

Time (s): cpu = 00:00:04 ; elapsed = 00:00:04 . Memory (MB): peak = 4895.848 ; gain = 0.000 ; free physical = 6024 ; free virtual = 39579

Phase 2 Router Initialization

Phase 2.1 Fix Topology Constraints
Phase 2.1 Fix Topology Constraints | Checksum: 176a2558d

Time (s): cpu = 00:00:04 ; elapsed = 00:00:04 . Memory (MB): peak = 4895.848 ; gain = 0.000 ; free physical = 6024 ; free virtual = 39579

Phase 2.2 Pre Route Cleanup
Phase 2.2 Pre Route Cleanup | Checksum: 176a2558d

Time (s): cpu = 00:00:04 ; elapsed = 00:00:04 . Memory (MB): peak = 4895.848 ; gain = 0.000 ; free physical = 6027 ; free virtual = 39581

Phase 2.3 Global Clock Net Routing
 Number of Nodes with overlaps = 0
Phase 2.3 Global Clock Net Routing | Checksum: 258f0d6e6

Time (s): cpu = 00:00:05 ; elapsed = 00:00:04 . Memory (MB): peak = 4895.848 ; gain = 0.000 ; free physical = 6038 ; free virtual = 39591

Phase 2.4 Update Timing
Phase 2.4 Update Timing | Checksum: 1d6f7f159

Time (s): cpu = 00:00:05 ; elapsed = 00:00:04 . Memory (MB): peak = 4895.848 ; gain = 0.000 ; free physical = 6038 ; free virtual = 39591
INFO: [Route 35-416] Intermediate Timing Summary | WNS=4.426  | TNS=0.000  | WHS=0.006  | THS=0.000  |


Phase 2.5 Soft Constraint Pins - Fast Budgeting
Phase 2.5 Soft Constraint Pins - Fast Budgeting | Checksum: 1138a947a

Time (s): cpu = 00:00:06 ; elapsed = 00:00:04 . Memory (MB): peak = 4895.848 ; gain = 0.000 ; free physical = 6040 ; free virtual = 39592

Router Utilization Summary
  Global Vertical Routing Utilization    = 0 %
  Global Horizontal Routing Utilization  = 0 %
  Routable Net Status*
  *Does not include unroutable nets such as driverless and loadless.
  Run report_route_status for detailed report.
  Number of Failed Nets               = 1997
    (Failed Nets is the sum of unrouted and partially routed nets)
  Number of Unrouted Nets             = 1826
  Number of Partially Routed Nets     = 171
  Number of Node Overlaps             = 0

Phase 2 Router Initialization | Checksum: 19ff3cad8

Time (s): cpu = 00:00:07 ; elapsed = 00:00:04 . Memory (MB): peak = 4895.848 ; gain = 0.000 ; free physical = 6028 ; free virtual = 39582

Phase 3 Global Routing
Phase 3 Global Routing | Checksum: 19ff3cad8

Time (s): cpu = 00:00:07 ; elapsed = 00:00:04 . Memory (MB): peak = 4895.848 ; gain = 0.000 ; free physical = 6026 ; free virtual = 39581

Phase 4 Initial Routing

Phase 4.1 Initial Net Routing Pass
Phase 4.1 Initial Net Routing Pass | Checksum: 311793681

Time (s): cpu = 00:00:08 ; elapsed = 00:00:05 . Memory (MB): peak = 4895.848 ; gain = 0.000 ; free physical = 6016 ; free virtual = 39571
Phase 4 Initial Routing | Checksum: 2a3477e5c

Time (s): cpu = 00:00:08 ; elapsed = 00:00:05 . Memory (MB): peak = 4895.848 ; gain = 0.000 ; free physical = 6014 ; free virtual = 39568

Phase 5 Rip-up And Reroute

Phase 5.1 Global Iteration 0
 Number of Nodes with overlaps = 214
 Number of Nodes with overlaps = 6
 Number of Nodes with overlaps = 0
INFO: [Route 35-416] Intermediate Timing Summary | WNS=3.946  | TNS=0.000  | WHS=-0.008 | THS=-0.008 |

Phase 5.1 Global Iteration 0 | Checksum: 1cc7d2ffb

Time (s): cpu = 00:00:09 ; elapsed = 00:00:05 . Memory (MB): peak = 4895.848 ; gain = 0.000 ; free physical = 6010 ; free virtual = 39565

Phase 5.2 Additional Iteration for Hold
Phase 5.2 Additional Iteration for Hold | Checksum: 19b088896

Time (s): cpu = 00:00:09 ; elapsed = 00:00:05 . Memory (MB): peak = 4895.848 ; gain = 0.000 ; free physical = 6010 ; free virtual = 39565
Phase 5 Rip-up And Reroute | Checksum: 19b088896

Time (s): cpu = 00:00:09 ; elapsed = 00:00:05 . Memory (MB): peak = 4895.848 ; gain = 0.000 ; free physical = 6010 ; free virtual = 39565

Phase 6 Delay and Skew Optimization

Phase 6.1 Delay CleanUp
INFO: [Route 35-416] Intermediate Timing Summary | WNS=3.946  | TNS=0.000  | WHS=0.012  | THS=0.000  |

INFO: [Route 35-416] Intermediate Timing Summary | WNS=3.946  | TNS=0.000  | WHS=0.012  | THS=0.000  |

Phase 6.1 Delay CleanUp | Checksum: 15b7def76

Time (s): cpu = 00:00:09 ; elapsed = 00:00:05 . Memory (MB): peak = 4895.848 ; gain = 0.000 ; free physical = 6007 ; free virtual = 39562

Phase 6.2 Clock Skew Optimization
Phase 6.2 Clock Skew Optimization | Checksum: 15b7def76

Time (s): cpu = 00:00:09 ; elapsed = 00:00:05 . Memory (MB): peak = 4895.848 ; gain = 0.000 ; free physical = 6007 ; free virtual = 39562
Phase 6 Delay and Skew Optimization | Checksum: 15b7def76

Time (s): cpu = 00:00:09 ; elapsed = 00:00:05 . Memory (MB): peak = 4895.848 ; gain = 0.000 ; free physical = 6007 ; free virtual = 39562

Phase 7 Post Hold Fix

Phase 7.1 Hold Fix Iter
INFO: [Route 35-416] Intermediate Timing Summary | WNS=3.946  | TNS=0.000  | WHS=0.012  | THS=0.000  |

Phase 7.1 Hold Fix Iter | Checksum: 18b95bc97

Time (s): cpu = 00:00:09 ; elapsed = 00:00:05 . Memory (MB): peak = 4895.848 ; gain = 0.000 ; free physical = 6011 ; free virtual = 39564
Phase 7 Post Hold Fix | Checksum: 18b95bc97

Time (s): cpu = 00:00:09 ; elapsed = 00:00:05 . Memory (MB): peak = 4895.848 ; gain = 0.000 ; free physical = 6011 ; free virtual = 39564

Phase 8 Route finalize

Router Utilization Summary
  Global Vertical Routing Utilization    = 0.0997271 %
  Global Horizontal Routing Utilization  = 0.0793616 %
  Routable Net Status*
  *Does not include unroutable nets such as driverless and loadless.
  Run report_route_status for detailed report.
  Number of Failed Nets               = 0
    (Failed Nets is the sum of unrouted and partially routed nets)
  Number of Unrouted Nets             = 0
  Number of Partially Routed Nets     = 0
  Number of Node Overlaps             = 0

Phase 8 Route finalize | Checksum: 18b95bc97

Time (s): cpu = 00:00:10 ; elapsed = 00:00:05 . Memory (MB): peak = 4895.848 ; gain = 0.000 ; free physical = 6014 ; free virtual = 39567

Phase 9 Verifying routed nets

 Verification completed successfully
Phase 9 Verifying routed nets | Checksum: 18b95bc97

Time (s): cpu = 00:00:10 ; elapsed = 00:00:05 . Memory (MB): peak = 4895.848 ; gain = 0.000 ; free physical = 6014 ; free virtual = 39566

Phase 10 Depositing Routes
Phase 10 Depositing Routes | Checksum: 18b95bc97

Time (s): cpu = 00:00:10 ; elapsed = 00:00:05 . Memory (MB): peak = 4895.848 ; gain = 0.000 ; free physical = 6024 ; free virtual = 39577

Phase 11 Resolve XTalk
Phase 11 Resolve XTalk | Checksum: 18b95bc97

Time (s): cpu = 00:00:10 ; elapsed = 00:00:05 . Memory (MB): peak = 4895.848 ; gain = 0.000 ; free physical = 6024 ; free virtual = 39577

Phase 12 Post Process Routing
Phase 12 Post Process Routing | Checksum: 18b95bc97

Time (s): cpu = 00:00:10 ; elapsed = 00:00:05 . Memory (MB): peak = 4895.848 ; gain = 0.000 ; free physical = 6026 ; free virtual = 39579

Phase 13 Post Router Timing
INFO: [Route 35-57] Estimated Timing Summary | WNS=3.946  | TNS=0.000  | WHS=0.012  | THS=0.000  |

INFO: [Route 35-327] The final timing numbers are based on the router estimated timing analysis. For a complete and accurate timing signoff, please run report_timing_summary.
Phase 13 Post Router Timing | Checksum: 18b95bc97

Time (s): cpu = 00:00:10 ; elapsed = 00:00:05 . Memory (MB): peak = 4895.848 ; gain = 0.000 ; free physical = 6026 ; free virtual = 39579
Total Elapsed time in route_design: 5.37 secs

Phase 14 Post-Route Event Processing
Phase 14 Post-Route Event Processing | Checksum: 1fd0bb694

Time (s): cpu = 00:00:10 ; elapsed = 00:00:05 . Memory (MB): peak = 4895.848 ; gain = 0.000 ; free physical = 6024 ; free virtual = 39577
INFO: [Route 35-16] Router Completed Successfully
Ending Routing Task | Checksum: 1fd0bb694

Time (s): cpu = 00:00:10 ; elapsed = 00:00:05 . Memory (MB): peak = 4895.848 ; gain = 0.000 ; free physical = 6032 ; free virtual = 39585

Routing Is Done.
INFO: [Common 17-83] Releasing license: Implementation
90 Infos, 0 Warnings, 0 Critical Warnings and 0 Errors encountered.
route_design completed successfully
route_design: Time (s): cpu = 00:00:10 ; elapsed = 00:00:05 . Memory (MB): peak = 4895.848 ; gain = 0.000 ; free physical = 6031 ; free virtual = 39583
INFO: [Vivado 12-24828] Executing command : report_drc -file ws_sa_3x3_drc_routed.rpt -pb ws_sa_3x3_drc_routed.pb -rpx ws_sa_3x3_drc_routed.rpx
Command: report_drc -file ws_sa_3x3_drc_routed.rpt -pb ws_sa_3x3_drc_routed.pb -rpx ws_sa_3x3_drc_routed.rpx
INFO: [IP_Flow 19-1839] IP Catalog is up to date.
INFO: [DRC 23-27] Running DRC with 8 threads
INFO: [Vivado_Tcl 2-168] The results of DRC are in file /home/pah/fpga_cnn_accelerator/FPGA-based-CNN-Accelerator-for-autonomous-vehicles/src/synth/sa_3x3/sa_3x3.runs/impl_1/ws_sa_3x3_drc_routed.rpt.
report_drc completed successfully
INFO: [Vivado 12-24828] Executing command : report_methodology -file ws_sa_3x3_methodology_drc_routed.rpt -pb ws_sa_3x3_methodology_drc_routed.pb -rpx ws_sa_3x3_methodology_drc_routed.rpx
Command: report_methodology -file ws_sa_3x3_methodology_drc_routed.rpt -pb ws_sa_3x3_methodology_drc_routed.pb -rpx ws_sa_3x3_methodology_drc_routed.rpx
INFO: [Timing 38-35] Done setting XDC timing constraints.
INFO: [DRC 23-133] Running Methodology with 8 threads
INFO: [Vivado_Tcl 2-1520] The results of Report Methodology are in file /home/pah/fpga_cnn_accelerator/FPGA-based-CNN-Accelerator-for-autonomous-vehicles/src/synth/sa_3x3/sa_3x3.runs/impl_1/ws_sa_3x3_methodology_drc_routed.rpt.
report_methodology completed successfully
INFO: [Vivado 12-24828] Executing command : report_timing_summary -max_paths 10 -routable_nets -report_unconstrained -file ws_sa_3x3_timing_summary_routed.rpt -pb ws_sa_3x3_timing_summary_routed.pb -rpx ws_sa_3x3_timing_summary_routed.rpx -warn_on_violation 
INFO: [Timing 38-35] Done setting XDC timing constraints.
INFO: [Timing 38-91] UpdateTimingParams: Speed grade: -2, Temperature grade: E, Delay Type: min_max.
INFO: [Timing 38-191] Multithreading enabled for timing update using a maximum of 8 CPUs
INFO: [Vivado 12-24838] Running report commands "report_bus_skew, report_incremental_reuse, report_route_status" in parallel.
Running report generation with 3 threads.
INFO: [Vivado 12-24828] Executing command : report_incremental_reuse -file ws_sa_3x3_incremental_reuse_routed.rpt
INFO: [Vivado_Tcl 4-1062] Incremental flow is disabled. No incremental reuse Info to report.
INFO: [Vivado 12-24828] Executing command : report_route_status -file ws_sa_3x3_route_status.rpt -pb ws_sa_3x3_route_status.pb
INFO: [Vivado 12-24828] Executing command : report_bus_skew -warn_on_violation -file ws_sa_3x3_bus_skew_routed.rpt -pb ws_sa_3x3_bus_skew_routed.pb -rpx ws_sa_3x3_bus_skew_routed.rpx
INFO: [Timing 38-91] UpdateTimingParams: Speed grade: -2, Temperature grade: E, Delay Type: min_max.
INFO: [Timing 38-191] Multithreading enabled for timing update using a maximum of 8 CPUs
INFO: [Vivado 12-24828] Executing command : report_power -file ws_sa_3x3_power_routed.rpt -pb ws_sa_3x3_power_summary_routed.pb -rpx ws_sa_3x3_power_routed.rpx
Command: report_power -file ws_sa_3x3_power_routed.rpt -pb ws_sa_3x3_power_summary_routed.pb -rpx ws_sa_3x3_power_routed.rpx
Running Vector-less Activity Propagation...

Finished Running Vector-less Activity Propagation
110 Infos, 0 Warnings, 0 Critical Warnings and 0 Errors encountered.
report_power completed successfully
INFO: [Vivado 12-24828] Executing command : report_clock_utilization -file ws_sa_3x3_clock_utilization_routed.rpt
INFO: [Timing 38-480] Writing timing data to binary archive.
Write ShapeDB Complete: Time (s): cpu = 00:00:00.02 ; elapsed = 00:00:00 . Memory (MB): peak = 4935.895 ; gain = 0.000 ; free physical = 5994 ; free virtual = 39550
Wrote PlaceDB: Time (s): cpu = 00:00:00.15 ; elapsed = 00:00:00.04 . Memory (MB): peak = 4935.895 ; gain = 0.000 ; free physical = 5988 ; free virtual = 39546
Wrote PulsedLatchDB: Time (s): cpu = 00:00:00 ; elapsed = 00:00:00 . Memory (MB): peak = 4935.895 ; gain = 0.000 ; free physical = 5988 ; free virtual = 39546
Writing XDEF routing.
Writing XDEF routing logical nets.
Writing XDEF routing special nets.
Wrote RouteStorage: Time (s): cpu = 00:00:00.05 ; elapsed = 00:00:00.03 . Memory (MB): peak = 4935.895 ; gain = 0.000 ; free physical = 5959 ; free virtual = 39519
Wrote Netlist Cache: Time (s): cpu = 00:00:00 ; elapsed = 00:00:00.01 . Memory (MB): peak = 4935.895 ; gain = 0.000 ; free physical = 5959 ; free virtual = 39519
Wrote Device Cache: Time (s): cpu = 00:00:00.01 ; elapsed = 00:00:00.01 . Memory (MB): peak = 4935.895 ; gain = 0.000 ; free physical = 5959 ; free virtual = 39521
Write Physdb Complete: Time (s): cpu = 00:00:00.21 ; elapsed = 00:00:00.09 . Memory (MB): peak = 4935.895 ; gain = 0.000 ; free physical = 5961 ; free virtual = 39523
INFO: [Common 17-1381] The checkpoint '/home/pah/fpga_cnn_accelerator/FPGA-based-CNN-Accelerator-for-autonomous-vehicles/src/synth/sa_3x3/sa_3x3.runs/impl_1/ws_sa_3x3_routed.dcp' has been generated.
INFO: [Common 17-206] Exiting Vivado at Thu May  7 11:06:03 2026...
