Copyright 1986-2022 Xilinx, Inc. All Rights Reserved. Copyright 2022-2025 Advanced Micro Devices, Inc. All Rights Reserved.
---------------------------------------------------------------------------------------------------------------------------------------------
| Tool Version : Vivado v.2025.2 (lin64) Build 6299465 Fri Nov 14 12:34:56 MST 2025
| Date         : Thu May  7 11:05:51 2026
| Host         : pah-PC running 64-bit Ubuntu 24.04.4 LTS
| Command      : report_control_sets -verbose -file ws_sa_3x3_control_sets_placed.rpt
| Design       : ws_sa_3x3
| Device       : xczu7ev
---------------------------------------------------------------------------------------------------------------------------------------------

Control Set Information

Table of Contents
-----------------
1. Summary
2. Histogram
3. Flip-Flop Distribution
4. Detailed Control Set Information

1. Summary
----------

+----------------------------------------------------------+-------+
|                          Status                          | Count |
+----------------------------------------------------------+-------+
| Total control sets                                       |    15 |
|    Minimum number of control sets                        |    15 |
|    Addition due to synthesis replication                 |     0 |
|    Addition due to physical synthesis replication        |     0 |
| Unused register locations in slices containing registers |    11 |
+----------------------------------------------------------+-------+
* Control sets can be merged at opt_design using control_set_merge or merge_equivalent_drivers
** Run report_qor_suggestions for automated merging and remapping suggestions


2. Histogram
------------

+--------------------+-------+
|       Fanout       | Count |
+--------------------+-------+
| Total control sets |    15 |
| >= 0 to < 4        |     3 |
| >= 4 to < 6        |     1 |
| >= 6 to < 8        |     0 |
| >= 8 to < 10       |     9 |
| >= 10 to < 12      |     0 |
| >= 12 to < 14      |     0 |
| >= 14 to < 16      |     0 |
| >= 16              |     2 |
+--------------------+-------+
* Control sets can be remapped at either synth_design or opt_design


3. Flip-Flop Distribution
-------------------------

+--------------+-----------------------+------------------------+-----------------+--------------+
| Clock Enable | Synchronous Set/Reset | Asynchronous Set/Reset | Total Registers | Total Slices |
+--------------+-----------------------+------------------------+-----------------+--------------+
| No           | No                    | No                     |               2 |            1 |
| No           | No                    | Yes                    |            1192 |          181 |
| No           | Yes                   | No                     |               0 |            0 |
| Yes          | No                    | No                     |               0 |            0 |
| Yes          | No                    | Yes                    |             147 |           56 |
| Yes          | Yes                   | No                     |               0 |            0 |
+--------------+-----------------------+------------------------+-----------------+--------------+


4. Detailed Control Set Information
-----------------------------------

+----------------+-----------------------------------+-------------------+------------------+----------------+--------------+
|  Clock Signal  |           Enable Signal           |  Set/Reset Signal | Slice Load Count | Bel Load Count | Bels / Slice |
+----------------+-----------------------------------+-------------------+------------------+----------------+--------------+
|  clk_IBUF_BUFG | pe_2_0/u_multiplier/valid_o_reg_1 | rst_n_IBUF_inst/O |                1 |              1 |         1.00 |
|  clk_IBUF_BUFG | pe_2_2/u_multiplier/valid_o_reg_1 | rst_n_IBUF_inst/O |                1 |              1 |         1.00 |
|  clk_IBUF_BUFG | pe_2_1/u_multiplier/valid_o_reg_2 | rst_n_IBUF_inst/O |                1 |              1 |         1.00 |
|  clk_IBUF_BUFG |                                   |                   |                1 |              4 |         4.00 |
|  clk_IBUF_BUFG | pe_1_0/E[0]                       | rst_n_IBUF_inst/O |                5 |              8 |         1.60 |
|  clk_IBUF_BUFG | wgt_load_i_IBUF[2]_inst/O         | rst_n_IBUF_inst/O |                3 |              8 |         2.67 |
|  clk_IBUF_BUFG | wgt_load_i_IBUF[1]_inst/O         | rst_n_IBUF_inst/O |                4 |              8 |         2.00 |
|  clk_IBUF_BUFG | wgt_load_i_IBUF[0]_inst/O         | rst_n_IBUF_inst/O |                4 |              8 |         2.00 |
|  clk_IBUF_BUFG | pe_0_2/E[0]                       | rst_n_IBUF_inst/O |                4 |              8 |         2.00 |
|  clk_IBUF_BUFG | pe_0_1/E[0]                       | rst_n_IBUF_inst/O |                4 |              8 |         2.00 |
|  clk_IBUF_BUFG | pe_0_0/E[0]                       | rst_n_IBUF_inst/O |                4 |              8 |         2.00 |
|  clk_IBUF_BUFG | pe_1_2/E[0]                       | rst_n_IBUF_inst/O |                4 |              8 |         2.00 |
|  clk_IBUF_BUFG | pe_1_1/E[0]                       | rst_n_IBUF_inst/O |                4 |              8 |         2.00 |
|  clk_IBUF_BUFG | weight_switch_i_IBUF_inst/O       | rst_n_IBUF_inst/O |               41 |             72 |         1.76 |
|  clk_IBUF_BUFG |                                   | rst_n_IBUF_inst/O |              181 |           1192 |         6.59 |
+----------------+-----------------------------------+-------------------+------------------+----------------+--------------+


