#-----------------------------------------------------------
# xsim v2025.2 (64-bit)
# SW Build 6299465 on Fri Nov 14 12:34:56 MST 2025
# IP Build 6300035 on Fri Nov 14 10:48:45 MST 2025
# SharedData Build 6298862 on Thu Nov 13 04:50:51 MST 2025
# Start of session at: Tue Jun  2 15:27:10 2026
# Process ID         : 4083331
# Current directory  : /home/pah/fpga_cnn_accelerator/FPGA-based-CNN-Accelerator-for-autonomous-vehicles/src/sim/tb_for_v3
# Command line       : xsim -mode tcl -source {xsim.dir/test_activation_window_gather_v3_snapshot/xsim_script.tcl}
# Log file           : /home/pah/fpga_cnn_accelerator/FPGA-based-CNN-Accelerator-for-autonomous-vehicles/src/sim/tb_for_v3/xsim.log
# Journal file       : /home/pah/fpga_cnn_accelerator/FPGA-based-CNN-Accelerator-for-autonomous-vehicles/src/sim/tb_for_v3/xsim.jou
# Running On         : pah-PC
# Platform           : Ubuntu
# Operating System   : Ubuntu 24.04.4 LTS
# Processor Detail   : AMD Ryzen 7 8845HS w/ Radeon 780M Graphics
# CPU Frequency      : 4834.019 MHz
# CPU Physical cores : 8
# CPU Logical cores  : 16
# Host memory        : 32887 MB
# Swap memory        : 25033 MB
# Total Virtual      : 57921 MB
# Available Virtual  : 45475 MB
#-----------------------------------------------------------
source xsim.dir/test_activation_window_gather_v3_snapshot/xsim_script.tcl
# xsim {test_activation_window_gather_v3_snapshot} -autoloadwcfg -runall
Time resolution is 1 ps
run -all

============================================================
TEST: activation gather normal vector
============================================================
  REQ    : tag=0x0011 addr={lane1:71,lane0:70} valid=11 zero=00
[95000] UB RD : addr=70 data=6
[125000] UB RD : addr=71 data=7
  OUT    : tag=0x0011 valid=11 data={lane1:7,lane0:6}
  EXPECT : tag=0x0011 valid=11 data={lane1:7,lane0:6}

============================================================
TEST: activation gather padded zero lane
============================================================
  REQ    : tag=0x0022 addr={lane1:0,lane0:72} valid=11 zero=10
[205000] UB RD : addr=72 data=8
  OUT    : tag=0x0022 valid=11 data={lane1:0,lane0:8}
  EXPECT : tag=0x0022 valid=11 data={lane1:0,lane0:8}

============================================================
TEST: activation gather invalid lane
============================================================
  REQ    : tag=0x0033 addr={lane1:74,lane0:73} valid=01 zero=00
[295000] UB RD : addr=73 data=9
  OUT    : tag=0x0033 valid=01 data={lane1:0,lane0:9}
  EXPECT : tag=0x0033 valid=01 data={lane1:0,lane0:9}

============================================================
TEST: activation gather output backpressure
============================================================
  REQ    : tag=0x0044 addr={lane1:76,lane0:75} valid=11 zero=00
[385000] UB RD : addr=75 data=11
[415000] UB RD : addr=76 data=12
  HOLD   : ready=0 cycles=4 valid=1 data={lane1:12,lane0:11} stall_cycles=8
  OUT    : tag=0x0044 valid=11 data={lane1:12,lane0:11}
  EXPECT : tag=0x0044 valid=11 data={lane1:12,lane0:11}

DEBUG COUNTERS
  fetch_cycles=20 output_stall_cycles=8 vectors_pushed=4 lane_reads=6
  fifo_empty=1 fifo_full=0 busy=0
test_activation_window_gather_v3: checks=27 pass=27 fail=0
$finish called at time : 510 ns : File "/home/pah/fpga_cnn_accelerator/FPGA-based-CNN-Accelerator-for-autonomous-vehicles/src/sim/tb_for_v3/test_activation_window_gather_v3.sv" Line 266
exit
INFO: xsimkernel Simulation Memory Usage: 294924 KB (Peak: 343484 KB), Simulation CPU Usage: 660 ms
INFO: [Common 17-206] Exiting xsim at Tue Jun  2 15:27:12 2026...
