#-----------------------------------------------------------
# xsim v2025.2 (64-bit)
# SW Build 6299465 on Fri Nov 14 12:34:56 MST 2025
# IP Build 6300035 on Fri Nov 14 10:48:45 MST 2025
# SharedData Build 6298862 on Thu Nov 13 04:50:51 MST 2025
# Start of session at: Tue Jun  2 14:47:50 2026
# Process ID         : 3825371
# Current directory  : /home/pah/fpga_cnn_accelerator/FPGA-based-CNN-Accelerator-for-autonomous-vehicles/src/sim/tb_for_v3
# Command line       : xsim -mode tcl -source {xsim.dir/test_tpu_top_v3_end_to_end_snapshot/xsim_script.tcl}
# Log file           : /home/pah/fpga_cnn_accelerator/FPGA-based-CNN-Accelerator-for-autonomous-vehicles/src/sim/tb_for_v3/xsim.log
# Journal file       : /home/pah/fpga_cnn_accelerator/FPGA-based-CNN-Accelerator-for-autonomous-vehicles/src/sim/tb_for_v3/xsim.jou
# Running On         : pah-PC
# Platform           : Ubuntu
# Operating System   : Ubuntu 24.04.4 LTS
# Processor Detail   : AMD Ryzen 7 8845HS w/ Radeon 780M Graphics
# CPU Frequency      : 3209.087 MHz
# CPU Physical cores : 8
# CPU Logical cores  : 16
# Host memory        : 32887 MB
# Swap memory        : 25033 MB
# Total Virtual      : 57921 MB
# Available Virtual  : 46105 MB
#-----------------------------------------------------------
source xsim.dir/test_tpu_top_v3_end_to_end_snapshot/xsim_script.tcl
# xsim {test_tpu_top_v3_end_to_end_snapshot} -autoloadwcfg -runall
Time resolution is 1 ps
run -all
WARNING: File small_cnn_sym_biases_i32.mem referenced on /home/pah/fpga_cnn_accelerator/FPGA-based-CNN-Accelerator-for-autonomous-vehicles/src/rtl/v3/maxpool2d_unit.sv at line 95 cannot be opened for reading. Please ensure that this file is available in the current working directory or parent directory of xsim.dir location specified via -xsimdir switch.
WARNING: File small_cnn_sym_requant_mult_i32.mem referenced on /home/pah/fpga_cnn_accelerator/FPGA-based-CNN-Accelerator-for-autonomous-vehicles/src/rtl/v3/maxpool2d_unit.sv at line 95 cannot be opened for reading. Please ensure that this file is available in the current working directory or parent directory of xsim.dir location specified via -xsimdir switch.
WARNING: File small_cnn_sym_requant_shift_u6.mem referenced on /home/pah/fpga_cnn_accelerator/FPGA-based-CNN-Accelerator-for-autonomous-vehicles/src/rtl/v3/maxpool2d_unit.sv at line 95 cannot be opened for reading. Please ensure that this file is available in the current working directory or parent directory of xsim.dir location specified via -xsimdir switch.
WARNING: File small_cnn_sym_biases_i32.mem referenced on /home/pah/fpga_cnn_accelerator/FPGA-based-CNN-Accelerator-for-autonomous-vehicles/src/rtl/v3/maxpool2d_unit.sv at line 95 cannot be opened for reading. Please ensure that this file is available in the current working directory or parent directory of xsim.dir location specified via -xsimdir switch.
WARNING: File small_cnn_sym_requant_mult_i32.mem referenced on /home/pah/fpga_cnn_accelerator/FPGA-based-CNN-Accelerator-for-autonomous-vehicles/src/rtl/v3/maxpool2d_unit.sv at line 95 cannot be opened for reading. Please ensure that this file is available in the current working directory or parent directory of xsim.dir location specified via -xsimdir switch.
WARNING: File small_cnn_sym_requant_shift_u6.mem referenced on /home/pah/fpga_cnn_accelerator/FPGA-based-CNN-Accelerator-for-autonomous-vehicles/src/rtl/v3/maxpool2d_unit.sv at line 95 cannot be opened for reading. Please ensure that this file is available in the current working directory or parent directory of xsim.dir location specified via -xsimdir switch.
WARNING: File small_cnn_sym_weights_i8.mem referenced on /home/pah/fpga_cnn_accelerator/FPGA-based-CNN-Accelerator-for-autonomous-vehicles/src/rtl/v3/maxpool2d_unit.sv at line 95 cannot be opened for reading. Please ensure that this file is available in the current working directory or parent directory of xsim.dir location specified via -xsimdir switch.

============================================================
TEST: Host preload input image
============================================================
  case[0] = exported_image
  UB bank0[0:783] loaded for current input image
  Full schedule: Conv1 -> Pool1 -> Conv2 -> Pool2 -> FC1 -> FC2
  expected logits {-11,-30,22,23,-40,-26,-113,87,9,13}

============================================================
TEST: TPU top end-to-end inference
============================================================
  case[0] = exported_image
  stage=1 cycle=1 layer_state=0 pool_state=0
  stage=2 cycle=419124 layer_state=0 pool_state=0
  stage=3 cycle=438057 layer_state=0 pool_state=0
  stage=4 cycle=963201 layer_state=0 pool_state=0
  stage=5 cycle=966706 layer_state=0 pool_state=0
  stage=6 cycle=990030 layer_state=0 pool_state=0
  stage=0 cycle=991154 layer_state=0 pool_state=0
  TOP    : done=1 busy=0 error=0 state=13 stage=0 cycles=991154 err=0x00000000
  LAYER  : state=0 tile_state=0 spatial=0 oc_tile=4 k_tile=7
  POOL   : state=0 channel=9 row=0 col=0

============================================================
TEST: Host readback final logits
============================================================
  case[0] = exported_image
FAIL: logit[0] got=x expected=-11
FAIL: logit[1] got=x expected=-30
FAIL: logit[2] got=x expected=22
FAIL: logit[3] got=x expected=23
FAIL: logit[4] got=x expected=-40
FAIL: logit[5] got=x expected=-26
FAIL: logit[6] got=x expected=-113
FAIL: logit[7] got=x expected=87
FAIL: logit[8] got=x expected=9
FAIL: logit[9] got=x expected=13
  actual logits   {x,x,x,x,x,x,x,x,x,x}
  expected logits {-11,-30,22,23,-40,-26,-113,87,9,13}
  mismatches: 10

============================================================
TEST: Host preload input image
============================================================
  case[1] = zero_image
  UB bank0[0:783] loaded for current input image
  Full schedule: Conv1 -> Pool1 -> Conv2 -> Pool2 -> FC1 -> FC2
  expected logits {-4,3,2,-3,-4,1,-2,3,0,-5}

============================================================
TEST: TPU top end-to-end inference
============================================================
  case[1] = zero_image
  stage=1 cycle=1 layer_state=0 pool_state=0
  stage=2 cycle=419124 layer_state=0 pool_state=0
  stage=3 cycle=438057 layer_state=0 pool_state=0
  stage=4 cycle=963201 layer_state=0 pool_state=0
  stage=5 cycle=966706 layer_state=0 pool_state=0
  stage=6 cycle=990030 layer_state=0 pool_state=0
  stage=0 cycle=991154 layer_state=0 pool_state=0
  TOP    : done=1 busy=0 error=0 state=13 stage=0 cycles=991154 err=0x00000000
  LAYER  : state=0 tile_state=0 spatial=0 oc_tile=4 k_tile=7
  POOL   : state=0 channel=9 row=0 col=0

============================================================
TEST: Host readback final logits
============================================================
  case[1] = zero_image
FAIL: logit[0] got=x expected=-4
FAIL: logit[1] got=x expected=3
FAIL: logit[2] got=x expected=2
FAIL: logit[3] got=x expected=-3
FAIL: logit[4] got=x expected=-4
FAIL: logit[5] got=x expected=1
FAIL: logit[6] got=x expected=-2
FAIL: logit[7] got=x expected=3
FAIL: logit[8] got=x expected=0
FAIL: logit[9] got=x expected=-5
  actual logits   {x,x,x,x,x,x,x,x,x,x}
  expected logits {-4,3,2,-3,-4,1,-2,3,0,-5}
  mismatches: 10

============================================================
TEST: Host preload input image
============================================================
  case[2] = impulse_center_127
  UB bank0[0:783] loaded for current input image
  Full schedule: Conv1 -> Pool1 -> Conv2 -> Pool2 -> FC1 -> FC2
  expected logits {-12,-3,3,3,0,2,-5,0,-2,0}

============================================================
TEST: TPU top end-to-end inference
============================================================
  case[2] = impulse_center_127
  stage=1 cycle=1 layer_state=0 pool_state=0
  stage=2 cycle=419124 layer_state=0 pool_state=0
  stage=3 cycle=438057 layer_state=0 pool_state=0
  stage=4 cycle=963201 layer_state=0 pool_state=0
  stage=5 cycle=966706 layer_state=0 pool_state=0
  stage=6 cycle=990030 layer_state=0 pool_state=0
  stage=0 cycle=991154 layer_state=0 pool_state=0
  TOP    : done=1 busy=0 error=0 state=13 stage=0 cycles=991154 err=0x00000000
  LAYER  : state=0 tile_state=0 spatial=0 oc_tile=4 k_tile=7
  POOL   : state=0 channel=9 row=0 col=0

============================================================
TEST: Host readback final logits
============================================================
  case[2] = impulse_center_127
FAIL: logit[0] got=x expected=-12
FAIL: logit[1] got=x expected=-3
FAIL: logit[2] got=x expected=3
FAIL: logit[3] got=x expected=3
FAIL: logit[4] got=x expected=0
FAIL: logit[5] got=x expected=2
FAIL: logit[6] got=x expected=-5
FAIL: logit[7] got=x expected=0
FAIL: logit[8] got=x expected=-2
FAIL: logit[9] got=x expected=0
  actual logits   {x,x,x,x,x,x,x,x,x,x}
  expected logits {-12,-3,3,3,0,2,-5,0,-2,0}
  mismatches: 10

============================================================
TEST: Host preload input image
============================================================
  case[3] = checker_pm32
  UB bank0[0:783] loaded for current input image
  Full schedule: Conv1 -> Pool1 -> Conv2 -> Pool2 -> FC1 -> FC2
  expected logits {-5,3,2,-1,-4,1,-5,3,-1,-5}

============================================================
TEST: TPU top end-to-end inference
============================================================
  case[3] = checker_pm32
  stage=1 cycle=1 layer_state=0 pool_state=0
  stage=2 cycle=419124 layer_state=0 pool_state=0
  stage=3 cycle=438057 layer_state=0 pool_state=0
  stage=4 cycle=963201 layer_state=0 pool_state=0
  stage=5 cycle=966706 layer_state=0 pool_state=0
  stage=6 cycle=990030 layer_state=0 pool_state=0
  stage=0 cycle=991154 layer_state=0 pool_state=0
  TOP    : done=1 busy=0 error=0 state=13 stage=0 cycles=991154 err=0x00000000
  LAYER  : state=0 tile_state=0 spatial=0 oc_tile=4 k_tile=7
  POOL   : state=0 channel=9 row=0 col=0

============================================================
TEST: Host readback final logits
============================================================
  case[3] = checker_pm32
FAIL: logit[0] got=x expected=-5
FAIL: logit[1] got=x expected=3
FAIL: logit[2] got=x expected=2
FAIL: logit[3] got=x expected=-1
FAIL: logit[4] got=x expected=-4
FAIL: logit[5] got=x expected=1
FAIL: logit[6] got=x expected=-5
FAIL: logit[7] got=x expected=3
FAIL: logit[8] got=x expected=-1
FAIL: logit[9] got=x expected=-5
  actual logits   {x,x,x,x,x,x,x,x,x,x}
  expected logits {-5,3,2,-1,-4,1,-5,3,-1,-5}
  mismatches: 10
test_tpu_top_v3_end_to_end: checks=52 pass=12 fail=40
Fatal: test_tpu_top_v3_end_to_end failed
Time: 39709840 ns  Iteration: 0  Process: /test_tpu_top_v3_end_to_end/Initial438_132  Scope: test_tpu_top_v3_end_to_end  File: /home/pah/fpga_cnn_accelerator/FPGA-based-CNN-Accelerator-for-autonomous-vehicles/src/sim/tb_for_v3/test_tpu_top_v3_end_to_end.sv Line: 452
$finish called at time : 39709840 ns
run: Time (s): cpu = 00:00:00.02 ; elapsed = 00:00:11 . Memory (MB): peak = 1450.883 ; gain = 0.000 ; free physical = 9929 ; free virtual = 43749
exit
INFO: xsimkernel Simulation Memory Usage: 300212 KB (Peak: 344672 KB), Simulation CPU Usage: 11440 ms
INFO: [Common 17-206] Exiting xsim at Tue Jun  2 14:48:03 2026...
