#-----------------------------------------------------------
# xsim v2025.2 (64-bit)
# SW Build 6299465 on Fri Nov 14 12:34:56 MST 2025
# IP Build 6300035 on Fri Nov 14 10:48:45 MST 2025
# SharedData Build 6298862 on Thu Nov 13 04:50:51 MST 2025
# Start of session at: Tue Jun  2 10:24:51 2026
# Process ID         : 1912866
# Current directory  : /home/pah/fpga_cnn_accelerator/FPGA-based-CNN-Accelerator-for-autonomous-vehicles/src/sim/tb_for_v3
# Command line       : xsim -mode tcl -source {xsim.dir/test_addrgen_tpu_datapath_v3_snapshot/xsim_script.tcl}
# Log file           : /home/pah/fpga_cnn_accelerator/FPGA-based-CNN-Accelerator-for-autonomous-vehicles/src/sim/tb_for_v3/xsim.log
# Journal file       : /home/pah/fpga_cnn_accelerator/FPGA-based-CNN-Accelerator-for-autonomous-vehicles/src/sim/tb_for_v3/xsim.jou
# Running On         : pah-PC
# Platform           : Ubuntu
# Operating System   : Ubuntu 24.04.4 LTS
# Processor Detail   : AMD Ryzen 7 8845HS w/ Radeon 780M Graphics
# CPU Frequency      : 5030.088 MHz
# CPU Physical cores : 8
# CPU Logical cores  : 16
# Host memory        : 32887 MB
# Swap memory        : 25033 MB
# Total Virtual      : 57921 MB
# Available Virtual  : 45435 MB
#-----------------------------------------------------------
source xsim.dir/test_addrgen_tpu_datapath_v3_snapshot/xsim_script.tcl
# xsim {test_addrgen_tpu_datapath_v3_snapshot} -autoloadwcfg -runall
Time resolution is 1 ps
run -all

============================================================
TEST: FC address generator -> TPU datapath V3 requests
============================================================
  ADDRGEN k_tile=0 act_addr={lane1:21,lane0:20}
  ADDRGEN k_tile=0 weight_addr={{r1c1:27,r1c0:26},{r0c1:11,r0c0:10}}
[105000] WGT RD: addr=10 data=2
[135000] WGT RD: addr=11 data=-3
[165000] WGT RD: addr=26 data=5
[195000] WGT RD: addr=27 data=-7
  WGT TILE k_tile=0 valid=1 tag=0x3000
  WGT LOAD k_tile=0 load_done=11 reuse_count=1
  ACT REQ k_tile=0 addr={lane1:21,lane0:20}
[685000] UB RD : addr=20 data=4
[725000] UB RD : addr=21 data=6
  CAPTURE k_tile=0 MXU psum lane0 = 38
  CAPTURE k_tile=0 MXU psum lane1 = -54
  PACKED k_tile=0 row0 psum={lane1:-54,lane0:38}
  ACC WRITE k_tile=0 row_done=0 ready=0
  WGT RELEASE k_tile=0 tile_valid=0
  ADDRGEN k_tile=1 act_addr={lane1:23,lane0:22}
  ADDRGEN k_tile=1 weight_addr={{r1c1:59,r1c0:58},{r0c1:43,r0c0:42}}
[945000] WGT RD: addr=42 data=2
[975000] WGT RD: addr=43 data=-3
[1005000] WGT RD: addr=58 data=5
[1035000] WGT RD: addr=59 data=-7
  WGT TILE k_tile=1 valid=1 tag=0x3001
  WGT LOAD k_tile=1 load_done=11 reuse_count=2
  ACT REQ k_tile=1 addr={lane1:23,lane0:22}
[1525000] UB RD : addr=22 data=-1
[1565000] UB RD : addr=23 data=2
  CAPTURE k_tile=1 MXU psum lane0 = 8
  CAPTURE k_tile=1 MXU psum lane1 = -11
  PACKED k_tile=1 row0 psum={lane1:-11,lane0:8}
  ACC WRITE k_tile=1 row_done=1 ready=1

============================================================
TEST: Accumulator read -> VPU
============================================================
  ACC READ: valid=1 row0={lane1:-65,lane0:46}
  VPU OUT : data={lane1:0,lane0:50} done=1

DEBUG COUNTERS
  act_fetch=18 act_vectors=2 act_lane_reads=4
  wgt_load=26 wgt_reuse=2 wgt_empty=0 wgt_full=0
test_addrgen_tpu_datapath_v3: checks=51 pass=51 fail=0
$finish called at time : 1786 ns : File "/home/pah/fpga_cnn_accelerator/FPGA-based-CNN-Accelerator-for-autonomous-vehicles/src/sim/tb_for_v3/test_addrgen_tpu_datapath_v3.sv" Line 686
exit
INFO: xsimkernel Simulation Memory Usage: 299460 KB (Peak: 343920 KB), Simulation CPU Usage: 650 ms
INFO: [Common 17-206] Exiting xsim at Tue Jun  2 10:24:53 2026...
