#-----------------------------------------------------------
# xsim v2025.2 (64-bit)
# SW Build 6299465 on Fri Nov 14 12:34:56 MST 2025
# IP Build 6300035 on Fri Nov 14 10:48:45 MST 2025
# SharedData Build 6298862 on Thu Nov 13 04:50:51 MST 2025
# Start of session at: Tue Jun  2 15:33:06 2026
# Process ID         : 4118628
# Current directory  : /home/pah/fpga_cnn_accelerator/FPGA-based-CNN-Accelerator-for-autonomous-vehicles/src/sim/tb_for_v3
# Command line       : xsim -mode tcl -source {xsim.dir/test_controller_v3_conv1_layer_snapshot/xsim_script.tcl}
# Log file           : /home/pah/fpga_cnn_accelerator/FPGA-based-CNN-Accelerator-for-autonomous-vehicles/src/sim/tb_for_v3/xsim.log
# Journal file       : /home/pah/fpga_cnn_accelerator/FPGA-based-CNN-Accelerator-for-autonomous-vehicles/src/sim/tb_for_v3/xsim.jou
# Running On         : pah-PC
# Platform           : Ubuntu
# Operating System   : Ubuntu 24.04.4 LTS
# Processor Detail   : AMD Ryzen 7 8845HS w/ Radeon 780M Graphics
# CPU Frequency      : 3243.778 MHz
# CPU Physical cores : 8
# CPU Logical cores  : 16
# Host memory        : 32887 MB
# Swap memory        : 25033 MB
# Total Virtual      : 57921 MB
# Available Virtual  : 45467 MB
#-----------------------------------------------------------
source xsim.dir/test_controller_v3_conv1_layer_snapshot/xsim_script.tcl
# xsim {test_controller_v3_conv1_layer_snapshot} -autoloadwcfg -runall
Time resolution is 1 ps
run -all

============================================================
TEST: Host preload input image
============================================================
  UB bank0[0:783] loaded from input_image_i8.hex
  Conv1 full layer: output count=5408 channel-major layer0_out_i8.hex

============================================================
TEST: V3 ROM layer controller -> full Conv1 output tensor
============================================================
  progress: output_pairs=512 spatial=127 oc_tile=3
  ACC READ sample: spatial=161 oc_tile=0 data={lane1:19653,lane0:9485}
  progress: output_pairs=1024 spatial=255 oc_tile=3
  progress: output_pairs=1536 spatial=383 oc_tile=3
  progress: output_pairs=2048 spatial=511 oc_tile=3
  progress: output_pairs=2560 spatial=639 oc_tile=3
  CTRL   : done=1 error=0 state=0 tile_state=0 spatial=675 oc_tile=3 k_tile=4 cycles=375908 tiles=2704 err=0x00000000

============================================================
TEST: Host readback full Conv1 output tensor
============================================================
  samples: out[0]=0 out[161]=6 out[5407]=16
  mismatches: 0

DEBUG COUNTERS
  ctrl_cycles=375908 final_state=0 final_spatial=675 final_oc_tile=3 final_k_tile=4 tiles=2704
  act_fetch=75712 act_vectors=13520 act_lane_reads=24336
  wgt_load=244 wgt_reuse=13520 wgt_empty=0 wgt_full=0
test_controller_v3_conv1_layer: checks=5416 pass=5416 fail=0
$finish called at time : 3883010 ns : File "/home/pah/fpga_cnn_accelerator/FPGA-based-CNN-Accelerator-for-autonomous-vehicles/src/sim/tb_for_v3/test_controller_v3_conv1_layer.sv" Line 631
exit
INFO: xsimkernel Simulation Memory Usage: 299720 KB (Peak: 344180 KB), Simulation CPU Usage: 1590 ms
INFO: [Common 17-206] Exiting xsim at Tue Jun  2 15:33:09 2026...
