#-----------------------------------------------------------
# xsim v2025.2 (64-bit)
# SW Build 6299465 on Fri Nov 14 12:34:56 MST 2025
# IP Build 6300035 on Fri Nov 14 10:48:45 MST 2025
# SharedData Build 6298862 on Thu Nov 13 04:50:51 MST 2025
# Start of session at: Tue Jun  2 10:27:25 2026
# Process ID         : 1928923
# Current directory  : /home/pah/fpga_cnn_accelerator/FPGA-based-CNN-Accelerator-for-autonomous-vehicles/src/sim/tb_for_v3
# Command line       : xsim -mode tcl -source {xsim.dir/test_controller_v3_tile_snapshot/xsim_script.tcl}
# Log file           : /home/pah/fpga_cnn_accelerator/FPGA-based-CNN-Accelerator-for-autonomous-vehicles/src/sim/tb_for_v3/xsim.log
# Journal file       : /home/pah/fpga_cnn_accelerator/FPGA-based-CNN-Accelerator-for-autonomous-vehicles/src/sim/tb_for_v3/xsim.jou
# Running On         : pah-PC
# Platform           : Ubuntu
# Operating System   : Ubuntu 24.04.4 LTS
# Processor Detail   : AMD Ryzen 7 8845HS w/ Radeon 780M Graphics
# CPU Frequency      : 3380.984 MHz
# CPU Physical cores : 8
# CPU Logical cores  : 16
# Host memory        : 32887 MB
# Swap memory        : 25033 MB
# Total Virtual      : 57921 MB
# Available Virtual  : 45424 MB
#-----------------------------------------------------------
source xsim.dir/test_controller_v3_tile_snapshot/xsim_script.tcl
# xsim {test_controller_v3_tile_snapshot} -autoloadwcfg -runall
Time resolution is 1 ps
run -all

============================================================
TEST: V3 tile controller -> TPU datapath
============================================================
  WGT REQ[0]: req_k_tile=0 active_k_tile=0 addr={{r1c1:27,r1c0:26},{r0c1:11,r0c0:10}}
[125000] WGT RD: addr=10 data=2
[155000] WGT RD: addr=11 data=-3
[185000] WGT RD: addr=26 data=5
[215000] WGT RD: addr=27 data=-7
  WGT TILE: k_tile=0 valid=1
  WGT STREAM START: k_tile=0
  WGT REQ[1]: req_k_tile=1 active_k_tile=0 addr={{r1c1:59,r1c0:58},{r0c1:43,r0c0:42}}
  ACT REQ[0]: k_tile=0 addr={lane1:21,lane0:20}
[315000] WGT RD: addr=42 data=2
[335000] UB RD : addr=20 data=4
[345000] WGT RD: addr=43 data=-3
[375000] UB RD : addr=21 data=6
[375000] WGT RD: addr=58 data=5
[405000] WGT RD: addr=59 data=-7
  CAPTURE: k_tile=0 MXU psum lane0=38
  CAPTURE: k_tile=0 MXU psum lane1=-54
  WGT TILE: k_tile=1 valid=1
  WGT STREAM START: k_tile=1
  ACT REQ[1]: k_tile=1 addr={lane1:23,lane0:22}
[655000] UB RD : addr=22 data=-1
[695000] UB RD : addr=23 data=2
  CAPTURE: k_tile=1 MXU psum lane0=8
  CAPTURE: k_tile=1 MXU psum lane1=-11
  ACC DONE: row=0 ready=1
  ACC READ: row0={lane1:-65,lane0:46}
  VPU OUT : data={lane1:0,lane0:50} done=1
  CTRL DONE: cycles=85 state=0 error=0 err=0x00000000

DEBUG COUNTERS
  ctrl_cycles=85 final_state=0 final_k_tile=1
  act_fetch=18 act_vectors=2 act_lane_reads=4
  wgt_load=26 wgt_reuse=2 wgt_empty=0 wgt_full=0
test_controller_v3_tile: checks=32 pass=32 fail=0
$finish called at time : 946 ns : File "/home/pah/fpga_cnn_accelerator/FPGA-based-CNN-Accelerator-for-autonomous-vehicles/src/sim/tb_for_v3/test_controller_v3_tile.sv" Line 554
exit
INFO: xsimkernel Simulation Memory Usage: 299508 KB (Peak: 343968 KB), Simulation CPU Usage: 660 ms
INFO: [Common 17-206] Exiting xsim at Tue Jun  2 10:27:27 2026...
