Copyright 1986-2023 Xilinx, Inc. All Rights Reserved.
--------------------------------------------------------------------------------------------------------------------------------------------------------------------------------------------------------------------------------
| Tool Version      : Vivado v.2022.2.2 (lin64) Build 3788238 Tue Feb 21 19:59:23 MST 2023
| Date              : Tue Mar 24 10:36:37 2026
| Host              : pah-PC running 64-bit Ubuntu 24.04.4 LTS
| Command           : report_timing_summary -max_paths 10 -report_unconstrained -file pe_wrapper_timing_summary_routed.rpt -pb pe_wrapper_timing_summary_routed.pb -rpx pe_wrapper_timing_summary_routed.rpx -warn_on_violation
| Design            : pe_wrapper
| Device            : xczu7ev-ffvc1156
| Speed File        : -2  PRODUCTION 1.30 05-15-2022
| Temperature Grade : E
--------------------------------------------------------------------------------------------------------------------------------------------------------------------------------------------------------------------------------

Timing Summary Report

------------------------------------------------------------------------------------------------
| Timer Settings
| --------------
------------------------------------------------------------------------------------------------

  Enable Multi Corner Analysis               :  Yes
  Enable Pessimism Removal                   :  Yes
  Pessimism Removal Resolution               :  Nearest Common Node
  Enable Input Delay Default Clock           :  No
  Enable Preset / Clear Arcs                 :  No
  Disable Flight Delays                      :  No
  Ignore I/O Paths                           :  No
  Timing Early Launch at Borrowing Latches   :  No
  Borrow Time for Max Delay Exceptions       :  Yes
  Merge Timing Exceptions                    :  Yes

  Corner  Analyze    Analyze    
  Name    Max Paths  Min Paths  
  ------  ---------  ---------  
  Slow    Yes        Yes        
  Fast    Yes        Yes        


------------------------------------------------------------------------------------------------
| Report Methodology
| ------------------
------------------------------------------------------------------------------------------------

Rule       Severity          Description                  Violations  
---------  ----------------  ---------------------------  ----------  
TIMING-17  Critical Warning  Non-clocked sequential cell  199         
DPIR-2     Warning           Asynchronous driver check    48          

Note: This report is based on the most recent report_methodology run and may not be up-to-date. Run report_methodology on the current design for the latest report.



check_timing report

Table of Contents
-----------------
1. checking no_clock (199)
2. checking constant_clock (0)
3. checking pulse_width_clock (0)
4. checking unconstrained_internal_endpoints (1161)
5. checking no_input_delay (55)
6. checking no_output_delay (53)
7. checking multiple_clock (0)
8. checking generated_clocks (0)
9. checking loops (0)
10. checking partial_input_delay (0)
11. checking partial_output_delay (0)
12. checking latch_loops (0)

1. checking no_clock (199)
--------------------------
 There are 199 register/latch pins with no clock driven by root clock pin: clk (HIGH)


2. checking constant_clock (0)
------------------------------
 There are 0 register/latch pins with constant_clock.


3. checking pulse_width_clock (0)
---------------------------------
 There are 0 register/latch pins which need pulse_width check


4. checking unconstrained_internal_endpoints (1161)
---------------------------------------------------
 There are 1161 pins that are not constrained for maximum delay. (HIGH)

 There are 0 pins that are not constrained for maximum delay due to constant clock.


5. checking no_input_delay (55)
-------------------------------
 There are 55 input ports with no input delay specified. (HIGH)

 There are 0 input ports with no input delay but user has a false path constraint.


6. checking no_output_delay (53)
--------------------------------
 There are 53 ports with no output delay specified. (HIGH)

 There are 0 ports with no output delay but user has a false path constraint

 There are 0 ports with no output delay but with a timing clock defined on it or propagating through it


7. checking multiple_clock (0)
------------------------------
 There are 0 register/latch pins with multiple clocks.


8. checking generated_clocks (0)
--------------------------------
 There are 0 generated clocks that are not connected to a clock source.


9. checking loops (0)
---------------------
 There are 0 combinational loops in the design.


10. checking partial_input_delay (0)
------------------------------------
 There are 0 input ports with partial input delay specified.


11. checking partial_output_delay (0)
-------------------------------------
 There are 0 ports with partial output delay specified.


12. checking latch_loops (0)
----------------------------
 There are 0 combinational latch loops in the design through latch input



------------------------------------------------------------------------------------------------
| Design Timing Summary
| ---------------------
------------------------------------------------------------------------------------------------

    WNS(ns)      TNS(ns)  TNS Failing Endpoints  TNS Total Endpoints      WHS(ns)      THS(ns)  THS Failing Endpoints  THS Total Endpoints     WPWS(ns)     TPWS(ns)  TPWS Failing Endpoints  TPWS Total Endpoints  
    -------      -------  ---------------------  -------------------      -------      -------  ---------------------  -------------------     --------     --------  ----------------------  --------------------  
        inf        0.000                      0                 1166          inf        0.000                      0                 1166           NA           NA                      NA                    NA  


There are no user specified timing constraints.


------------------------------------------------------------------------------------------------
| Clock Summary
| -------------
------------------------------------------------------------------------------------------------


------------------------------------------------------------------------------------------------
| Intra Clock Table
| -----------------
------------------------------------------------------------------------------------------------

Clock             WNS(ns)      TNS(ns)  TNS Failing Endpoints  TNS Total Endpoints      WHS(ns)      THS(ns)  THS Failing Endpoints  THS Total Endpoints     WPWS(ns)     TPWS(ns)  TPWS Failing Endpoints  TPWS Total Endpoints  
-----             -------      -------  ---------------------  -------------------      -------      -------  ---------------------  -------------------     --------     --------  ----------------------  --------------------  


------------------------------------------------------------------------------------------------
| Inter Clock Table
| -----------------
------------------------------------------------------------------------------------------------

From Clock    To Clock          WNS(ns)      TNS(ns)  TNS Failing Endpoints  TNS Total Endpoints      WHS(ns)      THS(ns)  THS Failing Endpoints  THS Total Endpoints  
----------    --------          -------      -------  ---------------------  -------------------      -------      -------  ---------------------  -------------------  


------------------------------------------------------------------------------------------------
| Other Path Groups Table
| -----------------------
------------------------------------------------------------------------------------------------

Path Group    From Clock    To Clock          WNS(ns)      TNS(ns)  TNS Failing Endpoints  TNS Total Endpoints      WHS(ns)      THS(ns)  THS Failing Endpoints  THS Total Endpoints  
----------    ----------    --------          -------      -------  ---------------------  -------------------      -------      -------  ---------------------  -------------------  


------------------------------------------------------------------------------------------------
| User Ignored Path Table
| -----------------------
------------------------------------------------------------------------------------------------

Path Group    From Clock    To Clock    
----------    ----------    --------    


------------------------------------------------------------------------------------------------
| Unconstrained Path Table
| ------------------------
------------------------------------------------------------------------------------------------

Path Group    From Clock    To Clock    
----------    ----------    --------    
(none)                                    


------------------------------------------------------------------------------------------------
| Timing Details
| --------------
------------------------------------------------------------------------------------------------


--------------------------------------------------------------------------------------
Path Group:  (none)
From Clock:  
  To Clock:  

Max Delay          1166 Endpoints
Min Delay          1166 Endpoints
--------------------------------------------------------------------------------------


Max Delay Paths
--------------------------------------------------------------------------------------
Slack:                    inf
  Source:                 weight_addr[9]
                            (input port)
  Destination:            pe_inst/ram_inst/mem_reg_bram_28/ADDRARDADDR[12]
  Path Group:             (none)
  Path Type:              Max at Slow Process Corner
  Data Path Delay:        4.638ns  (logic 0.559ns (12.051%)  route 4.079ns (87.949%))
  Logic Levels:           2  (IBUFCTRL=1 INBUF=1)

    Location             Delay type                Incr(ns)  Path(ns)    Netlist Resource(s)
  -------------------------------------------------------------------    -------------------
    B8                                                0.000     0.000 r  weight_addr[9] (IN)
                         net (fo=0)                   0.000     0.000    weight_addr_IBUF[9]_inst/I
    B8                   INBUF (Prop_INBUF_HPIOB_S_PAD_O)
                                                      0.559     0.559 r  weight_addr_IBUF[9]_inst/INBUF_INST/O
                         net (fo=1, routed)           0.000     0.559    weight_addr_IBUF[9]_inst/OUT
    B8                   IBUFCTRL (Prop_IBUFCTRL_HPIOB_S_I_O)
                                                      0.000     0.559 r  weight_addr_IBUF[9]_inst/IBUFCTRL_INST/O
                         net (fo=32, routed)          4.079     4.638    pe_inst/ram_inst/weight_addr_IBUF[9]
    RAMB36_X4Y64         RAMB36E2                                     r  pe_inst/ram_inst/mem_reg_bram_28/ADDRARDADDR[12]
  -------------------------------------------------------------------    -------------------

Slack:                    inf
  Source:                 weight_addr[9]
                            (input port)
  Destination:            pe_inst/ram_inst/mem_reg_bram_27/ADDRARDADDR[12]
  Path Group:             (none)
  Path Type:              Max at Slow Process Corner
  Data Path Delay:        4.541ns  (logic 0.559ns (12.309%)  route 3.982ns (87.691%))
  Logic Levels:           2  (IBUFCTRL=1 INBUF=1)

    Location             Delay type                Incr(ns)  Path(ns)    Netlist Resource(s)
  -------------------------------------------------------------------    -------------------
    B8                                                0.000     0.000 r  weight_addr[9] (IN)
                         net (fo=0)                   0.000     0.000    weight_addr_IBUF[9]_inst/I
    B8                   INBUF (Prop_INBUF_HPIOB_S_PAD_O)
                                                      0.559     0.559 r  weight_addr_IBUF[9]_inst/INBUF_INST/O
                         net (fo=1, routed)           0.000     0.559    weight_addr_IBUF[9]_inst/OUT
    B8                   IBUFCTRL (Prop_IBUFCTRL_HPIOB_S_I_O)
                                                      0.000     0.559 r  weight_addr_IBUF[9]_inst/IBUFCTRL_INST/O
                         net (fo=32, routed)          3.982     4.541    pe_inst/ram_inst/weight_addr_IBUF[9]
    RAMB36_X4Y63         RAMB36E2                                     r  pe_inst/ram_inst/mem_reg_bram_27/ADDRARDADDR[12]
  -------------------------------------------------------------------    -------------------

Slack:                    inf
  Source:                 weight_addr[9]
                            (input port)
  Destination:            pe_inst/ram_inst/mem_reg_bram_26/ADDRARDADDR[12]
  Path Group:             (none)
  Path Type:              Max at Slow Process Corner
  Data Path Delay:        4.453ns  (logic 0.559ns (12.552%)  route 3.894ns (87.448%))
  Logic Levels:           2  (IBUFCTRL=1 INBUF=1)

    Location             Delay type                Incr(ns)  Path(ns)    Netlist Resource(s)
  -------------------------------------------------------------------    -------------------
    B8                                                0.000     0.000 r  weight_addr[9] (IN)
                         net (fo=0)                   0.000     0.000    weight_addr_IBUF[9]_inst/I
    B8                   INBUF (Prop_INBUF_HPIOB_S_PAD_O)
                                                      0.559     0.559 r  weight_addr_IBUF[9]_inst/INBUF_INST/O
                         net (fo=1, routed)           0.000     0.559    weight_addr_IBUF[9]_inst/OUT
    B8                   IBUFCTRL (Prop_IBUFCTRL_HPIOB_S_I_O)
                                                      0.000     0.559 r  weight_addr_IBUF[9]_inst/IBUFCTRL_INST/O
                         net (fo=32, routed)          3.894     4.453    pe_inst/ram_inst/weight_addr_IBUF[9]
    RAMB36_X4Y62         RAMB36E2                                     r  pe_inst/ram_inst/mem_reg_bram_26/ADDRARDADDR[12]
  -------------------------------------------------------------------    -------------------

Slack:                    inf
  Source:                 weight_addr[9]
                            (input port)
  Destination:            pe_inst/ram_inst/mem_reg_bram_5/ADDRARDADDR[12]
  Path Group:             (none)
  Path Type:              Max at Slow Process Corner
  Data Path Delay:        4.364ns  (logic 0.559ns (12.810%)  route 3.805ns (87.190%))
  Logic Levels:           2  (IBUFCTRL=1 INBUF=1)

    Location             Delay type                Incr(ns)  Path(ns)    Netlist Resource(s)
  -------------------------------------------------------------------    -------------------
    B8                                                0.000     0.000 r  weight_addr[9] (IN)
                         net (fo=0)                   0.000     0.000    weight_addr_IBUF[9]_inst/I
    B8                   INBUF (Prop_INBUF_HPIOB_S_PAD_O)
                                                      0.559     0.559 r  weight_addr_IBUF[9]_inst/INBUF_INST/O
                         net (fo=1, routed)           0.000     0.559    weight_addr_IBUF[9]_inst/OUT
    B8                   IBUFCTRL (Prop_IBUFCTRL_HPIOB_S_I_O)
                                                      0.000     0.559 r  weight_addr_IBUF[9]_inst/IBUFCTRL_INST/O
                         net (fo=32, routed)          3.805     4.364    pe_inst/ram_inst/weight_addr_IBUF[9]
    RAMB36_X4Y57         RAMB36E2                                     r  pe_inst/ram_inst/mem_reg_bram_5/ADDRARDADDR[12]
  -------------------------------------------------------------------    -------------------

Slack:                    inf
  Source:                 weight_addr[9]
                            (input port)
  Destination:            pe_inst/ram_inst/mem_reg_bram_0/ADDRARDADDR[12]
  Path Group:             (none)
  Path Type:              Max at Slow Process Corner
  Data Path Delay:        4.363ns  (logic 0.559ns (12.812%)  route 3.804ns (87.188%))
  Logic Levels:           2  (IBUFCTRL=1 INBUF=1)

    Location             Delay type                Incr(ns)  Path(ns)    Netlist Resource(s)
  -------------------------------------------------------------------    -------------------
    B8                                                0.000     0.000 r  weight_addr[9] (IN)
                         net (fo=0)                   0.000     0.000    weight_addr_IBUF[9]_inst/I
    B8                   INBUF (Prop_INBUF_HPIOB_S_PAD_O)
                                                      0.559     0.559 r  weight_addr_IBUF[9]_inst/INBUF_INST/O
                         net (fo=1, routed)           0.000     0.559    weight_addr_IBUF[9]_inst/OUT
    B8                   IBUFCTRL (Prop_IBUFCTRL_HPIOB_S_I_O)
                                                      0.000     0.559 r  weight_addr_IBUF[9]_inst/IBUFCTRL_INST/O
                         net (fo=32, routed)          3.804     4.363    pe_inst/ram_inst/weight_addr_IBUF[9]
    RAMB36_X4Y52         RAMB36E2                                     r  pe_inst/ram_inst/mem_reg_bram_0/ADDRARDADDR[12]
  -------------------------------------------------------------------    -------------------

Slack:                    inf
  Source:                 weight_addr[9]
                            (input port)
  Destination:            pe_inst/ram_inst/mem_reg_bram_25/ADDRARDADDR[12]
  Path Group:             (none)
  Path Type:              Max at Slow Process Corner
  Data Path Delay:        4.351ns  (logic 0.559ns (12.846%)  route 3.792ns (87.154%))
  Logic Levels:           2  (IBUFCTRL=1 INBUF=1)

    Location             Delay type                Incr(ns)  Path(ns)    Netlist Resource(s)
  -------------------------------------------------------------------    -------------------
    B8                                                0.000     0.000 r  weight_addr[9] (IN)
                         net (fo=0)                   0.000     0.000    weight_addr_IBUF[9]_inst/I
    B8                   INBUF (Prop_INBUF_HPIOB_S_PAD_O)
                                                      0.559     0.559 r  weight_addr_IBUF[9]_inst/INBUF_INST/O
                         net (fo=1, routed)           0.000     0.559    weight_addr_IBUF[9]_inst/OUT
    B8                   IBUFCTRL (Prop_IBUFCTRL_HPIOB_S_I_O)
                                                      0.000     0.559 r  weight_addr_IBUF[9]_inst/IBUFCTRL_INST/O
                         net (fo=32, routed)          3.792     4.351    pe_inst/ram_inst/weight_addr_IBUF[9]
    RAMB36_X4Y61         RAMB36E2                                     r  pe_inst/ram_inst/mem_reg_bram_25/ADDRARDADDR[12]
  -------------------------------------------------------------------    -------------------

Slack:                    inf
  Source:                 weight_addr[9]
                            (input port)
  Destination:            pe_inst/ram_inst/mem_reg_bram_6/ADDRARDADDR[12]
  Path Group:             (none)
  Path Type:              Max at Slow Process Corner
  Data Path Delay:        4.306ns  (logic 0.559ns (12.980%)  route 3.747ns (87.020%))
  Logic Levels:           2  (IBUFCTRL=1 INBUF=1)

    Location             Delay type                Incr(ns)  Path(ns)    Netlist Resource(s)
  -------------------------------------------------------------------    -------------------
    B8                                                0.000     0.000 r  weight_addr[9] (IN)
                         net (fo=0)                   0.000     0.000    weight_addr_IBUF[9]_inst/I
    B8                   INBUF (Prop_INBUF_HPIOB_S_PAD_O)
                                                      0.559     0.559 r  weight_addr_IBUF[9]_inst/INBUF_INST/O
                         net (fo=1, routed)           0.000     0.559    weight_addr_IBUF[9]_inst/OUT
    B8                   IBUFCTRL (Prop_IBUFCTRL_HPIOB_S_I_O)
                                                      0.000     0.559 r  weight_addr_IBUF[9]_inst/IBUFCTRL_INST/O
                         net (fo=32, routed)          3.747     4.306    pe_inst/ram_inst/weight_addr_IBUF[9]
    RAMB36_X4Y58         RAMB36E2                                     r  pe_inst/ram_inst/mem_reg_bram_6/ADDRARDADDR[12]
  -------------------------------------------------------------------    -------------------

Slack:                    inf
  Source:                 weight_addr[12]
                            (input port)
  Destination:            pe_inst/ram_inst/mem_reg_bram_19/CASDOMUXA
  Path Group:             (none)
  Path Type:              Max at Slow Process Corner
  Data Path Delay:        4.305ns  (logic 0.679ns (15.781%)  route 3.625ns (84.219%))
  Logic Levels:           3  (IBUFCTRL=1 INBUF=1 LUT3=1)

    Location             Delay type                Incr(ns)  Path(ns)    Netlist Resource(s)
  -------------------------------------------------------------------    -------------------
    D12                                               0.000     0.000 f  weight_addr[12] (IN)
                         net (fo=0)                   0.000     0.000    weight_addr_IBUF[12]_inst/I
    D12                  INBUF (Prop_INBUF_HPIOB_M_PAD_O)
                                                      0.529     0.529 f  weight_addr_IBUF[12]_inst/INBUF_INST/O
                         net (fo=1, routed)           0.000     0.529    weight_addr_IBUF[12]_inst/OUT
    D12                  IBUFCTRL (Prop_IBUFCTRL_HPIOB_M_I_O)
                                                      0.000     0.529 f  weight_addr_IBUF[12]_inst/IBUFCTRL_INST/O
                         net (fo=39, routed)          1.989     2.519    pe_inst/ram_inst/weight_addr_IBUF[12]
    SLICE_X99Y308        LUT3 (Prop_H6LUT_SLICEL_I2_O)
                                                      0.150     2.669 r  pe_inst/ram_inst/mem_reg_bram_3_i_1/O
                         net (fo=4, routed)           1.636     4.305    pe_inst/ram_inst/mem_reg_bram_3_i_1_n_0
    RAMB36_X3Y55         RAMB36E2                                     r  pe_inst/ram_inst/mem_reg_bram_19/CASDOMUXA
  -------------------------------------------------------------------    -------------------

Slack:                    inf
  Source:                 weight_addr[9]
                            (input port)
  Destination:            pe_inst/ram_inst/mem_reg_bram_1/ADDRARDADDR[12]
  Path Group:             (none)
  Path Type:              Max at Slow Process Corner
  Data Path Delay:        4.303ns  (logic 0.559ns (12.992%)  route 3.744ns (87.008%))
  Logic Levels:           2  (IBUFCTRL=1 INBUF=1)

    Location             Delay type                Incr(ns)  Path(ns)    Netlist Resource(s)
  -------------------------------------------------------------------    -------------------
    B8                                                0.000     0.000 r  weight_addr[9] (IN)
                         net (fo=0)                   0.000     0.000    weight_addr_IBUF[9]_inst/I
    B8                   INBUF (Prop_INBUF_HPIOB_S_PAD_O)
                                                      0.559     0.559 r  weight_addr_IBUF[9]_inst/INBUF_INST/O
                         net (fo=1, routed)           0.000     0.559    weight_addr_IBUF[9]_inst/OUT
    B8                   IBUFCTRL (Prop_IBUFCTRL_HPIOB_S_I_O)
                                                      0.000     0.559 r  weight_addr_IBUF[9]_inst/IBUFCTRL_INST/O
                         net (fo=32, routed)          3.744     4.303    pe_inst/ram_inst/weight_addr_IBUF[9]
    RAMB36_X4Y53         RAMB36E2                                     r  pe_inst/ram_inst/mem_reg_bram_1/ADDRARDADDR[12]
  -------------------------------------------------------------------    -------------------

Slack:                    inf
  Source:                 weight_addr[9]
                            (input port)
  Destination:            pe_inst/ram_inst/mem_reg_bram_4/ADDRARDADDR[12]
  Path Group:             (none)
  Path Type:              Max at Slow Process Corner
  Data Path Delay:        4.200ns  (logic 0.559ns (13.309%)  route 3.641ns (86.691%))
  Logic Levels:           2  (IBUFCTRL=1 INBUF=1)

    Location             Delay type                Incr(ns)  Path(ns)    Netlist Resource(s)
  -------------------------------------------------------------------    -------------------
    B8                                                0.000     0.000 r  weight_addr[9] (IN)
                         net (fo=0)                   0.000     0.000    weight_addr_IBUF[9]_inst/I
    B8                   INBUF (Prop_INBUF_HPIOB_S_PAD_O)
                                                      0.559     0.559 r  weight_addr_IBUF[9]_inst/INBUF_INST/O
                         net (fo=1, routed)           0.000     0.559    weight_addr_IBUF[9]_inst/OUT
    B8                   IBUFCTRL (Prop_IBUFCTRL_HPIOB_S_I_O)
                                                      0.000     0.559 r  weight_addr_IBUF[9]_inst/IBUFCTRL_INST/O
                         net (fo=32, routed)          3.641     4.200    pe_inst/ram_inst/weight_addr_IBUF[9]
    RAMB36_X4Y56         RAMB36E2                                     r  pe_inst/ram_inst/mem_reg_bram_4/ADDRARDADDR[12]
  -------------------------------------------------------------------    -------------------





Min Delay Paths
--------------------------------------------------------------------------------------
Slack:                    inf
  Source:                 pe_inst/mac_inst/clear_pipe_reg[0]/C
                            (rising edge-triggered cell FDCE)
  Destination:            pe_inst/mac_inst/clear_pipe_reg[1]/D
  Path Group:             (none)
  Path Type:              Min at Fast Process Corner
  Data Path Delay:        0.097ns  (logic 0.039ns (40.206%)  route 0.058ns (59.794%))
  Logic Levels:           1  (FDCE=1)

    Location             Delay type                Incr(ns)  Path(ns)    Netlist Resource(s)
  -------------------------------------------------------------------    -------------------
    SLICE_X98Y310        FDCE                         0.000     0.000 r  pe_inst/mac_inst/clear_pipe_reg[0]/C
    SLICE_X98Y310        FDCE (Prop_EFF_SLICEL_C_Q)
                                                      0.039     0.039 r  pe_inst/mac_inst/clear_pipe_reg[0]/Q
                         net (fo=1, routed)           0.058     0.097    pe_inst/mac_inst/p_0_in[1]
    SLICE_X98Y310        FDCE                                         r  pe_inst/mac_inst/clear_pipe_reg[1]/D
  -------------------------------------------------------------------    -------------------

Slack:                    inf
  Source:                 pe_inst/act_pipe_reg[1][2]/C
                            (rising edge-triggered cell FDCE)
  Destination:            pe_inst/act_pipe_reg[2][2]/D
  Path Group:             (none)
  Path Type:              Min at Fast Process Corner
  Data Path Delay:        0.098ns  (logic 0.039ns (39.796%)  route 0.059ns (60.204%))
  Logic Levels:           1  (FDCE=1)

    Location             Delay type                Incr(ns)  Path(ns)    Netlist Resource(s)
  -------------------------------------------------------------------    -------------------
    SLICE_X99Y308        FDCE                         0.000     0.000 r  pe_inst/act_pipe_reg[1][2]/C
    SLICE_X99Y308        FDCE (Prop_EFF_SLICEL_C_Q)
                                                      0.039     0.039 r  pe_inst/act_pipe_reg[1][2]/Q
                         net (fo=1, routed)           0.059     0.098    pe_inst/act_pipe_reg[1][2]
    SLICE_X99Y308        FDCE                                         r  pe_inst/act_pipe_reg[2][2]/D
  -------------------------------------------------------------------    -------------------

Slack:                    inf
  Source:                 pe_inst/act_pipe_reg[2][16]/C
                            (rising edge-triggered cell FDCE)
  Destination:            pe_inst/act_pipe_reg[3][16]/D
  Path Group:             (none)
  Path Type:              Min at Fast Process Corner
  Data Path Delay:        0.102ns  (logic 0.039ns (38.235%)  route 0.063ns (61.765%))
  Logic Levels:           1  (FDCE=1)

    Location             Delay type                Incr(ns)  Path(ns)    Netlist Resource(s)
  -------------------------------------------------------------------    -------------------
    SLICE_X99Y285        FDCE                         0.000     0.000 r  pe_inst/act_pipe_reg[2][16]/C
    SLICE_X99Y285        FDCE (Prop_GFF_SLICEL_C_Q)
                                                      0.039     0.039 r  pe_inst/act_pipe_reg[2][16]/Q
                         net (fo=1, routed)           0.063     0.102    pe_inst/act_pipe_reg[2][16]
    SLICE_X99Y284        FDCE                                         r  pe_inst/act_pipe_reg[3][16]/D
  -------------------------------------------------------------------    -------------------

Slack:                    inf
  Source:                 pe_inst/act_pipe_reg[1][1]/C
                            (rising edge-triggered cell FDCE)
  Destination:            pe_inst/act_pipe_reg[2][1]/D
  Path Group:             (none)
  Path Type:              Min at Fast Process Corner
  Data Path Delay:        0.103ns  (logic 0.039ns (37.864%)  route 0.064ns (62.136%))
  Logic Levels:           1  (FDCE=1)

    Location             Delay type                Incr(ns)  Path(ns)    Netlist Resource(s)
  -------------------------------------------------------------------    -------------------
    SLICE_X99Y310        FDCE                         0.000     0.000 r  pe_inst/act_pipe_reg[1][1]/C
    SLICE_X99Y310        FDCE (Prop_AFF_SLICEL_C_Q)
                                                      0.039     0.039 r  pe_inst/act_pipe_reg[1][1]/Q
                         net (fo=1, routed)           0.064     0.103    pe_inst/act_pipe_reg[1][1]
    SLICE_X99Y310        FDCE                                         r  pe_inst/act_pipe_reg[2][1]/D
  -------------------------------------------------------------------    -------------------

Slack:                    inf
  Source:                 pe_inst/mac_inst/start_pipe_reg[0]/C
                            (rising edge-triggered cell FDCE)
  Destination:            pe_inst/mac_inst/start_pipe_reg[1]/D
  Path Group:             (none)
  Path Type:              Min at Fast Process Corner
  Data Path Delay:        0.103ns  (logic 0.038ns (36.893%)  route 0.065ns (63.107%))
  Logic Levels:           1  (FDCE=1)

    Location             Delay type                Incr(ns)  Path(ns)    Netlist Resource(s)
  -------------------------------------------------------------------    -------------------
    SLICE_X88Y311        FDCE                         0.000     0.000 r  pe_inst/mac_inst/start_pipe_reg[0]/C
    SLICE_X88Y311        FDCE (Prop_EFF_SLICEM_C_Q)
                                                      0.038     0.038 r  pe_inst/mac_inst/start_pipe_reg[0]/Q
                         net (fo=1, routed)           0.065     0.103    pe_inst/mac_inst/p_0_in__0[1]
    SLICE_X88Y311        FDCE                                         r  pe_inst/mac_inst/start_pipe_reg[1]/D
  -------------------------------------------------------------------    -------------------

Slack:                    inf
  Source:                 pe_inst/act_pipe_reg[2][14]/C
                            (rising edge-triggered cell FDCE)
  Destination:            pe_inst/act_pipe_reg[3][14]/D
  Path Group:             (none)
  Path Type:              Min at Fast Process Corner
  Data Path Delay:        0.107ns  (logic 0.039ns (36.449%)  route 0.068ns (63.551%))
  Logic Levels:           1  (FDCE=1)

    Location             Delay type                Incr(ns)  Path(ns)    Netlist Resource(s)
  -------------------------------------------------------------------    -------------------
    SLICE_X99Y285        FDCE                         0.000     0.000 r  pe_inst/act_pipe_reg[2][14]/C
    SLICE_X99Y285        FDCE (Prop_FFF_SLICEL_C_Q)
                                                      0.039     0.039 r  pe_inst/act_pipe_reg[2][14]/Q
                         net (fo=1, routed)           0.068     0.107    pe_inst/act_pipe_reg[2][14]
    SLICE_X99Y284        FDCE                                         r  pe_inst/act_pipe_reg[3][14]/D
  -------------------------------------------------------------------    -------------------

Slack:                    inf
  Source:                 pe_inst/mac_inst/acc/current_sum_o_reg[34]/C
                            (rising edge-triggered cell FDCE)
  Destination:            pe_inst/mac_inst/acc/current_sum_o_reg[34]/D
  Path Group:             (none)
  Path Type:              Min at Fast Process Corner
  Data Path Delay:        0.113ns  (logic 0.070ns (62.121%)  route 0.043ns (37.879%))
  Logic Levels:           3  (CARRY8=1 FDCE=1 LUT4=1)

    Location             Delay type                Incr(ns)  Path(ns)    Netlist Resource(s)
  -------------------------------------------------------------------    -------------------
    SLICE_X75Y319        FDCE                         0.000     0.000 r  pe_inst/mac_inst/acc/current_sum_o_reg[34]/C
    SLICE_X75Y319        FDCE (Prop_CFF_SLICEL_C_Q)
                                                      0.039     0.039 r  pe_inst/mac_inst/acc/current_sum_o_reg[34]/Q
                         net (fo=2, routed)           0.028     0.067    pe_inst/mac_inst/acc/current_sum_o_reg[34]_0[34]
    SLICE_X75Y319        LUT4 (Prop_C6LUT_SLICEL_I0_O)
                                                      0.014     0.081 r  pe_inst/mac_inst/acc/current_sum_o[34]_i_5/O
                         net (fo=1, routed)           0.008     0.089    pe_inst/mac_inst/acc/current_sum_o[34]_i_5_n_0
    SLICE_X75Y319        CARRY8 (Prop_CARRY8_SLICEL_S[2]_O[2])
                                                      0.017     0.106 r  pe_inst/mac_inst/acc/current_sum_o_reg[34]_i_2/O[2]
                         net (fo=1, routed)           0.007     0.113    pe_inst/mac_inst/acc/current_sum_o_reg[34]_i_2_n_13
    SLICE_X75Y319        FDCE                                         r  pe_inst/mac_inst/acc/current_sum_o_reg[34]/D
  -------------------------------------------------------------------    -------------------

Slack:                    inf
  Source:                 pe_inst/mac_inst/acc/current_sum_o_reg[17]/C
                            (rising edge-triggered cell FDCE)
  Destination:            pe_inst/mac_inst/acc/current_sum_o_reg[17]/D
  Path Group:             (none)
  Path Type:              Min at Fast Process Corner
  Data Path Delay:        0.120ns  (logic 0.079ns (66.008%)  route 0.041ns (33.992%))
  Logic Levels:           3  (CARRY8=1 FDCE=1 LUT4=1)

    Location             Delay type                Incr(ns)  Path(ns)    Netlist Resource(s)
  -------------------------------------------------------------------    -------------------
    SLICE_X75Y317        FDCE                         0.000     0.000 r  pe_inst/mac_inst/acc/current_sum_o_reg[17]/C
    SLICE_X75Y317        FDCE (Prop_BFF_SLICEL_C_Q)
                                                      0.039     0.039 r  pe_inst/mac_inst/acc/current_sum_o_reg[17]/Q
                         net (fo=3, routed)           0.027     0.066    pe_inst/mac_inst/acc/current_sum_o_reg[34]_0[17]
    SLICE_X75Y317        LUT4 (Prop_B6LUT_SLICEL_I0_O)
                                                      0.023     0.089 r  pe_inst/mac_inst/acc/current_sum_o[23]_i_16/O
                         net (fo=1, routed)           0.007     0.096    pe_inst/mac_inst/acc/current_sum_o[23]_i_16_n_0
    SLICE_X75Y317        CARRY8 (Prop_CARRY8_SLICEL_S[1]_O[1])
                                                      0.017     0.113 r  pe_inst/mac_inst/acc/current_sum_o_reg[23]_i_1/O[1]
                         net (fo=1, routed)           0.007     0.120    pe_inst/mac_inst/acc/current_sum_o_reg[23]_i_1_n_14
    SLICE_X75Y317        FDCE                                         r  pe_inst/mac_inst/acc/current_sum_o_reg[17]/D
  -------------------------------------------------------------------    -------------------

Slack:                    inf
  Source:                 pe_inst/mac_inst/acc/current_sum_o_reg[1]/C
                            (rising edge-triggered cell FDCE)
  Destination:            pe_inst/mac_inst/acc/current_sum_o_reg[1]/D
  Path Group:             (none)
  Path Type:              Min at Fast Process Corner
  Data Path Delay:        0.120ns  (logic 0.079ns (66.008%)  route 0.041ns (33.992%))
  Logic Levels:           3  (CARRY8=1 FDCE=1 LUT4=1)

    Location             Delay type                Incr(ns)  Path(ns)    Netlist Resource(s)
  -------------------------------------------------------------------    -------------------
    SLICE_X75Y315        FDCE                         0.000     0.000 r  pe_inst/mac_inst/acc/current_sum_o_reg[1]/C
    SLICE_X75Y315        FDCE (Prop_BFF_SLICEL_C_Q)
                                                      0.039     0.039 r  pe_inst/mac_inst/acc/current_sum_o_reg[1]/Q
                         net (fo=3, routed)           0.027     0.066    pe_inst/mac_inst/acc/current_sum_o_reg[34]_0[1]
    SLICE_X75Y315        LUT4 (Prop_B6LUT_SLICEL_I0_O)
                                                      0.023     0.089 r  pe_inst/mac_inst/acc/current_sum_o[7]_i_16/O
                         net (fo=1, routed)           0.007     0.096    pe_inst/mac_inst/acc/current_sum_o[7]_i_16_n_0
    SLICE_X75Y315        CARRY8 (Prop_CARRY8_SLICEL_S[1]_O[1])
                                                      0.017     0.113 r  pe_inst/mac_inst/acc/current_sum_o_reg[7]_i_1/O[1]
                         net (fo=1, routed)           0.007     0.120    pe_inst/mac_inst/acc/current_sum_o_reg[7]_i_1_n_14
    SLICE_X75Y315        FDCE                                         r  pe_inst/mac_inst/acc/current_sum_o_reg[1]/D
  -------------------------------------------------------------------    -------------------

Slack:                    inf
  Source:                 pe_inst/mac_inst/acc/current_sum_o_reg[30]/C
                            (rising edge-triggered cell FDCE)
  Destination:            pe_inst/mac_inst/acc/current_sum_o_reg[30]/D
  Path Group:             (none)
  Path Type:              Min at Fast Process Corner
  Data Path Delay:        0.120ns  (logic 0.078ns (65.172%)  route 0.042ns (34.828%))
  Logic Levels:           3  (CARRY8=1 FDCE=1 LUT4=1)

    Location             Delay type                Incr(ns)  Path(ns)    Netlist Resource(s)
  -------------------------------------------------------------------    -------------------
    SLICE_X75Y318        FDCE                         0.000     0.000 r  pe_inst/mac_inst/acc/current_sum_o_reg[30]/C
    SLICE_X75Y318        FDCE (Prop_GFF_SLICEL_C_Q)
                                                      0.039     0.039 r  pe_inst/mac_inst/acc/current_sum_o_reg[30]/Q
                         net (fo=3, routed)           0.028     0.067    pe_inst/mac_inst/acc/current_sum_o_reg[34]_0[30]
    SLICE_X75Y318        LUT4 (Prop_G6LUT_SLICEL_I0_O)
                                                      0.022     0.089 r  pe_inst/mac_inst/acc/current_sum_o[31]_i_11/O
                         net (fo=1, routed)           0.007     0.096    pe_inst/mac_inst/acc/current_sum_o[31]_i_11_n_0
    SLICE_X75Y318        CARRY8 (Prop_CARRY8_SLICEL_S[6]_O[6])
                                                      0.017     0.113 r  pe_inst/mac_inst/acc/current_sum_o_reg[31]_i_1/O[6]
                         net (fo=1, routed)           0.007     0.120    pe_inst/mac_inst/acc/current_sum_o_reg[31]_i_1_n_9
    SLICE_X75Y318        FDCE                                         r  pe_inst/mac_inst/acc/current_sum_o_reg[30]/D
  -------------------------------------------------------------------    -------------------





