#-----------------------------------------------------------
# xsim v2025.2 (64-bit)
# SW Build 6299465 on Fri Nov 14 12:34:56 MST 2025
# IP Build 6300035 on Fri Nov 14 10:48:45 MST 2025
# SharedData Build 6298862 on Thu Nov 13 04:50:51 MST 2025
# Start of session at: Mon Apr  6 16:04:11 2026
# Process ID         : 270514
# Current directory  : /home/pah/fpga_cnn_accelerator/FPGA-based-CNN-Accelerator-for-autonomous-vehicles/src/sim
# Command line       : xsim -source {xsim.dir/my_sim_snapshot/xsim_script.tcl}
# Log file           : /home/pah/fpga_cnn_accelerator/FPGA-based-CNN-Accelerator-for-autonomous-vehicles/src/sim/xsim.log
# Journal file       : /home/pah/fpga_cnn_accelerator/FPGA-based-CNN-Accelerator-for-autonomous-vehicles/src/sim/xsim.jou
# Running On         : pah-PC
# Platform           : Ubuntu
# Operating System   : Ubuntu 24.04.4 LTS
# Processor Detail   : AMD Ryzen 7 8845HS w/ Radeon 780M Graphics
# CPU Frequency      : 2285.037 MHz
# CPU Physical cores : 8
# CPU Logical cores  : 16
# Host memory        : 32887 MB
# Swap memory        : 25033 MB
# Total Virtual      : 57921 MB
# Available Virtual  : 51378 MB
#-----------------------------------------------------------
start_gui
source xsim.dir/my_sim_snapshot/xsim_script.tcl
add_wave {{/tb_systolic_array_4x4/dut/pe00/act_i}} 
current_wave_config {Untitled 1}
add_wave {{/tb_systolic_array_4x4/dut/pe00/act_i}} {{/tb_systolic_array_4x4/dut/pe00/act_o}} 
current_wave_config {Untitled 1}
add_wave {{/tb_systolic_array_4x4/dut/pe10/act_i}} 
current_wave_config {Untitled 1}
add_wave {{/tb_systolic_array_4x4/dut/pe10/act_o}} 
current_wave_config {Untitled 1}
add_wave {{/tb_systolic_array_4x4/dut/pe11/act_i}} {{/tb_systolic_array_4x4/dut/pe11/act_o}} 
current_wave_config {Untitled 1}
add_wave {{/tb_systolic_array_4x4/dut/pe12/act_i}} {{/tb_systolic_array_4x4/dut/pe12/act_o}} 
run all
current_wave_config {Untitled 1}
add_wave {{/tb_systolic_array_4x4/dut/pe13/act_i}} {{/tb_systolic_array_4x4/dut/pe13/act_o}} 
current_wave_config {Untitled 1}
add_wave {{/tb_systolic_array_4x4/dut/pe20/act_i}} {{/tb_systolic_array_4x4/dut/pe20/act_o}} 
current_wave_config {Untitled 1}
log_wave {/tb_systolic_array_4x4/dut/pe20/clk} 
current_wave_config {Untitled 1}
add_wave {{/tb_systolic_array_4x4/dut/pe20/clk}} 
current_wave_config {Untitled 1}
add_wave {{/tb_systolic_array_4x4/dut/pe23/act_i}} {{/tb_systolic_array_4x4/dut/pe23/act_o}} 
current_wave_config {Untitled 1}
add_wave {{/tb_systolic_array_4x4/dut/pe23/clk}} 
current_wave_config {Untitled 1}
add_wave {{/tb_systolic_array_4x4/dut/pe30/act_i}} {{/tb_systolic_array_4x4/dut/pe30/act_o}} 
current_wave_config {Untitled 1}
add_wave {{/tb_systolic_array_4x4/dut/pe32/act_i}} {{/tb_systolic_array_4x4/dut/pe32/act_o}} 
current_wave_config {Untitled 1}
add_wave {{/tb_systolic_array_4x4/dut/pe33/act_i}} {{/tb_systolic_array_4x4/dut/pe33/act_o}} 
current_wave_config {Untitled 1}
add_wave {{/tb_systolic_array_4x4/dut/pe33/clk}} 
restart
restart
run all
current_wave_config {Untitled 1}
add_wave {{/tb_systolic_array_4x4/dut/pe03/act_i}} {{/tb_systolic_array_4x4/dut/pe03/act_o}} 
restart
run all
close_sim
