
*** Running vivado
    with args -log tpu_top_axi_lite.vdi -applog -m64 -product Vivado -messageDb vivado.pb -mode batch -source tpu_top_axi_lite.tcl -notrace


****** Vivado v2025.2 (64-bit)
  **** SW Build 6299465 on Fri Nov 14 12:34:56 MST 2025
  **** IP Build 6300035 on Fri Nov 14 10:48:45 MST 2025
  **** SharedData Build 6298862 on Thu Nov 13 04:50:51 MST 2025
  **** Start of session at: Thu Jun  4 10:27:06 2026
    ** Copyright 1986-2022 Xilinx, Inc. All Rights Reserved.
    ** Copyright 2022-2025 Advanced Micro Devices, Inc. All Rights Reserved.

source tpu_top_axi_lite.tcl -notrace
Command: link_design -top tpu_top_axi_lite -part xczu7ev-ffvc1156-2-e
Design is defaulting to srcset: sources_1
Design is defaulting to constrset: constrs_1
INFO: [Device 21-403] Loading part xczu7ev-ffvc1156-2-e
Netlist sorting complete. Time (s): cpu = 00:00:00.09 ; elapsed = 00:00:00.09 . Memory (MB): peak = 2788.289 ; gain = 0.000 ; free physical = 8273 ; free virtual = 39032
INFO: [Netlist 29-17] Analyzing 1396 Unisim elements for replacement
INFO: [Netlist 29-28] Unisim Transformation completed in 0 CPU seconds
INFO: [Project 1-479] Netlist was created with Vivado 2025.2
INFO: [Project 1-570] Preparing netlist for logic optimization
Read ShapeDB Complete: Time (s): cpu = 00:00:00.03 ; elapsed = 00:00:00.03 . Memory (MB): peak = 2788.289 ; gain = 0.000 ; free physical = 8243 ; free virtual = 39002
Netlist sorting complete. Time (s): cpu = 00:00:00 ; elapsed = 00:00:00 . Memory (MB): peak = 3015.312 ; gain = 0.000 ; free physical = 5375 ; free virtual = 36516
INFO: [Project 1-111] Unisim Transformation Summary:
  A total of 68 instances were transformed.
  DSP48E2 => DSP48E2 (DSP_ALU, DSP_A_B_DATA, DSP_C_DATA, DSP_MULTIPLIER, DSP_M_DATA, DSP_OUTPUT, DSP_PREADD, DSP_PREADD_DATA): 28 instances
  IBUF => IBUF (IBUFCTRL, INBUF): 40 instances

6 Infos, 0 Warnings, 0 Critical Warnings and 0 Errors encountered.
link_design completed successfully
link_design: Time (s): cpu = 00:00:09 ; elapsed = 00:00:10 . Memory (MB): peak = 3015.348 ; gain = 1380.582 ; free physical = 5459 ; free virtual = 36600
Command: opt_design
Attempting to get a license for feature 'Implementation' and/or device 'xczu7ev'
INFO: [Common 17-349] Got license for feature 'Implementation' and/or device 'xczu7ev'
Running DRC as a precondition to command opt_design

Starting DRC Task
INFO: [DRC 23-27] Running DRC with 8 threads
INFO: [Project 1-461] DRC finished with 0 Errors
INFO: [Project 1-462] Please refer to the DRC report (report_drc) for more information.

Time (s): cpu = 00:00:01 ; elapsed = 00:00:00.33 . Memory (MB): peak = 3205.195 ; gain = 189.848 ; free physical = 6188 ; free virtual = 36946

Starting Cache Timing Information Task
INFO: [Timing 38-35] Done setting XDC timing constraints.
Ending Cache Timing Information Task | Checksum: 20ed49fb2

Time (s): cpu = 00:00:03 ; elapsed = 00:00:02 . Memory (MB): peak = 3546.008 ; gain = 340.812 ; free physical = 4638 ; free virtual = 35396

Starting Logic Optimization Task

Phase 1 Initialization

Phase 1.1 Core Generation And Design Setup
Phase 1.1 Core Generation And Design Setup | Checksum: 20ed49fb2

Time (s): cpu = 00:00:00.01 ; elapsed = 00:00:00.02 . Memory (MB): peak = 3925.758 ; gain = 0.000 ; free physical = 1782 ; free virtual = 32540

Phase 1.2 Setup Constraints And Sort Netlist
Phase 1.2 Setup Constraints And Sort Netlist | Checksum: 20ed49fb2

Time (s): cpu = 00:00:00.02 ; elapsed = 00:00:00.02 . Memory (MB): peak = 3925.758 ; gain = 0.000 ; free physical = 1763 ; free virtual = 32521
Phase 1 Initialization | Checksum: 20ed49fb2

Time (s): cpu = 00:00:00.02 ; elapsed = 00:00:00.02 . Memory (MB): peak = 3925.758 ; gain = 0.000 ; free physical = 1755 ; free virtual = 32513

Phase 2 Timer Update And Timing Data Collection

Phase 2.1 Detect if minReqCache needed
Phase 2.1 Detect if minReqCache needed | Checksum: 20ed49fb2

Time (s): cpu = 00:00:00.03 ; elapsed = 00:00:00.04 . Memory (MB): peak = 3925.758 ; gain = 0.000 ; free physical = 1716 ; free virtual = 32474

Phase 2.2 Timer Update
Phase 2.2 Timer Update | Checksum: 20ed49fb2

Time (s): cpu = 00:00:00.58 ; elapsed = 00:00:00.23 . Memory (MB): peak = 3925.758 ; gain = 0.000 ; free physical = 2584 ; free virtual = 33342

Phase 2.3 Timing Data Collection
Phase 2.3 Timing Data Collection | Checksum: 20ed49fb2

Time (s): cpu = 00:00:00.59 ; elapsed = 00:00:00.24 . Memory (MB): peak = 3925.758 ; gain = 0.000 ; free physical = 2580 ; free virtual = 33338
Phase 2 Timer Update And Timing Data Collection | Checksum: 20ed49fb2

Time (s): cpu = 00:00:00.59 ; elapsed = 00:00:00.24 . Memory (MB): peak = 3925.758 ; gain = 0.000 ; free physical = 2580 ; free virtual = 33338

Phase 3 Retarget
INFO: [Opt 31-1851] Number of loadless carry chains removed were: 0
INFO: [Opt 31-1834] Total Chains To Be Transformed Were: 0 AND Number of Transformed insts Created are: 0
INFO: [Opt 31-1566] Pulled 1 inverters resulting in an inversion of 3 pins
INFO: [Opt 31-138] Pushed 1 inverter(s) to 9348 load pin(s).
INFO: [Opt 31-49] Retargeted 0 cell(s).
Phase 3 Retarget | Checksum: 1ff1cbe2e

Time (s): cpu = 00:00:01 ; elapsed = 00:00:00.69 . Memory (MB): peak = 3981.785 ; gain = 56.027 ; free physical = 3053 ; free virtual = 33811
Retarget | Checksum: 1ff1cbe2e
INFO: [Opt 31-389] Phase Retarget created 508 cells and removed 516 cells

Phase 4 Constant propagation
INFO: [Opt 31-138] Pushed 0 inverter(s) to 0 load pin(s).
Phase 4 Constant propagation | Checksum: 120c11739

Time (s): cpu = 00:00:01 ; elapsed = 00:00:00.81 . Memory (MB): peak = 3981.785 ; gain = 56.027 ; free physical = 2800 ; free virtual = 33558
Constant propagation | Checksum: 120c11739
INFO: [Opt 31-389] Phase Constant propagation created 5 cells and removed 6 cells

Phase 5 Sweep
INFO: [Constraints 18-11670] Building netlist checker database with flags, 0x8
Done building netlist checker database: Time (s): cpu = 00:00:00.01 ; elapsed = 00:00:00 . Memory (MB): peak = 3981.785 ; gain = 0.000 ; free physical = 2800 ; free virtual = 33558
INFO: [Constraints 18-11670] Building netlist checker database with flags, 0x8
Done building netlist checker database: Time (s): cpu = 00:00:00 ; elapsed = 00:00:00.01 . Memory (MB): peak = 3981.785 ; gain = 0.000 ; free physical = 2541 ; free virtual = 33299
Phase 5 Sweep | Checksum: 198a7f409

Time (s): cpu = 00:00:01 ; elapsed = 00:00:01 . Memory (MB): peak = 3981.785 ; gain = 56.027 ; free physical = 2626 ; free virtual = 33384
Sweep | Checksum: 198a7f409
INFO: [Opt 31-389] Phase Sweep created 0 cells and removed 0 cells

Phase 6 BUFG optimization
INFO: [Opt 31-1077] Phase BUFG optimization inserted 0 global clock buffer(s) for CLOCK_LOW_FANOUT.
Phase 6 BUFG optimization | Checksum: 198a7f409

Time (s): cpu = 00:00:02 ; elapsed = 00:00:01 . Memory (MB): peak = 4013.801 ; gain = 88.043 ; free physical = 2437 ; free virtual = 33195
BUFG optimization | Checksum: 198a7f409
INFO: [Opt 31-662] Phase BUFG optimization created 0 cells of which 0 are BUFGs and removed 0 cells.

Phase 7 Shift Register Optimization
INFO: [Opt 31-1064] SRL Remap converted 0 SRLs to 0 registers and converted 0 registers of register chains to 0 SRLs
Phase 7 Shift Register Optimization | Checksum: 198a7f409

Time (s): cpu = 00:00:02 ; elapsed = 00:00:01 . Memory (MB): peak = 4013.801 ; gain = 88.043 ; free physical = 2434 ; free virtual = 33192
Shift Register Optimization | Checksum: 198a7f409
INFO: [Opt 31-389] Phase Shift Register Optimization created 0 cells and removed 0 cells

Phase 8 Post Processing Netlist
Phase 8 Post Processing Netlist | Checksum: 198a7f409

Time (s): cpu = 00:00:02 ; elapsed = 00:00:01 . Memory (MB): peak = 4013.801 ; gain = 88.043 ; free physical = 2260 ; free virtual = 33229
Post Processing Netlist | Checksum: 198a7f409
INFO: [Opt 31-389] Phase Post Processing Netlist created 0 cells and removed 0 cells

Phase 9 Finalization

Phase 9.1 Finalizing Design Cores and Updating Shapes
Phase 9.1 Finalizing Design Cores and Updating Shapes | Checksum: 117655c14

Time (s): cpu = 00:00:02 ; elapsed = 00:00:02 . Memory (MB): peak = 4013.801 ; gain = 88.043 ; free physical = 3321 ; free virtual = 34501

Phase 9.2 Verifying Netlist Connectivity

Starting Connectivity Check Task

Time (s): cpu = 00:00:00.02 ; elapsed = 00:00:00.03 . Memory (MB): peak = 4013.801 ; gain = 0.000 ; free physical = 3276 ; free virtual = 34456
Phase 9.2 Verifying Netlist Connectivity | Checksum: 117655c14

Time (s): cpu = 00:00:02 ; elapsed = 00:00:02 . Memory (MB): peak = 4013.801 ; gain = 88.043 ; free physical = 3276 ; free virtual = 34456
Phase 9 Finalization | Checksum: 117655c14

Time (s): cpu = 00:00:02 ; elapsed = 00:00:02 . Memory (MB): peak = 4013.801 ; gain = 88.043 ; free physical = 3276 ; free virtual = 34456
Opt_design Change Summary
=========================


-------------------------------------------------------------------------------------------------------------------------
|  Phase                        |  #Cells created  |  #Cells Removed  |  #Constrained objects preventing optimizations  |
-------------------------------------------------------------------------------------------------------------------------
|  Retarget                     |             508  |             516  |                                              0  |
|  Constant propagation         |               5  |               6  |                                              0  |
|  Sweep                        |               0  |               0  |                                              0  |
|  BUFG optimization            |               0  |               0  |                                              0  |
|  Shift Register Optimization  |               0  |               0  |                                              0  |
|  Post Processing Netlist      |               0  |               0  |                                              0  |
-------------------------------------------------------------------------------------------------------------------------


Ending Logic Optimization Task | Checksum: 117655c14

Time (s): cpu = 00:00:02 ; elapsed = 00:00:02 . Memory (MB): peak = 4013.801 ; gain = 88.043 ; free physical = 3268 ; free virtual = 34448

Starting Power Optimization Task
INFO: [Pwropt 34-132] Skipping clock gating for clocks with a period < 2.00 ns.
INFO: [Pwropt 34-9] Applying IDT optimizations ...
INFO: [Pwropt 34-10] Applying ODC optimizations ...
INFO: [Timing 38-35] Done setting XDC timing constraints.
WARNING: [Power 33-232] No user defined clocks were found in the design! Power estimation will be inaccurate until this is corrected.
Resolution: Please specify clocks using create_clock/create_generated_clock for sequential elements. For pure combinatorial circuits, please specify a virtual clock, otherwise the vectorless estimation might be inaccurate
Running Vector-less Activity Propagation...

Finished Running Vector-less Activity Propagation
CRITICAL WARNING: [Power 33-333] The Vccint supply current exceeds the maximum limit of the selected package.  See the PCB design user guide for limit values.


Starting PowerOpt Patch Enables Task
INFO: [Pwropt 34-162] WRITE_MODE attribute of 0 BRAM(s) out of a total of 20 has been updated to save power. Run report_power_opt to get a complete listing of the BRAMs updated.
INFO: [Pwropt 34-201] Structural ODC has moved 0 WE to EN ports
Number of BRAM Ports augmented: 4 newly gated: 0 Total Ports: 40
Ending PowerOpt Patch Enables Task | Checksum: 2400bccee

Time (s): cpu = 00:00:00.17 ; elapsed = 00:00:00.14 . Memory (MB): peak = 4181.852 ; gain = 0.000 ; free physical = 1993 ; free virtual = 32765
Ending Power Optimization Task | Checksum: 2400bccee

Time (s): cpu = 00:00:09 ; elapsed = 00:00:05 . Memory (MB): peak = 4181.852 ; gain = 168.051 ; free physical = 1999 ; free virtual = 32771

Starting Final Cleanup Task

Starting Logic Optimization Task
INFO: [Timing 38-35] Done setting XDC timing constraints.
Ending Logic Optimization Task | Checksum: 1b901c691

Time (s): cpu = 00:00:02 ; elapsed = 00:00:00.83 . Memory (MB): peak = 4181.852 ; gain = 0.000 ; free physical = 2041 ; free virtual = 32813
Ending Final Cleanup Task | Checksum: 1b901c691

Time (s): cpu = 00:00:04 ; elapsed = 00:00:03 . Memory (MB): peak = 4181.852 ; gain = 0.000 ; free physical = 2029 ; free virtual = 32802
Netlist sorting complete. Time (s): cpu = 00:00:00 ; elapsed = 00:00:00 . Memory (MB): peak = 4181.852 ; gain = 0.000 ; free physical = 2029 ; free virtual = 32802
INFO: [Common 17-83] Releasing license: Implementation
35 Infos, 1 Warnings, 1 Critical Warnings and 0 Errors encountered.
opt_design completed successfully
opt_design: Time (s): cpu = 00:00:21 ; elapsed = 00:00:13 . Memory (MB): peak = 4181.852 ; gain = 1166.504 ; free physical = 2029 ; free virtual = 32802
INFO: [Vivado 12-24828] Executing command : report_drc -file tpu_top_axi_lite_drc_opted.rpt -pb tpu_top_axi_lite_drc_opted.pb -rpx tpu_top_axi_lite_drc_opted.rpx
Command: report_drc -file tpu_top_axi_lite_drc_opted.rpt -pb tpu_top_axi_lite_drc_opted.pb -rpx tpu_top_axi_lite_drc_opted.rpx
INFO: [IP_Flow 19-234] Refreshing IP repositories
INFO: [IP_Flow 19-1704] No user IP repositories specified
INFO: [IP_Flow 19-2313] Loaded Vivado IP repository '/home/pah/tools/Xilinx_20252/2025.2/data/ip'.
INFO: [DRC 23-27] Running DRC with 8 threads
INFO: [Vivado_Tcl 2-168] The results of DRC are in file /home/pah/fpga_cnn_accelerator/FPGA-based-CNN-Accelerator-for-autonomous-vehicles/src/synth/tpu_ip_v3/tpu_ip_v3.runs/impl_1/tpu_top_axi_lite_drc_opted.rpt.
report_drc completed successfully
Write ShapeDB Complete: Time (s): cpu = 00:00:00.07 ; elapsed = 00:00:00.03 . Memory (MB): peak = 4181.852 ; gain = 0.000 ; free physical = 2015 ; free virtual = 32792
INFO: [Common 17-1381] The checkpoint '/home/pah/fpga_cnn_accelerator/FPGA-based-CNN-Accelerator-for-autonomous-vehicles/src/synth/tpu_ip_v3/tpu_ip_v3.runs/impl_1/tpu_top_axi_lite_opt.dcp' has been generated.
Command: place_design
Attempting to get a license for feature 'Implementation' and/or device 'xczu7ev'
INFO: [Common 17-349] Got license for feature 'Implementation' and/or device 'xczu7ev'
INFO: [Common 17-83] Releasing license: Implementation
INFO: [DRC 23-27] Running DRC with 8 threads
INFO: [Vivado_Tcl 4-198] DRC finished with 0 Errors
INFO: [Vivado_Tcl 4-199] Please refer to the DRC report (report_drc) for more information.
INFO: [Timing 38-35] Done setting XDC timing constraints.
Running DRC as a precondition to command place_design
INFO: [DRC 23-27] Running DRC with 8 threads
INFO: [Vivado_Tcl 4-198] DRC finished with 0 Errors
INFO: [Vivado_Tcl 4-199] Please refer to the DRC report (report_drc) for more information.
INFO: [Place 30-611] Multithreading enabled for place_design using a maximum of 8 CPUs

Starting Placer Task

Phase 1 Placer Initialization

Phase 1.1 Placer Initialization Netlist Sorting
Netlist sorting complete. Time (s): cpu = 00:00:00 ; elapsed = 00:00:00.01 . Memory (MB): peak = 4181.852 ; gain = 0.000 ; free physical = 2036 ; free virtual = 32806
Phase 1.1 Placer Initialization Netlist Sorting | Checksum: 16f43f58e

Time (s): cpu = 00:00:00.01 ; elapsed = 00:00:00.01 . Memory (MB): peak = 4181.852 ; gain = 0.000 ; free physical = 2036 ; free virtual = 32806
Netlist sorting complete. Time (s): cpu = 00:00:00 ; elapsed = 00:00:00 . Memory (MB): peak = 4181.852 ; gain = 0.000 ; free physical = 2034 ; free virtual = 32803

Phase 1.2 IO Placement/ Clock Placement/ Build Placer Device
Phase 1.2 IO Placement/ Clock Placement/ Build Placer Device | Checksum: 1199d6e94

Time (s): cpu = 00:00:02 ; elapsed = 00:00:01 . Memory (MB): peak = 4181.852 ; gain = 0.000 ; free physical = 4456 ; free virtual = 35225

Phase 1.3 Build Placer Netlist Model
Phase 1.3 Build Placer Netlist Model | Checksum: 1e526dc04

Time (s): cpu = 00:00:05 ; elapsed = 00:00:04 . Memory (MB): peak = 4181.852 ; gain = 0.000 ; free physical = 4453 ; free virtual = 35224

Phase 1.4 Constrain Clocks/Macros
Phase 1.4 Constrain Clocks/Macros | Checksum: 1e526dc04

Time (s): cpu = 00:00:05 ; elapsed = 00:00:04 . Memory (MB): peak = 4181.852 ; gain = 0.000 ; free physical = 4449 ; free virtual = 35221
Phase 1 Placer Initialization | Checksum: 1e526dc04

Time (s): cpu = 00:00:05 ; elapsed = 00:00:04 . Memory (MB): peak = 4181.852 ; gain = 0.000 ; free physical = 4447 ; free virtual = 35219

Phase 2 Global Placement

Phase 2.1 Floorplanning

Phase 2.1.1 Partition Driven Placement

Phase 2.1.1.1 PBP: Partition Driven Placement
Phase 2.1.1.1 PBP: Partition Driven Placement | Checksum: 1f0dd8c93

Time (s): cpu = 00:00:09 ; elapsed = 00:00:06 . Memory (MB): peak = 4181.852 ; gain = 0.000 ; free physical = 4532 ; free virtual = 35304

Phase 2.1.1.2 PBP: Clock Region Placement
INFO: [Place 30-3162] Check ILP status : ILP-based clock placer completed successfully.
Phase 2.1.1.2 PBP: Clock Region Placement | Checksum: 1f0dd8c93

Time (s): cpu = 00:00:10 ; elapsed = 00:00:06 . Memory (MB): peak = 4181.852 ; gain = 0.000 ; free physical = 4526 ; free virtual = 35297

Phase 2.1.1.3 PBP: Compute Congestion
Phase 2.1.1.3 PBP: Compute Congestion | Checksum: 1f0dd8c93

Time (s): cpu = 00:00:18 ; elapsed = 00:00:09 . Memory (MB): peak = 4415.844 ; gain = 233.992 ; free physical = 5862 ; free virtual = 36637

Phase 2.1.1.4 PBP: Add part constraints
Phase 2.1.1.4 PBP: Add part constraints | Checksum: 1f0dd8c93

Time (s): cpu = 00:00:18 ; elapsed = 00:00:09 . Memory (MB): peak = 4415.844 ; gain = 233.992 ; free physical = 5862 ; free virtual = 36638
Phase 2.1.1 Partition Driven Placement | Checksum: 1f0dd8c93

Time (s): cpu = 00:00:18 ; elapsed = 00:00:09 . Memory (MB): peak = 4415.844 ; gain = 233.992 ; free physical = 5858 ; free virtual = 36632
Phase 2.1 Floorplanning | Checksum: 1f0dd8c93

Time (s): cpu = 00:00:18 ; elapsed = 00:00:09 . Memory (MB): peak = 4415.844 ; gain = 233.992 ; free physical = 5855 ; free virtual = 36630

Phase 2.2 Update Timing before SLR Path Opt
Phase 2.2 Update Timing before SLR Path Opt | Checksum: 1f0dd8c93

Time (s): cpu = 00:00:18 ; elapsed = 00:00:09 . Memory (MB): peak = 4415.844 ; gain = 233.992 ; free physical = 5854 ; free virtual = 36629

Phase 2.3 Post-Processing in Floorplanning
Phase 2.3 Post-Processing in Floorplanning | Checksum: 1f0dd8c93

Time (s): cpu = 00:00:18 ; elapsed = 00:00:09 . Memory (MB): peak = 4415.844 ; gain = 233.992 ; free physical = 5846 ; free virtual = 36618

Phase 2.4 Global Place Phase1
Phase 2.4 Global Place Phase1 | Checksum: 19ce10059

Time (s): cpu = 00:00:57 ; elapsed = 00:00:23 . Memory (MB): peak = 4571.875 ; gain = 390.023 ; free physical = 5887 ; free virtual = 36666

Phase 2.5 Global Place Phase2
WARNING: [Place 46-29] Timing had been disabled during Placer and, therefore, physical synthesis in Placer will be skipped.
Phase 2.5 Global Place Phase2 | Checksum: 2e10ed28b

Time (s): cpu = 00:01:08 ; elapsed = 00:00:27 . Memory (MB): peak = 4573.875 ; gain = 392.023 ; free physical = 5772 ; free virtual = 36555
Phase 2 Global Placement | Checksum: 2e10ed28b

Time (s): cpu = 00:01:08 ; elapsed = 00:00:27 . Memory (MB): peak = 4573.875 ; gain = 392.023 ; free physical = 5773 ; free virtual = 36557

Phase 3 Detail Placement

Phase 3.1 Commit Multi Column Macros
Phase 3.1 Commit Multi Column Macros | Checksum: 2e10ed28b

Time (s): cpu = 00:01:16 ; elapsed = 00:00:29 . Memory (MB): peak = 4573.875 ; gain = 392.023 ; free physical = 5748 ; free virtual = 36525

Phase 3.2 Commit Most Macros & LUTRAMs
Phase 3.2 Commit Most Macros & LUTRAMs | Checksum: 19e9cc070

Time (s): cpu = 00:01:17 ; elapsed = 00:00:29 . Memory (MB): peak = 4573.875 ; gain = 392.023 ; free physical = 5763 ; free virtual = 36540

Phase 3.3 Small Shape DP

Phase 3.3.1 Small Shape Clustering
Phase 3.3.1 Small Shape Clustering | Checksum: 1c3fb2b81

Time (s): cpu = 00:01:25 ; elapsed = 00:00:32 . Memory (MB): peak = 4573.875 ; gain = 392.023 ; free physical = 5721 ; free virtual = 36506

Phase 3.3.2 Slice Area Swap

Phase 3.3.2.1 Slice Area Swap Initial
Phase 3.3.2.1 Slice Area Swap Initial | Checksum: 1f858416e

Time (s): cpu = 00:01:26 ; elapsed = 00:00:32 . Memory (MB): peak = 4573.875 ; gain = 392.023 ; free physical = 5701 ; free virtual = 36485
Phase 3.3.2 Slice Area Swap | Checksum: 1f858416e

Time (s): cpu = 00:01:26 ; elapsed = 00:00:32 . Memory (MB): peak = 4573.875 ; gain = 392.023 ; free physical = 5698 ; free virtual = 36483
Phase 3.3 Small Shape DP | Checksum: 2dee99213

Time (s): cpu = 00:01:29 ; elapsed = 00:00:33 . Memory (MB): peak = 4573.875 ; gain = 392.023 ; free physical = 5701 ; free virtual = 36490

Phase 3.4 Re-assign LUT pins
Phase 3.4 Re-assign LUT pins | Checksum: 2dee99213

Time (s): cpu = 00:01:31 ; elapsed = 00:00:35 . Memory (MB): peak = 4573.875 ; gain = 392.023 ; free physical = 5702 ; free virtual = 36486

Phase 3.5 Pipeline Register Optimization
Phase 3.5 Pipeline Register Optimization | Checksum: 2bb3ca1eb

Time (s): cpu = 00:01:31 ; elapsed = 00:00:35 . Memory (MB): peak = 4573.875 ; gain = 392.023 ; free physical = 5693 ; free virtual = 36477
Phase 3 Detail Placement | Checksum: 2bb3ca1eb

Time (s): cpu = 00:01:31 ; elapsed = 00:00:35 . Memory (MB): peak = 4573.875 ; gain = 392.023 ; free physical = 5689 ; free virtual = 36473

Phase 4 Post Placement Optimization and Clean-Up

Phase 4.1 Post Commit Optimization
Phase 4.1 Post Commit Optimization | Checksum: 2bb3ca1eb

Time (s): cpu = 00:01:39 ; elapsed = 00:00:38 . Memory (MB): peak = 4573.875 ; gain = 392.023 ; free physical = 5680 ; free virtual = 36463
Netlist sorting complete. Time (s): cpu = 00:00:00.01 ; elapsed = 00:00:00 . Memory (MB): peak = 4581.875 ; gain = 0.000 ; free physical = 5697 ; free virtual = 36506

Phase 4.2 Post Placement Cleanup
Phase 4.2 Post Placement Cleanup | Checksum: 2398a0e5b

Time (s): cpu = 00:01:53 ; elapsed = 00:00:45 . Memory (MB): peak = 4581.875 ; gain = 400.023 ; free physical = 5696 ; free virtual = 36505

Phase 4.3 Placer Reporting

Phase 4.3.1 Print Estimated Congestion
INFO: [Place 30-612] Post-Placement Estimated Congestion 
 ________________________________________________________________________
|           | Global Congestion | Long Congestion   | Short Congestion  |
| Direction | Region Size       | Region Size       | Region Size       |
|___________|___________________|___________________|___________________|
|      North|                1x1|                1x1|                1x1|
|___________|___________________|___________________|___________________|
|      South|                1x1|                1x1|                1x1|
|___________|___________________|___________________|___________________|
|       East|                1x1|                1x1|                1x1|
|___________|___________________|___________________|___________________|
|       West|                1x1|                1x1|                1x1|
|___________|___________________|___________________|___________________|

Phase 4.3.1 Print Estimated Congestion | Checksum: 2398a0e5b

Time (s): cpu = 00:01:53 ; elapsed = 00:00:45 . Memory (MB): peak = 4581.875 ; gain = 400.023 ; free physical = 5697 ; free virtual = 36506
Phase 4.3 Placer Reporting | Checksum: 2398a0e5b

Time (s): cpu = 00:01:53 ; elapsed = 00:00:45 . Memory (MB): peak = 4581.875 ; gain = 400.023 ; free physical = 5703 ; free virtual = 36512

Phase 4.4 Final Placement Cleanup
Netlist sorting complete. Time (s): cpu = 00:00:00 ; elapsed = 00:00:00.01 . Memory (MB): peak = 4581.875 ; gain = 0.000 ; free physical = 5703 ; free virtual = 36512

Time (s): cpu = 00:01:53 ; elapsed = 00:00:45 . Memory (MB): peak = 4581.875 ; gain = 400.023 ; free physical = 5703 ; free virtual = 36512
Phase 4 Post Placement Optimization and Clean-Up | Checksum: 2996ca5cb

Time (s): cpu = 00:01:53 ; elapsed = 00:00:45 . Memory (MB): peak = 4581.875 ; gain = 400.023 ; free physical = 5705 ; free virtual = 36514
Ending Placer Task | Checksum: 1aefce4eb

Time (s): cpu = 00:01:53 ; elapsed = 00:00:45 . Memory (MB): peak = 4581.875 ; gain = 400.023 ; free physical = 5710 ; free virtual = 36519
54 Infos, 2 Warnings, 1 Critical Warnings and 0 Errors encountered.
place_design completed successfully
place_design: Time (s): cpu = 00:01:58 ; elapsed = 00:00:47 . Memory (MB): peak = 4581.875 ; gain = 400.023 ; free physical = 5708 ; free virtual = 36517
INFO: [Vivado 12-24838] Running report commands "report_control_sets, report_io, report_utilization" in parallel.
Running report generation with 3 threads.
INFO: [Vivado 12-24828] Executing command : report_control_sets -verbose -file tpu_top_axi_lite_control_sets_placed.rpt
report_control_sets: Time (s): cpu = 00:00:00.18 ; elapsed = 00:00:00.13 . Memory (MB): peak = 4581.875 ; gain = 0.000 ; free physical = 5700 ; free virtual = 36509
INFO: [Vivado 12-24828] Executing command : report_io -file tpu_top_axi_lite_io_placed.rpt
report_io: Time (s): cpu = 00:00:00.31 ; elapsed = 00:00:00.31 . Memory (MB): peak = 4581.875 ; gain = 0.000 ; free physical = 5658 ; free virtual = 36468
INFO: [Vivado 12-24828] Executing command : report_utilization -file tpu_top_axi_lite_utilization_placed.rpt -pb tpu_top_axi_lite_utilization_placed.pb
Write ShapeDB Complete: Time (s): cpu = 00:00:00.17 ; elapsed = 00:00:00.05 . Memory (MB): peak = 4581.875 ; gain = 0.000 ; free physical = 5645 ; free virtual = 36459
Wrote PlaceDB: Time (s): cpu = 00:00:01 ; elapsed = 00:00:00.58 . Memory (MB): peak = 4581.875 ; gain = 0.000 ; free physical = 6072 ; free virtual = 36868
Wrote PulsedLatchDB: Time (s): cpu = 00:00:00 ; elapsed = 00:00:00 . Memory (MB): peak = 4581.875 ; gain = 0.000 ; free physical = 6072 ; free virtual = 36868
Writing XDEF routing.
Writing XDEF routing logical nets.
Writing XDEF routing special nets.
Wrote RouteStorage: Time (s): cpu = 00:00:00.1 ; elapsed = 00:00:00.1 . Memory (MB): peak = 4581.875 ; gain = 0.000 ; free physical = 6009 ; free virtual = 36829
Wrote Netlist Cache: Time (s): cpu = 00:00:00.02 ; elapsed = 00:00:00.03 . Memory (MB): peak = 4581.875 ; gain = 0.000 ; free physical = 6007 ; free virtual = 36837
Wrote Device Cache: Time (s): cpu = 00:00:00.02 ; elapsed = 00:00:00.02 . Memory (MB): peak = 4581.875 ; gain = 0.000 ; free physical = 6007 ; free virtual = 36841
Write Physdb Complete: Time (s): cpu = 00:00:01 ; elapsed = 00:00:00.74 . Memory (MB): peak = 4581.875 ; gain = 0.000 ; free physical = 6003 ; free virtual = 36839
INFO: [Common 17-1381] The checkpoint '/home/pah/fpga_cnn_accelerator/FPGA-based-CNN-Accelerator-for-autonomous-vehicles/src/synth/tpu_ip_v3/tpu_ip_v3.runs/impl_1/tpu_top_axi_lite_placed.dcp' has been generated.
Command: phys_opt_design
Attempting to get a license for feature 'Implementation' and/or device 'xczu7ev'
INFO: [Common 17-349] Got license for feature 'Implementation' and/or device 'xczu7ev'

Starting Initial Update Timing Task

Time (s): cpu = 00:00:08 ; elapsed = 00:00:08 . Memory (MB): peak = 4973.367 ; gain = 391.492 ; free physical = 5402 ; free virtual = 36239
INFO: [Vivado_Tcl 4-235] No timing constraint found. The netlist was not modified.
INFO: [Common 17-83] Releasing license: Implementation
62 Infos, 2 Warnings, 1 Critical Warnings and 0 Errors encountered.
phys_opt_design completed successfully
phys_opt_design: Time (s): cpu = 00:00:09 ; elapsed = 00:00:08 . Memory (MB): peak = 4973.367 ; gain = 391.492 ; free physical = 5417 ; free virtual = 36253
Write ShapeDB Complete: Time (s): cpu = 00:00:00.18 ; elapsed = 00:00:00.05 . Memory (MB): peak = 4973.367 ; gain = 0.000 ; free physical = 5398 ; free virtual = 36239
Wrote PlaceDB: Time (s): cpu = 00:00:01 ; elapsed = 00:00:00.59 . Memory (MB): peak = 4973.367 ; gain = 0.000 ; free physical = 5331 ; free virtual = 36190
Wrote PulsedLatchDB: Time (s): cpu = 00:00:00 ; elapsed = 00:00:00 . Memory (MB): peak = 4973.367 ; gain = 0.000 ; free physical = 5331 ; free virtual = 36190
Writing XDEF routing.
Writing XDEF routing logical nets.
Writing XDEF routing special nets.
Wrote RouteStorage: Time (s): cpu = 00:00:00.05 ; elapsed = 00:00:00.05 . Memory (MB): peak = 4973.367 ; gain = 0.000 ; free physical = 5332 ; free virtual = 36195
Wrote Netlist Cache: Time (s): cpu = 00:00:00.02 ; elapsed = 00:00:00.03 . Memory (MB): peak = 4973.367 ; gain = 0.000 ; free physical = 5321 ; free virtual = 36185
Wrote Device Cache: Time (s): cpu = 00:00:00.01 ; elapsed = 00:00:00.01 . Memory (MB): peak = 4973.367 ; gain = 0.000 ; free physical = 5313 ; free virtual = 36179
Write Physdb Complete: Time (s): cpu = 00:00:01 ; elapsed = 00:00:00.69 . Memory (MB): peak = 4973.367 ; gain = 0.000 ; free physical = 5309 ; free virtual = 36175
INFO: [Common 17-1381] The checkpoint '/home/pah/fpga_cnn_accelerator/FPGA-based-CNN-Accelerator-for-autonomous-vehicles/src/synth/tpu_ip_v3/tpu_ip_v3.runs/impl_1/tpu_top_axi_lite_physopt.dcp' has been generated.
Command: route_design
Attempting to get a license for feature 'Implementation' and/or device 'xczu7ev'
INFO: [Common 17-349] Got license for feature 'Implementation' and/or device 'xczu7ev'


Starting Routing Task
INFO: [Route 35-254] Multithreading enabled for route_design using a maximum of 8 CPUs

Phase 1 Build RT Design
Checksum: PlaceDB: b7966be4 ConstDB: 0 ShapeSum: 7c999f15 RouteDB: 7accd9f2
Nodegraph reading from file.  Time (s): cpu = 00:00:00.49 ; elapsed = 00:00:00.53 . Memory (MB): peak = 4973.367 ; gain = 0.000 ; free physical = 5312 ; free virtual = 36154
Post Restoration Checksum: NetGraph: 974a9d2f | NumContArr: 21609918 | Constraints: 2dc3aedc | Timing: c2a8fa9d
Phase 1 Build RT Design | Checksum: 1a917dfc0

Time (s): cpu = 00:00:06 ; elapsed = 00:00:04 . Memory (MB): peak = 4973.367 ; gain = 0.000 ; free physical = 5303 ; free virtual = 36138

Phase 2 Router Initialization
INFO: [Route 35-64] No timing constraints were detected. The router will operate in resource-optimization mode.

Phase 2.1 Fix Topology Constraints
Phase 2.1 Fix Topology Constraints | Checksum: 1a917dfc0

Time (s): cpu = 00:00:06 ; elapsed = 00:00:04 . Memory (MB): peak = 4973.367 ; gain = 0.000 ; free physical = 5313 ; free virtual = 36148

Phase 2.2 Pre Route Cleanup
Phase 2.2 Pre Route Cleanup | Checksum: 1a917dfc0

Time (s): cpu = 00:00:06 ; elapsed = 00:00:04 . Memory (MB): peak = 4973.367 ; gain = 0.000 ; free physical = 5311 ; free virtual = 36147

Phase 2.3 Global Clock Net Routing
 Number of Nodes with overlaps = 0
Phase 2.3 Global Clock Net Routing | Checksum: 1e062d2ee

Time (s): cpu = 00:00:07 ; elapsed = 00:00:04 . Memory (MB): peak = 4973.367 ; gain = 0.000 ; free physical = 5309 ; free virtual = 36144

Router Utilization Summary
  Global Vertical Routing Utilization    = 0 %
  Global Horizontal Routing Utilization  = 0 %
  Routable Net Status*
  *Does not include unroutable nets such as driverless and loadless.
  Run report_route_status for detailed report.
  Number of Failed Nets               = 19884
    (Failed Nets is the sum of unrouted and partially routed nets)
  Number of Unrouted Nets             = 16956
  Number of Partially Routed Nets     = 2928
  Number of Node Overlaps             = 0

Phase 2 Router Initialization | Checksum: 19766f7f3

Time (s): cpu = 00:00:08 ; elapsed = 00:00:05 . Memory (MB): peak = 4973.367 ; gain = 0.000 ; free physical = 5296 ; free virtual = 36125

Phase 3 Global Routing
Phase 3 Global Routing | Checksum: 19766f7f3

Time (s): cpu = 00:00:08 ; elapsed = 00:00:05 . Memory (MB): peak = 4973.367 ; gain = 0.000 ; free physical = 5298 ; free virtual = 36128

Phase 4 Initial Routing

Phase 4.1 Initial Net Routing Pass
Phase 4.1 Initial Net Routing Pass | Checksum: 2008e6655

Time (s): cpu = 00:00:13 ; elapsed = 00:00:06 . Memory (MB): peak = 4973.367 ; gain = 0.000 ; free physical = 5339 ; free virtual = 36178
Phase 4 Initial Routing | Checksum: 2008e6655

Time (s): cpu = 00:00:13 ; elapsed = 00:00:06 . Memory (MB): peak = 4973.367 ; gain = 0.000 ; free physical = 5360 ; free virtual = 36198

Phase 5 Rip-up And Reroute

Phase 5.1 Global Iteration 0
 Number of Nodes with overlaps = 3314
 Number of Nodes with overlaps = 171
 Number of Nodes with overlaps = 1
 Number of Nodes with overlaps = 0
Phase 5.1 Global Iteration 0 | Checksum: 200db70ec

Time (s): cpu = 00:00:24 ; elapsed = 00:00:11 . Memory (MB): peak = 4973.367 ; gain = 0.000 ; free physical = 5472 ; free virtual = 36306
Phase 5 Rip-up And Reroute | Checksum: 200db70ec

Time (s): cpu = 00:00:24 ; elapsed = 00:00:11 . Memory (MB): peak = 4973.367 ; gain = 0.000 ; free physical = 5472 ; free virtual = 36306

Phase 6 Delay and Skew Optimization
Phase 6 Delay and Skew Optimization | Checksum: 18795fa8c

Time (s): cpu = 00:00:24 ; elapsed = 00:00:11 . Memory (MB): peak = 4973.367 ; gain = 0.000 ; free physical = 5480 ; free virtual = 36314

Phase 7 Post Hold Fix

Phase 7.1 Hold Fix Iter
Phase 7.1 Hold Fix Iter | Checksum: 18795fa8c

Time (s): cpu = 00:00:24 ; elapsed = 00:00:11 . Memory (MB): peak = 4973.367 ; gain = 0.000 ; free physical = 5480 ; free virtual = 36314
Phase 7 Post Hold Fix | Checksum: 18795fa8c

Time (s): cpu = 00:00:24 ; elapsed = 00:00:11 . Memory (MB): peak = 4973.367 ; gain = 0.000 ; free physical = 5478 ; free virtual = 36314

Phase 8 Route finalize

Router Utilization Summary
  Global Vertical Routing Utilization    = 0.950761 %
  Global Horizontal Routing Utilization  = 1.21353 %
  Routable Net Status*
  *Does not include unroutable nets such as driverless and loadless.
  Run report_route_status for detailed report.
  Number of Failed Nets               = 0
    (Failed Nets is the sum of unrouted and partially routed nets)
  Number of Unrouted Nets             = 0
  Number of Partially Routed Nets     = 0
  Number of Node Overlaps             = 0


--GLOBAL Congestion:
Utilization threshold used for congestion level computation: 0.85
Congestion Report
North Dir 1x1 Area, Max Cong = 43.662%, No Congested Regions.
South Dir 1x1 Area, Max Cong = 52.1327%, No Congested Regions.
East Dir 1x1 Area, Max Cong = 47.1154%, No Congested Regions.
West Dir 1x1 Area, Max Cong = 56.7308%, No Congested Regions.

------------------------------
Reporting congestion hotspots
------------------------------
Direction: North
----------------
Congested clusters found at Level 0
Effective congestion level: 0 Aspect Ratio: 1 Sparse Ratio: 0
Direction: South
----------------
Congested clusters found at Level 0
Effective congestion level: 0 Aspect Ratio: 1 Sparse Ratio: 0
Direction: East
----------------
Congested clusters found at Level 0
Effective congestion level: 0 Aspect Ratio: 1 Sparse Ratio: 0
Direction: West
----------------
Congested clusters found at Level 0
Effective congestion level: 0 Aspect Ratio: 1 Sparse Ratio: 0

Phase 8 Route finalize | Checksum: 18795fa8c

Time (s): cpu = 00:00:24 ; elapsed = 00:00:11 . Memory (MB): peak = 4973.367 ; gain = 0.000 ; free physical = 5465 ; free virtual = 36301

Phase 9 Verifying routed nets

 Verification completed successfully
Phase 9 Verifying routed nets | Checksum: 18795fa8c

Time (s): cpu = 00:00:24 ; elapsed = 00:00:11 . Memory (MB): peak = 4973.367 ; gain = 0.000 ; free physical = 5476 ; free virtual = 36312

Phase 10 Depositing Routes
Phase 10 Depositing Routes | Checksum: 18795fa8c

Time (s): cpu = 00:00:26 ; elapsed = 00:00:12 . Memory (MB): peak = 4973.367 ; gain = 0.000 ; free physical = 5453 ; free virtual = 36287

Phase 11 Resolve XTalk

Skipping xtalk assignment for non timing driven mode.
Phase 11 Resolve XTalk | Checksum: 18795fa8c

Time (s): cpu = 00:00:26 ; elapsed = 00:00:12 . Memory (MB): peak = 4973.367 ; gain = 0.000 ; free physical = 5452 ; free virtual = 36286

Phase 12 Post Process Routing
Phase 12 Post Process Routing | Checksum: 18795fa8c

Time (s): cpu = 00:00:26 ; elapsed = 00:00:12 . Memory (MB): peak = 4973.367 ; gain = 0.000 ; free physical = 5457 ; free virtual = 36291
Time taken to check if laguna hold fix is required (in secs): 0
Skip PhysOpt in Router because non-negative WNS value: 1e+30 .
Total Elapsed time in route_design: 12.27 secs

Phase 13 Post-Route Event Processing
Phase 13 Post-Route Event Processing | Checksum: 1cf333413

Time (s): cpu = 00:00:27 ; elapsed = 00:00:12 . Memory (MB): peak = 4973.367 ; gain = 0.000 ; free physical = 5469 ; free virtual = 36303
INFO: [Route 35-16] Router Completed Successfully
Ending Routing Task | Checksum: 1cf333413

Time (s): cpu = 00:00:27 ; elapsed = 00:00:12 . Memory (MB): peak = 4973.367 ; gain = 0.000 ; free physical = 5482 ; free virtual = 36316

Routing Is Done.
INFO: [Common 17-83] Releasing license: Implementation
68 Infos, 2 Warnings, 1 Critical Warnings and 0 Errors encountered.
route_design completed successfully
route_design: Time (s): cpu = 00:00:28 ; elapsed = 00:00:13 . Memory (MB): peak = 4973.367 ; gain = 0.000 ; free physical = 5467 ; free virtual = 36302
INFO: [Vivado 12-24828] Executing command : report_drc -file tpu_top_axi_lite_drc_routed.rpt -pb tpu_top_axi_lite_drc_routed.pb -rpx tpu_top_axi_lite_drc_routed.rpx
Command: report_drc -file tpu_top_axi_lite_drc_routed.rpt -pb tpu_top_axi_lite_drc_routed.pb -rpx tpu_top_axi_lite_drc_routed.rpx
INFO: [IP_Flow 19-1839] IP Catalog is up to date.
INFO: [DRC 23-27] Running DRC with 8 threads
INFO: [Vivado_Tcl 2-168] The results of DRC are in file /home/pah/fpga_cnn_accelerator/FPGA-based-CNN-Accelerator-for-autonomous-vehicles/src/synth/tpu_ip_v3/tpu_ip_v3.runs/impl_1/tpu_top_axi_lite_drc_routed.rpt.
report_drc completed successfully
INFO: [Vivado 12-24828] Executing command : report_methodology -file tpu_top_axi_lite_methodology_drc_routed.rpt -pb tpu_top_axi_lite_methodology_drc_routed.pb -rpx tpu_top_axi_lite_methodology_drc_routed.rpx
Command: report_methodology -file tpu_top_axi_lite_methodology_drc_routed.rpt -pb tpu_top_axi_lite_methodology_drc_routed.pb -rpx tpu_top_axi_lite_methodology_drc_routed.rpx
INFO: [Timing 38-35] Done setting XDC timing constraints.
INFO: [DRC 23-133] Running Methodology with 8 threads
INFO: [Vivado_Tcl 2-1520] The results of Report Methodology are in file /home/pah/fpga_cnn_accelerator/FPGA-based-CNN-Accelerator-for-autonomous-vehicles/src/synth/tpu_ip_v3/tpu_ip_v3.runs/impl_1/tpu_top_axi_lite_methodology_drc_routed.rpt.
report_methodology completed successfully
INFO: [Vivado 12-24828] Executing command : report_timing_summary -max_paths 10 -routable_nets -report_unconstrained -file tpu_top_axi_lite_timing_summary_routed.rpt -pb tpu_top_axi_lite_timing_summary_routed.pb -rpx tpu_top_axi_lite_timing_summary_routed.rpx -warn_on_violation 
INFO: [Timing 38-35] Done setting XDC timing constraints.
INFO: [Timing 38-91] UpdateTimingParams: Speed grade: -2, Temperature grade: E, Delay Type: min_max.
INFO: [Timing 38-191] Multithreading enabled for timing update using a maximum of 8 CPUs
WARNING: [Timing 38-313] There are no user specified timing constraints. Timing constraints are needed for proper timing analysis.
INFO: [Vivado 12-24838] Running report commands "report_bus_skew, report_incremental_reuse, report_route_status" in parallel.
Running report generation with 3 threads.
INFO: [Vivado 12-24828] Executing command : report_incremental_reuse -file tpu_top_axi_lite_incremental_reuse_routed.rpt
INFO: [Vivado_Tcl 4-1062] Incremental flow is disabled. No incremental reuse Info to report.
INFO: [Vivado 12-24828] Executing command : report_bus_skew -warn_on_violation -file tpu_top_axi_lite_bus_skew_routed.rpt -pb tpu_top_axi_lite_bus_skew_routed.pb -rpx tpu_top_axi_lite_bus_skew_routed.rpx
INFO: [Timing 38-91] UpdateTimingParams: Speed grade: -2, Temperature grade: E, Delay Type: min_max.
INFO: [Timing 38-191] Multithreading enabled for timing update using a maximum of 8 CPUs
INFO: [Vivado 12-24828] Executing command : report_route_status -file tpu_top_axi_lite_route_status.rpt -pb tpu_top_axi_lite_route_status.pb
INFO: [Vivado 12-24828] Executing command : report_power -file tpu_top_axi_lite_power_routed.rpt -pb tpu_top_axi_lite_power_summary_routed.pb -rpx tpu_top_axi_lite_power_routed.rpx
Command: report_power -file tpu_top_axi_lite_power_routed.rpt -pb tpu_top_axi_lite_power_summary_routed.pb -rpx tpu_top_axi_lite_power_routed.rpx
WARNING: [Power 33-232] No user defined clocks were found in the design! Power estimation will be inaccurate until this is corrected.
Resolution: Please specify clocks using create_clock/create_generated_clock for sequential elements. For pure combinatorial circuits, please specify a virtual clock, otherwise the vectorless estimation might be inaccurate
Running Vector-less Activity Propagation...

Finished Running Vector-less Activity Propagation
CRITICAL WARNING: [Power 33-333] The Vccint supply current exceeds the maximum limit of the selected package.  See the PCB design user guide for limit values.
88 Infos, 4 Warnings, 2 Critical Warnings and 0 Errors encountered.
report_power completed successfully
report_power: Time (s): cpu = 00:00:08 ; elapsed = 00:00:05 . Memory (MB): peak = 5013.387 ; gain = 40.020 ; free physical = 5558 ; free virtual = 36405
INFO: [Vivado 12-24828] Executing command : report_clock_utilization -file tpu_top_axi_lite_clock_utilization_routed.rpt
generate_parallel_reports: Time (s): cpu = 00:00:28 ; elapsed = 00:00:12 . Memory (MB): peak = 5013.387 ; gain = 40.020 ; free physical = 5596 ; free virtual = 36442
Write ShapeDB Complete: Time (s): cpu = 00:00:00.17 ; elapsed = 00:00:00.05 . Memory (MB): peak = 5013.387 ; gain = 0.000 ; free physical = 5594 ; free virtual = 36444
Wrote PlaceDB: Time (s): cpu = 00:00:01 ; elapsed = 00:00:00.56 . Memory (MB): peak = 5013.387 ; gain = 0.000 ; free physical = 5580 ; free virtual = 36448
Wrote PulsedLatchDB: Time (s): cpu = 00:00:00 ; elapsed = 00:00:00 . Memory (MB): peak = 5013.387 ; gain = 0.000 ; free physical = 5580 ; free virtual = 36448
Writing XDEF routing.
Writing XDEF routing logical nets.
Writing XDEF routing special nets.
Wrote RouteStorage: Time (s): cpu = 00:00:00.22 ; elapsed = 00:00:00.13 . Memory (MB): peak = 5013.387 ; gain = 0.000 ; free physical = 5559 ; free virtual = 36430
Wrote Netlist Cache: Time (s): cpu = 00:00:00.02 ; elapsed = 00:00:00.03 . Memory (MB): peak = 5013.387 ; gain = 0.000 ; free physical = 5552 ; free virtual = 36426
Wrote Device Cache: Time (s): cpu = 00:00:00.01 ; elapsed = 00:00:00.01 . Memory (MB): peak = 5013.387 ; gain = 0.000 ; free physical = 5548 ; free virtual = 36425
Write Physdb Complete: Time (s): cpu = 00:00:02 ; elapsed = 00:00:00.74 . Memory (MB): peak = 5013.387 ; gain = 0.000 ; free physical = 5547 ; free virtual = 36424
INFO: [Common 17-1381] The checkpoint '/home/pah/fpga_cnn_accelerator/FPGA-based-CNN-Accelerator-for-autonomous-vehicles/src/synth/tpu_ip_v3/tpu_ip_v3.runs/impl_1/tpu_top_axi_lite_routed.dcp' has been generated.
INFO: [Common 17-206] Exiting Vivado at Thu Jun  4 10:28:57 2026...
