Copyright 1986-2022 Xilinx, Inc. All Rights Reserved. Copyright 2022-2025 Advanced Micro Devices, Inc. All Rights Reserved.
---------------------------------------------------------------------------------------------------------------------------------------------
| Tool Version : Vivado v.2025.2 (lin64) Build 6299465 Fri Nov 14 12:34:56 MST 2025
| Date         : Wed Apr  1 10:24:07 2026
| Host         : pah-PC running 64-bit Ubuntu 24.04.4 LTS
| Command      : report_control_sets -verbose -file cnn_wrapper_control_sets_placed.rpt
| Design       : cnn_wrapper
| Device       : xczu7ev
---------------------------------------------------------------------------------------------------------------------------------------------

Control Set Information

Table of Contents
-----------------
1. Summary
2. Histogram
3. Flip-Flop Distribution
4. Detailed Control Set Information

1. Summary
----------

+----------------------------------------------------------+-------+
|                          Status                          | Count |
+----------------------------------------------------------+-------+
| Total control sets                                       |     7 |
|    Minimum number of control sets                        |     7 |
|    Addition due to synthesis replication                 |     0 |
|    Addition due to physical synthesis replication        |     0 |
| Unused register locations in slices containing registers |     8 |
+----------------------------------------------------------+-------+
* Control sets can be merged at opt_design using control_set_merge or merge_equivalent_drivers
** Run report_qor_suggestions for automated merging and remapping suggestions


2. Histogram
------------

+--------------------+-------+
|       Fanout       | Count |
+--------------------+-------+
| Total control sets |     7 |
| >= 0 to < 4        |     1 |
| >= 4 to < 6        |     0 |
| >= 6 to < 8        |     0 |
| >= 8 to < 10       |     1 |
| >= 10 to < 12      |     1 |
| >= 12 to < 14      |     0 |
| >= 14 to < 16      |     0 |
| >= 16              |     4 |
+--------------------+-------+
* Control sets can be remapped at either synth_design or opt_design


3. Flip-Flop Distribution
-------------------------

+--------------+-----------------------+------------------------+-----------------+--------------+
| Clock Enable | Synchronous Set/Reset | Asynchronous Set/Reset | Total Registers | Total Slices |
+--------------+-----------------------+------------------------+-----------------+--------------+
| No           | No                    | No                     |               0 |            0 |
| No           | No                    | Yes                    |             318 |           74 |
| No           | Yes                   | No                     |               4 |            4 |
| Yes          | No                    | No                     |               0 |            0 |
| Yes          | No                    | Yes                    |             658 |          172 |
| Yes          | Yes                   | No                     |             560 |          147 |
+--------------+-----------------------+------------------------+-----------------+--------------+


4. Detailed Control Set Information
-----------------------------------

+--------------+----------------------------------------------------------------------------------------------------------------------+------------------+------------------+----------------+--------------+
| Clock Signal |                                                     Enable Signal                                                    | Set/Reset Signal | Slice Load Count | Bel Load Count | Bels / Slice |
+--------------+----------------------------------------------------------------------------------------------------------------------+------------------+------------------+----------------+--------------+
|  clk         | u_cnn_accelerator_core/u_controller/delay_count_n[0]                                                                 | rst_n            |                1 |              3 |         3.00 |
|  clk         | u_cnn_accelerator_core/u_controller/k_index_n[0]                                                                     | rst_n            |                3 |              9 |         3.00 |
|  clk         | u_cnn_accelerator_core/u_controller/FSM_onehot_state[9]_i_1_n_0                                                      | rst_n            |                3 |             10 |         3.33 |
|  clk         | u_cnn_accelerator_core/u_controller/Q[3]                                                                             | rst_n            |               12 |             68 |         5.67 |
|  clk         |                                                                                                                      | rst_n            |               76 |            322 |         4.24 |
|  clk         | u_cnn_accelerator_core/u_controller/Q[5]                                                                             | rst_n            |              147 |            560 |         3.81 |
|  clk         | u_cnn_accelerator_core/u_computational_array/u_systolic_array/GEN_ROW[0].GEN_COL[0].pe_inst/mac_inst/accum_inst/E[0] | rst_n            |              154 |            568 |         3.69 |
+--------------+----------------------------------------------------------------------------------------------------------------------+------------------+------------------+----------------+--------------+


