#-----------------------------------------------------------
# xsim v2025.2 (64-bit)
# SW Build 6299465 on Fri Nov 14 12:34:56 MST 2025
# IP Build 6300035 on Fri Nov 14 10:48:45 MST 2025
# SharedData Build 6298862 on Thu Nov 13 04:50:51 MST 2025
# Start of session at: Fri Jun  5 23:31:54 2026
# Process ID         : 1767917
# Current directory  : /home/pah/fpga_cnn_accelerator/FPGA-based-CNN-Accelerator-for-autonomous-vehicles/src/sim/tb_v4
# Command line       : xsim -mode tcl -source {xsim.dir/test_tpu_top_end_to_end_snapshot/xsim_script.tcl}
# Log file           : /home/pah/fpga_cnn_accelerator/FPGA-based-CNN-Accelerator-for-autonomous-vehicles/src/sim/tb_v4/xsim.log
# Journal file       : /home/pah/fpga_cnn_accelerator/FPGA-based-CNN-Accelerator-for-autonomous-vehicles/src/sim/tb_v4/xsim.jou
# Running On         : pah-PC
# Platform           : Ubuntu
# Operating System   : Ubuntu 24.04.4 LTS
# Processor Detail   : AMD Ryzen 7 8845HS w/ Radeon 780M Graphics
# CPU Frequency      : 4569.588 MHz
# CPU Physical cores : 8
# CPU Logical cores  : 16
# Host memory        : 32887 MB
# Swap memory        : 25033 MB
# Total Virtual      : 57921 MB
# Available Virtual  : 42941 MB
#-----------------------------------------------------------
source xsim.dir/test_tpu_top_end_to_end_snapshot/xsim_script.tcl
# xsim {test_tpu_top_end_to_end_snapshot} -testplusarg E2E_FILE_CASES -testplusarg E2E_CASES=10 -testplusarg E2E_INPUT_HEX=../../../CNN_model/python/mnist_classification/18_05/e2e_cases/tpu_top_e2e_inputs_i8.hex -testplusarg E2E_LOGITS_HEX=../../../CNN_model/python/mnist_classification/18_05/e2e_cases/tpu_top_e2e_logits_i8.hex -autoloadwcfg -runall
Time resolution is 1 ps
run -all
  E2E file cases enabled: cases=10
  inputs = ../../../CNN_model/python/mnist_classification/18_05/e2e_cases/tpu_top_e2e_inputs_i8.hex
  logits = ../../../CNN_model/python/mnist_classification/18_05/e2e_cases/tpu_top_e2e_logits_i8.hex

============================================================
TEST: Host preload input image
============================================================
  case[0] = file_case_0
  UB bank0[0:783] loaded for current input image
  Full schedule: Conv1 -> Pool1 -> Conv2 -> Pool2 -> FC1 -> FC2
  expected logits {-11,-30,22,23,-40,-26,-113,87,9,13}

============================================================
TEST: TPU top end-to-end inference
============================================================
  case[0] = file_case_0
  stage=1 cycle=1 layer_state=0 pool_state=0
  stage=2 cycle=52948 layer_state=0 pool_state=0
  stage=3 cycle=63769 layer_state=0 pool_state=0
  stage=4 cycle=133520 layer_state=0 pool_state=0
  stage=5 cycle=135525 layer_state=0 pool_state=0
  stage=6 cycle=148945 layer_state=0 pool_state=0
  stage=0 cycle=149636 layer_state=0 pool_state=0
  TOP    : done=1 busy=0 error=0 state=13 stage=0 cycles=149636 err=0x00000000
  CYCLES : observed=149636 rtl_total=149636 layer_sum=149636
  LAYERS : conv1=52948 pool1=10821 conv2=69751 pool2=2005 fc1=13420 fc2=691
  PHASE  conv1: wgt=3354 act_fetch=21632 mxu_active=26376 drain=7998 acc=1438 vpu=8112 out=5408 idle=1552 state_sum=52948
  MAC    conv1: valid=64896 issued=422016 useful=48672 mxu_active_ratio=49.81% useful_pe_util=11.53% useful_per_issued=11.53%
  PHASE  conv2: wgt=5616 act_fetch=39204 mxu_active=45738 drain=13392 acc=387 vpu=2178 out=1452 idle=2284 state_sum=69751
  MAC    conv2: valid=104544 issued=731808 useful=87120 mxu_active_ratio=65.57% useful_pe_util=11.90% useful_per_issued=11.90%
  PHASE  fc1: wgt=3276 act_fetch=1504 mxu_active=1764 drain=7812 acc=8 vpu=24 out=16 idle=780 state_sum=13420
  MAC    fc1: valid=4032 issued=28224 useful=4000 mxu_active_ratio=13.14% useful_pe_util=14.17% useful_per_issued=14.17%
  KLOOP  conv1 1cyc-candidates: clear=86 fetch=258 wait_rom=258 wgt_row=1032 start_wgt=516 act_req=16224 launch=4056 acc_read=1352 out_lane=5408
  KLOOP  conv1 waits/drain: wgt_wait=1806 act_wait=5408 drain=7998 acc_wait=86 vpu_wait=8112 state_sum=52600
  KLOOP  conv2 1cyc-candidates: clear=24 fetch=432 wait_rom=432 wgt_row=1728 start_wgt=864 act_req=26136 launch=6534 acc_read=363 out_lane=1452
  KLOOP  conv2 waits/drain: wgt_wait=3024 act_wait=13068 drain=13392 acc_wait=24 vpu_wait=2178 state_sum=69651
  KLOOP  fc1 1cyc-candidates: clear=4 fetch=252 wait_rom=252 wgt_row=1008 start_wgt=504 act_req=1008 launch=252 acc_read=4 out_lane=16
  KLOOP  fc1 waits/drain: wgt_wait=1764 act_wait=496 drain=7812 acc_wait=4 vpu_wait=24 state_sum=13400
  KLOOP  fc2 1cyc-candidates: clear=3 fetch=12 wait_rom=12 wgt_row=48 start_wgt=24 act_req=48 launch=12 acc_read=3 out_lane=12
  KLOOP  fc2 waits/drain: wgt_wait=84 act_wait=24 drain=372 acc_wait=3 vpu_wait=18 state_sum=675
  LAYER  : state=0 tile_state=0 spatial=0 oc_tile=2 k_tile=3
  POOL   : state=0 channel=9 row=0 col=0

============================================================
TEST: Host readback final logits
============================================================
  case[0] = file_case_0
  actual logits   {-11,-30,22,23,-40,-26,-113,87,9,13}
  expected logits {-11,-30,22,23,-40,-26,-113,87,9,13}
  mismatches: 0

============================================================
TEST: Host preload input image
============================================================
  case[1] = file_case_1
  UB bank0[0:783] loaded for current input image
  Full schedule: Conv1 -> Pool1 -> Conv2 -> Pool2 -> FC1 -> FC2
  expected logits {23,11,107,6,-68,-15,19,-63,32,-49}

============================================================
TEST: TPU top end-to-end inference
============================================================
  case[1] = file_case_1
  stage=1 cycle=1 layer_state=0 pool_state=0
  stage=2 cycle=52948 layer_state=0 pool_state=0
  stage=3 cycle=63769 layer_state=0 pool_state=0
  stage=4 cycle=133520 layer_state=0 pool_state=0
  stage=5 cycle=135525 layer_state=0 pool_state=0
  stage=6 cycle=148945 layer_state=0 pool_state=0
  stage=0 cycle=149636 layer_state=0 pool_state=0
  TOP    : done=1 busy=0 error=0 state=13 stage=0 cycles=149636 err=0x00000000
  CYCLES : observed=149636 rtl_total=149636 layer_sum=149636
  LAYERS : conv1=52948 pool1=10821 conv2=69751 pool2=2005 fc1=13420 fc2=691
  PHASE  conv1: wgt=3354 act_fetch=21632 mxu_active=26376 drain=7998 acc=1438 vpu=8112 out=5408 idle=1552 state_sum=52948
  MAC    conv1: valid=64896 issued=422016 useful=48672 mxu_active_ratio=49.81% useful_pe_util=11.53% useful_per_issued=11.53%
  PHASE  conv2: wgt=5616 act_fetch=39204 mxu_active=45738 drain=13392 acc=387 vpu=2178 out=1452 idle=2284 state_sum=69751
  MAC    conv2: valid=104544 issued=731808 useful=87120 mxu_active_ratio=65.57% useful_pe_util=11.90% useful_per_issued=11.90%
  PHASE  fc1: wgt=3276 act_fetch=1504 mxu_active=1764 drain=7812 acc=8 vpu=24 out=16 idle=780 state_sum=13420
  MAC    fc1: valid=4032 issued=28224 useful=4000 mxu_active_ratio=13.14% useful_pe_util=14.17% useful_per_issued=14.17%
  KLOOP  conv1 1cyc-candidates: clear=86 fetch=258 wait_rom=258 wgt_row=1032 start_wgt=516 act_req=16224 launch=4056 acc_read=1352 out_lane=5408
  KLOOP  conv1 waits/drain: wgt_wait=1806 act_wait=5408 drain=7998 acc_wait=86 vpu_wait=8112 state_sum=52600
  KLOOP  conv2 1cyc-candidates: clear=24 fetch=432 wait_rom=432 wgt_row=1728 start_wgt=864 act_req=26136 launch=6534 acc_read=363 out_lane=1452
  KLOOP  conv2 waits/drain: wgt_wait=3024 act_wait=13068 drain=13392 acc_wait=24 vpu_wait=2178 state_sum=69651
  KLOOP  fc1 1cyc-candidates: clear=4 fetch=252 wait_rom=252 wgt_row=1008 start_wgt=504 act_req=1008 launch=252 acc_read=4 out_lane=16
  KLOOP  fc1 waits/drain: wgt_wait=1764 act_wait=496 drain=7812 acc_wait=4 vpu_wait=24 state_sum=13400
  KLOOP  fc2 1cyc-candidates: clear=3 fetch=12 wait_rom=12 wgt_row=48 start_wgt=24 act_req=48 launch=12 acc_read=3 out_lane=12
  KLOOP  fc2 waits/drain: wgt_wait=84 act_wait=24 drain=372 acc_wait=3 vpu_wait=18 state_sum=675
  LAYER  : state=0 tile_state=0 spatial=0 oc_tile=2 k_tile=3
  POOL   : state=0 channel=9 row=0 col=0

============================================================
TEST: Host readback final logits
============================================================
  case[1] = file_case_1
  actual logits   {23,11,107,6,-68,-15,19,-63,32,-49}
  expected logits {23,11,107,6,-68,-15,19,-63,32,-49}
  mismatches: 0

============================================================
TEST: Host preload input image
============================================================
  case[2] = file_case_2
  UB bank0[0:783] loaded for current input image
  Full schedule: Conv1 -> Pool1 -> Conv2 -> Pool2 -> FC1 -> FC2
  expected logits {-19,60,-6,-36,15,-26,-11,15,-5,-15}

============================================================
TEST: TPU top end-to-end inference
============================================================
  case[2] = file_case_2
  stage=1 cycle=1 layer_state=0 pool_state=0
  stage=2 cycle=52948 layer_state=0 pool_state=0
  stage=3 cycle=63769 layer_state=0 pool_state=0
  stage=4 cycle=133520 layer_state=0 pool_state=0
  stage=5 cycle=135525 layer_state=0 pool_state=0
  stage=6 cycle=148945 layer_state=0 pool_state=0
  stage=0 cycle=149636 layer_state=0 pool_state=0
  TOP    : done=1 busy=0 error=0 state=13 stage=0 cycles=149636 err=0x00000000
  CYCLES : observed=149636 rtl_total=149636 layer_sum=149636
  LAYERS : conv1=52948 pool1=10821 conv2=69751 pool2=2005 fc1=13420 fc2=691
  PHASE  conv1: wgt=3354 act_fetch=21632 mxu_active=26376 drain=7998 acc=1438 vpu=8112 out=5408 idle=1552 state_sum=52948
  MAC    conv1: valid=64896 issued=422016 useful=48672 mxu_active_ratio=49.81% useful_pe_util=11.53% useful_per_issued=11.53%
  PHASE  conv2: wgt=5616 act_fetch=39204 mxu_active=45738 drain=13392 acc=387 vpu=2178 out=1452 idle=2284 state_sum=69751
  MAC    conv2: valid=104544 issued=731808 useful=87120 mxu_active_ratio=65.57% useful_pe_util=11.90% useful_per_issued=11.90%
  PHASE  fc1: wgt=3276 act_fetch=1504 mxu_active=1764 drain=7812 acc=8 vpu=24 out=16 idle=780 state_sum=13420
  MAC    fc1: valid=4032 issued=28224 useful=4000 mxu_active_ratio=13.14% useful_pe_util=14.17% useful_per_issued=14.17%
  KLOOP  conv1 1cyc-candidates: clear=86 fetch=258 wait_rom=258 wgt_row=1032 start_wgt=516 act_req=16224 launch=4056 acc_read=1352 out_lane=5408
  KLOOP  conv1 waits/drain: wgt_wait=1806 act_wait=5408 drain=7998 acc_wait=86 vpu_wait=8112 state_sum=52600
  KLOOP  conv2 1cyc-candidates: clear=24 fetch=432 wait_rom=432 wgt_row=1728 start_wgt=864 act_req=26136 launch=6534 acc_read=363 out_lane=1452
  KLOOP  conv2 waits/drain: wgt_wait=3024 act_wait=13068 drain=13392 acc_wait=24 vpu_wait=2178 state_sum=69651
  KLOOP  fc1 1cyc-candidates: clear=4 fetch=252 wait_rom=252 wgt_row=1008 start_wgt=504 act_req=1008 launch=252 acc_read=4 out_lane=16
  KLOOP  fc1 waits/drain: wgt_wait=1764 act_wait=496 drain=7812 acc_wait=4 vpu_wait=24 state_sum=13400
  KLOOP  fc2 1cyc-candidates: clear=3 fetch=12 wait_rom=12 wgt_row=48 start_wgt=24 act_req=48 launch=12 acc_read=3 out_lane=12
  KLOOP  fc2 waits/drain: wgt_wait=84 act_wait=24 drain=372 acc_wait=3 vpu_wait=18 state_sum=675
  LAYER  : state=0 tile_state=0 spatial=0 oc_tile=2 k_tile=3
  POOL   : state=0 channel=9 row=0 col=0

============================================================
TEST: Host readback final logits
============================================================
  case[2] = file_case_2
  actual logits   {-19,60,-6,-36,15,-26,-11,15,-5,-15}
  expected logits {-19,60,-6,-36,15,-26,-11,15,-5,-15}
  mismatches: 0

============================================================
TEST: Host preload input image
============================================================
  case[3] = file_case_3
  UB bank0[0:783] loaded for current input image
  Full schedule: Conv1 -> Pool1 -> Conv2 -> Pool2 -> FC1 -> FC2
  expected logits {73,-20,10,-39,-10,-20,21,2,-11,-13}

============================================================
TEST: TPU top end-to-end inference
============================================================
  case[3] = file_case_3
  stage=1 cycle=1 layer_state=0 pool_state=0
  stage=2 cycle=52948 layer_state=0 pool_state=0
  stage=3 cycle=63769 layer_state=0 pool_state=0
  stage=4 cycle=133520 layer_state=0 pool_state=0
  stage=5 cycle=135525 layer_state=0 pool_state=0
  stage=6 cycle=148945 layer_state=0 pool_state=0
  stage=0 cycle=149636 layer_state=0 pool_state=0
  TOP    : done=1 busy=0 error=0 state=13 stage=0 cycles=149636 err=0x00000000
  CYCLES : observed=149636 rtl_total=149636 layer_sum=149636
  LAYERS : conv1=52948 pool1=10821 conv2=69751 pool2=2005 fc1=13420 fc2=691
  PHASE  conv1: wgt=3354 act_fetch=21632 mxu_active=26376 drain=7998 acc=1438 vpu=8112 out=5408 idle=1552 state_sum=52948
  MAC    conv1: valid=64896 issued=422016 useful=48672 mxu_active_ratio=49.81% useful_pe_util=11.53% useful_per_issued=11.53%
  PHASE  conv2: wgt=5616 act_fetch=39204 mxu_active=45738 drain=13392 acc=387 vpu=2178 out=1452 idle=2284 state_sum=69751
  MAC    conv2: valid=104544 issued=731808 useful=87120 mxu_active_ratio=65.57% useful_pe_util=11.90% useful_per_issued=11.90%
  PHASE  fc1: wgt=3276 act_fetch=1504 mxu_active=1764 drain=7812 acc=8 vpu=24 out=16 idle=780 state_sum=13420
  MAC    fc1: valid=4032 issued=28224 useful=4000 mxu_active_ratio=13.14% useful_pe_util=14.17% useful_per_issued=14.17%
  KLOOP  conv1 1cyc-candidates: clear=86 fetch=258 wait_rom=258 wgt_row=1032 start_wgt=516 act_req=16224 launch=4056 acc_read=1352 out_lane=5408
  KLOOP  conv1 waits/drain: wgt_wait=1806 act_wait=5408 drain=7998 acc_wait=86 vpu_wait=8112 state_sum=52600
  KLOOP  conv2 1cyc-candidates: clear=24 fetch=432 wait_rom=432 wgt_row=1728 start_wgt=864 act_req=26136 launch=6534 acc_read=363 out_lane=1452
  KLOOP  conv2 waits/drain: wgt_wait=3024 act_wait=13068 drain=13392 acc_wait=24 vpu_wait=2178 state_sum=69651
  KLOOP  fc1 1cyc-candidates: clear=4 fetch=252 wait_rom=252 wgt_row=1008 start_wgt=504 act_req=1008 launch=252 acc_read=4 out_lane=16
  KLOOP  fc1 waits/drain: wgt_wait=1764 act_wait=496 drain=7812 acc_wait=4 vpu_wait=24 state_sum=13400
  KLOOP  fc2 1cyc-candidates: clear=3 fetch=12 wait_rom=12 wgt_row=48 start_wgt=24 act_req=48 launch=12 acc_read=3 out_lane=12
  KLOOP  fc2 waits/drain: wgt_wait=84 act_wait=24 drain=372 acc_wait=3 vpu_wait=18 state_sum=675
  LAYER  : state=0 tile_state=0 spatial=0 oc_tile=2 k_tile=3
  POOL   : state=0 channel=9 row=0 col=0

============================================================
TEST: Host readback final logits
============================================================
  case[3] = file_case_3
  actual logits   {73,-20,10,-39,-10,-20,21,2,-11,-13}
  expected logits {73,-20,10,-39,-10,-20,21,2,-11,-13}
  mismatches: 0

============================================================
TEST: Host preload input image
============================================================
  case[4] = file_case_4
  UB bank0[0:783] loaded for current input image
  Full schedule: Conv1 -> Pool1 -> Conv2 -> Pool2 -> FC1 -> FC2
  expected logits {-5,-2,-40,-37,88,-35,7,7,-7,22}

============================================================
TEST: TPU top end-to-end inference
============================================================
  case[4] = file_case_4
  stage=1 cycle=1 layer_state=0 pool_state=0
  stage=2 cycle=52948 layer_state=0 pool_state=0
  stage=3 cycle=63769 layer_state=0 pool_state=0
  stage=4 cycle=133520 layer_state=0 pool_state=0
  stage=5 cycle=135525 layer_state=0 pool_state=0
  stage=6 cycle=148945 layer_state=0 pool_state=0
  stage=0 cycle=149636 layer_state=0 pool_state=0
  TOP    : done=1 busy=0 error=0 state=13 stage=0 cycles=149636 err=0x00000000
  CYCLES : observed=149636 rtl_total=149636 layer_sum=149636
  LAYERS : conv1=52948 pool1=10821 conv2=69751 pool2=2005 fc1=13420 fc2=691
  PHASE  conv1: wgt=3354 act_fetch=21632 mxu_active=26376 drain=7998 acc=1438 vpu=8112 out=5408 idle=1552 state_sum=52948
  MAC    conv1: valid=64896 issued=422016 useful=48672 mxu_active_ratio=49.81% useful_pe_util=11.53% useful_per_issued=11.53%
  PHASE  conv2: wgt=5616 act_fetch=39204 mxu_active=45738 drain=13392 acc=387 vpu=2178 out=1452 idle=2284 state_sum=69751
  MAC    conv2: valid=104544 issued=731808 useful=87120 mxu_active_ratio=65.57% useful_pe_util=11.90% useful_per_issued=11.90%
  PHASE  fc1: wgt=3276 act_fetch=1504 mxu_active=1764 drain=7812 acc=8 vpu=24 out=16 idle=780 state_sum=13420
  MAC    fc1: valid=4032 issued=28224 useful=4000 mxu_active_ratio=13.14% useful_pe_util=14.17% useful_per_issued=14.17%
  KLOOP  conv1 1cyc-candidates: clear=86 fetch=258 wait_rom=258 wgt_row=1032 start_wgt=516 act_req=16224 launch=4056 acc_read=1352 out_lane=5408
  KLOOP  conv1 waits/drain: wgt_wait=1806 act_wait=5408 drain=7998 acc_wait=86 vpu_wait=8112 state_sum=52600
  KLOOP  conv2 1cyc-candidates: clear=24 fetch=432 wait_rom=432 wgt_row=1728 start_wgt=864 act_req=26136 launch=6534 acc_read=363 out_lane=1452
  KLOOP  conv2 waits/drain: wgt_wait=3024 act_wait=13068 drain=13392 acc_wait=24 vpu_wait=2178 state_sum=69651
  KLOOP  fc1 1cyc-candidates: clear=4 fetch=252 wait_rom=252 wgt_row=1008 start_wgt=504 act_req=1008 launch=252 acc_read=4 out_lane=16
  KLOOP  fc1 waits/drain: wgt_wait=1764 act_wait=496 drain=7812 acc_wait=4 vpu_wait=24 state_sum=13400
  KLOOP  fc2 1cyc-candidates: clear=3 fetch=12 wait_rom=12 wgt_row=48 start_wgt=24 act_req=48 launch=12 acc_read=3 out_lane=12
  KLOOP  fc2 waits/drain: wgt_wait=84 act_wait=24 drain=372 acc_wait=3 vpu_wait=18 state_sum=675
  LAYER  : state=0 tile_state=0 spatial=0 oc_tile=2 k_tile=3
  POOL   : state=0 channel=9 row=0 col=0

============================================================
TEST: Host readback final logits
============================================================
  case[4] = file_case_4
  actual logits   {-5,-2,-40,-37,88,-35,7,7,-7,22}
  expected logits {-5,-2,-40,-37,88,-35,7,7,-7,22}
  mismatches: 0

============================================================
TEST: Host preload input image
============================================================
  case[5] = file_case_5
  UB bank0[0:783] loaded for current input image
  Full schedule: Conv1 -> Pool1 -> Conv2 -> Pool2 -> FC1 -> FC2
  expected logits {-16,66,2,-36,17,-42,-18,11,7,-15}

============================================================
TEST: TPU top end-to-end inference
============================================================
  case[5] = file_case_5
  stage=1 cycle=1 layer_state=0 pool_state=0
  stage=2 cycle=52948 layer_state=0 pool_state=0
  stage=3 cycle=63769 layer_state=0 pool_state=0
  stage=4 cycle=133520 layer_state=0 pool_state=0
  stage=5 cycle=135525 layer_state=0 pool_state=0
  stage=6 cycle=148945 layer_state=0 pool_state=0
  stage=0 cycle=149636 layer_state=0 pool_state=0
  TOP    : done=1 busy=0 error=0 state=13 stage=0 cycles=149636 err=0x00000000
  CYCLES : observed=149636 rtl_total=149636 layer_sum=149636
  LAYERS : conv1=52948 pool1=10821 conv2=69751 pool2=2005 fc1=13420 fc2=691
  PHASE  conv1: wgt=3354 act_fetch=21632 mxu_active=26376 drain=7998 acc=1438 vpu=8112 out=5408 idle=1552 state_sum=52948
  MAC    conv1: valid=64896 issued=422016 useful=48672 mxu_active_ratio=49.81% useful_pe_util=11.53% useful_per_issued=11.53%
  PHASE  conv2: wgt=5616 act_fetch=39204 mxu_active=45738 drain=13392 acc=387 vpu=2178 out=1452 idle=2284 state_sum=69751
  MAC    conv2: valid=104544 issued=731808 useful=87120 mxu_active_ratio=65.57% useful_pe_util=11.90% useful_per_issued=11.90%
  PHASE  fc1: wgt=3276 act_fetch=1504 mxu_active=1764 drain=7812 acc=8 vpu=24 out=16 idle=780 state_sum=13420
  MAC    fc1: valid=4032 issued=28224 useful=4000 mxu_active_ratio=13.14% useful_pe_util=14.17% useful_per_issued=14.17%
  KLOOP  conv1 1cyc-candidates: clear=86 fetch=258 wait_rom=258 wgt_row=1032 start_wgt=516 act_req=16224 launch=4056 acc_read=1352 out_lane=5408
  KLOOP  conv1 waits/drain: wgt_wait=1806 act_wait=5408 drain=7998 acc_wait=86 vpu_wait=8112 state_sum=52600
  KLOOP  conv2 1cyc-candidates: clear=24 fetch=432 wait_rom=432 wgt_row=1728 start_wgt=864 act_req=26136 launch=6534 acc_read=363 out_lane=1452
  KLOOP  conv2 waits/drain: wgt_wait=3024 act_wait=13068 drain=13392 acc_wait=24 vpu_wait=2178 state_sum=69651
  KLOOP  fc1 1cyc-candidates: clear=4 fetch=252 wait_rom=252 wgt_row=1008 start_wgt=504 act_req=1008 launch=252 acc_read=4 out_lane=16
  KLOOP  fc1 waits/drain: wgt_wait=1764 act_wait=496 drain=7812 acc_wait=4 vpu_wait=24 state_sum=13400
  KLOOP  fc2 1cyc-candidates: clear=3 fetch=12 wait_rom=12 wgt_row=48 start_wgt=24 act_req=48 launch=12 acc_read=3 out_lane=12
  KLOOP  fc2 waits/drain: wgt_wait=84 act_wait=24 drain=372 acc_wait=3 vpu_wait=18 state_sum=675
  LAYER  : state=0 tile_state=0 spatial=0 oc_tile=2 k_tile=3
  POOL   : state=0 channel=9 row=0 col=0

============================================================
TEST: Host readback final logits
============================================================
  case[5] = file_case_5
  actual logits   {-16,66,2,-36,17,-42,-18,11,7,-15}
  expected logits {-16,66,2,-36,17,-42,-18,11,7,-15}
  mismatches: 0

============================================================
TEST: Host preload input image
============================================================
  case[6] = file_case_6
  UB bank0[0:783] loaded for current input image
  Full schedule: Conv1 -> Pool1 -> Conv2 -> Pool2 -> FC1 -> FC2
  expected logits {-40,7,-18,-43,78,-8,-45,5,31,24}

============================================================
TEST: TPU top end-to-end inference
============================================================
  case[6] = file_case_6
  stage=1 cycle=1 layer_state=0 pool_state=0
  stage=2 cycle=52948 layer_state=0 pool_state=0
  stage=3 cycle=63769 layer_state=0 pool_state=0
  stage=4 cycle=133520 layer_state=0 pool_state=0
  stage=5 cycle=135525 layer_state=0 pool_state=0
  stage=6 cycle=148945 layer_state=0 pool_state=0
  stage=0 cycle=149636 layer_state=0 pool_state=0
  TOP    : done=1 busy=0 error=0 state=13 stage=0 cycles=149636 err=0x00000000
  CYCLES : observed=149636 rtl_total=149636 layer_sum=149636
  LAYERS : conv1=52948 pool1=10821 conv2=69751 pool2=2005 fc1=13420 fc2=691
  PHASE  conv1: wgt=3354 act_fetch=21632 mxu_active=26376 drain=7998 acc=1438 vpu=8112 out=5408 idle=1552 state_sum=52948
  MAC    conv1: valid=64896 issued=422016 useful=48672 mxu_active_ratio=49.81% useful_pe_util=11.53% useful_per_issued=11.53%
  PHASE  conv2: wgt=5616 act_fetch=39204 mxu_active=45738 drain=13392 acc=387 vpu=2178 out=1452 idle=2284 state_sum=69751
  MAC    conv2: valid=104544 issued=731808 useful=87120 mxu_active_ratio=65.57% useful_pe_util=11.90% useful_per_issued=11.90%
  PHASE  fc1: wgt=3276 act_fetch=1504 mxu_active=1764 drain=7812 acc=8 vpu=24 out=16 idle=780 state_sum=13420
  MAC    fc1: valid=4032 issued=28224 useful=4000 mxu_active_ratio=13.14% useful_pe_util=14.17% useful_per_issued=14.17%
  KLOOP  conv1 1cyc-candidates: clear=86 fetch=258 wait_rom=258 wgt_row=1032 start_wgt=516 act_req=16224 launch=4056 acc_read=1352 out_lane=5408
  KLOOP  conv1 waits/drain: wgt_wait=1806 act_wait=5408 drain=7998 acc_wait=86 vpu_wait=8112 state_sum=52600
  KLOOP  conv2 1cyc-candidates: clear=24 fetch=432 wait_rom=432 wgt_row=1728 start_wgt=864 act_req=26136 launch=6534 acc_read=363 out_lane=1452
  KLOOP  conv2 waits/drain: wgt_wait=3024 act_wait=13068 drain=13392 acc_wait=24 vpu_wait=2178 state_sum=69651
  KLOOP  fc1 1cyc-candidates: clear=4 fetch=252 wait_rom=252 wgt_row=1008 start_wgt=504 act_req=1008 launch=252 acc_read=4 out_lane=16
  KLOOP  fc1 waits/drain: wgt_wait=1764 act_wait=496 drain=7812 acc_wait=4 vpu_wait=24 state_sum=13400
  KLOOP  fc2 1cyc-candidates: clear=3 fetch=12 wait_rom=12 wgt_row=48 start_wgt=24 act_req=48 launch=12 acc_read=3 out_lane=12
  KLOOP  fc2 waits/drain: wgt_wait=84 act_wait=24 drain=372 acc_wait=3 vpu_wait=18 state_sum=675
  LAYER  : state=0 tile_state=0 spatial=0 oc_tile=2 k_tile=3
  POOL   : state=0 channel=9 row=0 col=0

============================================================
TEST: Host readback final logits
============================================================
  case[6] = file_case_6
  actual logits   {-40,7,-18,-43,78,-8,-45,5,31,24}
  expected logits {-40,7,-18,-43,78,-8,-45,5,31,24}
  mismatches: 0

============================================================
TEST: Host preload input image
============================================================
  case[7] = file_case_7
  UB bank0[0:783] loaded for current input image
  Full schedule: Conv1 -> Pool1 -> Conv2 -> Pool2 -> FC1 -> FC2
  expected logits {-34,-18,-14,10,35,3,-44,-11,1,56}

============================================================
TEST: TPU top end-to-end inference
============================================================
  case[7] = file_case_7
  stage=1 cycle=1 layer_state=0 pool_state=0
  stage=2 cycle=52948 layer_state=0 pool_state=0
  stage=3 cycle=63769 layer_state=0 pool_state=0
  stage=4 cycle=133520 layer_state=0 pool_state=0
  stage=5 cycle=135525 layer_state=0 pool_state=0
  stage=6 cycle=148945 layer_state=0 pool_state=0
  stage=0 cycle=149636 layer_state=0 pool_state=0
  TOP    : done=1 busy=0 error=0 state=13 stage=0 cycles=149636 err=0x00000000
  CYCLES : observed=149636 rtl_total=149636 layer_sum=149636
  LAYERS : conv1=52948 pool1=10821 conv2=69751 pool2=2005 fc1=13420 fc2=691
  PHASE  conv1: wgt=3354 act_fetch=21632 mxu_active=26376 drain=7998 acc=1438 vpu=8112 out=5408 idle=1552 state_sum=52948
  MAC    conv1: valid=64896 issued=422016 useful=48672 mxu_active_ratio=49.81% useful_pe_util=11.53% useful_per_issued=11.53%
  PHASE  conv2: wgt=5616 act_fetch=39204 mxu_active=45738 drain=13392 acc=387 vpu=2178 out=1452 idle=2284 state_sum=69751
  MAC    conv2: valid=104544 issued=731808 useful=87120 mxu_active_ratio=65.57% useful_pe_util=11.90% useful_per_issued=11.90%
  PHASE  fc1: wgt=3276 act_fetch=1504 mxu_active=1764 drain=7812 acc=8 vpu=24 out=16 idle=780 state_sum=13420
  MAC    fc1: valid=4032 issued=28224 useful=4000 mxu_active_ratio=13.14% useful_pe_util=14.17% useful_per_issued=14.17%
  KLOOP  conv1 1cyc-candidates: clear=86 fetch=258 wait_rom=258 wgt_row=1032 start_wgt=516 act_req=16224 launch=4056 acc_read=1352 out_lane=5408
  KLOOP  conv1 waits/drain: wgt_wait=1806 act_wait=5408 drain=7998 acc_wait=86 vpu_wait=8112 state_sum=52600
  KLOOP  conv2 1cyc-candidates: clear=24 fetch=432 wait_rom=432 wgt_row=1728 start_wgt=864 act_req=26136 launch=6534 acc_read=363 out_lane=1452
  KLOOP  conv2 waits/drain: wgt_wait=3024 act_wait=13068 drain=13392 acc_wait=24 vpu_wait=2178 state_sum=69651
  KLOOP  fc1 1cyc-candidates: clear=4 fetch=252 wait_rom=252 wgt_row=1008 start_wgt=504 act_req=1008 launch=252 acc_read=4 out_lane=16
  KLOOP  fc1 waits/drain: wgt_wait=1764 act_wait=496 drain=7812 acc_wait=4 vpu_wait=24 state_sum=13400
  KLOOP  fc2 1cyc-candidates: clear=3 fetch=12 wait_rom=12 wgt_row=48 start_wgt=24 act_req=48 launch=12 acc_read=3 out_lane=12
  KLOOP  fc2 waits/drain: wgt_wait=84 act_wait=24 drain=372 acc_wait=3 vpu_wait=18 state_sum=675
  LAYER  : state=0 tile_state=0 spatial=0 oc_tile=2 k_tile=3
  POOL   : state=0 channel=9 row=0 col=0

============================================================
TEST: Host readback final logits
============================================================
  case[7] = file_case_7
  actual logits   {-34,-18,-14,10,35,3,-44,-11,1,56}
  expected logits {-34,-18,-14,10,35,3,-44,-11,1,56}
  mismatches: 0

============================================================
TEST: Host preload input image
============================================================
  case[8] = file_case_8
  UB bank0[0:783] loaded for current input image
  Full schedule: Conv1 -> Pool1 -> Conv2 -> Pool2 -> FC1 -> FC2
  expected logits {-40,-28,-48,3,-7,83,35,-17,17,-7}

============================================================
TEST: TPU top end-to-end inference
============================================================
  case[8] = file_case_8
  stage=1 cycle=1 layer_state=0 pool_state=0
  stage=2 cycle=52948 layer_state=0 pool_state=0
  stage=3 cycle=63769 layer_state=0 pool_state=0
  stage=4 cycle=133520 layer_state=0 pool_state=0
  stage=5 cycle=135525 layer_state=0 pool_state=0
  stage=6 cycle=148945 layer_state=0 pool_state=0
  stage=0 cycle=149636 layer_state=0 pool_state=0
  TOP    : done=1 busy=0 error=0 state=13 stage=0 cycles=149636 err=0x00000000
  CYCLES : observed=149636 rtl_total=149636 layer_sum=149636
  LAYERS : conv1=52948 pool1=10821 conv2=69751 pool2=2005 fc1=13420 fc2=691
  PHASE  conv1: wgt=3354 act_fetch=21632 mxu_active=26376 drain=7998 acc=1438 vpu=8112 out=5408 idle=1552 state_sum=52948
  MAC    conv1: valid=64896 issued=422016 useful=48672 mxu_active_ratio=49.81% useful_pe_util=11.53% useful_per_issued=11.53%
  PHASE  conv2: wgt=5616 act_fetch=39204 mxu_active=45738 drain=13392 acc=387 vpu=2178 out=1452 idle=2284 state_sum=69751
  MAC    conv2: valid=104544 issued=731808 useful=87120 mxu_active_ratio=65.57% useful_pe_util=11.90% useful_per_issued=11.90%
  PHASE  fc1: wgt=3276 act_fetch=1504 mxu_active=1764 drain=7812 acc=8 vpu=24 out=16 idle=780 state_sum=13420
  MAC    fc1: valid=4032 issued=28224 useful=4000 mxu_active_ratio=13.14% useful_pe_util=14.17% useful_per_issued=14.17%
  KLOOP  conv1 1cyc-candidates: clear=86 fetch=258 wait_rom=258 wgt_row=1032 start_wgt=516 act_req=16224 launch=4056 acc_read=1352 out_lane=5408
  KLOOP  conv1 waits/drain: wgt_wait=1806 act_wait=5408 drain=7998 acc_wait=86 vpu_wait=8112 state_sum=52600
  KLOOP  conv2 1cyc-candidates: clear=24 fetch=432 wait_rom=432 wgt_row=1728 start_wgt=864 act_req=26136 launch=6534 acc_read=363 out_lane=1452
  KLOOP  conv2 waits/drain: wgt_wait=3024 act_wait=13068 drain=13392 acc_wait=24 vpu_wait=2178 state_sum=69651
  KLOOP  fc1 1cyc-candidates: clear=4 fetch=252 wait_rom=252 wgt_row=1008 start_wgt=504 act_req=1008 launch=252 acc_read=4 out_lane=16
  KLOOP  fc1 waits/drain: wgt_wait=1764 act_wait=496 drain=7812 acc_wait=4 vpu_wait=24 state_sum=13400
  KLOOP  fc2 1cyc-candidates: clear=3 fetch=12 wait_rom=12 wgt_row=48 start_wgt=24 act_req=48 launch=12 acc_read=3 out_lane=12
  KLOOP  fc2 waits/drain: wgt_wait=84 act_wait=24 drain=372 acc_wait=3 vpu_wait=18 state_sum=675
  LAYER  : state=0 tile_state=0 spatial=0 oc_tile=2 k_tile=3
  POOL   : state=0 channel=9 row=0 col=0

============================================================
TEST: Host readback final logits
============================================================
  case[8] = file_case_8
  actual logits   {-40,-28,-48,3,-7,83,35,-17,17,-7}
  expected logits {-40,-28,-48,3,-7,83,35,-17,17,-7}
  mismatches: 0

============================================================
TEST: Host preload input image
============================================================
  case[9] = file_case_9
  UB bank0[0:783] loaded for current input image
  Full schedule: Conv1 -> Pool1 -> Conv2 -> Pool2 -> FC1 -> FC2
  expected logits {-26,-58,-43,-15,10,-6,-62,40,29,71}

============================================================
TEST: TPU top end-to-end inference
============================================================
  case[9] = file_case_9
  stage=1 cycle=1 layer_state=0 pool_state=0
  stage=2 cycle=52948 layer_state=0 pool_state=0
  stage=3 cycle=63769 layer_state=0 pool_state=0
  stage=4 cycle=133520 layer_state=0 pool_state=0
  stage=5 cycle=135525 layer_state=0 pool_state=0
  stage=6 cycle=148945 layer_state=0 pool_state=0
  stage=0 cycle=149636 layer_state=0 pool_state=0
  TOP    : done=1 busy=0 error=0 state=13 stage=0 cycles=149636 err=0x00000000
  CYCLES : observed=149636 rtl_total=149636 layer_sum=149636
  LAYERS : conv1=52948 pool1=10821 conv2=69751 pool2=2005 fc1=13420 fc2=691
  PHASE  conv1: wgt=3354 act_fetch=21632 mxu_active=26376 drain=7998 acc=1438 vpu=8112 out=5408 idle=1552 state_sum=52948
  MAC    conv1: valid=64896 issued=422016 useful=48672 mxu_active_ratio=49.81% useful_pe_util=11.53% useful_per_issued=11.53%
  PHASE  conv2: wgt=5616 act_fetch=39204 mxu_active=45738 drain=13392 acc=387 vpu=2178 out=1452 idle=2284 state_sum=69751
  MAC    conv2: valid=104544 issued=731808 useful=87120 mxu_active_ratio=65.57% useful_pe_util=11.90% useful_per_issued=11.90%
  PHASE  fc1: wgt=3276 act_fetch=1504 mxu_active=1764 drain=7812 acc=8 vpu=24 out=16 idle=780 state_sum=13420
  MAC    fc1: valid=4032 issued=28224 useful=4000 mxu_active_ratio=13.14% useful_pe_util=14.17% useful_per_issued=14.17%
  KLOOP  conv1 1cyc-candidates: clear=86 fetch=258 wait_rom=258 wgt_row=1032 start_wgt=516 act_req=16224 launch=4056 acc_read=1352 out_lane=5408
  KLOOP  conv1 waits/drain: wgt_wait=1806 act_wait=5408 drain=7998 acc_wait=86 vpu_wait=8112 state_sum=52600
  KLOOP  conv2 1cyc-candidates: clear=24 fetch=432 wait_rom=432 wgt_row=1728 start_wgt=864 act_req=26136 launch=6534 acc_read=363 out_lane=1452
  KLOOP  conv2 waits/drain: wgt_wait=3024 act_wait=13068 drain=13392 acc_wait=24 vpu_wait=2178 state_sum=69651
  KLOOP  fc1 1cyc-candidates: clear=4 fetch=252 wait_rom=252 wgt_row=1008 start_wgt=504 act_req=1008 launch=252 acc_read=4 out_lane=16
  KLOOP  fc1 waits/drain: wgt_wait=1764 act_wait=496 drain=7812 acc_wait=4 vpu_wait=24 state_sum=13400
  KLOOP  fc2 1cyc-candidates: clear=3 fetch=12 wait_rom=12 wgt_row=48 start_wgt=24 act_req=48 launch=12 acc_read=3 out_lane=12
  KLOOP  fc2 waits/drain: wgt_wait=84 act_wait=24 drain=372 acc_wait=3 vpu_wait=18 state_sum=675
  LAYER  : state=0 tile_state=0 spatial=0 oc_tile=2 k_tile=3
  POOL   : state=0 channel=9 row=0 col=0

============================================================
TEST: Host readback final logits
============================================================
  case[9] = file_case_9
  actual logits   {-26,-58,-43,-15,10,-6,-62,40,29,71}
  expected logits {-26,-58,-43,-15,10,-6,-62,40,29,71}
  mismatches: 0
test_tpu_top_end_to_end: checks=130 pass=130 fail=0
$finish called at time : 15122800 ns : File "/home/pah/fpga_cnn_accelerator/FPGA-based-CNN-Accelerator-for-autonomous-vehicles/src/sim/tb_v4/test_tpu_top_end_to_end.sv" Line 713
run: Time (s): cpu = 00:00:00.03 ; elapsed = 00:00:12 . Memory (MB): peak = 1482.898 ; gain = 8.004 ; free physical = 11562 ; free virtual = 40863
exit
INFO: xsimkernel Simulation Memory Usage: 301028 KB (Peak: 345488 KB), Simulation CPU Usage: 12690 ms
INFO: [Common 17-206] Exiting xsim at Fri Jun  5 23:32:10 2026...
