#-----------------------------------------------------------
# xsim v2025.2 (64-bit)
# SW Build 6299465 on Fri Nov 14 12:34:56 MST 2025
# IP Build 6300035 on Fri Nov 14 10:48:45 MST 2025
# SharedData Build 6298862 on Thu Nov 13 04:50:51 MST 2025
# Start of session at: Fri Jun  5 17:34:08 2026
# Process ID         : 3414805
# Current directory  : /home/pah/fpga_cnn_accelerator/FPGA-based-CNN-Accelerator-for-autonomous-vehicles/src/sim/tb_v4
# Command line       : xsim -mode tcl -source {xsim.dir/test_controller_rom_kloop_snapshot/xsim_script.tcl}
# Log file           : /home/pah/fpga_cnn_accelerator/FPGA-based-CNN-Accelerator-for-autonomous-vehicles/src/sim/tb_v4/xsim.log
# Journal file       : /home/pah/fpga_cnn_accelerator/FPGA-based-CNN-Accelerator-for-autonomous-vehicles/src/sim/tb_v4/xsim.jou
# Running On         : pah-PC
# Platform           : Ubuntu
# Operating System   : Ubuntu 24.04.4 LTS
# Processor Detail   : AMD Ryzen 7 8845HS w/ Radeon 780M Graphics
# CPU Frequency      : 4866.144 MHz
# CPU Physical cores : 8
# CPU Logical cores  : 16
# Host memory        : 32887 MB
# Swap memory        : 25033 MB
# Total Virtual      : 57921 MB
# Available Virtual  : 45837 MB
#-----------------------------------------------------------
source xsim.dir/test_controller_rom_kloop_snapshot/xsim_script.tcl
# xsim {test_controller_rom_kloop_snapshot} -autoloadwcfg -runall
Time resolution is 1 ps
run -all

============================================================
TEST: Host preload FC1 golden output vector
============================================================
  UB bank0[200:215] loaded from layer2_out_i8.hex
  FC2 oc_tile=2 should produce logits {class9:13,class8:9}

============================================================
TEST: ROM K-loop controller -> UB -> TPU datapath
============================================================
  CAPTURE: k_tile=0 MXU psum lane0 = 6395
  CAPTURE: k_tile=0 MXU psum lane1 = -5036
  CAPTURE: k_tile=1 MXU psum lane0 = -1124
  CAPTURE: k_tile=1 MXU psum lane1 = 2222
  CAPTURE: k_tile=2 MXU psum lane0 = -3948
  CAPTURE: k_tile=2 MXU psum lane1 = -1081
  CAPTURE: k_tile=3 MXU psum lane0 = 88
  CAPTURE: k_tile=3 MXU psum lane1 = 6212
  ACC DONE: row=0 ready=1 accumulated_tiles=4
  VPU OUT : data={lane1:13,lane0:9}
  CTRL   : done=1 error=0 state=0 k_tile=3 cycles=225 err=0x00000000

============================================================
TEST: Host readback full-K FC2 logits
============================================================
  UB bank1[18:19] = {class9:13,class8:9}
test_controller_rom_kloop: checks=5 pass=5 fail=0
$finish called at time : 2660 ns : File "/home/pah/fpga_cnn_accelerator/FPGA-based-CNN-Accelerator-for-autonomous-vehicles/src/sim/tb_v4/test_controller_rom_kloop.sv" Line 493
exit
INFO: xsimkernel Simulation Memory Usage: 300404 KB (Peak: 344864 KB), Simulation CPU Usage: 670 ms
INFO: [Common 17-206] Exiting xsim at Fri Jun  5 17:34:11 2026...
