#-----------------------------------------------------------
# xsim v2025.2 (64-bit)
# SW Build 6299465 on Fri Nov 14 12:34:56 MST 2025
# IP Build 6300035 on Fri Nov 14 10:48:45 MST 2025
# SharedData Build 6298862 on Thu Nov 13 04:50:51 MST 2025
# Start of session at: Sat Jun  6 11:43:57 2026
# Process ID         : 3914046
# Current directory  : /home/pah/fpga_cnn_accelerator/FPGA-based-CNN-Accelerator-for-autonomous-vehicles/src/sim/tb_v4
# Command line       : xsim -mode tcl -source {xsim.dir/test_tpu_top_end_to_end_snapshot/xsim_script.tcl}
# Log file           : /home/pah/fpga_cnn_accelerator/FPGA-based-CNN-Accelerator-for-autonomous-vehicles/src/sim/tb_v4/xsim.log
# Journal file       : /home/pah/fpga_cnn_accelerator/FPGA-based-CNN-Accelerator-for-autonomous-vehicles/src/sim/tb_v4/xsim.jou
# Running On         : pah-PC
# Platform           : Ubuntu
# Operating System   : Ubuntu 24.04.4 LTS
# Processor Detail   : AMD Ryzen 7 8845HS w/ Radeon 780M Graphics
# CPU Frequency      : 3385.759 MHz
# CPU Physical cores : 8
# CPU Logical cores  : 16
# Host memory        : 32887 MB
# Swap memory        : 25033 MB
# Total Virtual      : 57921 MB
# Available Virtual  : 42424 MB
#-----------------------------------------------------------
source xsim.dir/test_tpu_top_end_to_end_snapshot/xsim_script.tcl
# xsim {test_tpu_top_end_to_end_snapshot} -testplusarg E2E_FILE_CASES -testplusarg E2E_CASES=1 -testplusarg E2E_INPUT_HEX=../../../CNN_model/python/mnist_classification/18_05/e2e_cases/tpu_top_e2e_inputs_i8.hex -testplusarg E2E_LOGITS_HEX=../../../CNN_model/python/mnist_classification/18_05/e2e_cases/tpu_top_e2e_logits_i8.hex -autoloadwcfg -runall
Time resolution is 1 ps
run -all
  E2E file cases enabled: cases=1
  inputs = ../../../CNN_model/python/mnist_classification/18_05/e2e_cases/tpu_top_e2e_inputs_i8.hex
  logits = ../../../CNN_model/python/mnist_classification/18_05/e2e_cases/tpu_top_e2e_logits_i8.hex

============================================================
TEST: Host preload input image
============================================================
  case[0] = file_case_0
  UB bank0[0:783] loaded for current input image
  Full schedule: Conv1 -> Pool1 -> Conv2 -> Pool2 -> FC1 -> FC2

============================================================
TEST: TPU top end-to-end inference
============================================================
  case[0] = file_case_0
  stage=1 cycle=1 layer_state=0 pool_state=0
  stage=2 cycle=48696 layer_state=0 pool_state=0
  stage=3 cycle=59517 layer_state=0 pool_state=0
  stage=4 cycle=119422 layer_state=0 pool_state=0
  stage=5 cycle=121427 layer_state=0 pool_state=0
  stage=6 cycle=132607 layer_state=0 pool_state=0
  stage=0 cycle=133208 layer_state=0 pool_state=0
  TOP    : done=1 busy=0 error=0 state=13 stage=0 cycles=133208 err=0x00000000
  CYCLES : observed=133208 rtl_total=133208 layer_sum=133208
  LAYERS : conv1=48696 pool1=10821 conv2=59905 pool2=2005 fc1=11180 fc2=601
  DRAIN  conv1: total=7998 entries=258 cyc/entry=31.00 mxu_valid=4116 psum_busy=7740 acc_write=1620 extra_wait=0 extra_ratio=0.00%
  DRAIN  conv2: total=13392 entries=432 cyc/entry=31.00 mxu_valid=6048 psum_busy=12960 acc_write=2592 extra_wait=0 extra_ratio=0.00%
  DRAIN  fc1: total=7812 entries=252 cyc/entry=31.00 mxu_valid=1008 psum_busy=7560 acc_write=252 extra_wait=0 extra_ratio=0.00%
  DRAIN  fc2: total=372 entries=12 cyc/entry=31.00 mxu_valid=48 psum_busy=360 acc_write=12 extra_wait=0 extra_ratio=0.00%
  PACKER : lane_nonempty=85800 row_active=86754 partial_wait=69582 packed_valid=10854 busy=86754 fifo_full=0 fifo_empty_wait=0 complete_backlog=0
  PACKER     psum_valid {10854,10854,10854,10854}
  PACKER            pop {10854,10854,10854,10854}
  PACKER   last_arrival {0,0,0,10854}
  PACKER row_latency: sum=119394 max=11 avg=11.00 per_drain_entry=125.15 total_drain_entries=954
  LAYER  : state=0 tile_state=0 spatial=0 oc_tile=2 k_tile=3
  POOL   : state=0 channel=9 row=0 col=0

============================================================
TEST: Host readback final logits
============================================================
  case[0] = file_case_0
  actual logits   {-11,-30,22,23,-40,-26,-113,87,9,13}
  expected logits {-11,-30,22,23,-40,-26,-113,87,9,13}
  mismatches: 0
test_tpu_top_end_to_end: checks=13 pass=13 fail=0
$finish called at time : 1348 us : File "/home/pah/fpga_cnn_accelerator/FPGA-based-CNN-Accelerator-for-autonomous-vehicles/src/sim/tb_v4/test_tpu_top_end_to_end.sv" Line 908
exit
INFO: xsimkernel Simulation Memory Usage: 301088 KB (Peak: 345548 KB), Simulation CPU Usage: 2060 ms
INFO: [Common 17-206] Exiting xsim at Sat Jun  6 11:44:00 2026...
